==========================================================
Project 81: Seat-Aware k6 Proof Runner
Seat: cael
Target Candidate SHA: 03939273216bc0c08a2df2d768f2f8d6549ca1f2
Artifact root: /home/figs/.local/state/openclaw-proof-runs/03939273216bc0c08a2df2d768f2f8d6549ca1f2-rowwise-20260806T205552Z/R-CW-TOKEN
Row selection: R-CW-TOKEN
Dry Run: false
==========================================================
Harness execution: handing off to the approved runner in an immutable snapshot.
==========================================================
Project 81: Seat-Aware k6 Proof Runner
Seat: cael
Target Candidate SHA: 03939273216bc0c08a2df2d768f2f8d6549ca1f2
Artifact root: /home/figs/.local/state/openclaw-proof-runs/03939273216bc0c08a2df2d768f2f8d6549ca1f2-rowwise-20260806T205552Z/R-CW-TOKEN
Row selection: R-CW-TOKEN
Dry Run: false
==========================================================
Approved docs ref: 52941484c258f353a91d783a635ba6c841d1c38a (karmaterminal/karmaterminal-openclaw-docs)
Harness identity: every tracked byte under tools/k6-proofs matches the approved docs ref.
Harness execution: immutable snapshot of the approved tree (runner included).
Running catalog preflight (repository root: tools/k6-proofs resolved once)...
CATALOG PREFLIGHT: /home/figs/.local/state/openclaw-proof-runs/03939273216bc0c08a2df2d768f2f8d6549ca1f2-rowwise-20260806T205552Z/R-CW-TOKEN/catalog-preflight.log
Rows: R-CW-TOKEN
Harness contract binding: frozen manifest/scenario digests for every selected runnable row.
Resolving session key for selector: main
Deployed Runtime SHA: 03939273216bc0c08a2df2d768f2f8d6549ca1f2
Session configured: true
Running seat-readiness preflight (k6/tooling/gateway/continuation config)...
SEAT READINESS: /home/figs/.local/state/openclaw-proof-runs/03939273216bc0c08a2df2d768f2f8d6549ca1f2-rowwise-20260806T205552Z/R-CW-TOKEN/seat-readiness.json
HARNESS PROVENANCE: /home/figs/.local/state/openclaw-proof-runs/03939273216bc0c08a2df2d768f2f8d6549ca1f2-rowwise-20260806T205552Z/R-CW-TOKEN/harness-provenance.json
HARNESS PROVENANCE (matrix 20260806T211405Z-52941484c258-614707e3): /home/figs/.local/state/openclaw-proof-runs/03939273216bc0c08a2df2d768f2f8d6549ca1f2-rowwise-20260806T205552Z/R-CW-TOKEN/harness-provenance/20260806T211405Z-52941484c258-614707e3.json

----------------------------------------
Row: R-CW-TOKEN
Manifest: /tmp/openclaw-k6-harness.IdSU1u/tools/k6-proofs/manifests/r-cw-token.json
Scenario: scenarios/r-cw-token-bracket.js
Status: runnable
Live Safety: k6-runnable
[R-CW-TOKEN] RUNNING...
./r-cw-token-bracket-summary.json

         /\      Grafana   /‾‾/  
    /\  /  \     |\  __   /  /   
   /  \/    \    | |/ /  /   ‾‾\ 
  /          \   |   (  |  (‾)  |
 / __________ \  |_|\_\  \_____/ 


     execution: local
        script: scenarios/r-cw-token-bracket.js
        output: -

     scenarios: (100.00%) 1 scenario, 1 max VUs, 3m30s max duration (incl. graceful stop):
              * r_cw_token_bracket: 1 iterations shared among 1 VUs (maxDuration: 3m0s, gracefulStop: 30s)

time="2026-08-06T14:14:11-07:00" level=info msg="✓ disposable session created: <redacted-session-key>" source=console

running (0m01.0s), 1/1 VUs, 0 complete and 0 interrupted iterations
r_cw_token_bracket   [   0% ] 1 VUs  0m01.0s/3m0s  0/1 shared iters
time="2026-08-06T14:14:12-07:00" level=info msg="✓ sessions.send accepted — parent agent turn triggered" source=console

running (0m02.0s), 1/1 VUs, 0 complete and 0 interrupted iterations
r_cw_token_bracket   [   0% ] 1 VUs  0m02.0s/3m0s  0/1 shared iters
time="2026-08-06T14:14:13-07:00" level=info msg="ℹ Ignoring harness prompt echo event" source=console

running (0m03.0s), 1/1 VUs, 0 complete and 0 interrupted iterations
r_cw_token_bracket   [   0% ] 1 VUs  0m03.0s/3m0s  0/1 shared iters

running (0m04.0s), 1/1 VUs, 0 complete and 0 interrupted iterations
r_cw_token_bracket   [   0% ] 1 VUs  0m04.0s/3m0s  0/1 shared iters

running (0m05.0s), 1/1 VUs, 0 complete and 0 interrupted iterations
r_cw_token_bracket   [   0% ] 1 VUs  0m05.0s/3m0s  0/1 shared iters

running (0m06.0s), 1/1 VUs, 0 complete and 0 interrupted iterations
r_cw_token_bracket   [   0% ] 1 VUs  0m06.0s/3m0s  0/1 shared iters

running (0m07.0s), 1/1 VUs, 0 complete and 0 interrupted iterations
r_cw_token_bracket   [   0% ] 1 VUs  0m07.0s/3m0s  0/1 shared iters

running (0m08.0s), 1/1 VUs, 0 complete and 0 interrupted iterations
r_cw_token_bracket   [   0% ] 1 VUs  0m08.0s/3m0s  0/1 shared iters

running (0m09.0s), 1/1 VUs, 0 complete and 0 interrupted iterations
r_cw_token_bracket   [   0% ] 1 VUs  0m09.0s/3m0s  0/1 shared iters

running (0m10.0s), 1/1 VUs, 0 complete and 0 interrupted iterations
r_cw_token_bracket   [   0% ] 1 VUs  0m10.0s/3m0s  0/1 shared iters

running (0m11.0s), 1/1 VUs, 0 complete and 0 interrupted iterations
r_cw_token_bracket   [   0% ] 1 VUs  0m11.0s/3m0s  0/1 shared iters

running (0m12.0s), 1/1 VUs, 0 complete and 0 interrupted iterations
r_cw_token_bracket   [   0% ] 1 VUs  0m12.0s/3m0s  0/1 shared iters
time="2026-08-06T14:14:23-07:00" level=info msg="✓ parent sessions_spawn acceptance signal observed" source=console

running (0m13.0s), 1/1 VUs, 0 complete and 0 interrupted iterations
r_cw_token_bracket   [   0% ] 1 VUs  0m13.0s/3m0s  0/1 shared iters
time="2026-08-06T14:14:24-07:00" level=info msg="✓ parent sessions_spawn acceptance signal observed" source=console
time="2026-08-06T14:14:24-07:00" level=info msg="✓ parent sessions_spawn acceptance signal observed" source=console
time="2026-08-06T14:14:24-07:00" level=info msg="✓ parent sessions_spawn acceptance signal observed" source=console

running (0m14.0s), 1/1 VUs, 0 complete and 0 interrupted iterations
r_cw_token_bracket   [   0% ] 1 VUs  0m14.0s/3m0s  0/1 shared iters
time="2026-08-06T14:14:25-07:00" level=info msg="✓ parent sessions_spawn acceptance signal observed" source=console
time="2026-08-06T14:14:25-07:00" level=info msg="✓ parent sessions_spawn acceptance signal observed" source=console
time="2026-08-06T14:14:25-07:00" level=info msg="✓ parent sessions_spawn acceptance signal observed" source=console
time="2026-08-06T14:14:25-07:00" level=info msg="✓ parent sessions_spawn acceptance signal observed" source=console
time="2026-08-06T14:14:25-07:00" level=info msg="✓ parent sessions_spawn acceptance signal observed" source=console
time="2026-08-06T14:14:25-07:00" level=info msg="✓ parent sessions_spawn acceptance signal observed" source=console
time="2026-08-06T14:14:25-07:00" level=info msg="✓ parent sessions_spawn acceptance signal observed" source=console
time="2026-08-06T14:14:25-07:00" level=info msg="✓ parent sessions_spawn acceptance signal observed" source=console
time="2026-08-06T14:14:25-07:00" level=info msg="✓ parent sessions_spawn acceptance signal observed" source=console
time="2026-08-06T14:14:25-07:00" level=info msg="✓ parent sessions_spawn acceptance signal observed" source=console
time="2026-08-06T14:14:25-07:00" level=info msg="✓ parent sessions_spawn acceptance signal observed" source=console
time="2026-08-06T14:14:25-07:00" level=info msg="✓ parent sessions_spawn acceptance signal observed" source=console
time="2026-08-06T14:14:25-07:00" level=info msg="✓ parent sessions_spawn acceptance signal observed" source=console
time="2026-08-06T14:14:25-07:00" level=info msg="✓ parent sessions_spawn acceptance signal observed" source=console
time="2026-08-06T14:14:25-07:00" level=info msg="✓ parent sessions_spawn acceptance signal observed" source=console
time="2026-08-06T14:14:25-07:00" level=info msg="✓ parent sessions_spawn acceptance signal observed" source=console
time="2026-08-06T14:14:25-07:00" level=info msg="✓ parent sessions_spawn acceptance signal observed" source=console
time="2026-08-06T14:14:25-07:00" level=info msg="✓ parent sessions_spawn acceptance signal observed" source=console
time="2026-08-06T14:14:25-07:00" level=info msg="✓ parent sessions_spawn acceptance signal observed" source=console
time="2026-08-06T14:14:25-07:00" level=info msg="✓ parent sessions_spawn acceptance signal observed" source=console
time="2026-08-06T14:14:25-07:00" level=info msg="✓ parent sessions_spawn acceptance signal observed" source=console
time="2026-08-06T14:14:25-07:00" level=info msg="✓ parent sessions_spawn acceptance signal observed" source=console
time="2026-08-06T14:14:25-07:00" level=info msg="✓ parent sessions_spawn acceptance signal observed" source=console
time="2026-08-06T14:14:25-07:00" level=info msg="✓ parent sessions_spawn acceptance signal observed" source=console
time="2026-08-06T14:14:25-07:00" level=info msg="✓ parent sessions_spawn acceptance signal observed" source=console
time="2026-08-06T14:14:25-07:00" level=info msg="✓ parent sessions_spawn acceptance signal observed" source=console
time="2026-08-06T14:14:25-07:00" level=info msg="✓ parent sessions_spawn acceptance signal observed" source=console
time="2026-08-06T14:14:25-07:00" level=info msg="✓ parent sessions_spawn acceptance signal observed" source=console
time="2026-08-06T14:14:25-07:00" level=info msg="✓ parent sessions_spawn acceptance signal observed" source=console
time="2026-08-06T14:14:25-07:00" level=info msg="✓ parent sessions_spawn acceptance signal observed" source=console
time="2026-08-06T14:14:25-07:00" level=info msg="✓ parent sessions_spawn acceptance signal observed" source=console
time="2026-08-06T14:14:25-07:00" level=info msg="✓ parent sessions_spawn acceptance signal observed" source=console
time="2026-08-06T14:14:25-07:00" level=info msg="✓ parent sessions_spawn acceptance signal observed" source=console
time="2026-08-06T14:14:25-07:00" level=info msg="✓ parent sessions_spawn acceptance signal observed" source=console
time="2026-08-06T14:14:25-07:00" level=info msg="✓ parent sessions_spawn acceptance signal observed" source=console
time="2026-08-06T14:14:25-07:00" level=info msg="✓ parent sessions_spawn acceptance signal observed" source=console
time="2026-08-06T14:14:25-07:00" level=info msg="✓ token-emitting child turn observed" source=console
time="2026-08-06T14:14:25-07:00" level=info msg="✓ TOKEN-HOP2-DONE sentinel observed — hop-2 executed" source=console
time="2026-08-06T14:14:25-07:00" level=info msg="All required R-CW-TOKEN evidence gathered, closing early" source=console
PUBLIC_EVIDENCE {"row":"R-CW-TOKEN","manifest_loaded":true,"seat":"cael","session_created":true,"candidateSha":"03939273216bc0c08a2df2d768f2f8d6549ca1f2","started":"2026-08-06T21:14:11.013Z","parent_dispatch_accepted":true,"subagent_spawn_requested":true,"subagent_spawn_accepted":true,"token_emitted_or_stripped":true,"hop_2_executed":true,"parent_return":true,"dispatch_accepted_at_ms":1786050852721,"hop_2_at_ms":1786050865544,"trace_id":null,"ended":"2026-08-06T21:14:25.544Z","duration_ms":14531}
time="2026-08-06T14:14:25-07:00" level=info msg="\n[R-CW-TOKEN] VERDICT: PASS-candidate" source=console

[R-CW-TOKEN] Summary: PASS-candidate | SHA: 03939273216bc0c08a2df2d768f2f8d6549ca1f2 | Seat: cael

running (0m14.5s), 0/1 VUs, 1 complete and 0 interrupted iterations
r_cw_token_bracket ✓ [ 100% ] 1 VUs  0m14.5s/3m0s  1/1 shared iters
[R-CW-TOKEN] CANDIDATE REVIEW ENVELOPE: /home/figs/.local/state/openclaw-proof-runs/03939273216bc0c08a2df2d768f2f8d6549ca1f2-rowwise-20260806T205552Z/R-CW-TOKEN/03939273216bc0c08a2df2d768f2f8d6549ca1f2/R-CW-TOKEN/cael/20260806T211408Z-r-cw-token-614707e3/candidate-run-result.json
[R-CW-TOKEN] METRICS: /home/figs/.local/state/openclaw-proof-runs/03939273216bc0c08a2df2d768f2f8d6549ca1f2-rowwise-20260806T205552Z/R-CW-TOKEN/03939273216bc0c08a2df2d768f2f8d6549ca1f2/R-CW-TOKEN/cael/20260806T211408Z-r-cw-token-614707e3/openclaw-proofs-k6.prom
[R-CW-TOKEN] ARTIFACTS: /home/figs/.local/state/openclaw-proof-runs/03939273216bc0c08a2df2d768f2f8d6549ca1f2-rowwise-20260806T205552Z/R-CW-TOKEN/03939273216bc0c08a2df2d768f2f8d6549ca1f2/R-CW-TOKEN/cael/20260806T211408Z-r-cw-token-614707e3
[R-CW-TOKEN] COMPLETED.
Observability check: query Grafana for run/nonce or review Tempo traces if trace ID was emitted.
REPORT: /home/figs/.local/state/openclaw-proof-runs/03939273216bc0c08a2df2d768f2f8d6549ca1f2-rowwise-20260806T205552Z/R-CW-TOKEN/report.html

==========================================================
Runner execution finished.
