
         /\      Grafana   /‾‾/  
    /\  /  \     |\  __   /  /   
   /  \/    \    | |/ /  /   ‾‾\ 
  /          \   |   (  |  (‾)  |
 / __________ \  |_|\_\  \_____/ 


     execution: local
        script: scenarios/preflight.js
        output: -

     scenarios: (100.00%) 1 scenario, 1 max VUs, 1m15s max duration (incl. graceful stop):
              * preflight_inventory: 1 iterations shared among 1 VUs (maxDuration: 45s, gracefulStop: 30s)


running (0m01.0s), 1/1 VUs, 0 complete and 0 interrupted iterations
preflight_inventory   [   0% ] 1 VUs  01.0s/45s  0/1 shared iters
PUBLIC_EVIDENCE {"row":"preflight","manifest_loaded":true,"seat":"cael","candidateSha":"a7ef03177e0f42831a087521e6eb7720102d6be1","started":"2026-08-10T13:49:08.170Z","connected":true,"sessions_list_ok":true,"tools_effective_ok":true,"tool_inventory_count":0,"ended":"2026-08-10T13:49:09.361Z","duration_ms":1191}


  █ THRESHOLDS 

    preflight_duration
    ✓ 'p(95)<30000' p(95)=1191

    proof_failures
    ✓ 'count==0' count=0


  █ TOTAL RESULTS 

    checks_total.......: 3       2.516979/s
    checks_succeeded...: 100.00% 3 out of 3
    checks_failed......: 0.00%   0 out of 3

    ✓ websocket connected
    ✓ sessions.list accepted
    ✓ tools.effective accepted

    CUSTOM
    preflight_duration....: avg=1191   min=1191   med=1191   max=1191   p(90)=1191   p(95)=1191  
    proof_failures........: 0     0/s

    EXECUTION
    iteration_duration....: avg=1.19s  min=1.19s  med=1.19s  max=1.19s  p(90)=1.19s  p(95)=1.19s 
    iterations............: 1     0.838993/s
    vus...................: 1     min=1      max=1
    vus_max...............: 1     min=1      max=1

    NETWORK
    data_received.........: 84 kB 70 kB/s
    data_sent.............: 830 B 696 B/s

    WEBSOCKET
    ws_connecting.........: avg=1.52ms min=1.52ms med=1.52ms max=1.52ms p(90)=1.52ms p(95)=1.52ms
    ws_msgs_received......: 5     4.194965/s
    ws_msgs_sent..........: 3     2.516979/s
    ws_session_duration...: avg=1.19s  min=1.19s  med=1.19s  max=1.19s  p(90)=1.19s  p(95)=1.19s 
    ws_sessions...........: 1     0.838993/s




running (0m01.2s), 0/1 VUs, 1 complete and 0 interrupted iterations
preflight_inventory ✓ [ 100% ] 1 VUs  01.2s/45s  1/1 shared iters
