RUN_ID=p81-cael-live-resume5-20260709T031750Z
STARTED_AT=2026-07-09T03:17:51Z
DOCS_SHA=2a57cd8528e43da3bc0f8adad7c48cd8470a5252
TARGET_SHA=e08f696618da57e7267a2148578fa4ab0d8b0d01
OPENCLAW_VERSION=OpenClaw 2026.6.11 (e08f696)
OPENCLAW_CREATE_DISPOSABLE_SESSIONS=true
Resolving session key for selector: discord-channel:1466192485440164011
==========================================================
Project 81: Seat-Aware k6 Proof Runner
Seat: cael
Target Candidate SHA: e08f696618da57e7267a2148578fa4ab0d8b0d01
Deployed Runtime SHA: OpenClaw 2026.6.11 (e08f696)
Session: main
Artifact root: /tmp/p81-cael-live-resume5-20260709T031750Z/out
Rows: R-CW-2,R-CW-3,R-CW-4,R-CW-5,R-CW-6,R-CW-7,R-CW-DELEGATE-CHILD-LIVE,R-CW-DELEGATE-SELF-CONTINUATION,R-CW-DELEGATE-TOKEN,R-CW-MULTI-COLLAPSE,R-CW-MULTI,R-CW-TOKEN,R-OBS-1,R-OBS-2,R-OBS-status,R-RC-1,R-RC-2,R-REGRESSION-TRAP-TESTS,R-TRACE-REDACTION-1121
Dry Run: false
==========================================================
Running seat-readiness preflight (k6/tooling/gateway/continuation config)...
SEAT READINESS: /tmp/p81-cael-live-resume5-20260709T031750Z/out/seat-readiness.json

----------------------------------------
Row: R-CW-2
Manifest: /tmp/oc-p81-current/tools/k6-proofs/manifests/r-cw-2.json
Scenario: scenarios/r-cw-2-immediate-wake.js
Status: runnable
Live Safety: k6-runnable
[R-CW-2] RUNNING...

         /\      Grafana   /‾‾/  
    /\  /  \     |\  __   /  /   
   /  \/    \    | |/ /  /   ‾‾\ 
  /          \   |   (  |  (‾)  |
 / __________ \  |_|\_\  \_____/ 


     execution: local
        script: scenarios/r-cw-2-immediate-wake.js
        output: -

     scenarios: (100.00%) 1 scenario, 1 max VUs, 2m30s max duration (incl. graceful stop):
              * r_cw_2_immediate_wake: 1 iterations shared among 1 VUs (maxDuration: 2m0s, gracefulStop: 30s)

time="2026-07-08T20:17:54-07:00" level=info msg="✓ disposable session created: agent:main:r-cw-2-r-cw-2-1783567074142-4koru7hg" source=console
time="2026-07-08T20:17:55-07:00" level=info msg="✓ sessions.send accepted — immediate continue_work turn triggered" source=console

running (0m01.0s), 1/1 VUs, 0 complete and 0 interrupted iterations
r_cw_2_immediate_wake   [   0% ] 1 VUs  0m01.0s/2m0s  0/1 shared iters

running (0m02.0s), 1/1 VUs, 0 complete and 0 interrupted iterations
r_cw_2_immediate_wake   [   0% ] 1 VUs  0m02.0s/2m0s  0/1 shared iters

running (0m03.0s), 1/1 VUs, 0 complete and 0 interrupted iterations
r_cw_2_immediate_wake   [   0% ] 1 VUs  0m03.0s/2m0s  0/1 shared iters

running (0m04.0s), 1/1 VUs, 0 complete and 0 interrupted iterations
r_cw_2_immediate_wake   [   0% ] 1 VUs  0m04.0s/2m0s  0/1 shared iters

running (0m05.0s), 1/1 VUs, 0 complete and 0 interrupted iterations
r_cw_2_immediate_wake   [   0% ] 1 VUs  0m05.0s/2m0s  0/1 shared iters

running (0m06.0s), 1/1 VUs, 0 complete and 0 interrupted iterations
r_cw_2_immediate_wake   [   0% ] 1 VUs  0m06.0s/2m0s  0/1 shared iters

running (0m07.0s), 1/1 VUs, 0 complete and 0 interrupted iterations
r_cw_2_immediate_wake   [   0% ] 1 VUs  0m07.0s/2m0s  0/1 shared iters

running (0m08.0s), 1/1 VUs, 0 complete and 0 interrupted iterations
r_cw_2_immediate_wake   [   0% ] 1 VUs  0m08.0s/2m0s  0/1 shared iters

running (0m09.0s), 1/1 VUs, 0 complete and 0 interrupted iterations
r_cw_2_immediate_wake   [   0% ] 1 VUs  0m09.0s/2m0s  0/1 shared iters

running (0m10.0s), 1/1 VUs, 0 complete and 0 interrupted iterations
r_cw_2_immediate_wake   [   0% ] 1 VUs  0m10.0s/2m0s  0/1 shared iters

running (0m11.0s), 1/1 VUs, 0 complete and 0 interrupted iterations
r_cw_2_immediate_wake   [   0% ] 1 VUs  0m11.0s/2m0s  0/1 shared iters

running (0m12.0s), 1/1 VUs, 0 complete and 0 interrupted iterations
r_cw_2_immediate_wake   [   0% ] 1 VUs  0m12.0s/2m0s  0/1 shared iters

running (0m13.0s), 1/1 VUs, 0 complete and 0 interrupted iterations
r_cw_2_immediate_wake   [   0% ] 1 VUs  0m13.0s/2m0s  0/1 shared iters

running (0m14.0s), 1/1 VUs, 0 complete and 0 interrupted iterations
r_cw_2_immediate_wake   [   0% ] 1 VUs  0m14.0s/2m0s  0/1 shared iters
time="2026-07-08T20:18:08-07:00" level=info msg="✓ CW2-SCHEDULED sentinel observed" source=console

running (0m15.0s), 1/1 VUs, 0 complete and 0 interrupted iterations
r_cw_2_immediate_wake   [   0% ] 1 VUs  0m15.0s/2m0s  0/1 shared iters

running (0m16.0s), 1/1 VUs, 0 complete and 0 interrupted iterations
r_cw_2_immediate_wake   [   0% ] 1 VUs  0m16.0s/2m0s  0/1 shared iters

running (0m17.0s), 1/1 VUs, 0 complete and 0 interrupted iterations
r_cw_2_immediate_wake   [   0% ] 1 VUs  0m17.0s/2m0s  0/1 shared iters

running (0m18.0s), 1/1 VUs, 0 complete and 0 interrupted iterations
r_cw_2_immediate_wake   [   0% ] 1 VUs  0m18.0s/2m0s  0/1 shared iters

running (0m19.0s), 1/1 VUs, 0 complete and 0 interrupted iterations
r_cw_2_immediate_wake   [   0% ] 1 VUs  0m19.0s/2m0s  0/1 shared iters

running (0m20.0s), 1/1 VUs, 0 complete and 0 interrupted iterations
r_cw_2_immediate_wake   [   0% ] 1 VUs  0m20.0s/2m0s  0/1 shared iters

running (0m21.0s), 1/1 VUs, 0 complete and 0 interrupted iterations
r_cw_2_immediate_wake   [   0% ] 1 VUs  0m21.0s/2m0s  0/1 shared iters

running (0m22.0s), 1/1 VUs, 0 complete and 0 interrupted iterations
r_cw_2_immediate_wake   [   0% ] 1 VUs  0m22.0s/2m0s  0/1 shared iters

running (0m23.0s), 1/1 VUs, 0 complete and 0 interrupted iterations
r_cw_2_immediate_wake   [   0% ] 1 VUs  0m23.0s/2m0s  0/1 shared iters

running (0m24.0s), 1/1 VUs, 0 complete and 0 interrupted iterations
r_cw_2_immediate_wake   [   0% ] 1 VUs  0m24.0s/2m0s  0/1 shared iters

running (0m25.0s), 1/1 VUs, 0 complete and 0 interrupted iterations
r_cw_2_immediate_wake   [   0% ] 1 VUs  0m25.0s/2m0s  0/1 shared iters

running (0m26.0s), 1/1 VUs, 0 complete and 0 interrupted iterations
r_cw_2_immediate_wake   [   0% ] 1 VUs  0m26.0s/2m0s  0/1 shared iters

running (0m27.0s), 1/1 VUs, 0 complete and 0 interrupted iterations
r_cw_2_immediate_wake   [   0% ] 1 VUs  0m27.0s/2m0s  0/1 shared iters

running (0m28.0s), 1/1 VUs, 0 complete and 0 interrupted iterations
r_cw_2_immediate_wake   [   0% ] 1 VUs  0m28.0s/2m0s  0/1 shared iters

running (0m29.0s), 1/1 VUs, 0 complete and 0 interrupted iterations
r_cw_2_immediate_wake   [   0% ] 1 VUs  0m29.0s/2m0s  0/1 shared iters

running (0m30.0s), 1/1 VUs, 0 complete and 0 interrupted iterations
r_cw_2_immediate_wake   [   0% ] 1 VUs  0m30.0s/2m0s  0/1 shared iters

running (0m31.0s), 1/1 VUs, 0 complete and 0 interrupted iterations
r_cw_2_immediate_wake   [   0% ] 1 VUs  0m31.0s/2m0s  0/1 shared iters

running (0m32.0s), 1/1 VUs, 0 complete and 0 interrupted iterations
r_cw_2_immediate_wake   [   0% ] 1 VUs  0m32.0s/2m0s  0/1 shared iters

running (0m33.0s), 1/1 VUs, 0 complete and 0 interrupted iterations
r_cw_2_immediate_wake   [   0% ] 1 VUs  0m33.0s/2m0s  0/1 shared iters

running (0m34.0s), 1/1 VUs, 0 complete and 0 interrupted iterations
r_cw_2_immediate_wake   [   0% ] 1 VUs  0m34.0s/2m0s  0/1 shared iters

running (0m35.0s), 1/1 VUs, 0 complete and 0 interrupted iterations
r_cw_2_immediate_wake   [   0% ] 1 VUs  0m35.0s/2m0s  0/1 shared iters

running (0m36.0s), 1/1 VUs, 0 complete and 0 interrupted iterations
r_cw_2_immediate_wake   [   0% ] 1 VUs  0m36.0s/2m0s  0/1 shared iters

running (0m37.0s), 1/1 VUs, 0 complete and 0 interrupted iterations
r_cw_2_immediate_wake   [   0% ] 1 VUs  0m37.0s/2m0s  0/1 shared iters

running (0m38.0s), 1/1 VUs, 0 complete and 0 interrupted iterations
r_cw_2_immediate_wake   [   0% ] 1 VUs  0m38.0s/2m0s  0/1 shared iters

running (0m39.0s), 1/1 VUs, 0 complete and 0 interrupted iterations
r_cw_2_immediate_wake   [   0% ] 1 VUs  0m39.0s/2m0s  0/1 shared iters

running (0m40.0s), 1/1 VUs, 0 complete and 0 interrupted iterations
r_cw_2_immediate_wake   [   0% ] 1 VUs  0m40.0s/2m0s  0/1 shared iters

running (0m41.0s), 1/1 VUs, 0 complete and 0 interrupted iterations
r_cw_2_immediate_wake   [   0% ] 1 VUs  0m41.0s/2m0s  0/1 shared iters

running (0m42.0s), 1/1 VUs, 0 complete and 0 interrupted iterations
r_cw_2_immediate_wake   [   0% ] 1 VUs  0m42.0s/2m0s  0/1 shared iters

running (0m43.0s), 1/1 VUs, 0 complete and 0 interrupted iterations
r_cw_2_immediate_wake   [   0% ] 1 VUs  0m43.0s/2m0s  0/1 shared iters

running (0m44.0s), 1/1 VUs, 0 complete and 0 interrupted iterations
r_cw_2_immediate_wake   [   0% ] 1 VUs  0m44.0s/2m0s  0/1 shared iters

running (0m45.0s), 1/1 VUs, 0 complete and 0 interrupted iterations
r_cw_2_immediate_wake   [   0% ] 1 VUs  0m45.0s/2m0s  0/1 shared iters

running (0m46.0s), 1/1 VUs, 0 complete and 0 interrupted iterations
r_cw_2_immediate_wake   [   0% ] 1 VUs  0m46.0s/2m0s  0/1 shared iters

running (0m47.0s), 1/1 VUs, 0 complete and 0 interrupted iterations
r_cw_2_immediate_wake   [   0% ] 1 VUs  0m47.0s/2m0s  0/1 shared iters

running (0m48.0s), 1/1 VUs, 0 complete and 0 interrupted iterations
r_cw_2_immediate_wake   [   0% ] 1 VUs  0m48.0s/2m0s  0/1 shared iters

running (0m49.0s), 1/1 VUs, 0 complete and 0 interrupted iterations
r_cw_2_immediate_wake   [   0% ] 1 VUs  0m49.0s/2m0s  0/1 shared iters

running (0m50.0s), 1/1 VUs, 0 complete and 0 interrupted iterations
r_cw_2_immediate_wake   [   0% ] 1 VUs  0m50.0s/2m0s  0/1 shared iters

running (0m51.0s), 1/1 VUs, 0 complete and 0 interrupted iterations
r_cw_2_immediate_wake   [   0% ] 1 VUs  0m51.0s/2m0s  0/1 shared iters

running (0m52.0s), 1/1 VUs, 0 complete and 0 interrupted iterations
r_cw_2_immediate_wake   [   0% ] 1 VUs  0m52.0s/2m0s  0/1 shared iters

running (0m53.0s), 1/1 VUs, 0 complete and 0 interrupted iterations
r_cw_2_immediate_wake   [   0% ] 1 VUs  0m53.0s/2m0s  0/1 shared iters

running (0m54.0s), 1/1 VUs, 0 complete and 0 interrupted iterations
r_cw_2_immediate_wake   [   0% ] 1 VUs  0m54.0s/2m0s  0/1 shared iters

running (0m55.0s), 1/1 VUs, 0 complete and 0 interrupted iterations
r_cw_2_immediate_wake   [   0% ] 1 VUs  0m55.0s/2m0s  0/1 shared iters

running (0m56.0s), 1/1 VUs, 0 complete and 0 interrupted iterations
r_cw_2_immediate_wake   [   0% ] 1 VUs  0m56.0s/2m0s  0/1 shared iters

running (0m57.0s), 1/1 VUs, 0 complete and 0 interrupted iterations
r_cw_2_immediate_wake   [   0% ] 1 VUs  0m57.0s/2m0s  0/1 shared iters

running (0m58.0s), 1/1 VUs, 0 complete and 0 interrupted iterations
r_cw_2_immediate_wake   [   0% ] 1 VUs  0m58.0s/2m0s  0/1 shared iters

running (0m59.0s), 1/1 VUs, 0 complete and 0 interrupted iterations
r_cw_2_immediate_wake   [   0% ] 1 VUs  0m59.0s/2m0s  0/1 shared iters

running (1m00.0s), 1/1 VUs, 0 complete and 0 interrupted iterations
r_cw_2_immediate_wake   [   0% ] 1 VUs  1m00.0s/2m0s  0/1 shared iters

running (1m01.0s), 1/1 VUs, 0 complete and 0 interrupted iterations
r_cw_2_immediate_wake   [   0% ] 1 VUs  1m01.0s/2m0s  0/1 shared iters

running (1m02.0s), 1/1 VUs, 0 complete and 0 interrupted iterations
r_cw_2_immediate_wake   [   0% ] 1 VUs  1m02.0s/2m0s  0/1 shared iters

running (1m03.0s), 1/1 VUs, 0 complete and 0 interrupted iterations
r_cw_2_immediate_wake   [   0% ] 1 VUs  1m03.0s/2m0s  0/1 shared iters

running (1m04.0s), 1/1 VUs, 0 complete and 0 interrupted iterations
r_cw_2_immediate_wake   [   0% ] 1 VUs  1m04.0s/2m0s  0/1 shared iters

running (1m05.0s), 1/1 VUs, 0 complete and 0 interrupted iterations
r_cw_2_immediate_wake   [   0% ] 1 VUs  1m05.0s/2m0s  0/1 shared iters

running (1m06.0s), 1/1 VUs, 0 complete and 0 interrupted iterations
r_cw_2_immediate_wake   [   0% ] 1 VUs  1m06.0s/2m0s  0/1 shared iters

running (1m07.0s), 1/1 VUs, 0 complete and 0 interrupted iterations
r_cw_2_immediate_wake   [   0% ] 1 VUs  1m07.0s/2m0s  0/1 shared iters

running (1m08.0s), 1/1 VUs, 0 complete and 0 interrupted iterations
r_cw_2_immediate_wake   [   0% ] 1 VUs  1m08.0s/2m0s  0/1 shared iters

running (1m09.0s), 1/1 VUs, 0 complete and 0 interrupted iterations
r_cw_2_immediate_wake   [   0% ] 1 VUs  1m09.0s/2m0s  0/1 shared iters

running (1m10.0s), 1/1 VUs, 0 complete and 0 interrupted iterations
r_cw_2_immediate_wake   [   0% ] 1 VUs  1m10.0s/2m0s  0/1 shared iters

running (1m11.0s), 1/1 VUs, 0 complete and 0 interrupted iterations
r_cw_2_immediate_wake   [   0% ] 1 VUs  1m11.0s/2m0s  0/1 shared iters

running (1m12.0s), 1/1 VUs, 0 complete and 0 interrupted iterations
r_cw_2_immediate_wake   [   0% ] 1 VUs  1m12.0s/2m0s  0/1 shared iters

running (1m13.0s), 1/1 VUs, 0 complete and 0 interrupted iterations
r_cw_2_immediate_wake   [   0% ] 1 VUs  1m13.0s/2m0s  0/1 shared iters

running (1m14.0s), 1/1 VUs, 0 complete and 0 interrupted iterations
r_cw_2_immediate_wake   [   0% ] 1 VUs  1m14.0s/2m0s  0/1 shared iters

running (1m15.0s), 1/1 VUs, 0 complete and 0 interrupted iterations
r_cw_2_immediate_wake   [   0% ] 1 VUs  1m15.0s/2m0s  0/1 shared iters

running (1m16.0s), 1/1 VUs, 0 complete and 0 interrupted iterations
r_cw_2_immediate_wake   [   0% ] 1 VUs  1m16.0s/2m0s  0/1 shared iters

running (1m17.0s), 1/1 VUs, 0 complete and 0 interrupted iterations
r_cw_2_immediate_wake   [   0% ] 1 VUs  1m17.0s/2m0s  0/1 shared iters

running (1m18.0s), 1/1 VUs, 0 complete and 0 interrupted iterations
r_cw_2_immediate_wake   [   0% ] 1 VUs  1m18.0s/2m0s  0/1 shared iters

running (1m19.0s), 1/1 VUs, 0 complete and 0 interrupted iterations
r_cw_2_immediate_wake   [   0% ] 1 VUs  1m19.0s/2m0s  0/1 shared iters

running (1m20.0s), 1/1 VUs, 0 complete and 0 interrupted iterations
r_cw_2_immediate_wake   [   0% ] 1 VUs  1m20.0s/2m0s  0/1 shared iters

running (1m21.0s), 1/1 VUs, 0 complete and 0 interrupted iterations
r_cw_2_immediate_wake   [   0% ] 1 VUs  1m21.0s/2m0s  0/1 shared iters

running (1m22.0s), 1/1 VUs, 0 complete and 0 interrupted iterations
r_cw_2_immediate_wake   [   0% ] 1 VUs  1m22.0s/2m0s  0/1 shared iters

running (1m23.0s), 1/1 VUs, 0 complete and 0 interrupted iterations
r_cw_2_immediate_wake   [   0% ] 1 VUs  1m23.0s/2m0s  0/1 shared iters

running (1m24.0s), 1/1 VUs, 0 complete and 0 interrupted iterations
r_cw_2_immediate_wake   [   0% ] 1 VUs  1m24.0s/2m0s  0/1 shared iters

running (1m25.0s), 1/1 VUs, 0 complete and 0 interrupted iterations
r_cw_2_immediate_wake   [   0% ] 1 VUs  1m25.0s/2m0s  0/1 shared iters

running (1m26.0s), 1/1 VUs, 0 complete and 0 interrupted iterations
r_cw_2_immediate_wake   [   0% ] 1 VUs  1m26.0s/2m0s  0/1 shared iters

running (1m27.0s), 1/1 VUs, 0 complete and 0 interrupted iterations
r_cw_2_immediate_wake   [   0% ] 1 VUs  1m27.0s/2m0s  0/1 shared iters

running (1m28.0s), 1/1 VUs, 0 complete and 0 interrupted iterations
r_cw_2_immediate_wake   [   0% ] 1 VUs  1m28.0s/2m0s  0/1 shared iters

running (1m29.0s), 1/1 VUs, 0 complete and 0 interrupted iterations
r_cw_2_immediate_wake   [   0% ] 1 VUs  1m29.0s/2m0s  0/1 shared iters

running (1m30.0s), 1/1 VUs, 0 complete and 0 interrupted iterations
r_cw_2_immediate_wake   [   0% ] 1 VUs  1m30.0s/2m0s  0/1 shared iters
time="2026-07-08T20:19:24-07:00" level=info msg="R_CW_2_EVIDENCE {\"row\":\"R-CW-2\",\"manifest_loaded\":true,\"nonce\":\"R-CW-2-1783567074142-4koru7hg\",\"seat\":\"cael\",\"requestedSessionKey\":\"main\",\"sessionKey\":\"agent:main:r-cw-2-r-cw-2-1783567074142-4koru7hg\",\"session_created\":true,\"created_session_key\":\"agent:main:r-cw-2-r-cw-2-1783567074142-4koru7hg\",\"candidateSha\":\"e08f696618da57e7267a2148578fa4ab0d8b0d01\",\"started\":\"2026-07-09T03:17:54.142Z\",\"dispatch_accepted\":true,\"scheduled_sentinel\":true,\"immediate_wake_observed\":false,\"prompt_echo_ignored\":true,\"dispatch_accepted_at_ms\":1783567075033,\"scheduled_result_at_ms\":1783567088783,\"wake_delay_ms\":null,\"trace_id\":null,\"redacted_events\":[{\"ts\":1783567074143,\"kind\":\"event\",\"method\":null,\"event\":\"connect.challenge\",\"ok\":null,\"data\":{\"ts\":1783567074143}},{\"ts\":1783567074145,\"kind\":\"other\",\"method\":null,\"event\":null,\"ok\":null,\"data\":{}},{\"ts\":1783567074234,\"kind\":\"event\",\"method\":null,\"event\":\"health\",\"ok\":null,\"data\":{\"ok\":true,\"ts\":1783567074234}},{\"ts\":1783567074500,\"kind\":\"response\",\"method\":\"sessions.create\",\"event\":null,\"ok\":true,\"data\":{\"ok\":true}},{\"ts\":1783567074526,\"kind\":\"response\",\"method\":\"sessions.messages.subscribe\",\"event\":null,\"ok\":true,\"data\":{}},{\"ts\":1783567075033,\"kind\":\"response\",\"method\":\"sessions.send\",\"event\":null,\"ok\":true,\"data\":{\"runId\":\"R-CW-2-DISPATCH-R-CW-2-1783567074142-4koru7hg\",\"status\":\"started\"}},{\"ts\":1783567075686,\"kind\":\"event\",\"method\":null,\"event\":\"agent\",\"ok\":null,\"data\":{\"runId\":\"active-memory-mrcxsb8x-a8572095\",\"sessionKey\":\"agent:main:r-cw-2-r-cw-2-1783567074142-4koru7hg:active-memory:a25662500f76\",\"ts\":1783567075685}},{\"ts\":1783567078431,\"kind\":\"event\",\"method\":null,\"event\":\"agent\",\"ok\":null,\"data\":{\"runId\":\"active-memory-mrcxsb8x-a8572095\",\"sessionKey\":\"agent:main:r-cw-2-r-cw-2-1783567074142-4koru7hg:active-memory:a25662500f76\",\"ts\":1783567078421}},{\"ts\":1783567079645,\"kind\":\"event\",\"method\":null,\"event\":\"health\",\"ok\":null,\"data\":{\"ok\":true,\"ts\":1783567079645}},{\"ts\":1783567079659,\"kind\":\"event\",\"method\":null,\"event\":\"presence\",\"ok\":null,\"data\":{}},{\"ts\":1783567079691,\"kind\":\"event\",\"method\":null,\"event\":\"agent\",\"ok\":null,\"data\":{\"runId\":\"active-memory-mrcxsb8x-a8572095\",\"sessionKey\":\"agent:main:r-cw-2-r-cw-2-1783567074142-4koru7hg:active-memory:a25662500f76\",\"ts\":1783567079679}},{\"ts\":1783567082086,\"kind\":\"event\",\"method\":null,\"event\":\"agent\",\"ok\":null,\"data\":{\"runId\":\"active-memory-mrcxsb8x-a8572095\",\"sessionKey\":\"agent:main:r-cw-2-r-cw-2-1783567074142-4koru7hg:active-memory:a25662500f76\",\"ts\":1783567082085}},{\"ts\":1783567082086,\"kind\":\"event\",\"method\":null,\"event\":\"chat\",\"ok\":null,\"data\":{\"runId\":\"active-memory-mrcxsb8x-a8572095\",\"sessionKey\":\"agent:main:r-cw-2-r-cw-2-1783567074142-4koru7hg:active-memory:a25662500f76\",\"state\":\"error\"}},{\"ts\":1783567082265,\"kind\":\"event\",\"method\":null,\"event\":\"agent\",\"ok\":null,\"data\":{\"runId\":\"R-CW-2-DISPATCH-R-CW-2-1783567074142-4koru7hg\",\"sessionKey\":\"agent:main:r-cw-2-r-cw-2-1783567074142-4koru7hg\",\"ts\":1783567082264}},{\"ts\":1783567082304,\"kind\":\"event\",\"method\":null,\"event\":\"session.message\",\"ok\":null,\"data\":{\"sessionKey\":\"agent:main:r-cw-2-r-cw-2-1783567074142-4koru7hg\"}},{\"ts\":1783567085813,\"kind\":\"event\",\"method\":null,\"event\":\"session.message\",\"ok\":null,\"data\":{\"sessionKey\":\"agent:main:r-cw-2-r-cw-2-1783567074142-4koru7hg\",\"status\":\"running\",\"startedAt\":1783567082264}},{\"ts\":1783567085858,\"kind\":\"event\",\"method\":null,\"event\":\"agent\",\"ok\":null,\"data\":{\"runId\":\"R-CW-2-DISPATCH-R-CW-2-1783567074142-4koru7hg\",\"sessionKey\":\"agent:main:r-cw-2-r-cw-2-1783567074142-4koru7hg\",\"ts\":1783567085817}},{\"ts\":1783567085899,\"kind\":\"event\",\"method\":null,\"event\":\"agent\",\"ok\":null,\"data\":{\"runId\":\"R-CW-2-DISPATCH-R-CW-2-1783567074142-4koru7hg\",\"sessionKey\":\"agent:main:r-cw-2-r-cw-2-1783567074142-4koru7hg\",\"ts\":1783567085888}},{\"ts\":1783567088695,\"kind\":\"event\",\"method\":null,\"event\":\"agent\",\"ok\":null,\"data\":{\"runId\":\"R-CW-2-DISPATCH-R-CW-2-1783567074142-4koru7hg\",\"sessionKey\":\"agent:main:r-cw-2-r-cw-2-1783567074142-4koru7hg\",\"ts\":1783567088694}},{\"ts\":1783567088695,\"kind\":\"event\",\"method\":null,\"event\":\"chat\",\"ok\":null,\"data\":{\"runId\":\"R-CW-2-DISPATCH-R-CW-2-1783567074142-4koru7hg\",\"sessionKey\":\"agent:main:r-cw-2-r-cw-2-1783567074142-4koru7hg\",\"state\":\"delta\"}},{\"ts\":1783567088783,\"kind\":\"event\",\"method\":null,\"event\":\"session.message\",\"ok\":null,\"data\":{\"sessionKey\":\"agent:main:r-cw-2-r-cw-2-1783567074142-4koru7hg\",\"status\":\"running\",\"startedAt\":1783567082264}},{\"ts\":1783567088790,\"kind\":\"event\",\"method\":null,\"event\":\"agent\",\"ok\":null,\"data\":{\"runId\":\"R-CW-2-DISPATCH-R-CW-2-1783567074142-4koru7hg\",\"sessionKey\":\"agent:main:r-cw-2-r-cw-2-1783567074142-4koru7hg\",\"ts\":1783567088716}},{\"ts\":1783567088790,\"kind\":\"event\",\"method\":null,\"event\":\"agent\",\"ok\":null,\"data\":{\"runId\":\"R-CW-2-DISPATCH-R-CW-2-1783567074142-4koru7hg\",\"sessionKey\":\"agent:main:r-cw-2-r-cw-2-1783567074142-4koru7hg\",\"ts\":1783567088789}},{\"ts\":1783567088896,\"kind\":\"event\",\"method\":null,\"event\":\"agent\",\"ok\":null,\"data\":{\"runId\":\"R-CW-2-DISPATCH-R-CW-2-1783567074142-4koru7hg\",\"sessionKey\":\"agent:main:r-cw-2-r-cw-2-1783567074142-4koru7hg\",\"ts\":1783567088895}},{\"ts\":1783567088896,\"kind\":\"event\",\"method\":null,\"event\":\"chat\",\"ok\":null,\"data\":{\"runId\":\"R-CW-2-DISPATCH-R-CW-2-1783567074142-4koru7hg\",\"sessionKey\":\"agent:main:r-cw-2-r-cw-2-1783567074142-4koru7hg\",\"state\":\"delta\"}},{\"ts\":1783567088896,\"kind\":\"event\",\"method\":null,\"event\":\"chat\",\"ok\":null,\"data\":{\"runId\":\"R-CW-2-DISPATCH-R-CW-2-1783567074142-4koru7hg\",\"sessionKey\":\"agent:main:r-cw-2-r-cw-2-1783567074142-4koru7hg\",\"state\":\"final\"}},{\"ts\":1783567098196,\"kind\":\"event\",\"method\":null,\"event\":\"health\",\"ok\":null,\"data\":{\"ok\":true,\"ts\":1783567098195}},{\"ts\":1783567098252,\"kind\":\"event\",\"method\":null,\"event\":\"tick\",\"ok\":null,\"data\":{\"ts\":1783567098252}},{\"ts\":1783567128252,\"kind\":\"event\",\"method\":null,\"event\":\"tick\",\"ok\":null,\"data\":{\"ts\":1783567128252}},{\"ts\":1783567158197,\"kind\":\"event\",\"method\":null,\"event\":\"health\",\"ok\":null,\"data\":{\"ok\":true,\"ts\":1783567158196}},{\"ts\":1783567158253,\"kind\":\"event\",\"method\":null,\"event\":\"tick\",\"ok\":null,\"data\":{\"ts\":1783567158252}}],\"ended\":\"2026-07-09T03:19:24.501Z\",\"duration_ms\":90359}" source=console
time="2026-07-08T20:19:24-07:00" level=info msg="\n--- R-CW-2 EVIDENCE SUMMARY ---" source=console
time="2026-07-08T20:19:24-07:00" level=info msg="{\n  \"row\": \"R-CW-2\",\n  \"manifest_loaded\": true,\n  \"nonce\": \"R-CW-2-1783567074142-4koru7hg\",\n  \"seat\": \"cael\",\n  \"requestedSessionKey\": \"main\",\n  \"sessionKey\": \"agent:main:r-cw-2-r-cw-2-1783567074142-4koru7hg\",\n  \"session_created\": true,\n  \"created_session_key\": \"agent:main:r-cw-2-r-cw-2-1783567074142-4koru7hg\",\n  \"candidateSha\": \"e08f696618da57e7267a2148578fa4ab0d8b0d01\",\n  \"started\": \"2026-07-09T03:17:54.142Z\",\n  \"dispatch_accepted\": true,\n  \"scheduled_sentinel\": true,\n  \"immediate_wake_observed\": false,\n  \"prompt_echo_ignored\": true,\n  \"dispatch_accepted_at_ms\": 1783567075033,\n  \"scheduled_result_at_ms\": 1783567088783,\n  \"wake_delay_ms\": null,\n  \"trace_id\": null,\n  \"redacted_events\": [\n    {\n      \"ts\": 1783567074143,\n      \"kind\": \"event\",\n      \"method\": null,\n      \"event\": \"connect.challenge\",\n      \"ok\": null,\n      \"data\": {\n        \"ts\": 1783567074143\n      }\n    },\n    {\n      \"ts\": 1783567074145,\n      \"kind\": \"other\",\n      \"method\": null,\n      \"event\": null,\n      \"ok\": null,\n      \"data\": {}\n    },\n    {\n      \"ts\": 1783567074234,\n      \"kind\": \"event\",\n      \"method\": null,\n      \"event\": \"health\",\n      \"ok\": null,\n      \"data\": {\n        \"ok\": true,\n        \"ts\": 1783567074234\n      }\n    },\n    {\n      \"ts\": 1783567074500,\n      \"kind\": \"response\",\n      \"method\": \"sessions.create\",\n      \"event\": null,\n      \"ok\": true,\n      \"data\": {\n        \"ok\": true\n      }\n    },\n    {\n      \"ts\": 1783567074526,\n      \"kind\": \"response\",\n      \"method\": \"sessions.messages.subscribe\",\n      \"event\": null,\n      \"ok\": true,\n      \"data\": {}\n    },\n    {\n      \"ts\": 1783567075033,\n      \"kind\": \"response\",\n      \"method\": \"sessions.send\",\n      \"event\": null,\n      \"ok\": true,\n      \"data\": {\n        \"runId\": \"R-CW-2-DISPATCH-R-CW-2-1783567074142-4koru7hg\",\n        \"status\": \"started\"\n      }\n    },\n    {\n      \"ts\": 1783567075686,\n      \"kind\": \"event\",\n      \"method\": null,\n      \"event\": \"agent\",\n      \"ok\": null,\n      \"data\": {\n        \"runId\": \"active-memory-mrcxsb8x-a8572095\",\n        \"sessionKey\": \"agent:main:r-cw-2-r-cw-2-1783567074142-4koru7hg:active-memory:a25662500f76\",\n        \"ts\": 1783567075685\n      }\n    },\n    {\n      \"ts\": 1783567078431,\n      \"kind\": \"event\",\n      \"method\": null,\n      \"event\": \"agent\",\n      \"ok\": null,\n      \"data\": {\n        \"runId\": \"active-memory-mrcxsb8x-a8572095\",\n        \"sessionKey\": \"agent:main:r-cw-2-r-cw-2-1783567074142-4koru7hg:active-memory:a25662500f76\",\n        \"ts\": 1783567078421\n      }\n    },\n    {\n      \"ts\": 1783567079645,\n      \"kind\": \"event\",\n      \"method\": null,\n      \"event\": \"health\",\n      \"ok\": null,\n      \"data\": {\n        \"ok\": true,\n        \"ts\": 1783567079645\n      }\n    },\n    {\n      \"ts\": 1783567079659,\n      \"kind\": \"event\",\n      \"method\": null,\n      \"event\": \"presence\",\n      \"ok\": null,\n      \"data\": {}\n    },\n    {\n      \"ts\": 1783567079691,\n      \"kind\": \"event\",\n      \"method\": null,\n      \"event\": \"agent\",\n      \"ok\": null,\n      \"data\": {\n        \"runId\": \"active-memory-mrcxsb8x-a8572095\",\n        \"sessionKey\": \"agent:main:r-cw-2-r-cw-2-1783567074142-4koru7hg:active-memory:a25662500f76\",\n        \"ts\": 1783567079679\n      }\n    },\n    {\n      \"ts\": 1783567082086,\n      \"kind\": \"event\",\n      \"method\": null,\n      \"event\": \"agent\",\n      \"ok\": null,\n      \"data\": {\n        \"runId\": \"active-memory-mrcxsb8x-a8572095\",\n        \"sessionKey\": \"agent:main:r-cw-2-r-cw-2-1783567074142-4koru7hg:active-memory:a25662500f76\",\n        \"ts\": 1783567082085\n      }\n    },\n    {\n      \"ts\": 1783567082086,\n      \"kind\": \"event\",\n      \"method\": null,\n      \"event\": \"chat\",\n      \"ok\": null,\n      \"data\": {\n        \"runId\": \"active-memory-mrcxsb8x-a8572095\",\n        \"sessionKey\": \"agent:main:r-cw-2-r-cw-2-1783567074142-4koru7hg:active-memory:a25662500f76\",\n        \"state\": \"error\"\n      }\n    },\n    {\n      \"ts\": 1783567082265,\n      \"kind\": \"event\",\n      \"method\": null,\n      \"event\": \"agent\",\n      \"ok\": null,\n      \"data\": {\n        \"runId\": \"R-CW-2-DISPATCH-R-CW-2-1783567074142-4koru7hg\",\n        \"sessionKey\": \"agent:main:r-cw-2-r-cw-2-1783567074142-4koru7hg\",\n        \"ts\": 1783567082264\n      }\n    },\n    {\n      \"ts\": 1783567082304,\n      \"kind\": \"event\",\n      \"method\": null,\n      \"event\": \"session.message\",\n      \"ok\": null,\n      \"data\": {\n        \"sessionKey\": \"agent:main:r-cw-2-r-cw-2-1783567074142-4koru7hg\"\n      }\n    },\n    {\n      \"ts\": 1783567085813,\n      \"kind\": \"event\",\n      \"method\": null,\n      \"event\": \"session.message\",\n      \"ok\": null,\n      \"data\": {\n        \"sessionKey\": \"agent:main:r-cw-2-r-cw-2-1783567074142-4koru7hg\",\n        \"status\": \"running\",\n        \"startedAt\": 1783567082264\n      }\n    },\n    {\n      \"ts\": 1783567085858,\n      \"kind\": \"event\",\n      \"method\": null,\n      \"event\": \"agent\",\n      \"ok\": null,\n      \"data\": {\n        \"runId\": \"R-CW-2-DISPATCH-R-CW-2-1783567074142-4koru7hg\",\n        \"sessionKey\": \"agent:main:r-cw-2-r-cw-2-1783567074142-4koru7hg\",\n        \"ts\": 1783567085817\n      }\n    },\n    {\n      \"ts\": 1783567085899,\n      \"kind\": \"event\",\n      \"method\": null,\n      \"event\": \"agent\",\n      \"ok\": null,\n      \"data\": {\n        \"runId\": \"R-CW-2-DISPATCH-R-CW-2-1783567074142-4koru7hg\",\n        \"sessionKey\": \"agent:main:r-cw-2-r-cw-2-1783567074142-4koru7hg\",\n        \"ts\": 1783567085888\n      }\n    },\n    {\n      \"ts\": 1783567088695,\n      \"kind\": \"event\",\n      \"method\": null,\n      \"event\": \"agent\",\n      \"ok\": null,\n      \"data\": {\n        \"runId\": \"R-CW-2-DISPATCH-R-CW-2-1783567074142-4koru7hg\",\n        \"sessionKey\": \"agent:main:r-cw-2-r-cw-2-1783567074142-4koru7hg\",\n        \"ts\": 1783567088694\n      }\n    },\n    {\n      \"ts\": 1783567088695,\n      \"kind\": \"event\",\n      \"method\": null,\n      \"event\": \"chat\",\n      \"ok\": null,\n      \"data\": {\n        \"runId\": \"R-CW-2-DISPATCH-R-CW-2-1783567074142-4koru7hg\",\n        \"sessionKey\": \"agent:main:r-cw-2-r-cw-2-1783567074142-4koru7hg\",\n        \"state\": \"delta\"\n      }\n    },\n    {\n      \"ts\": 1783567088783,\n      \"kind\": \"event\",\n      \"method\": null,\n      \"event\": \"session.message\",\n      \"ok\": null,\n      \"data\": {\n        \"sessionKey\": \"agent:main:r-cw-2-r-cw-2-1783567074142-4koru7hg\",\n        \"status\": \"running\",\n        \"startedAt\": 1783567082264\n      }\n    },\n    {\n      \"ts\": 1783567088790,\n      \"kind\": \"event\",\n      \"method\": null,\n      \"event\": \"agent\",\n      \"ok\": null,\n      \"data\": {\n        \"runId\": \"R-CW-2-DISPATCH-R-CW-2-1783567074142-4koru7hg\",\n        \"sessionKey\": \"agent:main:r-cw-2-r-cw-2-1783567074142-4koru7hg\",\n        \"ts\": 1783567088716\n      }\n    },\n    {\n      \"ts\": 1783567088790,\n      \"kind\": \"event\",\n      \"method\": null,\n      \"event\": \"agent\",\n      \"ok\": null,\n      \"data\": {\n        \"runId\": \"R-CW-2-DISPATCH-R-CW-2-1783567074142-4koru7hg\",\n        \"sessionKey\": \"agent:main:r-cw-2-r-cw-2-1783567074142-4koru7hg\",\n        \"ts\": 1783567088789\n      }\n    },\n    {\n      \"ts\": 1783567088896,\n      \"kind\": \"event\",\n      \"method\": null,\n      \"event\": \"agent\",\n      \"ok\": null,\n      \"data\": {\n        \"runId\": \"R-CW-2-DISPATCH-R-CW-2-1783567074142-4koru7hg\",\n        \"sessionKey\": \"agent:main:r-cw-2-r-cw-2-1783567074142-4koru7hg\",\n        \"ts\": 1783567088895\n      }\n    },\n    {\n      \"ts\": 1783567088896,\n      \"kind\": \"event\",\n      \"method\": null,\n      \"event\": \"chat\",\n      \"ok\": null,\n      \"data\": {\n        \"runId\": \"R-CW-2-DISPATCH-R-CW-2-1783567074142-4koru7hg\",\n        \"sessionKey\": \"agent:main:r-cw-2-r-cw-2-1783567074142-4koru7hg\",\n        \"state\": \"delta\"\n      }\n    },\n    {\n      \"ts\": 1783567088896,\n      \"kind\": \"event\",\n      \"method\": null,\n      \"event\": \"chat\",\n      \"ok\": null,\n      \"data\": {\n        \"runId\": \"R-CW-2-DISPATCH-R-CW-2-1783567074142-4koru7hg\",\n        \"sessionKey\": \"agent:main:r-cw-2-r-cw-2-1783567074142-4koru7hg\",\n        \"state\": \"final\"\n      }\n    },\n    {\n      \"ts\": 1783567098196,\n      \"kind\": \"event\",\n      \"method\": null,\n      \"event\": \"health\",\n      \"ok\": null,\n      \"data\": {\n        \"ok\": true,\n        \"ts\": 1783567098195\n      }\n    },\n    {\n      \"ts\": 1783567098252,\n      \"kind\": \"event\",\n      \"method\": null,\n      \"event\": \"tick\",\n      \"ok\": null,\n      \"data\": {\n        \"ts\": 1783567098252\n      }\n    },\n    {\n      \"ts\": 1783567128252,\n      \"kind\": \"event\",\n      \"method\": null,\n      \"event\": \"tick\",\n      \"ok\": null,\n      \"data\": {\n        \"ts\": 1783567128252\n      }\n    },\n    {\n      \"ts\": 1783567158197,\n      \"kind\": \"event\",\n      \"method\": null,\n      \"event\": \"health\",\n      \"ok\": null,\n      \"data\": {\n        \"ok\": true,\n        \"ts\": 1783567158196\n      }\n    },\n    {\n      \"ts\": 1783567158253,\n      \"kind\": \"event\",\n      \"method\": null,\n      \"event\": \"tick\",\n      \"ok\": null,\n      \"data\": {\n        \"ts\": 1783567158252\n      }\n    }\n  ],\n  \"ended\": \"2026-07-09T03:19:24.501Z\",\n  \"duration_ms\": 90359\n}" source=console
time="2026-07-08T20:19:24-07:00" level=info msg="--- END EVIDENCE ---" source=console
time="2026-07-08T20:19:24-07:00" level=info msg="\n[R-CW-2] VERDICT: PARTIAL-candidate" source=console

[R-CW-2] Summary: PARTIAL-candidate | SHA: e08f696618da57e7267a2148578fa4ab0d8b0d01 | Seat: cael

running (1m30.4s), 0/1 VUs, 1 complete and 0 interrupted iterations
r_cw_2_immediate_wake ✓ [ 100% ] 1 VUs  1m30.4s/2m0s  1/1 shared iters
time="2026-07-08T20:19:24-07:00" level=error msg="thresholds on metrics 'proof_failures, r_cw_2_duration' have been crossed"
./r-cw-2-immediate-wake-summary.json
[R-CW-2] METRICS: /tmp/p81-cael-live-resume5-20260709T031750Z/out/e08f696618da57e7267a2148578fa4ab0d8b0d01/R-CW-2/cael/20260709T031754Z-r-cw-2/openclaw-proofs-k6.prom
[R-CW-2] ARTIFACTS: /tmp/p81-cael-live-resume5-20260709T031750Z/out/e08f696618da57e7267a2148578fa4ab0d8b0d01/R-CW-2/cael/20260709T031754Z-r-cw-2
[R-CW-2] FAILED with k6 exit code 99. Artifacts preserved.
