### head / edit-decide / tree cdef5a1d956ac04f9b006c9295ed1e4ea9131e77
### phase A
+    65ms [env] node v26.9.0 phase=A scenario=edit-decide
+    65ms [env] tree sha=cdef5a1d956ac04f9b006c9295ed1e4ea9131e77 dirty=0
+    66ms [env] tree has ingress-stale-policy.ts=true
+    66ms [env] DISCORD_API_URL=http://127.0.0.1:34687/api/v10 (loopback mock) state=<run>/state
+    66ms [clock] T=2026-10-06T10:24:03.265Z now=T+0s
+ 18746ms [discord-rest] GET /api/v10/gateway/bot -> 200
+ 18766ms [startup] fetch-bot-identity:start
+ 18771ms [discord-gateway] client connected /?v=10&encoding=json
+ 18773ms [discord-rest] GET /api/v10/users/%40me -> 200
+ 18774ms [discord-gateway] IDENTIFY intents=46601 token=<redacted>
+ 18774ms [discord-gateway] -> READY (guild <guild> unavailable)
+ 18774ms [discord-gateway] -> GUILD_CREATE <guild> (1 channels)
+ 18776ms [startup] fetch-bot-identity:done botUserId=<bot> botUserName=proofbot
+ 18778ms [drain] start() suppressed: drain wedged for the outage
+ 18779ms [startup] composition up: botUserId=<bot> (from GET /users/@me)
+ 18781ms [discord-gateway] client op 3
+ 18800ms [gateway] registered=true connected=true hydrating(<guild>)=false inventory[<gated>]={"type":0,"name":"general","guildId":"<guild>"}
+ 18800ms [discord-gateway] -> MESSAGE_CREATE helper-1 sentAt=T-62min mentions=0
+ 18800ms [discord-gateway] -> MESSAGE_CREATE amb-01 sentAt=T-60min mentions=0
+ 18800ms [discord-gateway] -> MESSAGE_CREATE amb-02 sentAt=T-58min mentions=0
+ 18800ms [discord-gateway] -> MESSAGE_CREATE amb-03 sentAt=T-56min mentions=0
+ 18800ms [discord-gateway] -> MESSAGE_CREATE amb-04 sentAt=T-54min mentions=0
+ 18800ms [discord-gateway] -> MESSAGE_CREATE amb-05 sentAt=T-52min mentions=0
+ 18800ms [discord-gateway] -> MESSAGE_CREATE amb-06 sentAt=T-50min mentions=0
+ 18800ms [discord-gateway] -> MESSAGE_CREATE amb-07 sentAt=T-48min mentions=0
+ 18800ms [discord-gateway] -> MESSAGE_CREATE amb-08 sentAt=T-46min mentions=0
+ 18801ms [discord-gateway] -> MESSAGE_CREATE helper-2 sentAt=T-45min mentions=0
+ 18801ms [discord-gateway] -> MESSAGE_CREATE amb-09 sentAt=T-44min mentions=0
+ 18801ms [discord-gateway] -> MESSAGE_CREATE amb-10 sentAt=T-42min mentions=0
+ 18801ms [discord-gateway] -> MESSAGE_CREATE amb-11 sentAt=T-40min mentions=0
+ 18801ms [discord-gateway] -> MESSAGE_CREATE amb-12 sentAt=T-38min mentions=0
+ 18801ms [discord-gateway] -> MESSAGE_CREATE amb-13 sentAt=T-36min mentions=0
+ 18801ms [discord-gateway] -> MESSAGE_CREATE amb-14 sentAt=T-34min mentions=0
+ 18801ms [discord-gateway] -> MESSAGE_CREATE amb-15 sentAt=T-32min mentions=0
+ 18801ms [discord-gateway] -> MESSAGE_CREATE amb-16 sentAt=T-30min mentions=0
+ 18801ms [discord-gateway] -> MESSAGE_CREATE helper-3 sentAt=T-29min mentions=0
+ 18801ms [discord-gateway] -> MESSAGE_CREATE amb-17 sentAt=T-28min mentions=0
+ 18801ms [discord-gateway] -> MESSAGE_CREATE amb-18 sentAt=T-26min mentions=0
+ 18801ms [discord-gateway] -> MESSAGE_CREATE amb-19 sentAt=T-24min mentions=0
+ 18801ms [discord-gateway] -> MESSAGE_CREATE amb-20 sentAt=T-22min mentions=0
+ 23348ms [sqlite] end of A (outage): durable backlog admitted over the gateway, drain wedged: 23 rows {"pending":23}
+ 23348ms [sqlite]   {helper-1 status=pending attempts=0 failed_reason=null last_error=null}
+ 23348ms [sqlite]   {amb-01 status=pending attempts=0 failed_reason=null last_error=null}
+ 23348ms [sqlite]   {amb-02 status=pending attempts=0 failed_reason=null last_error=null}
+ 23348ms [sqlite]   {amb-03 status=pending attempts=0 failed_reason=null last_error=null}
+ 23348ms [sqlite]   {amb-04 status=pending attempts=0 failed_reason=null last_error=null}
+ 23348ms [sqlite]   {amb-05 status=pending attempts=0 failed_reason=null last_error=null}
+ 23348ms [sqlite]   {amb-06 status=pending attempts=0 failed_reason=null last_error=null}
+ 23348ms [sqlite]   {amb-07 status=pending attempts=0 failed_reason=null last_error=null}
+ 23348ms [sqlite]   {amb-08 status=pending attempts=0 failed_reason=null last_error=null}
+ 23348ms [sqlite]   {helper-2 status=pending attempts=0 failed_reason=null last_error=null}
+ 23348ms [sqlite]   {amb-09 status=pending attempts=0 failed_reason=null last_error=null}
+ 23348ms [sqlite]   {amb-10 status=pending attempts=0 failed_reason=null last_error=null}
+ 23348ms [sqlite]   {amb-11 status=pending attempts=0 failed_reason=null last_error=null}
+ 23348ms [sqlite]   {amb-12 status=pending attempts=0 failed_reason=null last_error=null}
+ 23348ms [sqlite]   {amb-13 status=pending attempts=0 failed_reason=null last_error=null}
+ 23348ms [sqlite]   {amb-14 status=pending attempts=0 failed_reason=null last_error=null}
+ 23348ms [sqlite]   {amb-15 status=pending attempts=0 failed_reason=null last_error=null}
+ 23348ms [sqlite]   {amb-16 status=pending attempts=0 failed_reason=null last_error=null}
+ 23348ms [sqlite]   {helper-3 status=pending attempts=0 failed_reason=null last_error=null}
+ 23348ms [sqlite]   {amb-17 status=pending attempts=0 failed_reason=null last_error=null}
+ 23348ms [sqlite]   {amb-18 status=pending attempts=0 failed_reason=null last_error=null}
+ 23349ms [sqlite]   {amb-19 status=pending attempts=0 failed_reason=null last_error=null}
+ 23349ms [sqlite]   {amb-20 status=pending attempts=0 failed_reason=null last_error=null}
+ 23350ms [verdict] A: 23/23 rows pending
### phase A exit=0
### phase B
+    62ms [env] node v26.9.0 phase=B scenario=edit-decide
+    63ms [env] tree sha=cdef5a1d956ac04f9b006c9295ed1e4ea9131e77 dirty=0
+    63ms [env] tree has ingress-stale-policy.ts=true
+    63ms [env] DISCORD_API_URL=http://127.0.0.1:44349/api/v10 (loopback mock) state=<run>/state
+    63ms [clock] T=2026-10-06T10:24:03.265Z now=T+24s
+ 18816ms [discord-rest] GET /api/v10/gateway/bot -> 200
+ 18835ms [startup] fetch-bot-identity:start
+ 18839ms [discord-gateway] client connected /?v=10&encoding=json
+ 18842ms [discord-rest] GET /api/v10/users/%40me -> 200
+ 18842ms [discord-gateway] IDENTIFY intents=46601 token=<redacted>
+ 18842ms [discord-gateway] -> READY (guild <guild> unavailable)
+ 18842ms [discord-gateway] -> GUILD_CREATE <guild> (1 channels)
+ 18844ms [startup] fetch-bot-identity:done botUserId=<bot> botUserName=proofbot
+ 18847ms [startup] composition up: botUserId=<bot> (from GET /users/@me)
+ 18854ms [discord-gateway] client op 3
+ 18870ms [gateway] registered=true connected=true hydrating(<guild>)=false inventory[<gated>]={"type":0,"name":"general","guildId":"<guild>"}
+ 18871ms [sqlite] at recovery start (rows persisted by phase A): 23 rows {"pending":23}
+ 18872ms [sqlite]   {helper-1 status=pending attempts=0 failed_reason=null last_error=null}
+ 18872ms [sqlite]   {amb-01 status=pending attempts=0 failed_reason=null last_error=null}
+ 18872ms [sqlite]   {amb-02 status=pending attempts=0 failed_reason=null last_error=null}
+ 18872ms [sqlite]   {amb-03 status=pending attempts=0 failed_reason=null last_error=null}
+ 18872ms [sqlite]   {amb-04 status=pending attempts=0 failed_reason=null last_error=null}
+ 18872ms [sqlite]   {amb-05 status=pending attempts=0 failed_reason=null last_error=null}
+ 18872ms [sqlite]   {amb-06 status=pending attempts=0 failed_reason=null last_error=null}
+ 18872ms [sqlite]   {amb-07 status=pending attempts=0 failed_reason=null last_error=null}
+ 18872ms [sqlite]   {amb-08 status=pending attempts=0 failed_reason=null last_error=null}
+ 18872ms [sqlite]   {helper-2 status=pending attempts=0 failed_reason=null last_error=null}
+ 18872ms [sqlite]   {amb-09 status=pending attempts=0 failed_reason=null last_error=null}
+ 18872ms [sqlite]   {amb-10 status=pending attempts=0 failed_reason=null last_error=null}
+ 18872ms [sqlite]   {amb-11 status=pending attempts=0 failed_reason=null last_error=null}
+ 18872ms [sqlite]   {amb-12 status=pending attempts=0 failed_reason=null last_error=null}
+ 18872ms [sqlite]   {amb-13 status=pending attempts=0 failed_reason=null last_error=null}
+ 18872ms [sqlite]   {amb-14 status=pending attempts=0 failed_reason=null last_error=null}
+ 18872ms [sqlite]   {amb-15 status=pending attempts=0 failed_reason=null last_error=null}
+ 18872ms [sqlite]   {amb-16 status=pending attempts=0 failed_reason=null last_error=null}
+ 18872ms [sqlite]   {helper-3 status=pending attempts=0 failed_reason=null last_error=null}
+ 18872ms [sqlite]   {amb-17 status=pending attempts=0 failed_reason=null last_error=null}
+ 18872ms [sqlite]   {amb-18 status=pending attempts=0 failed_reason=null last_error=null}
+ 18872ms [sqlite]   {amb-19 status=pending attempts=0 failed_reason=null last_error=null}
+ 18872ms [sqlite]   {amb-20 status=pending attempts=0 failed_reason=null last_error=null}
+ 18974ms [queue] rows=23 open=23 failed=0 completed=0 turns=0
+ 23169ms [config] EDIT published after the stale policy read its snapshot, before its verdict: messages.groupChat.mentionPatterns=["\\bhelper\\b"]
+ 23195ms [queue] fail(amb-01, reason=stale-ambient-backlog, guard) -> committed
+ 23198ms [queue] fail(amb-02, reason=stale-ambient-backlog, guard) -> committed
+ 23200ms [queue] fail(amb-03, reason=stale-ambient-backlog, guard) -> committed
+ 23202ms [queue] fail(amb-04, reason=stale-ambient-backlog, guard) -> committed
+ 23204ms [queue] fail(amb-05, reason=stale-ambient-backlog, guard) -> committed
+ 23207ms [queue] fail(amb-06, reason=stale-ambient-backlog, guard) -> committed
+ 23209ms [queue] fail(amb-07, reason=stale-ambient-backlog, guard) -> committed
+ 23211ms [queue] fail(amb-08, reason=stale-ambient-backlog, guard) -> committed
+ 23213ms [queue] fail(amb-09, reason=stale-ambient-backlog, guard) -> committed
+ 23215ms [queue] fail(amb-10, reason=stale-ambient-backlog, guard) -> committed
+ 23217ms [queue] fail(amb-11, reason=stale-ambient-backlog, guard) -> committed
+ 23218ms [queue] fail(amb-12, reason=stale-ambient-backlog, guard) -> committed
+ 23220ms [queue] fail(amb-13, reason=stale-ambient-backlog, guard) -> committed
+ 23222ms [queue] fail(amb-14, reason=stale-ambient-backlog, guard) -> committed
+ 23241ms [queue] fail(amb-15, reason=stale-ambient-backlog, guard) -> committed
+ 23243ms [queue] fail(amb-16, reason=stale-ambient-backlog, guard) -> committed
+ 23245ms [queue] fail(amb-17, reason=stale-ambient-backlog, guard) -> committed
+ 23246ms [queue] fail(amb-18, reason=stale-ambient-backlog, guard) -> committed
+ 23248ms [queue] fail(amb-19, reason=stale-ambient-backlog, guard) -> committed
+ 23249ms [queue] fail(amb-20, reason=stale-ambient-backlog, guard) -> committed
+ 23310ms [queue] rows=23 open=3 failed=20 completed=0 turns=0
+ 23311ms [discord-rest] GET /api/v10/channels/<gated> -> 200
+ 23454ms [turn] #1 helper-1 admitted by production preflight (wasMentioned=true effectiveWasMentioned=true inboundEventKind=user_request sender=<human-2>)
+ 23456ms [queue] rows=23 open=3 failed=20 completed=0 turns=1
+ 23461ms [discord-rest] GET /api/v10/guilds/<guild> -> 200
+ 23462ms [turn] #1 helper-1 adopted (stand-in turn; no model)
+ 23478ms [turn] #2 helper-2 admitted by production preflight (wasMentioned=true effectiveWasMentioned=true inboundEventKind=user_request sender=<human-2>)
+ 23480ms [turn] #2 helper-2 adopted (stand-in turn; no model)
+ 23493ms [turn] #3 helper-3 admitted by production preflight (wasMentioned=true effectiveWasMentioned=true inboundEventKind=user_request sender=<human-2>)
+ 23495ms [turn] #3 helper-3 adopted (stand-in turn; no model)
+ 23558ms [queue] rows=23 open=0 failed=20 completed=3 turns=3
+ 23559ms [sqlite] end of B (edit-decide): 23 rows {"completed":3,"failed:stale-ambient-backlog":20}
+ 23559ms [sqlite]   {helper-1 status=completed attempts=0 failed_reason=null last_error=null}
+ 23560ms [sqlite]   {amb-01 status=failed attempts=0 failed_reason=stale-ambient-backlog last_error="Discord ambient message amb-01 on channel:<gated> is 3646755ms old (limit 900000ms); suppressing stale backlog before dispatch."}
+ 23560ms [sqlite]   {amb-02 status=failed attempts=0 failed_reason=stale-ambient-backlog last_error="Discord ambient message amb-02 on channel:<gated> is 3526755ms old (limit 900000ms); suppressing stale backlog before dispatch."}
+ 23560ms [sqlite]   {amb-03 status=failed attempts=0 failed_reason=stale-ambient-backlog last_error="Discord ambient message amb-03 on channel:<gated> is 3406755ms old (limit 900000ms); suppressing stale backlog before dispatch."}
+ 23560ms [sqlite]   {amb-04 status=failed attempts=0 failed_reason=stale-ambient-backlog last_error="Discord ambient message amb-04 on channel:<gated> is 3286755ms old (limit 900000ms); suppressing stale backlog before dispatch."}
+ 23560ms [sqlite]   {amb-05 status=failed attempts=0 failed_reason=stale-ambient-backlog last_error="Discord ambient message amb-05 on channel:<gated> is 3166755ms old (limit 900000ms); suppressing stale backlog before dispatch."}
+ 23560ms [sqlite]   {amb-06 status=failed attempts=0 failed_reason=stale-ambient-backlog last_error="Discord ambient message amb-06 on channel:<gated> is 3046755ms old (limit 900000ms); suppressing stale backlog before dispatch."}
+ 23560ms [sqlite]   {amb-07 status=failed attempts=0 failed_reason=stale-ambient-backlog last_error="Discord ambient message amb-07 on channel:<gated> is 2926755ms old (limit 900000ms); suppressing stale backlog before dispatch."}
+ 23560ms [sqlite]   {amb-08 status=failed attempts=0 failed_reason=stale-ambient-backlog last_error="Discord ambient message amb-08 on channel:<gated> is 2806755ms old (limit 900000ms); suppressing stale backlog before dispatch."}
+ 23560ms [sqlite]   {helper-2 status=completed attempts=0 failed_reason=null last_error=null}
+ 23560ms [sqlite]   {amb-09 status=failed attempts=0 failed_reason=stale-ambient-backlog last_error="Discord ambient message amb-09 on channel:<gated> is 2686755ms old (limit 900000ms); suppressing stale backlog before dispatch."}
+ 23560ms [sqlite]   {amb-10 status=failed attempts=0 failed_reason=stale-ambient-backlog last_error="Discord ambient message amb-10 on channel:<gated> is 2566755ms old (limit 900000ms); suppressing stale backlog before dispatch."}
+ 23560ms [sqlite]   {amb-11 status=failed attempts=0 failed_reason=stale-ambient-backlog last_error="Discord ambient message amb-11 on channel:<gated> is 2446755ms old (limit 900000ms); suppressing stale backlog before dispatch."}
+ 23560ms [sqlite]   {amb-12 status=failed attempts=0 failed_reason=stale-ambient-backlog last_error="Discord ambient message amb-12 on channel:<gated> is 2326755ms old (limit 900000ms); suppressing stale backlog before dispatch."}
+ 23560ms [sqlite]   {amb-13 status=failed attempts=0 failed_reason=stale-ambient-backlog last_error="Discord ambient message amb-13 on channel:<gated> is 2206755ms old (limit 900000ms); suppressing stale backlog before dispatch."}
+ 23560ms [sqlite]   {amb-14 status=failed attempts=0 failed_reason=stale-ambient-backlog last_error="Discord ambient message amb-14 on channel:<gated> is 2086755ms old (limit 900000ms); suppressing stale backlog before dispatch."}
+ 23560ms [sqlite]   {amb-15 status=failed attempts=0 failed_reason=stale-ambient-backlog last_error="Discord ambient message amb-15 on channel:<gated> is 1966755ms old (limit 900000ms); suppressing stale backlog before dispatch."}
+ 23560ms [sqlite]   {amb-16 status=failed attempts=0 failed_reason=stale-ambient-backlog last_error="Discord ambient message amb-16 on channel:<gated> is 1846755ms old (limit 900000ms); suppressing stale backlog before dispatch."}
+ 23560ms [sqlite]   {helper-3 status=completed attempts=0 failed_reason=null last_error=null}
+ 23560ms [sqlite]   {amb-17 status=failed attempts=0 failed_reason=stale-ambient-backlog last_error="Discord ambient message amb-17 on channel:<gated> is 1726755ms old (limit 900000ms); suppressing stale backlog before dispatch."}
+ 23560ms [sqlite]   {amb-18 status=failed attempts=0 failed_reason=stale-ambient-backlog last_error="Discord ambient message amb-18 on channel:<gated> is 1606755ms old (limit 900000ms); suppressing stale backlog before dispatch."}
+ 23560ms [sqlite]   {amb-19 status=failed attempts=0 failed_reason=stale-ambient-backlog last_error="Discord ambient message amb-19 on channel:<gated> is 1486755ms old (limit 900000ms); suppressing stale backlog before dispatch."}
+ 23560ms [sqlite]   {amb-20 status=failed attempts=0 failed_reason=stale-ambient-backlog last_error="Discord ambient message amb-20 on channel:<gated> is 1366755ms old (limit 900000ms); suppressing stale backlog before dispatch."}
+ 23560ms [result] turn order: helper-1 -> helper-2 -> helper-3
+ 23560ms [result] REST message fetches by preflight: (none)
+ 23560ms [preflight] 2026-10-06T10:24:50.299Z [discord-preflight] shouldRequireMention=true baseRequireMention=true boundThreadSession=false mentionDecision.shouldSkip=false wasMentioned=true
+ 23560ms [preflight] 2026-10-06T10:24:50.331Z [discord-preflight] shouldRequireMention=true baseRequireMention=true boundThreadSession=false mentionDecision.shouldSkip=false wasMentioned=true
+ 23560ms [preflight] 2026-10-06T10:24:50.346Z [discord-preflight] shouldRequireMention=true baseRequireMention=true boundThreadSession=false mentionDecision.shouldSkip=false wasMentioned=true
+ 23560ms [result] production preflight decisions: mention-gate pass=3 drop:no-mention=0
+ 23560ms [result] completion order (SQLite): helper-1 -> helper-2 -> helper-3
+ 23560ms [result] fresh-mention: completed #0 of 3; turn never
+ 23561ms [verdict] B(edit-decide): edit published=true; helper-1=completed/turn=true helper-2=completed/turn=true helper-3=completed/turn=true; ambient failed(stale-ambient-backlog)=20/20 turns=0
### phase B exit=0
