### prefix-fbef / edit-decide / tree fbef5fda32fd284fb6dc8b19f20c6f778c77bf09
### phase A
+    62ms [env] node v26.9.0 phase=A scenario=edit-decide
+    62ms [env] tree sha=fbef5fda32fd284fb6dc8b19f20c6f778c77bf09 dirty=0
+    62ms [env] tree has ingress-stale-policy.ts=true
+    63ms [env] DISCORD_API_URL=http://127.0.0.1:33997/api/v10 (loopback mock) state=<run>/state
+    63ms [clock] T=2026-10-06T10:25:38.149Z now=T+0s
+ 18678ms [discord-rest] GET /api/v10/gateway/bot -> 200
+ 18697ms [startup] fetch-bot-identity:start
+ 18702ms [discord-gateway] client connected /?v=10&encoding=json
+ 18704ms [discord-rest] GET /api/v10/users/%40me -> 200
+ 18704ms [discord-gateway] IDENTIFY intents=46601 token=<redacted>
+ 18704ms [discord-gateway] -> READY (guild <guild> unavailable)
+ 18705ms [discord-gateway] -> GUILD_CREATE <guild> (1 channels)
+ 18706ms [startup] fetch-bot-identity:done botUserId=<bot> botUserName=proofbot
+ 18709ms [drain] start() suppressed: drain wedged for the outage
+ 18709ms [startup] composition up: botUserId=<bot> (from GET /users/@me)
+ 18711ms [discord-gateway] client op 3
+ 18730ms [gateway] registered=true connected=true hydrating(<guild>)=false inventory[<gated>]={"type":0,"name":"general","guildId":"<guild>"}
+ 18730ms [discord-gateway] -> MESSAGE_CREATE helper-1 sentAt=T-62min mentions=0
+ 18730ms [discord-gateway] -> MESSAGE_CREATE amb-01 sentAt=T-60min mentions=0
+ 18730ms [discord-gateway] -> MESSAGE_CREATE amb-02 sentAt=T-58min mentions=0
+ 18730ms [discord-gateway] -> MESSAGE_CREATE amb-03 sentAt=T-56min mentions=0
+ 18730ms [discord-gateway] -> MESSAGE_CREATE amb-04 sentAt=T-54min mentions=0
+ 18730ms [discord-gateway] -> MESSAGE_CREATE amb-05 sentAt=T-52min mentions=0
+ 18730ms [discord-gateway] -> MESSAGE_CREATE amb-06 sentAt=T-50min mentions=0
+ 18731ms [discord-gateway] -> MESSAGE_CREATE amb-07 sentAt=T-48min mentions=0
+ 18731ms [discord-gateway] -> MESSAGE_CREATE amb-08 sentAt=T-46min mentions=0
+ 18731ms [discord-gateway] -> MESSAGE_CREATE helper-2 sentAt=T-45min mentions=0
+ 18731ms [discord-gateway] -> MESSAGE_CREATE amb-09 sentAt=T-44min mentions=0
+ 18731ms [discord-gateway] -> MESSAGE_CREATE amb-10 sentAt=T-42min mentions=0
+ 18731ms [discord-gateway] -> MESSAGE_CREATE amb-11 sentAt=T-40min mentions=0
+ 18731ms [discord-gateway] -> MESSAGE_CREATE amb-12 sentAt=T-38min mentions=0
+ 18731ms [discord-gateway] -> MESSAGE_CREATE amb-13 sentAt=T-36min mentions=0
+ 18731ms [discord-gateway] -> MESSAGE_CREATE amb-14 sentAt=T-34min mentions=0
+ 18731ms [discord-gateway] -> MESSAGE_CREATE amb-15 sentAt=T-32min mentions=0
+ 18731ms [discord-gateway] -> MESSAGE_CREATE amb-16 sentAt=T-30min mentions=0
+ 18731ms [discord-gateway] -> MESSAGE_CREATE helper-3 sentAt=T-29min mentions=0
+ 18731ms [discord-gateway] -> MESSAGE_CREATE amb-17 sentAt=T-28min mentions=0
+ 18731ms [discord-gateway] -> MESSAGE_CREATE amb-18 sentAt=T-26min mentions=0
+ 18731ms [discord-gateway] -> MESSAGE_CREATE amb-19 sentAt=T-24min mentions=0
+ 18731ms [discord-gateway] -> MESSAGE_CREATE amb-20 sentAt=T-22min mentions=0
+ 25559ms [sqlite] end of A (outage): durable backlog admitted over the gateway, drain wedged: 23 rows {"pending":23}
+ 25559ms [sqlite]   {helper-1 status=pending attempts=0 failed_reason=null last_error=null}
+ 25559ms [sqlite]   {amb-01 status=pending attempts=0 failed_reason=null last_error=null}
+ 25559ms [sqlite]   {amb-02 status=pending attempts=0 failed_reason=null last_error=null}
+ 25559ms [sqlite]   {amb-03 status=pending attempts=0 failed_reason=null last_error=null}
+ 25559ms [sqlite]   {amb-04 status=pending attempts=0 failed_reason=null last_error=null}
+ 25559ms [sqlite]   {amb-05 status=pending attempts=0 failed_reason=null last_error=null}
+ 25559ms [sqlite]   {amb-06 status=pending attempts=0 failed_reason=null last_error=null}
+ 25559ms [sqlite]   {amb-07 status=pending attempts=0 failed_reason=null last_error=null}
+ 25559ms [sqlite]   {amb-08 status=pending attempts=0 failed_reason=null last_error=null}
+ 25559ms [sqlite]   {helper-2 status=pending attempts=0 failed_reason=null last_error=null}
+ 25559ms [sqlite]   {amb-09 status=pending attempts=0 failed_reason=null last_error=null}
+ 25559ms [sqlite]   {amb-10 status=pending attempts=0 failed_reason=null last_error=null}
+ 25559ms [sqlite]   {amb-11 status=pending attempts=0 failed_reason=null last_error=null}
+ 25559ms [sqlite]   {amb-12 status=pending attempts=0 failed_reason=null last_error=null}
+ 25559ms [sqlite]   {amb-13 status=pending attempts=0 failed_reason=null last_error=null}
+ 25559ms [sqlite]   {amb-14 status=pending attempts=0 failed_reason=null last_error=null}
+ 25559ms [sqlite]   {amb-15 status=pending attempts=0 failed_reason=null last_error=null}
+ 25559ms [sqlite]   {amb-16 status=pending attempts=0 failed_reason=null last_error=null}
+ 25559ms [sqlite]   {helper-3 status=pending attempts=0 failed_reason=null last_error=null}
+ 25559ms [sqlite]   {amb-17 status=pending attempts=0 failed_reason=null last_error=null}
+ 25559ms [sqlite]   {amb-18 status=pending attempts=0 failed_reason=null last_error=null}
+ 25559ms [sqlite]   {amb-19 status=pending attempts=0 failed_reason=null last_error=null}
+ 25559ms [sqlite]   {amb-20 status=pending attempts=0 failed_reason=null last_error=null}
+ 25560ms [verdict] A: 23/23 rows pending
### phase A exit=0
### phase B
+    62ms [env] node v26.9.0 phase=B scenario=edit-decide
+    62ms [env] tree sha=fbef5fda32fd284fb6dc8b19f20c6f778c77bf09 dirty=0
+    62ms [env] tree has ingress-stale-policy.ts=true
+    62ms [env] DISCORD_API_URL=http://127.0.0.1:34615/api/v10 (loopback mock) state=<run>/state
+    62ms [clock] T=2026-10-06T10:25:38.149Z now=T+26s
+ 20839ms [discord-rest] GET /api/v10/gateway/bot -> 200
+ 20857ms [startup] fetch-bot-identity:start
+ 20862ms [discord-gateway] client connected /?v=10&encoding=json
+ 20864ms [discord-rest] GET /api/v10/users/%40me -> 200
+ 20864ms [discord-gateway] IDENTIFY intents=46601 token=<redacted>
+ 20864ms [discord-gateway] -> READY (guild <guild> unavailable)
+ 20865ms [discord-gateway] -> GUILD_CREATE <guild> (1 channels)
+ 20866ms [startup] fetch-bot-identity:done botUserId=<bot> botUserName=proofbot
+ 20870ms [startup] composition up: botUserId=<bot> (from GET /users/@me)
+ 20876ms [discord-gateway] client op 3
+ 20892ms [gateway] registered=true connected=true hydrating(<guild>)=false inventory[<gated>]={"type":0,"name":"general","guildId":"<guild>"}
+ 20894ms [sqlite] at recovery start (rows persisted by phase A): 23 rows {"pending":23}
+ 20894ms [sqlite]   {helper-1 status=pending attempts=0 failed_reason=null last_error=null}
+ 20894ms [sqlite]   {amb-01 status=pending attempts=0 failed_reason=null last_error=null}
+ 20894ms [sqlite]   {amb-02 status=pending attempts=0 failed_reason=null last_error=null}
+ 20894ms [sqlite]   {amb-03 status=pending attempts=0 failed_reason=null last_error=null}
+ 20894ms [sqlite]   {amb-04 status=pending attempts=0 failed_reason=null last_error=null}
+ 20894ms [sqlite]   {amb-05 status=pending attempts=0 failed_reason=null last_error=null}
+ 20894ms [sqlite]   {amb-06 status=pending attempts=0 failed_reason=null last_error=null}
+ 20894ms [sqlite]   {amb-07 status=pending attempts=0 failed_reason=null last_error=null}
+ 20894ms [sqlite]   {amb-08 status=pending attempts=0 failed_reason=null last_error=null}
+ 20894ms [sqlite]   {helper-2 status=pending attempts=0 failed_reason=null last_error=null}
+ 20894ms [sqlite]   {amb-09 status=pending attempts=0 failed_reason=null last_error=null}
+ 20894ms [sqlite]   {amb-10 status=pending attempts=0 failed_reason=null last_error=null}
+ 20894ms [sqlite]   {amb-11 status=pending attempts=0 failed_reason=null last_error=null}
+ 20894ms [sqlite]   {amb-12 status=pending attempts=0 failed_reason=null last_error=null}
+ 20894ms [sqlite]   {amb-13 status=pending attempts=0 failed_reason=null last_error=null}
+ 20894ms [sqlite]   {amb-14 status=pending attempts=0 failed_reason=null last_error=null}
+ 20894ms [sqlite]   {amb-15 status=pending attempts=0 failed_reason=null last_error=null}
+ 20894ms [sqlite]   {amb-16 status=pending attempts=0 failed_reason=null last_error=null}
+ 20894ms [sqlite]   {helper-3 status=pending attempts=0 failed_reason=null last_error=null}
+ 20894ms [sqlite]   {amb-17 status=pending attempts=0 failed_reason=null last_error=null}
+ 20894ms [sqlite]   {amb-18 status=pending attempts=0 failed_reason=null last_error=null}
+ 20894ms [sqlite]   {amb-19 status=pending attempts=0 failed_reason=null last_error=null}
+ 20894ms [sqlite]   {amb-20 status=pending attempts=0 failed_reason=null last_error=null}
+ 20996ms [queue] rows=23 open=23 failed=0 completed=0 turns=0
+ 25201ms [config] EDIT published after the stale policy read its snapshot, before its verdict: messages.groupChat.mentionPatterns=["\\bhelper\\b"]
+ 25218ms [queue] fail(helper-1, reason=stale-ambient-backlog) -> committed
+ 25221ms [queue] fail(amb-01, reason=stale-ambient-backlog) -> committed
+ 25223ms [queue] fail(amb-02, reason=stale-ambient-backlog) -> committed
+ 25225ms [queue] fail(amb-03, reason=stale-ambient-backlog) -> committed
+ 25227ms [queue] fail(amb-04, reason=stale-ambient-backlog) -> committed
+ 25229ms [queue] fail(amb-05, reason=stale-ambient-backlog) -> committed
+ 25231ms [queue] fail(amb-06, reason=stale-ambient-backlog) -> committed
+ 25233ms [queue] fail(amb-07, reason=stale-ambient-backlog) -> committed
+ 25234ms [queue] fail(amb-08, reason=stale-ambient-backlog) -> committed
+ 25236ms [queue] fail(amb-09, reason=stale-ambient-backlog) -> committed
+ 25238ms [queue] fail(amb-10, reason=stale-ambient-backlog) -> committed
+ 25239ms [queue] fail(amb-11, reason=stale-ambient-backlog) -> committed
+ 25240ms [queue] fail(amb-12, reason=stale-ambient-backlog) -> committed
+ 25242ms [queue] fail(amb-13, reason=stale-ambient-backlog) -> committed
+ 25243ms [queue] fail(amb-14, reason=stale-ambient-backlog) -> committed
+ 25245ms [queue] fail(amb-15, reason=stale-ambient-backlog) -> committed
+ 25246ms [queue] fail(amb-16, reason=stale-ambient-backlog) -> committed
+ 25248ms [queue] fail(amb-17, reason=stale-ambient-backlog) -> committed
+ 25249ms [queue] fail(amb-18, reason=stale-ambient-backlog) -> committed
+ 25250ms [queue] fail(amb-19, reason=stale-ambient-backlog) -> committed
+ 25251ms [queue] fail(amb-20, reason=stale-ambient-backlog) -> committed
+ 25323ms [queue] rows=23 open=2 failed=21 completed=0 turns=0
+ 25324ms [discord-rest] GET /api/v10/channels/<gated> -> 200
+ 25487ms [turn] #1 helper-2 admitted by production preflight (wasMentioned=true effectiveWasMentioned=true inboundEventKind=user_request sender=<human-2>)
+ 25490ms [queue] rows=23 open=2 failed=21 completed=0 turns=1
+ 25496ms [discord-rest] GET /api/v10/guilds/<guild> -> 200
+ 25497ms [turn] #1 helper-2 adopted (stand-in turn; no model)
+ 25512ms [turn] #2 helper-3 admitted by production preflight (wasMentioned=true effectiveWasMentioned=true inboundEventKind=user_request sender=<human-2>)
+ 25514ms [turn] #2 helper-3 adopted (stand-in turn; no model)
+ 25593ms [queue] rows=23 open=0 failed=21 completed=2 turns=2
+ 25594ms [sqlite] end of B (edit-decide): 23 rows {"failed:stale-ambient-backlog":21,"completed":2}
+ 25594ms [sqlite]   {helper-1 status=failed attempts=0 failed_reason=stale-ambient-backlog last_error="Discord ambient message helper-1 on channel:<gated> is 3770988ms old (limit 900000ms); suppressing stale backlog before dispatch."}
+ 25594ms [sqlite]   {amb-01 status=failed attempts=0 failed_reason=stale-ambient-backlog last_error="Discord ambient message amb-01 on channel:<gated> is 3650988ms old (limit 900000ms); suppressing stale backlog before dispatch."}
+ 25594ms [sqlite]   {amb-02 status=failed attempts=0 failed_reason=stale-ambient-backlog last_error="Discord ambient message amb-02 on channel:<gated> is 3530988ms old (limit 900000ms); suppressing stale backlog before dispatch."}
+ 25594ms [sqlite]   {amb-03 status=failed attempts=0 failed_reason=stale-ambient-backlog last_error="Discord ambient message amb-03 on channel:<gated> is 3410988ms old (limit 900000ms); suppressing stale backlog before dispatch."}
+ 25594ms [sqlite]   {amb-04 status=failed attempts=0 failed_reason=stale-ambient-backlog last_error="Discord ambient message amb-04 on channel:<gated> is 3290988ms old (limit 900000ms); suppressing stale backlog before dispatch."}
+ 25594ms [sqlite]   {amb-05 status=failed attempts=0 failed_reason=stale-ambient-backlog last_error="Discord ambient message amb-05 on channel:<gated> is 3170988ms old (limit 900000ms); suppressing stale backlog before dispatch."}
+ 25594ms [sqlite]   {amb-06 status=failed attempts=0 failed_reason=stale-ambient-backlog last_error="Discord ambient message amb-06 on channel:<gated> is 3050988ms old (limit 900000ms); suppressing stale backlog before dispatch."}
+ 25594ms [sqlite]   {amb-07 status=failed attempts=0 failed_reason=stale-ambient-backlog last_error="Discord ambient message amb-07 on channel:<gated> is 2930988ms old (limit 900000ms); suppressing stale backlog before dispatch."}
+ 25594ms [sqlite]   {amb-08 status=failed attempts=0 failed_reason=stale-ambient-backlog last_error="Discord ambient message amb-08 on channel:<gated> is 2810988ms old (limit 900000ms); suppressing stale backlog before dispatch."}
+ 25594ms [sqlite]   {helper-2 status=completed attempts=0 failed_reason=null last_error=null}
+ 25594ms [sqlite]   {amb-09 status=failed attempts=0 failed_reason=stale-ambient-backlog last_error="Discord ambient message amb-09 on channel:<gated> is 2690988ms old (limit 900000ms); suppressing stale backlog before dispatch."}
+ 25594ms [sqlite]   {amb-10 status=failed attempts=0 failed_reason=stale-ambient-backlog last_error="Discord ambient message amb-10 on channel:<gated> is 2570988ms old (limit 900000ms); suppressing stale backlog before dispatch."}
+ 25594ms [sqlite]   {amb-11 status=failed attempts=0 failed_reason=stale-ambient-backlog last_error="Discord ambient message amb-11 on channel:<gated> is 2450988ms old (limit 900000ms); suppressing stale backlog before dispatch."}
+ 25594ms [sqlite]   {amb-12 status=failed attempts=0 failed_reason=stale-ambient-backlog last_error="Discord ambient message amb-12 on channel:<gated> is 2330988ms old (limit 900000ms); suppressing stale backlog before dispatch."}
+ 25594ms [sqlite]   {amb-13 status=failed attempts=0 failed_reason=stale-ambient-backlog last_error="Discord ambient message amb-13 on channel:<gated> is 2210988ms old (limit 900000ms); suppressing stale backlog before dispatch."}
+ 25594ms [sqlite]   {amb-14 status=failed attempts=0 failed_reason=stale-ambient-backlog last_error="Discord ambient message amb-14 on channel:<gated> is 2090988ms old (limit 900000ms); suppressing stale backlog before dispatch."}
+ 25594ms [sqlite]   {amb-15 status=failed attempts=0 failed_reason=stale-ambient-backlog last_error="Discord ambient message amb-15 on channel:<gated> is 1970988ms old (limit 900000ms); suppressing stale backlog before dispatch."}
+ 25594ms [sqlite]   {amb-16 status=failed attempts=0 failed_reason=stale-ambient-backlog last_error="Discord ambient message amb-16 on channel:<gated> is 1850988ms old (limit 900000ms); suppressing stale backlog before dispatch."}
+ 25594ms [sqlite]   {helper-3 status=completed attempts=0 failed_reason=null last_error=null}
+ 25594ms [sqlite]   {amb-17 status=failed attempts=0 failed_reason=stale-ambient-backlog last_error="Discord ambient message amb-17 on channel:<gated> is 1730988ms old (limit 900000ms); suppressing stale backlog before dispatch."}
+ 25594ms [sqlite]   {amb-18 status=failed attempts=0 failed_reason=stale-ambient-backlog last_error="Discord ambient message amb-18 on channel:<gated> is 1610988ms old (limit 900000ms); suppressing stale backlog before dispatch."}
+ 25594ms [sqlite]   {amb-19 status=failed attempts=0 failed_reason=stale-ambient-backlog last_error="Discord ambient message amb-19 on channel:<gated> is 1490988ms old (limit 900000ms); suppressing stale backlog before dispatch."}
+ 25594ms [sqlite]   {amb-20 status=failed attempts=0 failed_reason=stale-ambient-backlog last_error="Discord ambient message amb-20 on channel:<gated> is 1370988ms old (limit 900000ms); suppressing stale backlog before dispatch."}
+ 25594ms [result] turn order: helper-2 -> helper-3
+ 25594ms [result] REST message fetches by preflight: (none)
+ 25595ms [preflight] 2026-10-06T10:26:29.417Z [discord-preflight] shouldRequireMention=true baseRequireMention=true boundThreadSession=false mentionDecision.shouldSkip=false wasMentioned=true
+ 25595ms [preflight] 2026-10-06T10:26:29.450Z [discord-preflight] shouldRequireMention=true baseRequireMention=true boundThreadSession=false mentionDecision.shouldSkip=false wasMentioned=true
+ 25595ms [result] production preflight decisions: mention-gate pass=2 drop:no-mention=0
+ 25595ms [result] completion order (SQLite): helper-2 -> helper-3
+ 25595ms [result] fresh-mention: completed #0 of 2; turn never
+ 25595ms [verdict] B(edit-decide): edit published=true; helper-1=failed:stale-ambient-backlog/turn=false helper-2=completed/turn=true helper-3=completed/turn=true; ambient failed(stale-ambient-backlog)=20/20 turns=0
### phase B exit=0
