### prefix-fbef / edit-commit / tree fbef5fda32fd284fb6dc8b19f20c6f778c77bf09
### phase A
+    63ms [env] node v26.9.0 phase=A scenario=edit-commit
+    63ms [env] tree sha=fbef5fda32fd284fb6dc8b19f20c6f778c77bf09 dirty=0
+    63ms [env] tree has ingress-stale-policy.ts=true
+    63ms [env] DISCORD_API_URL=http://127.0.0.1:46829/api/v10 (loopback mock) state=<run>/state
+    63ms [clock] T=2026-10-06T10:29:11.574Z now=T+0s
+ 23716ms [discord-rest] GET /api/v10/gateway/bot -> 200
+ 23735ms [startup] fetch-bot-identity:start
+ 23740ms [discord-gateway] client connected /?v=10&encoding=json
+ 23742ms [discord-rest] GET /api/v10/users/%40me -> 200
+ 23743ms [discord-gateway] IDENTIFY intents=46601 token=<redacted>
+ 23743ms [discord-gateway] -> READY (guild <guild> unavailable)
+ 23743ms [discord-gateway] -> GUILD_CREATE <guild> (1 channels)
+ 23745ms [startup] fetch-bot-identity:done botUserId=<bot> botUserName=proofbot
+ 23747ms [drain] start() suppressed: drain wedged for the outage
+ 23748ms [startup] composition up: botUserId=<bot> (from GET /users/@me)
+ 23750ms [discord-gateway] client op 3
+ 23768ms [gateway] registered=true connected=true hydrating(<guild>)=false inventory[<gated>]={"type":0,"name":"general","guildId":"<guild>"}
+ 23769ms [discord-gateway] -> MESSAGE_CREATE helper-1 sentAt=T-62min mentions=0
+ 23769ms [discord-gateway] -> MESSAGE_CREATE amb-01 sentAt=T-60min mentions=0
+ 23769ms [discord-gateway] -> MESSAGE_CREATE amb-02 sentAt=T-58min mentions=0
+ 23769ms [discord-gateway] -> MESSAGE_CREATE amb-03 sentAt=T-56min mentions=0
+ 23769ms [discord-gateway] -> MESSAGE_CREATE amb-04 sentAt=T-54min mentions=0
+ 23769ms [discord-gateway] -> MESSAGE_CREATE amb-05 sentAt=T-52min mentions=0
+ 23769ms [discord-gateway] -> MESSAGE_CREATE amb-06 sentAt=T-50min mentions=0
+ 23769ms [discord-gateway] -> MESSAGE_CREATE amb-07 sentAt=T-48min mentions=0
+ 23769ms [discord-gateway] -> MESSAGE_CREATE amb-08 sentAt=T-46min mentions=0
+ 23769ms [discord-gateway] -> MESSAGE_CREATE helper-2 sentAt=T-45min mentions=0
+ 23769ms [discord-gateway] -> MESSAGE_CREATE amb-09 sentAt=T-44min mentions=0
+ 23769ms [discord-gateway] -> MESSAGE_CREATE amb-10 sentAt=T-42min mentions=0
+ 23769ms [discord-gateway] -> MESSAGE_CREATE amb-11 sentAt=T-40min mentions=0
+ 23769ms [discord-gateway] -> MESSAGE_CREATE amb-12 sentAt=T-38min mentions=0
+ 23769ms [discord-gateway] -> MESSAGE_CREATE amb-13 sentAt=T-36min mentions=0
+ 23769ms [discord-gateway] -> MESSAGE_CREATE amb-14 sentAt=T-34min mentions=0
+ 23769ms [discord-gateway] -> MESSAGE_CREATE amb-15 sentAt=T-32min mentions=0
+ 23770ms [discord-gateway] -> MESSAGE_CREATE amb-16 sentAt=T-30min mentions=0
+ 23770ms [discord-gateway] -> MESSAGE_CREATE helper-3 sentAt=T-29min mentions=0
+ 23770ms [discord-gateway] -> MESSAGE_CREATE amb-17 sentAt=T-28min mentions=0
+ 23770ms [discord-gateway] -> MESSAGE_CREATE amb-18 sentAt=T-26min mentions=0
+ 23770ms [discord-gateway] -> MESSAGE_CREATE amb-19 sentAt=T-24min mentions=0
+ 23770ms [discord-gateway] -> MESSAGE_CREATE amb-20 sentAt=T-22min mentions=0
+ 28178ms [sqlite] end of A (outage): durable backlog admitted over the gateway, drain wedged: 23 rows {"pending":23}
+ 28178ms [sqlite]   {helper-1 status=pending attempts=0 failed_reason=null last_error=null}
+ 28178ms [sqlite]   {amb-01 status=pending attempts=0 failed_reason=null last_error=null}
+ 28178ms [sqlite]   {amb-02 status=pending attempts=0 failed_reason=null last_error=null}
+ 28178ms [sqlite]   {amb-03 status=pending attempts=0 failed_reason=null last_error=null}
+ 28178ms [sqlite]   {amb-04 status=pending attempts=0 failed_reason=null last_error=null}
+ 28178ms [sqlite]   {amb-05 status=pending attempts=0 failed_reason=null last_error=null}
+ 28178ms [sqlite]   {amb-06 status=pending attempts=0 failed_reason=null last_error=null}
+ 28178ms [sqlite]   {amb-07 status=pending attempts=0 failed_reason=null last_error=null}
+ 28178ms [sqlite]   {amb-08 status=pending attempts=0 failed_reason=null last_error=null}
+ 28178ms [sqlite]   {helper-2 status=pending attempts=0 failed_reason=null last_error=null}
+ 28178ms [sqlite]   {amb-09 status=pending attempts=0 failed_reason=null last_error=null}
+ 28178ms [sqlite]   {amb-10 status=pending attempts=0 failed_reason=null last_error=null}
+ 28178ms [sqlite]   {amb-11 status=pending attempts=0 failed_reason=null last_error=null}
+ 28178ms [sqlite]   {amb-12 status=pending attempts=0 failed_reason=null last_error=null}
+ 28178ms [sqlite]   {amb-13 status=pending attempts=0 failed_reason=null last_error=null}
+ 28178ms [sqlite]   {amb-14 status=pending attempts=0 failed_reason=null last_error=null}
+ 28178ms [sqlite]   {amb-15 status=pending attempts=0 failed_reason=null last_error=null}
+ 28178ms [sqlite]   {amb-16 status=pending attempts=0 failed_reason=null last_error=null}
+ 28179ms [sqlite]   {helper-3 status=pending attempts=0 failed_reason=null last_error=null}
+ 28179ms [sqlite]   {amb-17 status=pending attempts=0 failed_reason=null last_error=null}
+ 28179ms [sqlite]   {amb-18 status=pending attempts=0 failed_reason=null last_error=null}
+ 28179ms [sqlite]   {amb-19 status=pending attempts=0 failed_reason=null last_error=null}
+ 28179ms [sqlite]   {amb-20 status=pending attempts=0 failed_reason=null last_error=null}
+ 28180ms [verdict] A: 23/23 rows pending
### phase A exit=0
### phase B
+    63ms [env] node v26.9.0 phase=B scenario=edit-commit
+    64ms [env] tree sha=fbef5fda32fd284fb6dc8b19f20c6f778c77bf09 dirty=0
+    64ms [env] tree has ingress-stale-policy.ts=true
+    64ms [env] DISCORD_API_URL=http://127.0.0.1:43849/api/v10 (loopback mock) state=<run>/state
+    64ms [clock] T=2026-10-06T10:29:11.574Z now=T+28s
+ 20928ms [discord-rest] GET /api/v10/gateway/bot -> 200
+ 20946ms [startup] fetch-bot-identity:start
+ 20951ms [discord-gateway] client connected /?v=10&encoding=json
+ 20953ms [discord-rest] GET /api/v10/users/%40me -> 200
+ 20953ms [discord-gateway] IDENTIFY intents=46601 token=<redacted>
+ 20953ms [discord-gateway] -> READY (guild <guild> unavailable)
+ 20953ms [discord-gateway] -> GUILD_CREATE <guild> (1 channels)
+ 20955ms [startup] fetch-bot-identity:done botUserId=<bot> botUserName=proofbot
+ 20958ms [startup] composition up: botUserId=<bot> (from GET /users/@me)
+ 20965ms [discord-gateway] client op 3
+ 20981ms [gateway] registered=true connected=true hydrating(<guild>)=false inventory[<gated>]={"type":0,"name":"general","guildId":"<guild>"}
+ 20982ms [sqlite] at recovery start (rows persisted by phase A): 23 rows {"pending":23}
+ 20982ms [sqlite]   {helper-1 status=pending attempts=0 failed_reason=null last_error=null}
+ 20982ms [sqlite]   {amb-01 status=pending attempts=0 failed_reason=null last_error=null}
+ 20982ms [sqlite]   {amb-02 status=pending attempts=0 failed_reason=null last_error=null}
+ 20982ms [sqlite]   {amb-03 status=pending attempts=0 failed_reason=null last_error=null}
+ 20982ms [sqlite]   {amb-04 status=pending attempts=0 failed_reason=null last_error=null}
+ 20982ms [sqlite]   {amb-05 status=pending attempts=0 failed_reason=null last_error=null}
+ 20982ms [sqlite]   {amb-06 status=pending attempts=0 failed_reason=null last_error=null}
+ 20982ms [sqlite]   {amb-07 status=pending attempts=0 failed_reason=null last_error=null}
+ 20983ms [sqlite]   {amb-08 status=pending attempts=0 failed_reason=null last_error=null}
+ 20983ms [sqlite]   {helper-2 status=pending attempts=0 failed_reason=null last_error=null}
+ 20983ms [sqlite]   {amb-09 status=pending attempts=0 failed_reason=null last_error=null}
+ 20983ms [sqlite]   {amb-10 status=pending attempts=0 failed_reason=null last_error=null}
+ 20983ms [sqlite]   {amb-11 status=pending attempts=0 failed_reason=null last_error=null}
+ 20983ms [sqlite]   {amb-12 status=pending attempts=0 failed_reason=null last_error=null}
+ 20983ms [sqlite]   {amb-13 status=pending attempts=0 failed_reason=null last_error=null}
+ 20983ms [sqlite]   {amb-14 status=pending attempts=0 failed_reason=null last_error=null}
+ 20983ms [sqlite]   {amb-15 status=pending attempts=0 failed_reason=null last_error=null}
+ 20983ms [sqlite]   {amb-16 status=pending attempts=0 failed_reason=null last_error=null}
+ 20983ms [sqlite]   {helper-3 status=pending attempts=0 failed_reason=null last_error=null}
+ 20983ms [sqlite]   {amb-17 status=pending attempts=0 failed_reason=null last_error=null}
+ 20983ms [sqlite]   {amb-18 status=pending attempts=0 failed_reason=null last_error=null}
+ 20983ms [sqlite]   {amb-19 status=pending attempts=0 failed_reason=null last_error=null}
+ 20983ms [sqlite]   {amb-20 status=pending attempts=0 failed_reason=null last_error=null}
+ 21086ms [queue] rows=23 open=23 failed=0 completed=0 turns=0
+ 27636ms [config] EDIT published after the stale policy returned fail(helper-1), before the fail commit: messages.groupChat.mentionPatterns=["\\bhelper\\b"]
+ 27653ms [queue] fail(helper-1, reason=stale-ambient-backlog) -> committed
+ 27656ms [queue] fail(amb-01, reason=stale-ambient-backlog) -> committed
+ 27659ms [queue] fail(amb-02, reason=stale-ambient-backlog) -> committed
+ 27661ms [queue] fail(amb-03, reason=stale-ambient-backlog) -> committed
+ 27662ms [queue] fail(amb-04, reason=stale-ambient-backlog) -> committed
+ 27664ms [queue] fail(amb-05, reason=stale-ambient-backlog) -> committed
+ 27666ms [queue] fail(amb-06, reason=stale-ambient-backlog) -> committed
+ 27668ms [queue] fail(amb-07, reason=stale-ambient-backlog) -> committed
+ 27669ms [queue] fail(amb-08, reason=stale-ambient-backlog) -> committed
+ 27671ms [queue] fail(amb-09, reason=stale-ambient-backlog) -> committed
+ 27673ms [queue] fail(amb-10, reason=stale-ambient-backlog) -> committed
+ 27674ms [queue] fail(amb-11, reason=stale-ambient-backlog) -> committed
+ 27676ms [queue] fail(amb-12, reason=stale-ambient-backlog) -> committed
+ 27677ms [queue] fail(amb-13, reason=stale-ambient-backlog) -> committed
+ 27679ms [queue] fail(amb-14, reason=stale-ambient-backlog) -> committed
+ 27680ms [queue] fail(amb-15, reason=stale-ambient-backlog) -> committed
+ 27682ms [queue] fail(amb-16, reason=stale-ambient-backlog) -> committed
+ 27683ms [queue] fail(amb-17, reason=stale-ambient-backlog) -> committed
+ 27684ms [queue] fail(amb-18, reason=stale-ambient-backlog) -> committed
+ 27686ms [queue] fail(amb-19, reason=stale-ambient-backlog) -> committed
+ 27687ms [queue] fail(amb-20, reason=stale-ambient-backlog) -> committed
+ 27757ms [queue] rows=23 open=2 failed=21 completed=0 turns=0
+ 27758ms [discord-rest] GET /api/v10/channels/<gated> -> 200
+ 27915ms [turn] #1 helper-2 admitted by production preflight (wasMentioned=true effectiveWasMentioned=true inboundEventKind=user_request sender=<human-2>)
+ 27918ms [queue] rows=23 open=2 failed=21 completed=0 turns=1
+ 27923ms [discord-rest] GET /api/v10/guilds/<guild> -> 200
+ 27924ms [turn] #1 helper-2 adopted (stand-in turn; no model)
+ 27940ms [turn] #2 helper-3 admitted by production preflight (wasMentioned=true effectiveWasMentioned=true inboundEventKind=user_request sender=<human-2>)
+ 27943ms [turn] #2 helper-3 adopted (stand-in turn; no model)
+ 28020ms [queue] rows=23 open=0 failed=21 completed=2 turns=2
+ 28021ms [sqlite] end of B (edit-commit): 23 rows {"failed:stale-ambient-backlog":21,"completed":2}
+ 28021ms [sqlite]   {helper-1 status=failed attempts=0 failed_reason=stale-ambient-backlog last_error="Discord ambient message helper-1 on channel:<gated> is 3776040ms old (limit 900000ms); suppressing stale backlog before dispatch."}
+ 28021ms [sqlite]   {amb-01 status=failed attempts=0 failed_reason=stale-ambient-backlog last_error="Discord ambient message amb-01 on channel:<gated> is 3656040ms old (limit 900000ms); suppressing stale backlog before dispatch."}
+ 28021ms [sqlite]   {amb-02 status=failed attempts=0 failed_reason=stale-ambient-backlog last_error="Discord ambient message amb-02 on channel:<gated> is 3536040ms old (limit 900000ms); suppressing stale backlog before dispatch."}
+ 28021ms [sqlite]   {amb-03 status=failed attempts=0 failed_reason=stale-ambient-backlog last_error="Discord ambient message amb-03 on channel:<gated> is 3416040ms old (limit 900000ms); suppressing stale backlog before dispatch."}
+ 28021ms [sqlite]   {amb-04 status=failed attempts=0 failed_reason=stale-ambient-backlog last_error="Discord ambient message amb-04 on channel:<gated> is 3296040ms old (limit 900000ms); suppressing stale backlog before dispatch."}
+ 28021ms [sqlite]   {amb-05 status=failed attempts=0 failed_reason=stale-ambient-backlog last_error="Discord ambient message amb-05 on channel:<gated> is 3176040ms old (limit 900000ms); suppressing stale backlog before dispatch."}
+ 28021ms [sqlite]   {amb-06 status=failed attempts=0 failed_reason=stale-ambient-backlog last_error="Discord ambient message amb-06 on channel:<gated> is 3056040ms old (limit 900000ms); suppressing stale backlog before dispatch."}
+ 28021ms [sqlite]   {amb-07 status=failed attempts=0 failed_reason=stale-ambient-backlog last_error="Discord ambient message amb-07 on channel:<gated> is 2936040ms old (limit 900000ms); suppressing stale backlog before dispatch."}
+ 28022ms [sqlite]   {amb-08 status=failed attempts=0 failed_reason=stale-ambient-backlog last_error="Discord ambient message amb-08 on channel:<gated> is 2816040ms old (limit 900000ms); suppressing stale backlog before dispatch."}
+ 28022ms [sqlite]   {helper-2 status=completed attempts=0 failed_reason=null last_error=null}
+ 28022ms [sqlite]   {amb-09 status=failed attempts=0 failed_reason=stale-ambient-backlog last_error="Discord ambient message amb-09 on channel:<gated> is 2696040ms old (limit 900000ms); suppressing stale backlog before dispatch."}
+ 28022ms [sqlite]   {amb-10 status=failed attempts=0 failed_reason=stale-ambient-backlog last_error="Discord ambient message amb-10 on channel:<gated> is 2576040ms old (limit 900000ms); suppressing stale backlog before dispatch."}
+ 28022ms [sqlite]   {amb-11 status=failed attempts=0 failed_reason=stale-ambient-backlog last_error="Discord ambient message amb-11 on channel:<gated> is 2456040ms old (limit 900000ms); suppressing stale backlog before dispatch."}
+ 28022ms [sqlite]   {amb-12 status=failed attempts=0 failed_reason=stale-ambient-backlog last_error="Discord ambient message amb-12 on channel:<gated> is 2336040ms old (limit 900000ms); suppressing stale backlog before dispatch."}
+ 28022ms [sqlite]   {amb-13 status=failed attempts=0 failed_reason=stale-ambient-backlog last_error="Discord ambient message amb-13 on channel:<gated> is 2216040ms old (limit 900000ms); suppressing stale backlog before dispatch."}
+ 28022ms [sqlite]   {amb-14 status=failed attempts=0 failed_reason=stale-ambient-backlog last_error="Discord ambient message amb-14 on channel:<gated> is 2096040ms old (limit 900000ms); suppressing stale backlog before dispatch."}
+ 28022ms [sqlite]   {amb-15 status=failed attempts=0 failed_reason=stale-ambient-backlog last_error="Discord ambient message amb-15 on channel:<gated> is 1976040ms old (limit 900000ms); suppressing stale backlog before dispatch."}
+ 28022ms [sqlite]   {amb-16 status=failed attempts=0 failed_reason=stale-ambient-backlog last_error="Discord ambient message amb-16 on channel:<gated> is 1856040ms old (limit 900000ms); suppressing stale backlog before dispatch."}
+ 28022ms [sqlite]   {helper-3 status=completed attempts=0 failed_reason=null last_error=null}
+ 28022ms [sqlite]   {amb-17 status=failed attempts=0 failed_reason=stale-ambient-backlog last_error="Discord ambient message amb-17 on channel:<gated> is 1736040ms old (limit 900000ms); suppressing stale backlog before dispatch."}
+ 28022ms [sqlite]   {amb-18 status=failed attempts=0 failed_reason=stale-ambient-backlog last_error="Discord ambient message amb-18 on channel:<gated> is 1616040ms old (limit 900000ms); suppressing stale backlog before dispatch."}
+ 28022ms [sqlite]   {amb-19 status=failed attempts=0 failed_reason=stale-ambient-backlog last_error="Discord ambient message amb-19 on channel:<gated> is 1496040ms old (limit 900000ms); suppressing stale backlog before dispatch."}
+ 28022ms [sqlite]   {amb-20 status=failed attempts=0 failed_reason=stale-ambient-backlog last_error="Discord ambient message amb-20 on channel:<gated> is 1376040ms old (limit 900000ms); suppressing stale backlog before dispatch."}
+ 28022ms [result] turn order: helper-2 -> helper-3
+ 28022ms [result] REST message fetches by preflight: (none)
+ 28022ms [preflight] 2026-10-06T10:30:07.887Z [discord-preflight] shouldRequireMention=true baseRequireMention=true boundThreadSession=false mentionDecision.shouldSkip=false wasMentioned=true
+ 28022ms [preflight] 2026-10-06T10:30:07.920Z [discord-preflight] shouldRequireMention=true baseRequireMention=true boundThreadSession=false mentionDecision.shouldSkip=false wasMentioned=true
+ 28022ms [result] production preflight decisions: mention-gate pass=2 drop:no-mention=0
+ 28022ms [result] completion order (SQLite): helper-2 -> helper-3
+ 28022ms [result] fresh-mention: completed #0 of 2; turn never
+ 28022ms [verdict] B(edit-commit): edit published=true; helper-1=failed:stale-ambient-backlog/turn=false helper-2=completed/turn=true helper-3=completed/turn=true; ambient failed(stale-ambient-backlog)=20/20 turns=0
### phase B exit=0
