
         /\      Grafana   /‾‾/  
    /\  /  \     |\  __   /  /   
   /  \/    \    | |/ /  /   ‾‾\ 
  /          \   |   (  |  (‾)  |
 / __________ \  |_|\_\  \_____/ 


     execution: local
        script: scenarios/r-cd-silent.js
        output: -

     scenarios: (100.00%) 1 scenario, 1 max VUs, 4m0s max duration (incl. graceful stop):
              * r_cd_silent: 1 iterations shared among 1 VUs (maxDuration: 3m30s, gracefulStop: 30s)

time="2026-08-04T22:56:38-07:00" level=info msg="✓ disposable session created: <redacted-session-key>" source=console

running (0m01.0s), 1/1 VUs, 0 complete and 0 interrupted iterations
r_cd_silent   [   0% ] 1 VUs  0m01.0s/3m30s  0/1 shared iters
time="2026-08-04T22:56:39-07:00" level=info msg="✓ dispatch sessions.send accepted for mode=silent" source=console

running (0m02.0s), 1/1 VUs, 0 complete and 0 interrupted iterations
r_cd_silent   [   0% ] 1 VUs  0m02.0s/3m30s  0/1 shared iters

running (0m03.0s), 1/1 VUs, 0 complete and 0 interrupted iterations
r_cd_silent   [   0% ] 1 VUs  0m03.0s/3m30s  0/1 shared iters

running (0m04.0s), 1/1 VUs, 0 complete and 0 interrupted iterations
r_cd_silent   [   0% ] 1 VUs  0m04.0s/3m30s  0/1 shared iters

running (0m05.0s), 1/1 VUs, 0 complete and 0 interrupted iterations
r_cd_silent   [   0% ] 1 VUs  0m05.0s/3m30s  0/1 shared iters

running (0m06.0s), 1/1 VUs, 0 complete and 0 interrupted iterations
r_cd_silent   [   0% ] 1 VUs  0m06.0s/3m30s  0/1 shared iters

running (0m07.0s), 1/1 VUs, 0 complete and 0 interrupted iterations
r_cd_silent   [   0% ] 1 VUs  0m07.0s/3m30s  0/1 shared iters

running (0m08.0s), 1/1 VUs, 0 complete and 0 interrupted iterations
r_cd_silent   [   0% ] 1 VUs  0m08.0s/3m30s  0/1 shared iters

running (0m09.0s), 1/1 VUs, 0 complete and 0 interrupted iterations
r_cd_silent   [   0% ] 1 VUs  0m09.0s/3m30s  0/1 shared iters

running (0m10.0s), 1/1 VUs, 0 complete and 0 interrupted iterations
r_cd_silent   [   0% ] 1 VUs  0m10.0s/3m30s  0/1 shared iters

running (0m11.0s), 1/1 VUs, 0 complete and 0 interrupted iterations
r_cd_silent   [   0% ] 1 VUs  0m11.0s/3m30s  0/1 shared iters

running (0m12.0s), 1/1 VUs, 0 complete and 0 interrupted iterations
r_cd_silent   [   0% ] 1 VUs  0m12.0s/3m30s  0/1 shared iters

running (0m13.0s), 1/1 VUs, 0 complete and 0 interrupted iterations
r_cd_silent   [   0% ] 1 VUs  0m13.0s/3m30s  0/1 shared iters

running (0m14.0s), 1/1 VUs, 0 complete and 0 interrupted iterations
r_cd_silent   [   0% ] 1 VUs  0m14.0s/3m30s  0/1 shared iters

running (0m15.0s), 1/1 VUs, 0 complete and 0 interrupted iterations
r_cd_silent   [   0% ] 1 VUs  0m15.0s/3m30s  0/1 shared iters
time="2026-08-04T22:56:52-07:00" level=info msg="✓ scheduled sentinel observed" source=console
time="2026-08-04T22:56:52-07:00" level=info msg="✓ scheduled sentinel observed" source=console
time="2026-08-04T22:56:52-07:00" level=info msg="✓ scheduled sentinel observed" source=console
time="2026-08-04T22:56:52-07:00" level=info msg="✓ scheduled sentinel observed" source=console
time="2026-08-04T22:56:52-07:00" level=info msg="✓ scheduled sentinel observed" source=console

running (0m16.0s), 1/1 VUs, 0 complete and 0 interrupted iterations
r_cd_silent   [   0% ] 1 VUs  0m16.0s/3m30s  0/1 shared iters

running (0m17.0s), 1/1 VUs, 0 complete and 0 interrupted iterations
r_cd_silent   [   0% ] 1 VUs  0m17.0s/3m30s  0/1 shared iters

running (0m18.0s), 1/1 VUs, 0 complete and 0 interrupted iterations
r_cd_silent   [   0% ] 1 VUs  0m18.0s/3m30s  0/1 shared iters

running (0m19.0s), 1/1 VUs, 0 complete and 0 interrupted iterations
r_cd_silent   [   0% ] 1 VUs  0m19.0s/3m30s  0/1 shared iters

running (0m20.0s), 1/1 VUs, 0 complete and 0 interrupted iterations
r_cd_silent   [   0% ] 1 VUs  0m20.0s/3m30s  0/1 shared iters

running (0m21.0s), 1/1 VUs, 0 complete and 0 interrupted iterations
r_cd_silent   [   0% ] 1 VUs  0m21.0s/3m30s  0/1 shared iters

running (0m22.0s), 1/1 VUs, 0 complete and 0 interrupted iterations
r_cd_silent   [   0% ] 1 VUs  0m22.0s/3m30s  0/1 shared iters

running (0m23.0s), 1/1 VUs, 0 complete and 0 interrupted iterations
r_cd_silent   [   0% ] 1 VUs  0m23.0s/3m30s  0/1 shared iters

running (0m24.0s), 1/1 VUs, 0 complete and 0 interrupted iterations
r_cd_silent   [   0% ] 1 VUs  0m24.0s/3m30s  0/1 shared iters

running (0m25.0s), 1/1 VUs, 0 complete and 0 interrupted iterations
r_cd_silent   [   0% ] 1 VUs  0m25.0s/3m30s  0/1 shared iters
time="2026-08-04T22:57:03-07:00" level=info msg="✓ silent child completion observed on internal stream" source=console

running (0m26.0s), 1/1 VUs, 0 complete and 0 interrupted iterations
r_cd_silent   [   0% ] 1 VUs  0m26.0s/3m30s  0/1 shared iters

running (0m27.0s), 1/1 VUs, 0 complete and 0 interrupted iterations
r_cd_silent   [   0% ] 1 VUs  0m27.0s/3m30s  0/1 shared iters

running (0m28.0s), 1/1 VUs, 0 complete and 0 interrupted iterations
r_cd_silent   [   0% ] 1 VUs  0m28.0s/3m30s  0/1 shared iters

running (0m29.0s), 1/1 VUs, 0 complete and 0 interrupted iterations
r_cd_silent   [   0% ] 1 VUs  0m29.0s/3m30s  0/1 shared iters

running (0m30.0s), 1/1 VUs, 0 complete and 0 interrupted iterations
r_cd_silent   [   0% ] 1 VUs  0m30.0s/3m30s  0/1 shared iters
time="2026-08-04T22:57:08-07:00" level=info msg="✓ follow-up sessions.send accepted" source=console

running (0m31.0s), 1/1 VUs, 0 complete and 0 interrupted iterations
r_cd_silent   [   0% ] 1 VUs  0m31.0s/3m30s  0/1 shared iters

running (0m32.0s), 1/1 VUs, 0 complete and 0 interrupted iterations
r_cd_silent   [   0% ] 1 VUs  0m32.0s/3m30s  0/1 shared iters

running (0m33.0s), 1/1 VUs, 0 complete and 0 interrupted iterations
r_cd_silent   [   0% ] 1 VUs  0m33.0s/3m30s  0/1 shared iters

running (0m34.0s), 1/1 VUs, 0 complete and 0 interrupted iterations
r_cd_silent   [   0% ] 1 VUs  0m34.0s/3m30s  0/1 shared iters

running (0m35.0s), 1/1 VUs, 0 complete and 0 interrupted iterations
r_cd_silent   [   0% ] 1 VUs  0m35.0s/3m30s  0/1 shared iters

running (0m36.0s), 1/1 VUs, 0 complete and 0 interrupted iterations
r_cd_silent   [   0% ] 1 VUs  0m36.0s/3m30s  0/1 shared iters

running (0m37.0s), 1/1 VUs, 0 complete and 0 interrupted iterations
r_cd_silent   [   0% ] 1 VUs  0m37.0s/3m30s  0/1 shared iters

running (0m38.0s), 1/1 VUs, 0 complete and 0 interrupted iterations
r_cd_silent   [   0% ] 1 VUs  0m38.0s/3m30s  0/1 shared iters

running (0m39.0s), 1/1 VUs, 0 complete and 0 interrupted iterations
r_cd_silent   [   0% ] 1 VUs  0m39.0s/3m30s  0/1 shared iters

running (0m40.0s), 1/1 VUs, 0 complete and 0 interrupted iterations
r_cd_silent   [   0% ] 1 VUs  0m40.0s/3m30s  0/1 shared iters

running (0m41.0s), 1/1 VUs, 0 complete and 0 interrupted iterations
r_cd_silent   [   0% ] 1 VUs  0m41.0s/3m30s  0/1 shared iters
time="2026-08-04T22:57:19-07:00" level=info msg="✓ parent reported silent child token from internal context" source=console
time="2026-08-04T22:57:19-07:00" level=info msg="All required R-CD-SILENT evidence gathered, closing early" source=console
PUBLIC_EVIDENCE {"row":"R-CD-SILENT","manifest_loaded":true,"seat":"cael","session_created":true,"candidateSha":"989d20226a2009b47a3a479865f9f2ef39f89a6a","started":"2026-08-05T05:56:37.449Z","dispatch_accepted":true,"scheduled_sentinel":true,"child_completion_observed":true,"followup_accepted":true,"parent_internal_context_observed":true,"no_channel_delivery":true,"child_channel_delivery_observed":false,"dispatch_accepted_at_ms":1785909399061,"followup_sent_at_ms":1785909428008,"trace_id":null,"ended":"2026-08-05T05:57:19.141Z","duration_ms":41692}
time="2026-08-04T22:57:19-07:00" level=info msg="\n[R-CD-SILENT] VERDICT: PASS-candidate" source=console

[R-CD-SILENT] Summary: PASS-candidate | SHA: 989d20226a2009b47a3a479865f9f2ef39f89a6a | Seat: cael

running (0m41.7s), 0/1 VUs, 1 complete and 0 interrupted iterations
r_cd_silent ✓ [ 100% ] 1 VUs  0m41.7s/3m30s  1/1 shared iters
