
         /\      Grafana   /‾‾/
    /\  /  \     |\  __   /  /
   /  \/    \    | |/ /  /   ‾‾\
  /          \   |   (  |  (‾)  |
 / __________ \  |_|\_\  \_____/


     execution: local
        script: scenarios/r-cd-1-typed-delegate.js
        output: -

     scenarios: (100.00%) 1 scenario, 1 max VUs, 3m0s max duration (incl. graceful stop):
              * r_cd_1_typed_delegate: 1 iterations shared among 1 VUs (maxDuration: 2m30s, gracefulStop: 30s)

time="2026-08-02T05:43:48-07:00" level=info msg="✓ disposable session created: <redacted-session-key>" source=console

running (0m01.0s), 1/1 VUs, 0 complete and 0 interrupted iterations
r_cd_1_typed_delegate   [   0% ] 1 VUs  0m01.0s/2m30s  0/1 shared iters
time="2026-08-02T05:43:49-07:00" level=info msg="✓ sessions.send accepted — agent turn triggered (will call continue_delegate)" source=console

running (0m02.0s), 1/1 VUs, 0 complete and 0 interrupted iterations
r_cd_1_typed_delegate   [   0% ] 1 VUs  0m02.0s/2m30s  0/1 shared iters
time="2026-08-02T05:43:49-07:00" level=info msg="ℹ Ignoring harness prompt echo event" source=console

running (0m03.0s), 1/1 VUs, 0 complete and 0 interrupted iterations
r_cd_1_typed_delegate   [   0% ] 1 VUs  0m03.0s/2m30s  0/1 shared iters

running (0m04.0s), 1/1 VUs, 0 complete and 0 interrupted iterations
r_cd_1_typed_delegate   [   0% ] 1 VUs  0m04.0s/2m30s  0/1 shared iters

running (0m05.0s), 1/1 VUs, 0 complete and 0 interrupted iterations
r_cd_1_typed_delegate   [   0% ] 1 VUs  0m05.0s/2m30s  0/1 shared iters

running (0m06.0s), 1/1 VUs, 0 complete and 0 interrupted iterations
r_cd_1_typed_delegate   [   0% ] 1 VUs  0m06.0s/2m30s  0/1 shared iters

running (0m07.0s), 1/1 VUs, 0 complete and 0 interrupted iterations
r_cd_1_typed_delegate   [   0% ] 1 VUs  0m07.0s/2m30s  0/1 shared iters

running (0m08.0s), 1/1 VUs, 0 complete and 0 interrupted iterations
r_cd_1_typed_delegate   [   0% ] 1 VUs  0m08.0s/2m30s  0/1 shared iters

running (0m09.0s), 1/1 VUs, 0 complete and 0 interrupted iterations
r_cd_1_typed_delegate   [   0% ] 1 VUs  0m09.0s/2m30s  0/1 shared iters

running (0m10.0s), 1/1 VUs, 0 complete and 0 interrupted iterations
r_cd_1_typed_delegate   [   0% ] 1 VUs  0m10.0s/2m30s  0/1 shared iters
time="2026-08-02T05:43:58-07:00" level=info msg="ℹ Ignored delegate return-like event before delayed wake gate" source=console
time="2026-08-02T05:43:58-07:00" level=info msg="ℹ Ignored delegate return-like event before delayed wake gate" source=console

running (0m11.0s), 1/1 VUs, 0 complete and 0 interrupted iterations
r_cd_1_typed_delegate   [   0% ] 1 VUs  0m11.0s/2m30s  0/1 shared iters

running (0m12.0s), 1/1 VUs, 0 complete and 0 interrupted iterations
r_cd_1_typed_delegate   [   0% ] 1 VUs  0m12.0s/2m30s  0/1 shared iters

running (0m13.0s), 1/1 VUs, 0 complete and 0 interrupted iterations
r_cd_1_typed_delegate   [   0% ] 1 VUs  0m13.0s/2m30s  0/1 shared iters

running (0m14.0s), 1/1 VUs, 0 complete and 0 interrupted iterations
r_cd_1_typed_delegate   [   0% ] 1 VUs  0m14.0s/2m30s  0/1 shared iters
time="2026-08-02T05:44:02-07:00" level=info msg="✓ CD1-DELEGATE-SCHEDULED sentinel observed post-dispatch: agent" source=console
time="2026-08-02T05:44:02-07:00" level=info msg="✓ CD1-DELEGATE-SCHEDULED sentinel observed post-dispatch: agent" source=console
time="2026-08-02T05:44:02-07:00" level=info msg="✓ CD1-DELEGATE-SCHEDULED sentinel observed post-dispatch: agent" source=console
time="2026-08-02T05:44:02-07:00" level=info msg="ℹ Ignored delegate return-like event before delayed wake gate" source=console
time="2026-08-02T05:44:02-07:00" level=info msg="✓ CD1-DELEGATE-SCHEDULED sentinel observed post-dispatch: session.message" source=console
time="2026-08-02T05:44:02-07:00" level=info msg="✓ CD1-DELEGATE-SCHEDULED sentinel observed post-dispatch: chat" source=console
time="2026-08-02T05:44:02-07:00" level=info msg="✓ CD1-DELEGATE-SCHEDULED sentinel observed post-dispatch: chat" source=console

running (0m15.0s), 1/1 VUs, 0 complete and 0 interrupted iterations
r_cd_1_typed_delegate   [   0% ] 1 VUs  0m15.0s/2m30s  0/1 shared iters

running (0m16.0s), 1/1 VUs, 0 complete and 0 interrupted iterations
r_cd_1_typed_delegate   [   0% ] 1 VUs  0m16.0s/2m30s  0/1 shared iters

running (0m17.0s), 1/1 VUs, 0 complete and 0 interrupted iterations
r_cd_1_typed_delegate   [   0% ] 1 VUs  0m17.0s/2m30s  0/1 shared iters

running (0m18.0s), 1/1 VUs, 0 complete and 0 interrupted iterations
r_cd_1_typed_delegate   [   0% ] 1 VUs  0m18.0s/2m30s  0/1 shared iters

running (0m19.0s), 1/1 VUs, 0 complete and 0 interrupted iterations
r_cd_1_typed_delegate   [   0% ] 1 VUs  0m19.0s/2m30s  0/1 shared iters

running (0m20.0s), 1/1 VUs, 0 complete and 0 interrupted iterations
r_cd_1_typed_delegate   [   0% ] 1 VUs  0m20.0s/2m30s  0/1 shared iters
time="2026-08-02T05:44:08-07:00" level=info msg="✓ CD1-DONE/delegate return evidence observed post-dispatch: agent" source=console
time="2026-08-02T05:44:08-07:00" level=info msg="✓ CD1-DONE/delegate return evidence observed post-dispatch: chat" source=console
time="2026-08-02T05:44:08-07:00" level=info msg="✓ CD1-DONE/delegate return evidence observed post-dispatch: agent" source=console
time="2026-08-02T05:44:08-07:00" level=info msg="✓ CD1-DONE/delegate return evidence observed post-dispatch: agent" source=console

running (0m21.0s), 1/1 VUs, 0 complete and 0 interrupted iterations
r_cd_1_typed_delegate   [   0% ] 1 VUs  0m21.0s/2m30s  0/1 shared iters
time="2026-08-02T05:44:08-07:00" level=info msg="✓ CD1-DONE/delegate return evidence observed post-dispatch: chat" source=console
time="2026-08-02T05:44:08-07:00" level=info msg="✓ CD1-DONE/delegate return evidence observed post-dispatch: task" source=console
time="2026-08-02T05:44:08-07:00" level=info msg="✓ CD1-DONE/delegate return evidence observed post-dispatch: task" source=console

running (0m22.0s), 1/1 VUs, 0 complete and 0 interrupted iterations
r_cd_1_typed_delegate   [   0% ] 1 VUs  0m22.0s/2m30s  0/1 shared iters

running (0m23.0s), 1/1 VUs, 0 complete and 0 interrupted iterations
r_cd_1_typed_delegate   [   0% ] 1 VUs  0m23.0s/2m30s  0/1 shared iters

running (0m24.0s), 1/1 VUs, 0 complete and 0 interrupted iterations
r_cd_1_typed_delegate   [   0% ] 1 VUs  0m24.0s/2m30s  0/1 shared iters

running (0m25.0s), 1/1 VUs, 0 complete and 0 interrupted iterations
r_cd_1_typed_delegate   [   0% ] 1 VUs  0m25.0s/2m30s  0/1 shared iters

running (0m26.0s), 1/1 VUs, 0 complete and 0 interrupted iterations
r_cd_1_typed_delegate   [   0% ] 1 VUs  0m26.0s/2m30s  0/1 shared iters

running (0m27.0s), 1/1 VUs, 0 complete and 0 interrupted iterations
r_cd_1_typed_delegate   [   0% ] 1 VUs  0m27.0s/2m30s  0/1 shared iters
time="2026-08-02T05:44:14-07:00" level=info msg="✓ CD1-DONE/delegate return evidence observed post-dispatch: agent" source=console
time="2026-08-02T05:44:14-07:00" level=info msg="✓ CD1-DONE/delegate return evidence observed post-dispatch: agent" source=console
time="2026-08-02T05:44:14-07:00" level=info msg="✓ CD1-DONE/delegate return evidence observed post-dispatch: agent" source=console
time="2026-08-02T05:44:15-07:00" level=info msg="✓ CD1-DONE/delegate return evidence observed post-dispatch: session.message" source=console
time="2026-08-02T05:44:15-07:00" level=info msg="✓ CD1-DONE/delegate return evidence observed post-dispatch: chat" source=console
time="2026-08-02T05:44:15-07:00" level=info msg="✓ CD1-DONE/delegate return evidence observed post-dispatch: chat" source=console
time="2026-08-02T05:44:15-07:00" level=info msg="✓ CD1-DONE/delegate return evidence observed post-dispatch: task" source=console
time="2026-08-02T05:44:15-07:00" level=info msg="✓ CD1-DONE/delegate return evidence observed post-dispatch: task" source=console

running (0m28.0s), 1/1 VUs, 0 complete and 0 interrupted iterations
r_cd_1_typed_delegate   [   0% ] 1 VUs  0m28.0s/2m30s  0/1 shared iters

running (0m29.0s), 1/1 VUs, 0 complete and 0 interrupted iterations
r_cd_1_typed_delegate   [   0% ] 1 VUs  0m29.0s/2m30s  0/1 shared iters
time="2026-08-02T05:44:17-07:00" level=info msg="Required R-CD-1 receipts and trace-ingest grace gathered, closing" source=console
PUBLIC_EVIDENCE {"row":"R-CD-1","manifest_loaded":true,"seat":"cael","session_created":true,"candidateSha":"cfc5db5fc324eb60e38b968ece49eccca60f31fd","started":"2026-08-02T12:43:47.559Z","tool_invoke_accepted":true,"delegate_scheduled_sentinel":true,"parent_return_event":true,"task_ledger_entry_optional":false,"channel_message_observed":false,"dispatch_accepted_at_ms":1785674629029,"wake_gate_ms":5000,"delegate_scheduled_at_ms":1785674642146,"parent_return_event_at_ms":1785674655262,"trace_collect_after_ms":1785674657146,"reason_hash":"7e5c981d724f23e2","reason_length":139,"delegate_mode":"normal","delegate_delay_ms":1000,"delegate_wake_gate_ms":5000,"prompt_echoes_ignored":3,"trace_id":null,"ended":"2026-08-02T12:44:17.146Z","duration_ms":29587}
time="2026-08-02T05:44:17-07:00" level=info msg="\n[R-CD-1] VERDICT: PASS-candidate" source=console

[R-CD-1] Summary: PASS-candidate | SHA: cfc5db5fc324eb60e38b968ece49eccca60f31fd | Seat: cael

running (0m29.6s), 0/1 VUs, 1 complete and 0 interrupted iterations
r_cd_1_typed_delegate ✓ [ 100% ] 1 VUs  0m29.6s/2m30s  1/1 shared iters
