
         /\      Grafana   /‾‾/  
    /\  /  \     |\  __   /  /   
   /  \/    \    | |/ /  /   ‾‾\ 
  /          \   |   (  |  (‾)  |
 / __________ \  |_|\_\  \_____/ 


     execution: local
        script: scenarios/r-cd-4-target-session-key.js
        output: -

     scenarios: (100.00%) 1 scenario, 1 max VUs, 2m30s max duration (incl. graceful stop):
              * r_cd_4_target_session: 1 iterations shared among 1 VUs (maxDuration: 2m0s, gracefulStop: 30s)


running (0m01.0s), 1/1 VUs, 0 complete and 0 interrupted iterations
r_cd_4_target_session   [   0% ] 1 VUs  0m01.0s/2m0s  0/1 shared iters
time="2026-08-10T06:51:11-07:00" level=info msg="✓ disposable parent session created: <redacted-session-key>" source=console
time="2026-08-10T06:51:12-07:00" level=info msg="✓ disposable target session created: <redacted-session-key>" source=console

running (0m02.0s), 1/1 VUs, 0 complete and 0 interrupted iterations
r_cd_4_target_session   [   0% ] 1 VUs  0m02.0s/2m0s  0/1 shared iters
time="2026-08-10T06:51:13-07:00" level=info msg="✓ sessions.send accepted — agent turn triggered for R-CD-4 (targetSessionKey)" source=console

running (0m03.0s), 1/1 VUs, 0 complete and 0 interrupted iterations
r_cd_4_target_session   [   0% ] 1 VUs  0m03.0s/2m0s  0/1 shared iters

running (0m04.0s), 1/1 VUs, 0 complete and 0 interrupted iterations
r_cd_4_target_session   [   0% ] 1 VUs  0m04.0s/2m0s  0/1 shared iters
time="2026-08-10T06:51:14-07:00" level=info msg="✓ initial pre-gate session.message event observed (dispatching agent turn)" source=console

running (0m05.0s), 1/1 VUs, 0 complete and 0 interrupted iterations
r_cd_4_target_session   [   0% ] 1 VUs  0m05.0s/2m0s  0/1 shared iters

running (0m06.0s), 1/1 VUs, 0 complete and 0 interrupted iterations
r_cd_4_target_session   [   0% ] 1 VUs  0m06.0s/2m0s  0/1 shared iters

running (0m07.0s), 1/1 VUs, 0 complete and 0 interrupted iterations
r_cd_4_target_session   [   0% ] 1 VUs  0m07.0s/2m0s  0/1 shared iters

running (0m08.0s), 1/1 VUs, 0 complete and 0 interrupted iterations
r_cd_4_target_session   [   0% ] 1 VUs  0m08.0s/2m0s  0/1 shared iters

running (0m09.0s), 1/1 VUs, 0 complete and 0 interrupted iterations
r_cd_4_target_session   [   0% ] 1 VUs  0m09.0s/2m0s  0/1 shared iters

running (0m10.0s), 1/1 VUs, 0 complete and 0 interrupted iterations
r_cd_4_target_session   [   0% ] 1 VUs  0m10.0s/2m0s  0/1 shared iters

running (0m11.0s), 1/1 VUs, 0 complete and 0 interrupted iterations
r_cd_4_target_session   [   0% ] 1 VUs  0m11.0s/2m0s  0/1 shared iters

running (0m12.0s), 1/1 VUs, 0 complete and 0 interrupted iterations
r_cd_4_target_session   [   0% ] 1 VUs  0m12.0s/2m0s  0/1 shared iters

running (0m13.0s), 1/1 VUs, 0 complete and 0 interrupted iterations
r_cd_4_target_session   [   0% ] 1 VUs  0m13.0s/2m0s  0/1 shared iters

running (0m14.0s), 1/1 VUs, 0 complete and 0 interrupted iterations
r_cd_4_target_session   [   0% ] 1 VUs  0m14.0s/2m0s  0/1 shared iters

running (0m15.0s), 1/1 VUs, 0 complete and 0 interrupted iterations
r_cd_4_target_session   [   0% ] 1 VUs  0m15.0s/2m0s  0/1 shared iters

running (0m16.0s), 1/1 VUs, 0 complete and 0 interrupted iterations
r_cd_4_target_session   [   0% ] 1 VUs  0m16.0s/2m0s  0/1 shared iters

running (0m17.0s), 1/1 VUs, 0 complete and 0 interrupted iterations
r_cd_4_target_session   [   0% ] 1 VUs  0m17.0s/2m0s  0/1 shared iters

running (0m18.0s), 1/1 VUs, 0 complete and 0 interrupted iterations
r_cd_4_target_session   [   0% ] 1 VUs  0m18.0s/2m0s  0/1 shared iters

running (0m19.0s), 1/1 VUs, 0 complete and 0 interrupted iterations
r_cd_4_target_session   [   0% ] 1 VUs  0m19.0s/2m0s  0/1 shared iters
time="2026-08-10T06:51:29-07:00" level=info msg="✓ generic post-gate session.message event observed" source=console
time="2026-08-10T06:51:29-07:00" level=info msg="✓ generic post-gate session.message event observed" source=console
time="2026-08-10T06:51:29-07:00" level=info msg="✓ generic post-gate session.message event observed" source=console
time="2026-08-10T06:51:29-07:00" level=info msg="✓ generic post-gate session.message event observed" source=console

running (0m20.0s), 1/1 VUs, 0 complete and 0 interrupted iterations
r_cd_4_target_session   [   0% ] 1 VUs  0m20.0s/2m0s  0/1 shared iters

running (0m21.0s), 1/1 VUs, 0 complete and 0 interrupted iterations
r_cd_4_target_session   [   0% ] 1 VUs  0m21.0s/2m0s  0/1 shared iters

running (0m22.0s), 1/1 VUs, 0 complete and 0 interrupted iterations
r_cd_4_target_session   [   0% ] 1 VUs  0m22.0s/2m0s  0/1 shared iters

running (0m23.0s), 1/1 VUs, 0 complete and 0 interrupted iterations
r_cd_4_target_session   [   0% ] 1 VUs  0m23.0s/2m0s  0/1 shared iters

running (0m24.0s), 1/1 VUs, 0 complete and 0 interrupted iterations
r_cd_4_target_session   [   0% ] 1 VUs  0m24.0s/2m0s  0/1 shared iters

running (0m25.0s), 1/1 VUs, 0 complete and 0 interrupted iterations
r_cd_4_target_session   [   0% ] 1 VUs  0m25.0s/2m0s  0/1 shared iters

running (0m26.0s), 1/1 VUs, 0 complete and 0 interrupted iterations
r_cd_4_target_session   [   0% ] 1 VUs  0m26.0s/2m0s  0/1 shared iters

running (0m27.0s), 1/1 VUs, 0 complete and 0 interrupted iterations
r_cd_4_target_session   [   0% ] 1 VUs  0m27.0s/2m0s  0/1 shared iters

running (0m28.0s), 1/1 VUs, 0 complete and 0 interrupted iterations
r_cd_4_target_session   [   0% ] 1 VUs  0m28.0s/2m0s  0/1 shared iters

running (0m29.0s), 1/1 VUs, 0 complete and 0 interrupted iterations
r_cd_4_target_session   [   0% ] 1 VUs  0m29.0s/2m0s  0/1 shared iters

running (0m30.0s), 1/1 VUs, 0 complete and 0 interrupted iterations
r_cd_4_target_session   [   0% ] 1 VUs  0m30.0s/2m0s  0/1 shared iters

running (0m31.0s), 1/1 VUs, 0 complete and 0 interrupted iterations
r_cd_4_target_session   [   0% ] 1 VUs  0m31.0s/2m0s  0/1 shared iters

running (0m32.0s), 1/1 VUs, 0 complete and 0 interrupted iterations
r_cd_4_target_session   [   0% ] 1 VUs  0m32.0s/2m0s  0/1 shared iters

running (0m33.0s), 1/1 VUs, 0 complete and 0 interrupted iterations
r_cd_4_target_session   [   0% ] 1 VUs  0m33.0s/2m0s  0/1 shared iters

running (0m34.0s), 1/1 VUs, 0 complete and 0 interrupted iterations
r_cd_4_target_session   [   0% ] 1 VUs  0m34.0s/2m0s  0/1 shared iters

running (0m35.0s), 1/1 VUs, 0 complete and 0 interrupted iterations
r_cd_4_target_session   [   0% ] 1 VUs  0m35.0s/2m0s  0/1 shared iters

running (0m36.0s), 1/1 VUs, 0 complete and 0 interrupted iterations
r_cd_4_target_session   [   0% ] 1 VUs  0m36.0s/2m0s  0/1 shared iters

running (0m37.0s), 1/1 VUs, 0 complete and 0 interrupted iterations
r_cd_4_target_session   [   0% ] 1 VUs  0m37.0s/2m0s  0/1 shared iters

running (0m38.0s), 1/1 VUs, 0 complete and 0 interrupted iterations
r_cd_4_target_session   [   0% ] 1 VUs  0m38.0s/2m0s  0/1 shared iters

running (0m39.0s), 1/1 VUs, 0 complete and 0 interrupted iterations
r_cd_4_target_session   [   0% ] 1 VUs  0m39.0s/2m0s  0/1 shared iters

running (0m40.0s), 1/1 VUs, 0 complete and 0 interrupted iterations
r_cd_4_target_session   [   0% ] 1 VUs  0m40.0s/2m0s  0/1 shared iters

running (0m41.0s), 1/1 VUs, 0 complete and 0 interrupted iterations
r_cd_4_target_session   [   0% ] 1 VUs  0m41.0s/2m0s  0/1 shared iters

running (0m42.0s), 1/1 VUs, 0 complete and 0 interrupted iterations
r_cd_4_target_session   [   0% ] 1 VUs  0m42.0s/2m0s  0/1 shared iters

running (0m43.0s), 1/1 VUs, 0 complete and 0 interrupted iterations
r_cd_4_target_session   [   0% ] 1 VUs  0m43.0s/2m0s  0/1 shared iters

running (0m44.0s), 1/1 VUs, 0 complete and 0 interrupted iterations
r_cd_4_target_session   [   0% ] 1 VUs  0m44.0s/2m0s  0/1 shared iters

running (0m45.0s), 1/1 VUs, 0 complete and 0 interrupted iterations
r_cd_4_target_session   [   0% ] 1 VUs  0m45.0s/2m0s  0/1 shared iters

running (0m46.0s), 1/1 VUs, 0 complete and 0 interrupted iterations
r_cd_4_target_session   [   0% ] 1 VUs  0m46.0s/2m0s  0/1 shared iters
time="2026-08-10T06:51:56-07:00" level=info msg="✓ generic post-gate session.message event observed" source=console
time="2026-08-10T06:51:56-07:00" level=info msg="✓ generic post-gate session.message event observed" source=console
time="2026-08-10T06:51:56-07:00" level=info msg="✓ generic post-gate session.message event observed" source=console

running (0m47.0s), 1/1 VUs, 0 complete and 0 interrupted iterations
r_cd_4_target_session   [   0% ] 1 VUs  0m47.0s/2m0s  0/1 shared iters

running (0m48.0s), 1/1 VUs, 0 complete and 0 interrupted iterations
r_cd_4_target_session   [   0% ] 1 VUs  0m48.0s/2m0s  0/1 shared iters

running (0m49.0s), 1/1 VUs, 0 complete and 0 interrupted iterations
r_cd_4_target_session   [   0% ] 1 VUs  0m49.0s/2m0s  0/1 shared iters

running (0m50.0s), 1/1 VUs, 0 complete and 0 interrupted iterations
r_cd_4_target_session   [   0% ] 1 VUs  0m50.0s/2m0s  0/1 shared iters

running (0m51.0s), 1/1 VUs, 0 complete and 0 interrupted iterations
r_cd_4_target_session   [   0% ] 1 VUs  0m51.0s/2m0s  0/1 shared iters
time="2026-08-10T06:52:02-07:00" level=info msg="✓ Child task completed" source=console

running (0m52.0s), 1/1 VUs, 0 complete and 0 interrupted iterations
r_cd_4_target_session   [   0% ] 1 VUs  0m52.0s/2m0s  0/1 shared iters

running (0m53.0s), 1/1 VUs, 0 complete and 0 interrupted iterations
r_cd_4_target_session   [   0% ] 1 VUs  0m53.0s/2m0s  0/1 shared iters

running (0m54.0s), 1/1 VUs, 0 complete and 0 interrupted iterations
r_cd_4_target_session   [   0% ] 1 VUs  0m54.0s/2m0s  0/1 shared iters

running (0m55.0s), 1/1 VUs, 0 complete and 0 interrupted iterations
r_cd_4_target_session   [   0% ] 1 VUs  0m55.0s/2m0s  0/1 shared iters

running (0m56.0s), 1/1 VUs, 0 complete and 0 interrupted iterations
r_cd_4_target_session   [   0% ] 1 VUs  0m56.0s/2m0s  0/1 shared iters

running (0m57.0s), 1/1 VUs, 0 complete and 0 interrupted iterations
r_cd_4_target_session   [   0% ] 1 VUs  0m57.0s/2m0s  0/1 shared iters

running (0m58.0s), 1/1 VUs, 0 complete and 0 interrupted iterations
r_cd_4_target_session   [   0% ] 1 VUs  0m58.0s/2m0s  0/1 shared iters

running (0m59.0s), 1/1 VUs, 0 complete and 0 interrupted iterations
r_cd_4_target_session   [   0% ] 1 VUs  0m59.0s/2m0s  0/1 shared iters

running (1m00.0s), 1/1 VUs, 0 complete and 0 interrupted iterations
r_cd_4_target_session   [   0% ] 1 VUs  1m00.0s/2m0s  0/1 shared iters

running (1m01.0s), 1/1 VUs, 0 complete and 0 interrupted iterations
r_cd_4_target_session   [   0% ] 1 VUs  1m01.0s/2m0s  0/1 shared iters

running (1m02.0s), 1/1 VUs, 0 complete and 0 interrupted iterations
r_cd_4_target_session   [   0% ] 1 VUs  1m02.0s/2m0s  0/1 shared iters

running (1m03.0s), 1/1 VUs, 0 complete and 0 interrupted iterations
r_cd_4_target_session   [   0% ] 1 VUs  1m03.0s/2m0s  0/1 shared iters

running (1m04.0s), 1/1 VUs, 0 complete and 0 interrupted iterations
r_cd_4_target_session   [   0% ] 1 VUs  1m04.0s/2m0s  0/1 shared iters

running (1m05.0s), 1/1 VUs, 0 complete and 0 interrupted iterations
r_cd_4_target_session   [   0% ] 1 VUs  1m05.0s/2m0s  0/1 shared iters

running (1m06.0s), 1/1 VUs, 0 complete and 0 interrupted iterations
r_cd_4_target_session   [   0% ] 1 VUs  1m06.0s/2m0s  0/1 shared iters

running (1m07.0s), 1/1 VUs, 0 complete and 0 interrupted iterations
r_cd_4_target_session   [   0% ] 1 VUs  1m07.0s/2m0s  0/1 shared iters

running (1m08.0s), 1/1 VUs, 0 complete and 0 interrupted iterations
r_cd_4_target_session   [   0% ] 1 VUs  1m08.0s/2m0s  0/1 shared iters

running (1m09.0s), 1/1 VUs, 0 complete and 0 interrupted iterations
r_cd_4_target_session   [   0% ] 1 VUs  1m09.0s/2m0s  0/1 shared iters

running (1m10.0s), 1/1 VUs, 0 complete and 0 interrupted iterations
r_cd_4_target_session   [   0% ] 1 VUs  1m10.0s/2m0s  0/1 shared iters

running (1m11.0s), 1/1 VUs, 0 complete and 0 interrupted iterations
r_cd_4_target_session   [   0% ] 1 VUs  1m11.0s/2m0s  0/1 shared iters

running (1m12.0s), 1/1 VUs, 0 complete and 0 interrupted iterations
r_cd_4_target_session   [   0% ] 1 VUs  1m12.0s/2m0s  0/1 shared iters

running (1m13.0s), 1/1 VUs, 0 complete and 0 interrupted iterations
r_cd_4_target_session   [   0% ] 1 VUs  1m13.0s/2m0s  0/1 shared iters

running (1m14.0s), 1/1 VUs, 0 complete and 0 interrupted iterations
r_cd_4_target_session   [   0% ] 1 VUs  1m14.0s/2m0s  0/1 shared iters

running (1m15.0s), 1/1 VUs, 0 complete and 0 interrupted iterations
r_cd_4_target_session   [   0% ] 1 VUs  1m15.0s/2m0s  0/1 shared iters

running (1m16.0s), 1/1 VUs, 0 complete and 0 interrupted iterations
r_cd_4_target_session   [   0% ] 1 VUs  1m16.0s/2m0s  0/1 shared iters

running (1m17.0s), 1/1 VUs, 0 complete and 0 interrupted iterations
r_cd_4_target_session   [   0% ] 1 VUs  1m17.0s/2m0s  0/1 shared iters

running (1m18.0s), 1/1 VUs, 0 complete and 0 interrupted iterations
r_cd_4_target_session   [   0% ] 1 VUs  1m18.0s/2m0s  0/1 shared iters

running (1m19.0s), 1/1 VUs, 0 complete and 0 interrupted iterations
r_cd_4_target_session   [   0% ] 1 VUs  1m19.0s/2m0s  0/1 shared iters

running (1m20.0s), 1/1 VUs, 0 complete and 0 interrupted iterations
r_cd_4_target_session   [   0% ] 1 VUs  1m20.0s/2m0s  0/1 shared iters

running (1m21.0s), 1/1 VUs, 0 complete and 0 interrupted iterations
r_cd_4_target_session   [   0% ] 1 VUs  1m21.0s/2m0s  0/1 shared iters

running (1m22.0s), 1/1 VUs, 0 complete and 0 interrupted iterations
r_cd_4_target_session   [   0% ] 1 VUs  1m22.0s/2m0s  0/1 shared iters

running (1m23.0s), 1/1 VUs, 0 complete and 0 interrupted iterations
r_cd_4_target_session   [   0% ] 1 VUs  1m23.0s/2m0s  0/1 shared iters

running (1m24.0s), 1/1 VUs, 0 complete and 0 interrupted iterations
r_cd_4_target_session   [   0% ] 1 VUs  1m24.0s/2m0s  0/1 shared iters

running (1m25.0s), 1/1 VUs, 0 complete and 0 interrupted iterations
r_cd_4_target_session   [   0% ] 1 VUs  1m25.0s/2m0s  0/1 shared iters

running (1m26.0s), 1/1 VUs, 0 complete and 0 interrupted iterations
r_cd_4_target_session   [   0% ] 1 VUs  1m26.0s/2m0s  0/1 shared iters

running (1m27.0s), 1/1 VUs, 0 complete and 0 interrupted iterations
r_cd_4_target_session   [   0% ] 1 VUs  1m27.0s/2m0s  0/1 shared iters

running (1m28.0s), 1/1 VUs, 0 complete and 0 interrupted iterations
r_cd_4_target_session   [   0% ] 1 VUs  1m28.0s/2m0s  0/1 shared iters

running (1m29.0s), 1/1 VUs, 0 complete and 0 interrupted iterations
r_cd_4_target_session   [   0% ] 1 VUs  1m29.0s/2m0s  0/1 shared iters

running (1m30.0s), 1/1 VUs, 0 complete and 0 interrupted iterations
r_cd_4_target_session   [   0% ] 1 VUs  1m30.0s/2m0s  0/1 shared iters

running (1m31.0s), 1/1 VUs, 0 complete and 0 interrupted iterations
r_cd_4_target_session   [   0% ] 1 VUs  1m31.0s/2m0s  0/1 shared iters
PUBLIC_EVIDENCE {"row":"R-CD-4","manifest_loaded":true,"task_identity_token":"RCD4:9870322-uwivp7k5","seat":"cael","parent_session_created":true,"target_session_created":true,"candidateSha":"a7ef03177e0f42831a087521e6eb7720102d6be1","started":"2026-08-10T13:51:10.322Z","tool_accepted":true,"agent_turn_observed":true,"child_completed":true,"child_session_candidates":["<redacted-session-key>"],"child_session_ambiguous":false,"child_session_invalid":false,"return_in_target":false,"return_in_parent":false,"target_return_candidate":null,"parent_return_candidate":null,"target_return_receipt":null,"parent_return_receipt":null,"dispatch_accepted_at_ms":1786369873253,"wake_gate_ms":5000,"reason_hash":"7ef6e38be2a80650","reason_length":127,"delegate_mode":"silent-wake","trace_id":null,"ended":"2026-08-10T13:52:42.310Z","duration_ms":91988}
time="2026-08-10T06:52:42-07:00" level=info msg="\n[R-CD-4] VERDICT: PARTIAL-candidate" source=console

[R-CD-4] Summary: PARTIAL-candidate | SHA: a7ef03177e0f42831a087521e6eb7720102d6be1 | Seat: cael

running (1m32.0s), 0/1 VUs, 1 complete and 0 interrupted iterations
r_cd_4_target_session ✓ [ 100% ] 1 VUs  1m32.0s/2m0s  1/1 shared iters
time="2026-08-10T06:52:42-07:00" level=error msg="thresholds on metrics 'proof_failures' have been crossed"
