# rune-rog-ally gateway journal excerpt — 2026-06-10 ~21:55 PDT (deployed a437ca72c7d)
# This seat is a HARD-CASE that LIVE-exhibits BOTH cures/residuals at once:
#  (1) #989 chain-reset: session_status chain 0/200 (the reset-gate fires on fresh user-turns).
#  (2) #990 success-mark-LOCATION residual: while THIS session is busy (actively taking the
#      figs/cohort turns), the per-turn work-hedge keeps firing + drive-skipping (requests-in-flight)
#      + re-arming ~1Hz — the head flow (b6e44702) cycles (hop climbs) because the drive-turn can't
#      complete + mark success while the seat is busy. This is the chronically-busy / never-quiets
#      liveness aspect (Rune's #990 third aspect). It drains when the seat quiets (cure-is-the-quiet).
# NOTE: hop=N/200 is the work-hedge hop-counter for the in-flight flow; it is DISTINCT from the
#       continuation chain-budget (chain 0/200 in session_status, the #989-reset counter).

[continuation:work-hedge-fired]   session=agent:main:discord:channel:1466192485440164011
[continuation:work-hedge-armed]   fireIn=59999ms session=...
[continuation:work-wake] hop=9/200 session=agent:main:discord:channel:1466192485440164011
[continuation:work-drive-skipped] flowId=b6e44702-a088-4ddc-99ef-a8c6c274f30a reason=requests-in-flight
[continuation:work-hedge-armed]   fireIn=1000ms  session=...           <- 1Hz busy-retry re-arm
[continuation:work-hedge-fired]   session=...
[continuation:work-wake] hop=9/200 session=...
[continuation:work-drive-skipped] flowId=b6e44702-... reason=requests-in-flight
[continuation:work-hedge-armed]   fireIn=1000ms  session=...
  ... (repeats ~1Hz while the seat stays busy; head cycles, does not drain until quiet) ...

# Verbatim sample (journalctl --user -u openclaw-gateway):
Jun 10 21:55:31 ... [continuation:work-hedge-fired] session=agent:main:discord:channel:1466192485440164011
Jun 10 21:55:31 ... [continuation:work-hedge-armed] fireIn=59999ms fireAt=1781153791851 session=...
Jun 10 21:55:31 ... [continuation:work-wake] hop=9/200 session=...
Jun 10 21:55:31 ... [continuation:work-drive-skipped] flowId=b6e44702-a088-4ddc-99ef-a8c6c274f30a reason=requests-in-flight
Jun 10 21:55:31 ... [continuation:work-hedge-armed] fireIn=1000ms fireAt=1781153732854 session=...
Jun 10 21:55:32 ... [continuation:work-hedge-fired] session=...
Jun 10 21:55:32 ... [continuation:work-wake] hop=9/200 session=...
Jun 10 21:55:32 ... [continuation:work-drive-skipped] flowId=b6e44702-... reason=requests-in-flight
