==========================================================
Project 81: Seat-Aware k6 Proof Runner
Seat: cael
Target Candidate SHA: 03939273216bc0c08a2df2d768f2f8d6549ca1f2
Artifact root: /home/figs/.local/state/openclaw-proof-runs/03939273216bc0c08a2df2d768f2f8d6549ca1f2-rowwise-20260806T205552Z/R-CD-2
Row selection: R-CD-2
Dry Run: false
==========================================================
Harness execution: handing off to the approved runner in an immutable snapshot.
==========================================================
Project 81: Seat-Aware k6 Proof Runner
Seat: cael
Target Candidate SHA: 03939273216bc0c08a2df2d768f2f8d6549ca1f2
Artifact root: /home/figs/.local/state/openclaw-proof-runs/03939273216bc0c08a2df2d768f2f8d6549ca1f2-rowwise-20260806T205552Z/R-CD-2
Row selection: R-CD-2
Dry Run: false
==========================================================
Approved docs ref: 52941484c258f353a91d783a635ba6c841d1c38a (karmaterminal/karmaterminal-openclaw-docs)
Harness identity: every tracked byte under tools/k6-proofs matches the approved docs ref.
Harness execution: immutable snapshot of the approved tree (runner included).
Running catalog preflight (repository root: tools/k6-proofs resolved once)...
CATALOG PREFLIGHT: /home/figs/.local/state/openclaw-proof-runs/03939273216bc0c08a2df2d768f2f8d6549ca1f2-rowwise-20260806T205552Z/R-CD-2/catalog-preflight.log
Rows: R-CD-2
Harness contract binding: frozen manifest/scenario digests for every selected runnable row.
Resolving session key for selector: main
Deployed Runtime SHA: 03939273216bc0c08a2df2d768f2f8d6549ca1f2
Session configured: true
Running seat-readiness preflight (k6/tooling/gateway/continuation config)...
SEAT READINESS: /home/figs/.local/state/openclaw-proof-runs/03939273216bc0c08a2df2d768f2f8d6549ca1f2-rowwise-20260806T205552Z/R-CD-2/seat-readiness.json
HARNESS PROVENANCE: /home/figs/.local/state/openclaw-proof-runs/03939273216bc0c08a2df2d768f2f8d6549ca1f2-rowwise-20260806T205552Z/R-CD-2/harness-provenance.json
HARNESS PROVENANCE (matrix 20260806T205654Z-52941484c258-28b15436): /home/figs/.local/state/openclaw-proof-runs/03939273216bc0c08a2df2d768f2f8d6549ca1f2-rowwise-20260806T205552Z/R-CD-2/harness-provenance/20260806T205654Z-52941484c258-28b15436.json

----------------------------------------
Row: R-CD-2
Manifest: /tmp/openclaw-k6-harness.jDfpj6/tools/k6-proofs/manifests/r-cd-2.json
Scenario: scenarios/r-cd-2-silent-wake.js
Status: runnable
Live Safety: k6-runnable
[R-CD-2] RUNNING...
./r-cd-2-summary.json
[R-CD-2] CONTINUATION TRACE: /home/figs/.local/state/openclaw-proof-runs/03939273216bc0c08a2df2d768f2f8d6549ca1f2-rowwise-20260806T205552Z/R-CD-2/03939273216bc0c08a2df2d768f2f8d6549ca1f2/R-CD-2/cael/20260806T205657Z-r-cd-2-28b15436/tempo-trace-192dfcbabd3d.json
[R-CD-2] CORRELATION RECEIPT: /home/figs/.local/state/openclaw-proof-runs/03939273216bc0c08a2df2d768f2f8d6549ca1f2-rowwise-20260806T205552Z/R-CD-2/03939273216bc0c08a2df2d768f2f8d6549ca1f2/R-CD-2/cael/20260806T205657Z-r-cd-2-28b15436/continuation-trace-correlation.json
R-CD-2 private k6 acquisition withheld; inspect the authoritative receipt.
[R-CD-2] CANDIDATE REVIEW ENVELOPE: /home/figs/.local/state/openclaw-proof-runs/03939273216bc0c08a2df2d768f2f8d6549ca1f2-rowwise-20260806T205552Z/R-CD-2/03939273216bc0c08a2df2d768f2f8d6549ca1f2/R-CD-2/cael/20260806T205657Z-r-cd-2-28b15436/candidate-run-result.json
[R-CD-2] METRICS: /home/figs/.local/state/openclaw-proof-runs/03939273216bc0c08a2df2d768f2f8d6549ca1f2-rowwise-20260806T205552Z/R-CD-2/03939273216bc0c08a2df2d768f2f8d6549ca1f2/R-CD-2/cael/20260806T205657Z-r-cd-2-28b15436/openclaw-proofs-k6.prom
[R-CD-2] ARTIFACTS: /home/figs/.local/state/openclaw-proof-runs/03939273216bc0c08a2df2d768f2f8d6549ca1f2-rowwise-20260806T205552Z/R-CD-2/03939273216bc0c08a2df2d768f2f8d6549ca1f2/R-CD-2/cael/20260806T205657Z-r-cd-2-28b15436
[R-CD-2] COMPLETED.
Observability check: query Grafana for run/nonce or review Tempo traces if trace ID was emitted.
REPORT: /home/figs/.local/state/openclaw-proof-runs/03939273216bc0c08a2df2d768f2f8d6549ca1f2-rowwise-20260806T205552Z/R-CD-2/report.html

==========================================================
Runner execution finished.
