
         /\      Grafana   /‾‾/  
    /\  /  \     |\  __   /  /   
   /  \/    \    | |/ /  /   ‾‾\ 
  /          \   |   (  |  (‾)  |
 / __________ \  |_|\_\  \_____/ 


     execution: local
        script: scenarios/r-cd-silent.js
        output: -

     scenarios: (100.00%) 1 scenario, 1 max VUs, 4m0s max duration (incl. graceful stop):
              * r_cd_silent: 1 iterations shared among 1 VUs (maxDuration: 3m30s, gracefulStop: 30s)

time="2026-09-02T20:05:01-07:00" level=info msg="✓ disposable session created: <redacted-session-key>" source=console

running (0m01.0s), 1/1 VUs, 0 complete and 0 interrupted iterations
r_cd_silent   [   0% ] 1 VUs  0m01.0s/3m30s  0/1 shared iters
time="2026-09-02T20:05:02-07:00" level=info msg="✓ dispatch sessions.send accepted for mode=silent" source=console

running (0m02.0s), 1/1 VUs, 0 complete and 0 interrupted iterations
r_cd_silent   [   0% ] 1 VUs  0m02.0s/3m30s  0/1 shared iters

running (0m03.0s), 1/1 VUs, 0 complete and 0 interrupted iterations
r_cd_silent   [   0% ] 1 VUs  0m03.0s/3m30s  0/1 shared iters

running (0m04.0s), 1/1 VUs, 0 complete and 0 interrupted iterations
r_cd_silent   [   0% ] 1 VUs  0m04.0s/3m30s  0/1 shared iters

running (0m05.0s), 1/1 VUs, 0 complete and 0 interrupted iterations
r_cd_silent   [   0% ] 1 VUs  0m05.0s/3m30s  0/1 shared iters

running (0m06.0s), 1/1 VUs, 0 complete and 0 interrupted iterations
r_cd_silent   [   0% ] 1 VUs  0m06.0s/3m30s  0/1 shared iters

running (0m07.0s), 1/1 VUs, 0 complete and 0 interrupted iterations
r_cd_silent   [   0% ] 1 VUs  0m07.0s/3m30s  0/1 shared iters

running (0m08.0s), 1/1 VUs, 0 complete and 0 interrupted iterations
r_cd_silent   [   0% ] 1 VUs  0m08.0s/3m30s  0/1 shared iters

running (0m09.0s), 1/1 VUs, 0 complete and 0 interrupted iterations
r_cd_silent   [   0% ] 1 VUs  0m09.0s/3m30s  0/1 shared iters

running (0m10.0s), 1/1 VUs, 0 complete and 0 interrupted iterations
r_cd_silent   [   0% ] 1 VUs  0m10.0s/3m30s  0/1 shared iters

running (0m11.0s), 1/1 VUs, 0 complete and 0 interrupted iterations
r_cd_silent   [   0% ] 1 VUs  0m11.0s/3m30s  0/1 shared iters

running (0m12.0s), 1/1 VUs, 0 complete and 0 interrupted iterations
r_cd_silent   [   0% ] 1 VUs  0m12.0s/3m30s  0/1 shared iters

running (0m13.0s), 1/1 VUs, 0 complete and 0 interrupted iterations
r_cd_silent   [   0% ] 1 VUs  0m13.0s/3m30s  0/1 shared iters

running (0m14.0s), 1/1 VUs, 0 complete and 0 interrupted iterations
r_cd_silent   [   0% ] 1 VUs  0m14.0s/3m30s  0/1 shared iters

running (0m15.0s), 1/1 VUs, 0 complete and 0 interrupted iterations
r_cd_silent   [   0% ] 1 VUs  0m15.0s/3m30s  0/1 shared iters

running (0m16.0s), 1/1 VUs, 0 complete and 0 interrupted iterations
r_cd_silent   [   0% ] 1 VUs  0m16.0s/3m30s  0/1 shared iters

running (0m17.0s), 1/1 VUs, 0 complete and 0 interrupted iterations
r_cd_silent   [   0% ] 1 VUs  0m17.0s/3m30s  0/1 shared iters

running (0m18.0s), 1/1 VUs, 0 complete and 0 interrupted iterations
r_cd_silent   [   0% ] 1 VUs  0m18.0s/3m30s  0/1 shared iters

running (0m19.0s), 1/1 VUs, 0 complete and 0 interrupted iterations
r_cd_silent   [   0% ] 1 VUs  0m19.0s/3m30s  0/1 shared iters

running (0m20.0s), 1/1 VUs, 0 complete and 0 interrupted iterations
r_cd_silent   [   0% ] 1 VUs  0m20.0s/3m30s  0/1 shared iters

running (0m21.0s), 1/1 VUs, 0 complete and 0 interrupted iterations
r_cd_silent   [   0% ] 1 VUs  0m21.0s/3m30s  0/1 shared iters

running (0m22.0s), 1/1 VUs, 0 complete and 0 interrupted iterations
r_cd_silent   [   0% ] 1 VUs  0m22.0s/3m30s  0/1 shared iters

running (0m23.0s), 1/1 VUs, 0 complete and 0 interrupted iterations
r_cd_silent   [   0% ] 1 VUs  0m23.0s/3m30s  0/1 shared iters

running (0m24.0s), 1/1 VUs, 0 complete and 0 interrupted iterations
r_cd_silent   [   0% ] 1 VUs  0m24.0s/3m30s  0/1 shared iters

running (0m25.0s), 1/1 VUs, 0 complete and 0 interrupted iterations
r_cd_silent   [   0% ] 1 VUs  0m25.0s/3m30s  0/1 shared iters

running (0m26.0s), 1/1 VUs, 0 complete and 0 interrupted iterations
r_cd_silent   [   0% ] 1 VUs  0m26.0s/3m30s  0/1 shared iters

running (0m27.0s), 1/1 VUs, 0 complete and 0 interrupted iterations
r_cd_silent   [   0% ] 1 VUs  0m27.0s/3m30s  0/1 shared iters

running (0m28.0s), 1/1 VUs, 0 complete and 0 interrupted iterations
r_cd_silent   [   0% ] 1 VUs  0m28.0s/3m30s  0/1 shared iters

running (0m29.0s), 1/1 VUs, 0 complete and 0 interrupted iterations
r_cd_silent   [   0% ] 1 VUs  0m29.0s/3m30s  0/1 shared iters

running (0m30.0s), 1/1 VUs, 0 complete and 0 interrupted iterations
r_cd_silent   [   0% ] 1 VUs  0m30.0s/3m30s  0/1 shared iters

running (0m31.0s), 1/1 VUs, 0 complete and 0 interrupted iterations
r_cd_silent   [   0% ] 1 VUs  0m31.0s/3m30s  0/1 shared iters

running (0m32.0s), 1/1 VUs, 0 complete and 0 interrupted iterations
r_cd_silent   [   0% ] 1 VUs  0m32.0s/3m30s  0/1 shared iters

running (0m33.0s), 1/1 VUs, 0 complete and 0 interrupted iterations
r_cd_silent   [   0% ] 1 VUs  0m33.0s/3m30s  0/1 shared iters

running (0m34.0s), 1/1 VUs, 0 complete and 0 interrupted iterations
r_cd_silent   [   0% ] 1 VUs  0m34.0s/3m30s  0/1 shared iters

running (0m35.0s), 1/1 VUs, 0 complete and 0 interrupted iterations
r_cd_silent   [   0% ] 1 VUs  0m35.0s/3m30s  0/1 shared iters

running (0m36.0s), 1/1 VUs, 0 complete and 0 interrupted iterations
r_cd_silent   [   0% ] 1 VUs  0m36.0s/3m30s  0/1 shared iters

running (0m37.0s), 1/1 VUs, 0 complete and 0 interrupted iterations
r_cd_silent   [   0% ] 1 VUs  0m37.0s/3m30s  0/1 shared iters

running (0m38.0s), 1/1 VUs, 0 complete and 0 interrupted iterations
r_cd_silent   [   0% ] 1 VUs  0m38.0s/3m30s  0/1 shared iters

running (0m39.0s), 1/1 VUs, 0 complete and 0 interrupted iterations
r_cd_silent   [   0% ] 1 VUs  0m39.0s/3m30s  0/1 shared iters

running (0m40.0s), 1/1 VUs, 0 complete and 0 interrupted iterations
r_cd_silent   [   0% ] 1 VUs  0m40.0s/3m30s  0/1 shared iters

running (0m41.0s), 1/1 VUs, 0 complete and 0 interrupted iterations
r_cd_silent   [   0% ] 1 VUs  0m41.0s/3m30s  0/1 shared iters

running (0m42.0s), 1/1 VUs, 0 complete and 0 interrupted iterations
r_cd_silent   [   0% ] 1 VUs  0m42.0s/3m30s  0/1 shared iters

running (0m43.0s), 1/1 VUs, 0 complete and 0 interrupted iterations
r_cd_silent   [   0% ] 1 VUs  0m43.0s/3m30s  0/1 shared iters

running (0m44.0s), 1/1 VUs, 0 complete and 0 interrupted iterations
r_cd_silent   [   0% ] 1 VUs  0m44.0s/3m30s  0/1 shared iters

running (0m45.0s), 1/1 VUs, 0 complete and 0 interrupted iterations
r_cd_silent   [   0% ] 1 VUs  0m45.0s/3m30s  0/1 shared iters

running (0m46.0s), 1/1 VUs, 0 complete and 0 interrupted iterations
r_cd_silent   [   0% ] 1 VUs  0m46.0s/3m30s  0/1 shared iters

running (0m47.0s), 1/1 VUs, 0 complete and 0 interrupted iterations
r_cd_silent   [   0% ] 1 VUs  0m47.0s/3m30s  0/1 shared iters

running (0m48.0s), 1/1 VUs, 0 complete and 0 interrupted iterations
r_cd_silent   [   0% ] 1 VUs  0m48.0s/3m30s  0/1 shared iters

running (0m49.0s), 1/1 VUs, 0 complete and 0 interrupted iterations
r_cd_silent   [   0% ] 1 VUs  0m49.0s/3m30s  0/1 shared iters

running (0m50.0s), 1/1 VUs, 0 complete and 0 interrupted iterations
r_cd_silent   [   0% ] 1 VUs  0m50.0s/3m30s  0/1 shared iters

running (0m51.0s), 1/1 VUs, 0 complete and 0 interrupted iterations
r_cd_silent   [   0% ] 1 VUs  0m51.0s/3m30s  0/1 shared iters

running (0m52.0s), 1/1 VUs, 0 complete and 0 interrupted iterations
r_cd_silent   [   0% ] 1 VUs  0m52.0s/3m30s  0/1 shared iters

running (0m53.0s), 1/1 VUs, 0 complete and 0 interrupted iterations
r_cd_silent   [   0% ] 1 VUs  0m53.0s/3m30s  0/1 shared iters

running (0m54.0s), 1/1 VUs, 0 complete and 0 interrupted iterations
r_cd_silent   [   0% ] 1 VUs  0m54.0s/3m30s  0/1 shared iters

running (0m55.0s), 1/1 VUs, 0 complete and 0 interrupted iterations
r_cd_silent   [   0% ] 1 VUs  0m55.0s/3m30s  0/1 shared iters

running (0m56.0s), 1/1 VUs, 0 complete and 0 interrupted iterations
r_cd_silent   [   0% ] 1 VUs  0m56.0s/3m30s  0/1 shared iters

running (0m57.0s), 1/1 VUs, 0 complete and 0 interrupted iterations
r_cd_silent   [   0% ] 1 VUs  0m57.0s/3m30s  0/1 shared iters

running (0m58.0s), 1/1 VUs, 0 complete and 0 interrupted iterations
r_cd_silent   [   0% ] 1 VUs  0m58.0s/3m30s  0/1 shared iters

running (0m59.0s), 1/1 VUs, 0 complete and 0 interrupted iterations
r_cd_silent   [   0% ] 1 VUs  0m59.0s/3m30s  0/1 shared iters

running (1m00.0s), 1/1 VUs, 0 complete and 0 interrupted iterations
r_cd_silent   [   0% ] 1 VUs  1m00.0s/3m30s  0/1 shared iters

running (1m01.0s), 1/1 VUs, 0 complete and 0 interrupted iterations
r_cd_silent   [   0% ] 1 VUs  1m01.0s/3m30s  0/1 shared iters

running (1m02.0s), 1/1 VUs, 0 complete and 0 interrupted iterations
r_cd_silent   [   0% ] 1 VUs  1m02.0s/3m30s  0/1 shared iters

running (1m03.0s), 1/1 VUs, 0 complete and 0 interrupted iterations
r_cd_silent   [   0% ] 1 VUs  1m03.0s/3m30s  0/1 shared iters

running (1m04.0s), 1/1 VUs, 0 complete and 0 interrupted iterations
r_cd_silent   [   0% ] 1 VUs  1m04.0s/3m30s  0/1 shared iters

running (1m05.0s), 1/1 VUs, 0 complete and 0 interrupted iterations
r_cd_silent   [   0% ] 1 VUs  1m05.0s/3m30s  0/1 shared iters

running (1m06.0s), 1/1 VUs, 0 complete and 0 interrupted iterations
r_cd_silent   [   0% ] 1 VUs  1m06.0s/3m30s  0/1 shared iters

running (1m07.0s), 1/1 VUs, 0 complete and 0 interrupted iterations
r_cd_silent   [   0% ] 1 VUs  1m07.0s/3m30s  0/1 shared iters

running (1m08.0s), 1/1 VUs, 0 complete and 0 interrupted iterations
r_cd_silent   [   0% ] 1 VUs  1m08.0s/3m30s  0/1 shared iters

running (1m09.0s), 1/1 VUs, 0 complete and 0 interrupted iterations
r_cd_silent   [   0% ] 1 VUs  1m09.0s/3m30s  0/1 shared iters

running (1m10.0s), 1/1 VUs, 0 complete and 0 interrupted iterations
r_cd_silent   [   0% ] 1 VUs  1m10.0s/3m30s  0/1 shared iters

running (1m11.0s), 1/1 VUs, 0 complete and 0 interrupted iterations
r_cd_silent   [   0% ] 1 VUs  1m11.0s/3m30s  0/1 shared iters

running (1m12.0s), 1/1 VUs, 0 complete and 0 interrupted iterations
r_cd_silent   [   0% ] 1 VUs  1m12.0s/3m30s  0/1 shared iters

running (1m13.0s), 1/1 VUs, 0 complete and 0 interrupted iterations
r_cd_silent   [   0% ] 1 VUs  1m13.0s/3m30s  0/1 shared iters

running (1m14.0s), 1/1 VUs, 0 complete and 0 interrupted iterations
r_cd_silent   [   0% ] 1 VUs  1m14.0s/3m30s  0/1 shared iters

running (1m15.0s), 1/1 VUs, 0 complete and 0 interrupted iterations
r_cd_silent   [   0% ] 1 VUs  1m15.0s/3m30s  0/1 shared iters

running (1m16.0s), 1/1 VUs, 0 complete and 0 interrupted iterations
r_cd_silent   [   0% ] 1 VUs  1m16.0s/3m30s  0/1 shared iters

running (1m17.0s), 1/1 VUs, 0 complete and 0 interrupted iterations
r_cd_silent   [   0% ] 1 VUs  1m17.0s/3m30s  0/1 shared iters

running (1m18.0s), 1/1 VUs, 0 complete and 0 interrupted iterations
r_cd_silent   [   0% ] 1 VUs  1m18.0s/3m30s  0/1 shared iters

running (1m19.0s), 1/1 VUs, 0 complete and 0 interrupted iterations
r_cd_silent   [   0% ] 1 VUs  1m19.0s/3m30s  0/1 shared iters

running (1m20.0s), 1/1 VUs, 0 complete and 0 interrupted iterations
r_cd_silent   [   0% ] 1 VUs  1m20.0s/3m30s  0/1 shared iters

running (1m21.0s), 1/1 VUs, 0 complete and 0 interrupted iterations
r_cd_silent   [   0% ] 1 VUs  1m21.0s/3m30s  0/1 shared iters

running (1m22.0s), 1/1 VUs, 0 complete and 0 interrupted iterations
r_cd_silent   [   0% ] 1 VUs  1m22.0s/3m30s  0/1 shared iters

running (1m23.0s), 1/1 VUs, 0 complete and 0 interrupted iterations
r_cd_silent   [   0% ] 1 VUs  1m23.0s/3m30s  0/1 shared iters

running (1m24.0s), 1/1 VUs, 0 complete and 0 interrupted iterations
r_cd_silent   [   0% ] 1 VUs  1m24.0s/3m30s  0/1 shared iters

running (1m25.0s), 1/1 VUs, 0 complete and 0 interrupted iterations
r_cd_silent   [   0% ] 1 VUs  1m25.0s/3m30s  0/1 shared iters

running (1m26.0s), 1/1 VUs, 0 complete and 0 interrupted iterations
r_cd_silent   [   0% ] 1 VUs  1m26.0s/3m30s  0/1 shared iters

running (1m27.0s), 1/1 VUs, 0 complete and 0 interrupted iterations
r_cd_silent   [   0% ] 1 VUs  1m27.0s/3m30s  0/1 shared iters

running (1m28.0s), 1/1 VUs, 0 complete and 0 interrupted iterations
r_cd_silent   [   0% ] 1 VUs  1m28.0s/3m30s  0/1 shared iters

running (1m29.0s), 1/1 VUs, 0 complete and 0 interrupted iterations
r_cd_silent   [   0% ] 1 VUs  1m29.0s/3m30s  0/1 shared iters

running (1m30.0s), 1/1 VUs, 0 complete and 0 interrupted iterations
r_cd_silent   [   0% ] 1 VUs  1m30.0s/3m30s  0/1 shared iters

running (1m31.0s), 1/1 VUs, 0 complete and 0 interrupted iterations
r_cd_silent   [   0% ] 1 VUs  1m31.0s/3m30s  0/1 shared iters

running (1m32.0s), 1/1 VUs, 0 complete and 0 interrupted iterations
r_cd_silent   [   0% ] 1 VUs  1m32.0s/3m30s  0/1 shared iters

running (1m33.0s), 1/1 VUs, 0 complete and 0 interrupted iterations
r_cd_silent   [   0% ] 1 VUs  1m33.0s/3m30s  0/1 shared iters

running (1m34.0s), 1/1 VUs, 0 complete and 0 interrupted iterations
r_cd_silent   [   0% ] 1 VUs  1m34.0s/3m30s  0/1 shared iters

running (1m35.0s), 1/1 VUs, 0 complete and 0 interrupted iterations
r_cd_silent   [   0% ] 1 VUs  1m35.0s/3m30s  0/1 shared iters

running (1m36.0s), 1/1 VUs, 0 complete and 0 interrupted iterations
r_cd_silent   [   0% ] 1 VUs  1m36.0s/3m30s  0/1 shared iters

running (1m37.0s), 1/1 VUs, 0 complete and 0 interrupted iterations
r_cd_silent   [   0% ] 1 VUs  1m37.0s/3m30s  0/1 shared iters

running (1m38.0s), 1/1 VUs, 0 complete and 0 interrupted iterations
r_cd_silent   [   0% ] 1 VUs  1m38.0s/3m30s  0/1 shared iters

running (1m39.0s), 1/1 VUs, 0 complete and 0 interrupted iterations
r_cd_silent   [   0% ] 1 VUs  1m39.0s/3m30s  0/1 shared iters

running (1m40.0s), 1/1 VUs, 0 complete and 0 interrupted iterations
r_cd_silent   [   0% ] 1 VUs  1m40.0s/3m30s  0/1 shared iters

running (1m41.0s), 1/1 VUs, 0 complete and 0 interrupted iterations
r_cd_silent   [   0% ] 1 VUs  1m41.0s/3m30s  0/1 shared iters

running (1m42.0s), 1/1 VUs, 0 complete and 0 interrupted iterations
r_cd_silent   [   0% ] 1 VUs  1m42.0s/3m30s  0/1 shared iters

running (1m43.0s), 1/1 VUs, 0 complete and 0 interrupted iterations
r_cd_silent   [   0% ] 1 VUs  1m43.0s/3m30s  0/1 shared iters

running (1m44.0s), 1/1 VUs, 0 complete and 0 interrupted iterations
r_cd_silent   [   0% ] 1 VUs  1m44.0s/3m30s  0/1 shared iters

running (1m45.0s), 1/1 VUs, 0 complete and 0 interrupted iterations
r_cd_silent   [   0% ] 1 VUs  1m45.0s/3m30s  0/1 shared iters

running (1m46.0s), 1/1 VUs, 0 complete and 0 interrupted iterations
r_cd_silent   [   0% ] 1 VUs  1m46.0s/3m30s  0/1 shared iters

running (1m47.0s), 1/1 VUs, 0 complete and 0 interrupted iterations
r_cd_silent   [   0% ] 1 VUs  1m47.0s/3m30s  0/1 shared iters

running (1m48.0s), 1/1 VUs, 0 complete and 0 interrupted iterations
r_cd_silent   [   0% ] 1 VUs  1m48.0s/3m30s  0/1 shared iters

running (1m49.0s), 1/1 VUs, 0 complete and 0 interrupted iterations
r_cd_silent   [   0% ] 1 VUs  1m49.0s/3m30s  0/1 shared iters

running (1m50.0s), 1/1 VUs, 0 complete and 0 interrupted iterations
r_cd_silent   [   0% ] 1 VUs  1m50.0s/3m30s  0/1 shared iters

running (1m51.0s), 1/1 VUs, 0 complete and 0 interrupted iterations
r_cd_silent   [   0% ] 1 VUs  1m51.0s/3m30s  0/1 shared iters

running (1m52.0s), 1/1 VUs, 0 complete and 0 interrupted iterations
r_cd_silent   [   0% ] 1 VUs  1m52.0s/3m30s  0/1 shared iters

running (1m53.0s), 1/1 VUs, 0 complete and 0 interrupted iterations
r_cd_silent   [   0% ] 1 VUs  1m53.0s/3m30s  0/1 shared iters

running (1m54.0s), 1/1 VUs, 0 complete and 0 interrupted iterations
r_cd_silent   [   0% ] 1 VUs  1m54.0s/3m30s  0/1 shared iters

running (1m55.0s), 1/1 VUs, 0 complete and 0 interrupted iterations
r_cd_silent   [   0% ] 1 VUs  1m55.0s/3m30s  0/1 shared iters

running (1m56.0s), 1/1 VUs, 0 complete and 0 interrupted iterations
r_cd_silent   [   0% ] 1 VUs  1m56.0s/3m30s  0/1 shared iters

running (1m57.0s), 1/1 VUs, 0 complete and 0 interrupted iterations
r_cd_silent   [   0% ] 1 VUs  1m57.0s/3m30s  0/1 shared iters

running (1m58.0s), 1/1 VUs, 0 complete and 0 interrupted iterations
r_cd_silent   [   0% ] 1 VUs  1m58.0s/3m30s  0/1 shared iters

running (1m59.0s), 1/1 VUs, 0 complete and 0 interrupted iterations
r_cd_silent   [   0% ] 1 VUs  1m59.0s/3m30s  0/1 shared iters

running (2m00.0s), 1/1 VUs, 0 complete and 0 interrupted iterations
r_cd_silent   [   0% ] 1 VUs  2m00.0s/3m30s  0/1 shared iters

running (2m01.0s), 1/1 VUs, 0 complete and 0 interrupted iterations
r_cd_silent   [   0% ] 1 VUs  2m01.0s/3m30s  0/1 shared iters

running (2m02.0s), 1/1 VUs, 0 complete and 0 interrupted iterations
r_cd_silent   [   0% ] 1 VUs  2m02.0s/3m30s  0/1 shared iters

running (2m03.0s), 1/1 VUs, 0 complete and 0 interrupted iterations
r_cd_silent   [   0% ] 1 VUs  2m03.0s/3m30s  0/1 shared iters

running (2m04.0s), 1/1 VUs, 0 complete and 0 interrupted iterations
r_cd_silent   [   0% ] 1 VUs  2m04.0s/3m30s  0/1 shared iters

running (2m05.0s), 1/1 VUs, 0 complete and 0 interrupted iterations
r_cd_silent   [   0% ] 1 VUs  2m05.0s/3m30s  0/1 shared iters

running (2m06.0s), 1/1 VUs, 0 complete and 0 interrupted iterations
r_cd_silent   [   0% ] 1 VUs  2m06.0s/3m30s  0/1 shared iters

running (2m07.0s), 1/1 VUs, 0 complete and 0 interrupted iterations
r_cd_silent   [   0% ] 1 VUs  2m07.0s/3m30s  0/1 shared iters

running (2m08.0s), 1/1 VUs, 0 complete and 0 interrupted iterations
r_cd_silent   [   0% ] 1 VUs  2m08.0s/3m30s  0/1 shared iters

running (2m09.0s), 1/1 VUs, 0 complete and 0 interrupted iterations
r_cd_silent   [   0% ] 1 VUs  2m09.0s/3m30s  0/1 shared iters

running (2m10.0s), 1/1 VUs, 0 complete and 0 interrupted iterations
r_cd_silent   [   0% ] 1 VUs  2m10.0s/3m30s  0/1 shared iters

running (2m11.0s), 1/1 VUs, 0 complete and 0 interrupted iterations
r_cd_silent   [   0% ] 1 VUs  2m11.0s/3m30s  0/1 shared iters

running (2m12.0s), 1/1 VUs, 0 complete and 0 interrupted iterations
r_cd_silent   [   0% ] 1 VUs  2m12.0s/3m30s  0/1 shared iters

running (2m13.0s), 1/1 VUs, 0 complete and 0 interrupted iterations
r_cd_silent   [   0% ] 1 VUs  2m13.0s/3m30s  0/1 shared iters

running (2m14.0s), 1/1 VUs, 0 complete and 0 interrupted iterations
r_cd_silent   [   0% ] 1 VUs  2m14.0s/3m30s  0/1 shared iters

running (2m15.0s), 1/1 VUs, 0 complete and 0 interrupted iterations
r_cd_silent   [   0% ] 1 VUs  2m15.0s/3m30s  0/1 shared iters

running (2m16.0s), 1/1 VUs, 0 complete and 0 interrupted iterations
r_cd_silent   [   0% ] 1 VUs  2m16.0s/3m30s  0/1 shared iters

running (2m17.0s), 1/1 VUs, 0 complete and 0 interrupted iterations
r_cd_silent   [   0% ] 1 VUs  2m17.0s/3m30s  0/1 shared iters

running (2m18.0s), 1/1 VUs, 0 complete and 0 interrupted iterations
r_cd_silent   [   0% ] 1 VUs  2m18.0s/3m30s  0/1 shared iters

running (2m19.0s), 1/1 VUs, 0 complete and 0 interrupted iterations
r_cd_silent   [   0% ] 1 VUs  2m19.0s/3m30s  0/1 shared iters

running (2m20.0s), 1/1 VUs, 0 complete and 0 interrupted iterations
r_cd_silent   [   0% ] 1 VUs  2m20.0s/3m30s  0/1 shared iters

running (2m21.0s), 1/1 VUs, 0 complete and 0 interrupted iterations
r_cd_silent   [   0% ] 1 VUs  2m21.0s/3m30s  0/1 shared iters

running (2m22.0s), 1/1 VUs, 0 complete and 0 interrupted iterations
r_cd_silent   [   0% ] 1 VUs  2m22.0s/3m30s  0/1 shared iters

running (2m23.0s), 1/1 VUs, 0 complete and 0 interrupted iterations
r_cd_silent   [   0% ] 1 VUs  2m23.0s/3m30s  0/1 shared iters

running (2m24.0s), 1/1 VUs, 0 complete and 0 interrupted iterations
r_cd_silent   [   0% ] 1 VUs  2m24.0s/3m30s  0/1 shared iters

running (2m25.0s), 1/1 VUs, 0 complete and 0 interrupted iterations
r_cd_silent   [   0% ] 1 VUs  2m25.0s/3m30s  0/1 shared iters

running (2m26.0s), 1/1 VUs, 0 complete and 0 interrupted iterations
r_cd_silent   [   0% ] 1 VUs  2m26.0s/3m30s  0/1 shared iters

running (2m27.0s), 1/1 VUs, 0 complete and 0 interrupted iterations
r_cd_silent   [   0% ] 1 VUs  2m27.0s/3m30s  0/1 shared iters

running (2m28.0s), 1/1 VUs, 0 complete and 0 interrupted iterations
r_cd_silent   [   0% ] 1 VUs  2m28.0s/3m30s  0/1 shared iters

running (2m29.0s), 1/1 VUs, 0 complete and 0 interrupted iterations
r_cd_silent   [   0% ] 1 VUs  2m29.0s/3m30s  0/1 shared iters

running (2m30.0s), 1/1 VUs, 0 complete and 0 interrupted iterations
r_cd_silent   [   0% ] 1 VUs  2m30.0s/3m30s  0/1 shared iters

running (2m31.0s), 1/1 VUs, 0 complete and 0 interrupted iterations
r_cd_silent   [   0% ] 1 VUs  2m31.0s/3m30s  0/1 shared iters

running (2m32.0s), 1/1 VUs, 0 complete and 0 interrupted iterations
r_cd_silent   [   0% ] 1 VUs  2m32.0s/3m30s  0/1 shared iters

running (2m33.0s), 1/1 VUs, 0 complete and 0 interrupted iterations
r_cd_silent   [   0% ] 1 VUs  2m33.0s/3m30s  0/1 shared iters

running (2m34.0s), 1/1 VUs, 0 complete and 0 interrupted iterations
r_cd_silent   [   0% ] 1 VUs  2m34.0s/3m30s  0/1 shared iters

running (2m35.0s), 1/1 VUs, 0 complete and 0 interrupted iterations
r_cd_silent   [   0% ] 1 VUs  2m35.0s/3m30s  0/1 shared iters

running (2m36.0s), 1/1 VUs, 0 complete and 0 interrupted iterations
r_cd_silent   [   0% ] 1 VUs  2m36.0s/3m30s  0/1 shared iters

running (2m37.0s), 1/1 VUs, 0 complete and 0 interrupted iterations
r_cd_silent   [   0% ] 1 VUs  2m37.0s/3m30s  0/1 shared iters

running (2m38.0s), 1/1 VUs, 0 complete and 0 interrupted iterations
r_cd_silent   [   0% ] 1 VUs  2m38.0s/3m30s  0/1 shared iters

running (2m39.0s), 1/1 VUs, 0 complete and 0 interrupted iterations
r_cd_silent   [   0% ] 1 VUs  2m39.0s/3m30s  0/1 shared iters

running (2m40.0s), 1/1 VUs, 0 complete and 0 interrupted iterations
r_cd_silent   [   0% ] 1 VUs  2m40.0s/3m30s  0/1 shared iters

running (2m41.0s), 1/1 VUs, 0 complete and 0 interrupted iterations
r_cd_silent   [   0% ] 1 VUs  2m41.0s/3m30s  0/1 shared iters

running (2m42.0s), 1/1 VUs, 0 complete and 0 interrupted iterations
r_cd_silent   [   0% ] 1 VUs  2m42.0s/3m30s  0/1 shared iters

running (2m43.0s), 1/1 VUs, 0 complete and 0 interrupted iterations
r_cd_silent   [   0% ] 1 VUs  2m43.0s/3m30s  0/1 shared iters

running (2m44.0s), 1/1 VUs, 0 complete and 0 interrupted iterations
r_cd_silent   [   0% ] 1 VUs  2m44.0s/3m30s  0/1 shared iters

running (2m45.0s), 1/1 VUs, 0 complete and 0 interrupted iterations
r_cd_silent   [   0% ] 1 VUs  2m45.0s/3m30s  0/1 shared iters

running (2m46.0s), 1/1 VUs, 0 complete and 0 interrupted iterations
r_cd_silent   [   0% ] 1 VUs  2m46.0s/3m30s  0/1 shared iters

running (2m47.0s), 1/1 VUs, 0 complete and 0 interrupted iterations
r_cd_silent   [   0% ] 1 VUs  2m47.0s/3m30s  0/1 shared iters

running (2m48.0s), 1/1 VUs, 0 complete and 0 interrupted iterations
r_cd_silent   [   0% ] 1 VUs  2m48.0s/3m30s  0/1 shared iters

running (2m49.0s), 1/1 VUs, 0 complete and 0 interrupted iterations
r_cd_silent   [   0% ] 1 VUs  2m49.0s/3m30s  0/1 shared iters

running (2m50.0s), 1/1 VUs, 0 complete and 0 interrupted iterations
r_cd_silent   [   0% ] 1 VUs  2m50.0s/3m30s  0/1 shared iters

running (2m51.0s), 1/1 VUs, 0 complete and 0 interrupted iterations
r_cd_silent   [   0% ] 1 VUs  2m51.0s/3m30s  0/1 shared iters

running (2m52.0s), 1/1 VUs, 0 complete and 0 interrupted iterations
r_cd_silent   [   0% ] 1 VUs  2m52.0s/3m30s  0/1 shared iters

running (2m53.0s), 1/1 VUs, 0 complete and 0 interrupted iterations
r_cd_silent   [   0% ] 1 VUs  2m53.0s/3m30s  0/1 shared iters

running (2m54.0s), 1/1 VUs, 0 complete and 0 interrupted iterations
r_cd_silent   [   0% ] 1 VUs  2m54.0s/3m30s  0/1 shared iters

running (2m55.0s), 1/1 VUs, 0 complete and 0 interrupted iterations
r_cd_silent   [   0% ] 1 VUs  2m55.0s/3m30s  0/1 shared iters

running (2m56.0s), 1/1 VUs, 0 complete and 0 interrupted iterations
r_cd_silent   [   0% ] 1 VUs  2m56.0s/3m30s  0/1 shared iters

running (2m57.0s), 1/1 VUs, 0 complete and 0 interrupted iterations
r_cd_silent   [   0% ] 1 VUs  2m57.0s/3m30s  0/1 shared iters

running (2m58.0s), 1/1 VUs, 0 complete and 0 interrupted iterations
r_cd_silent   [   0% ] 1 VUs  2m58.0s/3m30s  0/1 shared iters

running (2m59.0s), 1/1 VUs, 0 complete and 0 interrupted iterations
r_cd_silent   [   0% ] 1 VUs  2m59.0s/3m30s  0/1 shared iters

running (3m00.0s), 1/1 VUs, 0 complete and 0 interrupted iterations
r_cd_silent   [   0% ] 1 VUs  3m00.0s/3m30s  0/1 shared iters
PUBLIC_EVIDENCE {"row":"R-CD-SILENT","manifest_loaded":true,"seat":"ronan","session_created":true,"candidateSha":"dbf5795bd5dd406f586575d883a7878288e591ad","started":"2026-09-03T03:05:00.918Z","dispatch_accepted":true,"scheduled_sentinel":false,"child_completion_observed":false,"followup_accepted":false,"parent_internal_context_observed":false,"no_channel_delivery":true,"child_channel_delivery_observed":false,"dispatch_accepted_at_ms":1788404702024,"followup_sent_at_ms":null,"trace_id":null,"ended":"2026-09-03T03:08:01.496Z","duration_ms":180578}
time="2026-09-02T20:08:01-07:00" level=info msg="\n[R-CD-SILENT] VERDICT: PARTIAL-candidate" source=console

[R-CD-SILENT] Summary: PARTIAL-candidate | SHA: dbf5795bd5dd406f586575d883a7878288e591ad | Seat: ronan

running (3m00.6s), 0/1 VUs, 1 complete and 0 interrupted iterations
r_cd_silent ✓ [ 100% ] 1 VUs  3m00.6s/3m30s  1/1 shared iters
time="2026-09-02T20:08:01-07:00" level=error msg="thresholds on metrics 'proof_failures, r_cd_silent_duration' have been crossed"
