
         /\      Grafana   /‾‾/  
    /\  /  \     |\  __   /  /   
   /  \/    \    | |/ /  /   ‾‾\ 
  /          \   |   (  |  (‾)  |
 / __________ \  |_|\_\  \_____/ 


     execution: local
        script: scenarios/r-obs-1.js
        output: -

     scenarios: (100.00%) 1 scenario, 1 max VUs, 2m0s max duration (incl. graceful stop):
              * r_obs_1: 1 iterations shared among 1 VUs (maxDuration: 1m30s, gracefulStop: 30s)

time="2026-08-01T18:43:52-07:00" level=info msg="✓ disposable session created: <redacted-session-key>" source=console

running (0m01.0s), 1/1 VUs, 0 complete and 0 interrupted iterations
r_obs_1   [   0% ] 1 VUs  0m01.0s/1m30s  0/1 shared iters
time="2026-08-01T18:43:53-07:00" level=info msg="✓ sessions.send accepted — agent turn triggered for R-OBS-1 status-card read" source=console

running (0m02.0s), 1/1 VUs, 0 complete and 0 interrupted iterations
r_obs_1   [   0% ] 1 VUs  0m02.0s/1m30s  0/1 shared iters
time="2026-08-01T18:43:54-07:00" level=info msg="ℹ Ignoring harness prompt echo event" source=console

running (0m03.0s), 1/1 VUs, 0 complete and 0 interrupted iterations
r_obs_1   [   0% ] 1 VUs  0m03.0s/1m30s  0/1 shared iters

running (0m04.0s), 1/1 VUs, 0 complete and 0 interrupted iterations
r_obs_1   [   0% ] 1 VUs  0m04.0s/1m30s  0/1 shared iters

running (0m05.0s), 1/1 VUs, 0 complete and 0 interrupted iterations
r_obs_1   [   0% ] 1 VUs  0m05.0s/1m30s  0/1 shared iters

running (0m06.0s), 1/1 VUs, 0 complete and 0 interrupted iterations
r_obs_1   [   0% ] 1 VUs  0m06.0s/1m30s  0/1 shared iters

running (0m07.0s), 1/1 VUs, 0 complete and 0 interrupted iterations
r_obs_1   [   0% ] 1 VUs  0m07.0s/1m30s  0/1 shared iters

running (0m08.0s), 1/1 VUs, 0 complete and 0 interrupted iterations
r_obs_1   [   0% ] 1 VUs  0m08.0s/1m30s  0/1 shared iters

running (0m09.0s), 1/1 VUs, 0 complete and 0 interrupted iterations
r_obs_1   [   0% ] 1 VUs  0m09.0s/1m30s  0/1 shared iters

running (0m10.0s), 1/1 VUs, 0 complete and 0 interrupted iterations
r_obs_1   [   0% ] 1 VUs  0m10.0s/1m30s  0/1 shared iters

running (0m11.0s), 1/1 VUs, 0 complete and 0 interrupted iterations
r_obs_1   [   0% ] 1 VUs  0m11.0s/1m30s  0/1 shared iters

running (0m12.0s), 1/1 VUs, 0 complete and 0 interrupted iterations
r_obs_1   [   0% ] 1 VUs  0m12.0s/1m30s  0/1 shared iters

running (0m13.0s), 1/1 VUs, 0 complete and 0 interrupted iterations
r_obs_1   [   0% ] 1 VUs  0m13.0s/1m30s  0/1 shared iters

running (0m14.0s), 1/1 VUs, 0 complete and 0 interrupted iterations
r_obs_1   [   0% ] 1 VUs  0m14.0s/1m30s  0/1 shared iters

running (0m15.0s), 1/1 VUs, 0 complete and 0 interrupted iterations
r_obs_1   [   0% ] 1 VUs  0m15.0s/1m30s  0/1 shared iters

running (0m16.0s), 1/1 VUs, 0 complete and 0 interrupted iterations
r_obs_1   [   0% ] 1 VUs  0m16.0s/1m30s  0/1 shared iters

running (0m17.0s), 1/1 VUs, 0 complete and 0 interrupted iterations
r_obs_1   [   0% ] 1 VUs  0m17.0s/1m30s  0/1 shared iters
time="2026-08-01T18:44:09-07:00" level=info msg="ℹ OBS1-STATUS sentinel prefix observed; waiting for complete streamed sentinel" source=console
time="2026-08-01T18:44:10-07:00" level=info msg="✓ OBS1-STATUS sentinel observed: {\"build\":\"yes\",\"context\":\"yes\",\"chain\":\"yes\",\"route\":\"yes\"}" source=console
PUBLIC_EVIDENCE {"row":"R-OBS-1","manifest_loaded":true,"seat":"cael","session_created":true,"candidateSha":"009e4554627451313acab5e39d895beaae155be7","started":"2026-08-02T01:43:52.143Z","dispatch_accepted":true,"status_card_observed":true,"build_visible":true,"context_visible":true,"continuation_chain_visible":true,"route_visible":true,"trace_id":null,"ended":"2026-08-02T01:44:10.140Z","duration_ms":17997}

running (0m18.0s), 0/1 VUs, 1 complete and 0 interrupted iterations
r_obs_1 ✓ [ 100% ] 1 VUs  0m18.0s/1m30s  1/1 shared iters

running (0m18.0s), 0/1 VUs, 1 complete and 0 interrupted iterations
r_obs_1 ✓ [ 100% ] 1 VUs  0m18.0s/1m30s  1/1 shared iters
