==========================================================
Project 81: Seat-Aware k6 Proof Runner
Seat: silas
Target Candidate SHA: 4c235d8c1997e8964160117f8d6bf650ad1e8203
Deployed Runtime SHA: 4c235d8c1997e8964160117f8d6bf650ad1e8203
Session configured: true
Artifact root: /tmp/silas-comparator-full-4c235d8c-20260719T1930Z/unattended
Rows: preflight
Dry Run: false
==========================================================
Running seat-readiness preflight (k6/tooling/gateway/continuation config)...
SEAT READINESS: /tmp/silas-comparator-full-4c235d8c-20260719T1930Z/unattended/seat-readiness.json

----------------------------------------
Row: PREFLIGHT
Manifest: /tmp/silas-proof-matrix-20260719-1206/tools/k6-proofs/manifests/preflight.example.json
Scenario: scenarios/preflight.js
Status: runnable
Live Safety: k6-runnable
[PREFLIGHT] RUNNING...

         /\      Grafana   /‾‾/  
    /\  /  \     |\  __   /  /   
   /  \/    \    | |/ /  /   ‾‾\ 
  /          \   |   (  |  (‾)  |
 / __________ \  |_|\_\  \_____/ 


     execution: local
        script: scenarios/preflight.js
        output: -

     scenarios: (100.00%) 1 scenario, 1 max VUs, 1m15s max duration (incl. graceful stop):
              * preflight_inventory: 1 iterations shared among 1 VUs (maxDuration: 45s, gracefulStop: 30s)


running (0m01.0s), 1/1 VUs, 0 complete and 0 interrupted iterations
preflight_inventory   [   0% ] 1 VUs  01.0s/45s  0/1 shared iters
PUBLIC_EVIDENCE {"row":"preflight","manifest_loaded":true,"seat":"silas","candidateSha":"4c235d8c1997e8964160117f8d6bf650ad1e8203","started":"2026-07-19T19:37:30.382Z","connected":true,"sessions_list_ok":true,"tools_effective_ok":true,"tool_inventory_count":0,"ended":"2026-07-19T19:37:31.469Z","duration_ms":1087}


  █ THRESHOLDS 

    preflight_duration
    ✓ 'p(95)<30000' p(95)=1087

    proof_failures
    ✓ 'count==0' count=0


  █ TOTAL RESULTS 

    checks_total.......: 3       2.757772/s
    checks_succeeded...: 100.00% 3 out of 3
    checks_failed......: 0.00%   0 out of 3

    ✓ websocket connected
    ✓ sessions.list accepted
    ✓ tools.effective accepted

    CUSTOM
    preflight_duration....: avg=1087     min=1087     med=1087     max=1087     p(90)=1087     p(95)=1087    
    proof_failures........: 0     0/s

    EXECUTION
    iteration_duration....: avg=1.08s    min=1.08s    med=1.08s    max=1.08s    p(90)=1.08s    p(95)=1.08s   
    iterations............: 1     0.919257/s
    vus...................: 1     min=1      max=1
    vus_max...............: 1     min=1      max=1

    NETWORK
    data_received.........: 67 kB 61 kB/s
    data_sent.............: 874 B 803 B/s

    WEBSOCKET
    ws_connecting.........: avg=812.15µs min=812.15µs med=812.15µs max=812.15µs p(90)=812.15µs p(95)=812.15µs
    ws_msgs_received......: 5     4.596286/s
    ws_msgs_sent..........: 3     2.757772/s
    ws_session_duration...: avg=1.08s    min=1.08s    med=1.08s    max=1.08s    p(90)=1.08s    p(95)=1.08s   
    ws_sessions...........: 1     0.919257/s




running (0m01.1s), 0/1 VUs, 1 complete and 0 interrupted iterations
preflight_inventory ✓ [ 100% ] 1 VUs  01.1s/45s  1/1 shared iters
[PREFLIGHT] Candidate routing envelope withheld: review is incomplete or its identity contract did not validate.
[PREFLIGHT] METRICS: /tmp/silas-comparator-full-4c235d8c-20260719T1930Z/unattended/4c235d8c1997e8964160117f8d6bf650ad1e8203/PREFLIGHT/silas/20260719T193730Z-preflight/openclaw-proofs-k6.prom
[PREFLIGHT] ARTIFACTS: /tmp/silas-comparator-full-4c235d8c-20260719T1930Z/unattended/4c235d8c1997e8964160117f8d6bf650ad1e8203/PREFLIGHT/silas/20260719T193730Z-preflight
[PREFLIGHT] COMPLETED.
Observability check: query Grafana for run/nonce or review Tempo traces if trace ID was emitted.
REPORT: /tmp/silas-comparator-full-4c235d8c-20260719T1930Z/unattended/report.html

==========================================================
Runner execution finished.
