==========================================================
Project 81: Seat-Aware k6 Proof Runner
Seat: silas
Target Candidate SHA: 4c235d8c1997e8964160117f8d6bf650ad1e8203
Deployed Runtime SHA: 4c235d8c1997e8964160117f8d6bf650ad1e8203
Session configured: true
Artifact root: /tmp/silas-comparator-full-4c235d8c-20260719T1930Z/unattended
Rows: R-CD-RETURN-OVERLAP
Dry Run: false
==========================================================
Running seat-readiness preflight (k6/tooling/gateway/continuation config)...
SEAT READINESS: /tmp/silas-comparator-full-4c235d8c-20260719T1930Z/unattended/seat-readiness.json

----------------------------------------
Row: R-CD-RETURN-OVERLAP
Manifest: /tmp/silas-proof-matrix-20260719-1206/tools/k6-proofs/manifests/r-cd-return-overlap.json
Scenario: scenarios/r-cd-return-overlap.js
Status: runnable
Live Safety: k6-runnable
[R-CD-RETURN-OVERLAP] RUNNING...
./r-cd-return-overlap-summary.json

         /\      Grafana   /‾‾/  
    /\  /  \     |\  __   /  /   
   /  \/    \    | |/ /  /   ‾‾\ 
  /          \   |   (  |  (‾)  |
 / __________ \  |_|\_\  \_____/ 


     execution: local
        script: scenarios/r-cd-return-overlap.js
        output: -

     scenarios: (100.00%) 1 scenario, 1 max VUs, 45s max duration (incl. graceful stop):
              * r_cd_return_overlap_static: 1 iterations shared among 1 VUs (maxDuration: 15s, gracefulStop: 30s)

PUBLIC_EVIDENCE {"row":"R-CD-RETURN-OVERLAP","manifest_loaded":true,"candidateSha":"4c235d8c1997e8964160117f8d6bf650ad1e8203","currentProofSha":"4c235d8c1997e8964160117f8d6bf650ad1e8203","sourceEvidenceSha":"1cc8f4e3d617ef6f173283ef83d7b739a4995734","started":"2026-07-19T19:47:08.673Z","pass_with_caveat_present":true,"silent_flow_present":true,"silent_wake_flow_present":true,"both_markers_in_tasks":true,"both_targeted_returns_in_journal":true,"no_duplicate_storm_claim_present":true,"tempo_trace_present":true,"source_files":{"evidence":"../../../PROOFS/1cc8f4e3d617ef6f173283ef83d7b739a4995734/R-CD-RETURN-OVERLAP/cael-dgx/EVIDENCE.md","flowRows":"../../../PROOFS/1cc8f4e3d617ef6f173283ef83d7b739a4995734/R-CD-RETURN-OVERLAP/cael-dgx/db/flow-rows-concise.json","taskRows":"../../../PROOFS/1cc8f4e3d617ef6f173283ef83d7b739a4995734/R-CD-RETURN-OVERLAP/cael-dgx/db/task-rows-concise.json","journal":"../../../PROOFS/1cc8f4e3d617ef6f173283ef83d7b739a4995734/R-CD-RETURN-OVERLAP/cael-dgx/journal/journal-filtered.log","tempo":"../../../PROOFS/1cc8f4e3d617ef6f173283ef83d7b739a4995734/R-CD-RETURN-OVERLAP/cael-dgx/tempo/trace-0d676f84623ebfe6499a324d039ee050-summary.json"},"ended":"2026-07-19T19:47:08.674Z","duration_ms":1,"verdict":"PASS-candidate"}

running (00.0s), 0/1 VUs, 1 complete and 0 interrupted iterations
r_cd_return_overlap_static ✓ [ 100% ] 1 VUs  00.0s/15s  1/1 shared iters
[R-CD-RETURN-OVERLAP] CANDIDATE REVIEW ENVELOPE: /tmp/silas-comparator-full-4c235d8c-20260719T1930Z/unattended/4c235d8c1997e8964160117f8d6bf650ad1e8203/R-CD-RETURN-OVERLAP/silas/20260719T194708Z-r-cd-return-overlap/candidate-run-result.json
[R-CD-RETURN-OVERLAP] METRICS: /tmp/silas-comparator-full-4c235d8c-20260719T1930Z/unattended/4c235d8c1997e8964160117f8d6bf650ad1e8203/R-CD-RETURN-OVERLAP/silas/20260719T194708Z-r-cd-return-overlap/openclaw-proofs-k6.prom
[R-CD-RETURN-OVERLAP] ARTIFACTS: /tmp/silas-comparator-full-4c235d8c-20260719T1930Z/unattended/4c235d8c1997e8964160117f8d6bf650ad1e8203/R-CD-RETURN-OVERLAP/silas/20260719T194708Z-r-cd-return-overlap
[R-CD-RETURN-OVERLAP] COMPLETED.
Observability check: query Grafana for run/nonce or review Tempo traces if trace ID was emitted.
REPORT: /tmp/silas-comparator-full-4c235d8c-20260719T1930Z/unattended/report.html

==========================================================
Runner execution finished.
