==========================================================
Project 81: Seat-Aware k6 Proof Runner
Seat: silas
Target Candidate SHA: 4c235d8c1997e8964160117f8d6bf650ad1e8203
Deployed Runtime SHA: 4c235d8c1997e8964160117f8d6bf650ad1e8203
Session configured: true
Artifact root: /tmp/silas-comparator-full-4c235d8c-20260719T1930Z/unattended
Rows: R-CONFIG-DEFAULTS
Dry Run: false
==========================================================
Running seat-readiness preflight (k6/tooling/gateway/continuation config)...
SEAT READINESS: /tmp/silas-comparator-full-4c235d8c-20260719T1930Z/unattended/seat-readiness.json

----------------------------------------
Row: R-CONFIG-DEFAULTS
Manifest: /tmp/silas-proof-matrix-20260719-1206/tools/k6-proofs/manifests/r-config-defaults.json
Scenario: scenarios/r-config-defaults.js
Status: runnable
Live Safety: k6-runnable
[R-CONFIG-DEFAULTS] RUNNING...

         /\      Grafana   /‾‾/  
    /\  /  \     |\  __   /  /   
   /  \/    \    | |/ /  /   ‾‾\ 
  /          \   |   (  |  (‾)  |
 / __________ \  |_|\_\  \_____/ 


     execution: local
        script: scenarios/r-config-defaults.js
        output: -

     scenarios: (100.00%) 1 scenario, 1 max VUs, 1m15s max duration (incl. graceful stop):
              * r_config_defaults: 1 iterations shared among 1 VUs (maxDuration: 45s, gracefulStop: 30s)

PUBLIC_EVIDENCE {"row":"R-CONFIG-DEFAULTS","manifest_loaded":true,"seat":"silas","candidateSha":"4c235d8c1997e8964160117f8d6bf650ad1e8203","started":"2026-07-19T19:48:23.592Z","rpc":{"method":"config.get","operator_surface":true,"response_ok":true,"response_shape":{"config_present":true,"continuation_present":true}},"config_read":true,"enabled":true,"max_chain_length":200,"max_delegates_per_turn":500,"cost_cap_tokens":50000000,"trace_id":null,"correlation":{"service":"silas-prince","query_window_start":"2026-07-19T19:48:23.592Z","query_window_end":"2026-07-19T19:48:24.179Z"},"ended":"2026-07-19T19:48:24.179Z","duration_ms":587}
time="2026-07-19T12:48:24-07:00" level=info msg="\n[R-CONFIG-DEFAULTS] VERDICT: PASS-candidate" source=console

[R-CONFIG-DEFAULTS] Summary: PASS-candidate | SHA: 4c235d8c1997e8964160117f8d6bf650ad1e8203 | Seat: silas

running (0m00.6s), 0/1 VUs, 1 complete and 0 interrupted iterations
r_config_defaults ✓ [ 100% ] 1 VUs  00.6s/45s  1/1 shared iters
[R-CONFIG-DEFAULTS] CANDIDATE REVIEW ENVELOPE: /tmp/silas-comparator-full-4c235d8c-20260719T1930Z/unattended/4c235d8c1997e8964160117f8d6bf650ad1e8203/R-CONFIG-DEFAULTS/silas/20260719T194823Z-r-config-defaults/candidate-run-result.json
[R-CONFIG-DEFAULTS] METRICS: /tmp/silas-comparator-full-4c235d8c-20260719T1930Z/unattended/4c235d8c1997e8964160117f8d6bf650ad1e8203/R-CONFIG-DEFAULTS/silas/20260719T194823Z-r-config-defaults/openclaw-proofs-k6.prom
[R-CONFIG-DEFAULTS] ARTIFACTS: /tmp/silas-comparator-full-4c235d8c-20260719T1930Z/unattended/4c235d8c1997e8964160117f8d6bf650ad1e8203/R-CONFIG-DEFAULTS/silas/20260719T194823Z-r-config-defaults
[R-CONFIG-DEFAULTS] COMPLETED.
Observability check: query Grafana for run/nonce or review Tempo traces if trace ID was emitted.
REPORT: /tmp/silas-comparator-full-4c235d8c-20260719T1930Z/unattended/report.html

==========================================================
Runner execution finished.
