==========================================================
Project 81: Seat-Aware k6 Proof Runner
Seat: silas
Target Candidate SHA: 4c235d8c1997e8964160117f8d6bf650ad1e8203
Deployed Runtime SHA: 4c235d8c1997e8964160117f8d6bf650ad1e8203
Session configured: true
Artifact root: /tmp/silas-comparator-full-4c235d8c-20260719T1930Z/unattended
Rows: R-CONFIG-INTERSESSION
Dry Run: false
==========================================================
Running seat-readiness preflight (k6/tooling/gateway/continuation config)...
SEAT READINESS: /tmp/silas-comparator-full-4c235d8c-20260719T1930Z/unattended/seat-readiness.json

----------------------------------------
Row: R-CONFIG-INTERSESSION
Manifest: /tmp/silas-proof-matrix-20260719-1206/tools/k6-proofs/manifests/r-config-intersession.json
Scenario: scenarios/r-config-intersession.js
Status: runnable
Live Safety: k6-runnable
[R-CONFIG-INTERSESSION] RUNNING...

         /\      Grafana   /‾‾/  
    /\  /  \     |\  __   /  /   
   /  \/    \    | |/ /  /   ‾‾\ 
  /          \   |   (  |  (‾)  |
 / __________ \  |_|\_\  \_____/ 


     execution: local
        script: scenarios/r-config-intersession.js
        output: -

     scenarios: (100.00%) 1 scenario, 1 max VUs, 1m15s max duration (incl. graceful stop):
              * r_config_intersession: 1 iterations shared among 1 VUs (maxDuration: 45s, gracefulStop: 30s)

PUBLIC_EVIDENCE {"row":"R-CONFIG-INTERSESSION","manifest_loaded":true,"seat":"silas","candidateSha":"4c235d8c1997e8964160117f8d6bf650ad1e8203","started":"2026-07-19T19:48:25.350Z","rpc":{"method":"config.get","operator_surface":true,"response_ok":true,"response_shape":{"config_present":true,"continuation_present":true}},"config_read":true,"cross_session_targeting":"enabled","trace_id":null,"correlation":{"service":"silas-prince","query_window_start":"2026-07-19T19:48:25.350Z","query_window_end":"2026-07-19T19:48:26.063Z"},"ended":"2026-07-19T19:48:26.063Z","duration_ms":713}
time="2026-07-19T12:48:26-07:00" level=info msg="\n[R-CONFIG-INTERSESSION] VERDICT: PASS-candidate" source=console

[R-CONFIG-INTERSESSION] Summary: PASS-candidate | SHA: 4c235d8c1997e8964160117f8d6bf650ad1e8203 | Seat: silas

running (0m00.7s), 0/1 VUs, 1 complete and 0 interrupted iterations
r_config_intersession ✓ [ 100% ] 1 VUs  00.7s/45s  1/1 shared iters
[R-CONFIG-INTERSESSION] CANDIDATE REVIEW ENVELOPE: /tmp/silas-comparator-full-4c235d8c-20260719T1930Z/unattended/4c235d8c1997e8964160117f8d6bf650ad1e8203/R-CONFIG-INTERSESSION/silas/20260719T194825Z-r-config-intersession/candidate-run-result.json
[R-CONFIG-INTERSESSION] METRICS: /tmp/silas-comparator-full-4c235d8c-20260719T1930Z/unattended/4c235d8c1997e8964160117f8d6bf650ad1e8203/R-CONFIG-INTERSESSION/silas/20260719T194825Z-r-config-intersession/openclaw-proofs-k6.prom
[R-CONFIG-INTERSESSION] ARTIFACTS: /tmp/silas-comparator-full-4c235d8c-20260719T1930Z/unattended/4c235d8c1997e8964160117f8d6bf650ad1e8203/R-CONFIG-INTERSESSION/silas/20260719T194825Z-r-config-intersession
[R-CONFIG-INTERSESSION] COMPLETED.
Observability check: query Grafana for run/nonce or review Tempo traces if trace ID was emitted.
REPORT: /tmp/silas-comparator-full-4c235d8c-20260719T1930Z/unattended/report.html

==========================================================
Runner execution finished.
