==========================================================
Project 81: Seat-Aware k6 Proof Runner
Seat: silas
Target Candidate SHA: 4c235d8c1997e8964160117f8d6bf650ad1e8203
Deployed Runtime SHA: 4c235d8c1997e8964160117f8d6bf650ad1e8203
Session configured: true
Artifact root: /tmp/silas-comparator-full-4c235d8c-20260719T1930Z/unattended
Rows: R-CW-4
Dry Run: false
==========================================================
Running seat-readiness preflight (k6/tooling/gateway/continuation config)...
SEAT READINESS: /tmp/silas-comparator-full-4c235d8c-20260719T1930Z/unattended/seat-readiness.json

----------------------------------------
Row: R-CW-4
Manifest: /tmp/silas-proof-matrix-20260719-1206/tools/k6-proofs/manifests/r-cw-4.json
Scenario: scenarios/r-cw-4-chain-depth.js
Status: runnable
Live Safety: k6-runnable
[R-CW-4] RUNNING...
./r-cw-4-chain-depth-summary.json

         /\      Grafana   /‾‾/  
    /\  /  \     |\  __   /  /   
   /  \/    \    | |/ /  /   ‾‾\ 
  /          \   |   (  |  (‾)  |
 / __________ \  |_|\_\  \_____/ 


     execution: local
        script: scenarios/r-cw-4-chain-depth.js
        output: -

     scenarios: (100.00%) 1 scenario, 1 max VUs, 10m30s max duration (incl. graceful stop):
              * r_cw_4_chain_depth: 1 iterations shared among 1 VUs (maxDuration: 10m0s, gracefulStop: 30s)

time="2026-07-19T13:00:29-07:00" level=info msg="✓ disposable session created: <redacted-session-key>" source=console
time="2026-07-19T13:00:30-07:00" level=info msg="✓ sessions.send accepted — chain-depth parent turn triggered" source=console

running (00m01.0s), 1/1 VUs, 0 complete and 0 interrupted iterations
r_cw_4_chain_depth   [   0% ] 1 VUs  00m01.0s/10m0s  0/1 shared iters

running (00m02.0s), 1/1 VUs, 0 complete and 0 interrupted iterations
r_cw_4_chain_depth   [   0% ] 1 VUs  00m02.0s/10m0s  0/1 shared iters

running (00m03.0s), 1/1 VUs, 0 complete and 0 interrupted iterations
r_cw_4_chain_depth   [   0% ] 1 VUs  00m03.0s/10m0s  0/1 shared iters

running (00m04.0s), 1/1 VUs, 0 complete and 0 interrupted iterations
r_cw_4_chain_depth   [   0% ] 1 VUs  00m04.0s/10m0s  0/1 shared iters

running (00m05.0s), 1/1 VUs, 0 complete and 0 interrupted iterations
r_cw_4_chain_depth   [   0% ] 1 VUs  00m05.0s/10m0s  0/1 shared iters

running (00m06.0s), 1/1 VUs, 0 complete and 0 interrupted iterations
r_cw_4_chain_depth   [   0% ] 1 VUs  00m06.0s/10m0s  0/1 shared iters

running (00m07.0s), 1/1 VUs, 0 complete and 0 interrupted iterations
r_cw_4_chain_depth   [   0% ] 1 VUs  00m07.0s/10m0s  0/1 shared iters

running (00m08.0s), 1/1 VUs, 0 complete and 0 interrupted iterations
r_cw_4_chain_depth   [   0% ] 1 VUs  00m08.0s/10m0s  0/1 shared iters

running (00m09.0s), 1/1 VUs, 0 complete and 0 interrupted iterations
r_cw_4_chain_depth   [   0% ] 1 VUs  00m09.0s/10m0s  0/1 shared iters

running (00m10.0s), 1/1 VUs, 0 complete and 0 interrupted iterations
r_cw_4_chain_depth   [   0% ] 1 VUs  00m10.0s/10m0s  0/1 shared iters

running (00m11.0s), 1/1 VUs, 0 complete and 0 interrupted iterations
r_cw_4_chain_depth   [   0% ] 1 VUs  00m11.0s/10m0s  0/1 shared iters

running (00m12.0s), 1/1 VUs, 0 complete and 0 interrupted iterations
r_cw_4_chain_depth   [   0% ] 1 VUs  00m12.0s/10m0s  0/1 shared iters
time="2026-07-19T13:00:41-07:00" level=info msg="✓ CW4-HOP1-SCHEDULED observed" source=console

running (00m13.0s), 1/1 VUs, 0 complete and 0 interrupted iterations
r_cw_4_chain_depth   [   0% ] 1 VUs  00m13.0s/10m0s  0/1 shared iters

running (00m14.0s), 1/1 VUs, 0 complete and 0 interrupted iterations
r_cw_4_chain_depth   [   0% ] 1 VUs  00m14.0s/10m0s  0/1 shared iters

running (00m15.0s), 1/1 VUs, 0 complete and 0 interrupted iterations
r_cw_4_chain_depth   [   0% ] 1 VUs  00m15.0s/10m0s  0/1 shared iters

running (00m16.0s), 1/1 VUs, 0 complete and 0 interrupted iterations
r_cw_4_chain_depth   [   0% ] 1 VUs  00m16.0s/10m0s  0/1 shared iters

running (00m17.0s), 1/1 VUs, 0 complete and 0 interrupted iterations
r_cw_4_chain_depth   [   0% ] 1 VUs  00m17.0s/10m0s  0/1 shared iters

running (00m18.0s), 1/1 VUs, 0 complete and 0 interrupted iterations
r_cw_4_chain_depth   [   0% ] 1 VUs  00m18.0s/10m0s  0/1 shared iters

running (00m19.0s), 1/1 VUs, 0 complete and 0 interrupted iterations
r_cw_4_chain_depth   [   0% ] 1 VUs  00m19.0s/10m0s  0/1 shared iters

running (00m20.0s), 1/1 VUs, 0 complete and 0 interrupted iterations
r_cw_4_chain_depth   [   0% ] 1 VUs  00m20.0s/10m0s  0/1 shared iters

running (00m21.0s), 1/1 VUs, 0 complete and 0 interrupted iterations
r_cw_4_chain_depth   [   0% ] 1 VUs  00m21.0s/10m0s  0/1 shared iters

running (00m22.0s), 1/1 VUs, 0 complete and 0 interrupted iterations
r_cw_4_chain_depth   [   0% ] 1 VUs  00m22.0s/10m0s  0/1 shared iters

running (00m23.0s), 1/1 VUs, 0 complete and 0 interrupted iterations
r_cw_4_chain_depth   [   0% ] 1 VUs  00m23.0s/10m0s  0/1 shared iters

running (00m24.0s), 1/1 VUs, 0 complete and 0 interrupted iterations
r_cw_4_chain_depth   [   0% ] 1 VUs  00m24.0s/10m0s  0/1 shared iters
time="2026-07-19T13:00:53-07:00" level=info msg="✓ CW4-HOP2-SCHEDULED observed" source=console

running (00m25.0s), 1/1 VUs, 0 complete and 0 interrupted iterations
r_cw_4_chain_depth   [   0% ] 1 VUs  00m25.0s/10m0s  0/1 shared iters

running (00m26.0s), 1/1 VUs, 0 complete and 0 interrupted iterations
r_cw_4_chain_depth   [   0% ] 1 VUs  00m26.0s/10m0s  0/1 shared iters

running (00m27.0s), 1/1 VUs, 0 complete and 0 interrupted iterations
r_cw_4_chain_depth   [   0% ] 1 VUs  00m27.0s/10m0s  0/1 shared iters

running (00m28.0s), 1/1 VUs, 0 complete and 0 interrupted iterations
r_cw_4_chain_depth   [   0% ] 1 VUs  00m28.0s/10m0s  0/1 shared iters

running (00m29.0s), 1/1 VUs, 0 complete and 0 interrupted iterations
r_cw_4_chain_depth   [   0% ] 1 VUs  00m29.0s/10m0s  0/1 shared iters

running (00m30.0s), 1/1 VUs, 0 complete and 0 interrupted iterations
r_cw_4_chain_depth   [   0% ] 1 VUs  00m30.0s/10m0s  0/1 shared iters

running (00m31.0s), 1/1 VUs, 0 complete and 0 interrupted iterations
r_cw_4_chain_depth   [   0% ] 1 VUs  00m31.0s/10m0s  0/1 shared iters

running (00m32.0s), 1/1 VUs, 0 complete and 0 interrupted iterations
r_cw_4_chain_depth   [   0% ] 1 VUs  00m32.0s/10m0s  0/1 shared iters

running (00m33.0s), 1/1 VUs, 0 complete and 0 interrupted iterations
r_cw_4_chain_depth   [   0% ] 1 VUs  00m33.0s/10m0s  0/1 shared iters

running (00m34.0s), 1/1 VUs, 0 complete and 0 interrupted iterations
r_cw_4_chain_depth   [   0% ] 1 VUs  00m34.0s/10m0s  0/1 shared iters

running (00m35.0s), 1/1 VUs, 0 complete and 0 interrupted iterations
r_cw_4_chain_depth   [   0% ] 1 VUs  00m35.0s/10m0s  0/1 shared iters
time="2026-07-19T13:01:05-07:00" level=info msg="✓ CW4-HOP3-SCHEDULED observed" source=console

running (00m36.0s), 1/1 VUs, 0 complete and 0 interrupted iterations
r_cw_4_chain_depth   [   0% ] 1 VUs  00m36.0s/10m0s  0/1 shared iters

running (00m37.0s), 1/1 VUs, 0 complete and 0 interrupted iterations
r_cw_4_chain_depth   [   0% ] 1 VUs  00m37.0s/10m0s  0/1 shared iters

running (00m38.0s), 1/1 VUs, 0 complete and 0 interrupted iterations
r_cw_4_chain_depth   [   0% ] 1 VUs  00m38.0s/10m0s  0/1 shared iters

running (00m39.0s), 1/1 VUs, 0 complete and 0 interrupted iterations
r_cw_4_chain_depth   [   0% ] 1 VUs  00m39.0s/10m0s  0/1 shared iters

running (00m40.0s), 1/1 VUs, 0 complete and 0 interrupted iterations
r_cw_4_chain_depth   [   0% ] 1 VUs  00m40.0s/10m0s  0/1 shared iters

running (00m41.0s), 1/1 VUs, 0 complete and 0 interrupted iterations
r_cw_4_chain_depth   [   0% ] 1 VUs  00m41.0s/10m0s  0/1 shared iters

running (00m42.0s), 1/1 VUs, 0 complete and 0 interrupted iterations
r_cw_4_chain_depth   [   0% ] 1 VUs  00m42.0s/10m0s  0/1 shared iters

running (00m43.0s), 1/1 VUs, 0 complete and 0 interrupted iterations
r_cw_4_chain_depth   [   0% ] 1 VUs  00m43.0s/10m0s  0/1 shared iters

running (00m44.0s), 1/1 VUs, 0 complete and 0 interrupted iterations
r_cw_4_chain_depth   [   0% ] 1 VUs  00m44.0s/10m0s  0/1 shared iters
time="2026-07-19T13:01:13-07:00" level=info msg="✓ CW4-DONE observed" source=console
time="2026-07-19T13:01:13-07:00" level=info msg="All required R-CW-4 evidence gathered, closing early" source=console
PUBLIC_EVIDENCE {"row":"R-CW-4","manifest_loaded":true,"seat":"silas","session_created":true,"candidateSha":"4c235d8c1997e8964160117f8d6bf650ad1e8203","started":"2026-07-19T20:00:29.279Z","dispatch_accepted":true,"hop1_scheduled":true,"hop2_scheduled":true,"hop3_scheduled":true,"final_done":true,"hop_events":[{"marker":"CW4-HOP1-SCHEDULED","ts":1784491241508,"event":"session.message"},{"marker":"CW4-HOP2-SCHEDULED","ts":1784491253640,"event":"session.message"},{"marker":"CW4-HOP3-SCHEDULED","ts":1784491265179,"event":"session.message"},{"marker":"CW4-DONE","ts":1784491273327,"event":"session.message"}],"trace_id":null,"ended":"2026-07-19T20:01:13.327Z","duration_ms":44048}
time="2026-07-19T13:01:13-07:00" level=info msg="\n[R-CW-4] VERDICT: PASS-candidate" source=console

[R-CW-4] Summary: PASS-candidate | SHA: 4c235d8c1997e8964160117f8d6bf650ad1e8203 | Seat: silas

running (00m44.0s), 0/1 VUs, 1 complete and 0 interrupted iterations
r_cw_4_chain_depth ✓ [ 100% ] 1 VUs  00m44.0s/10m0s  1/1 shared iters
[R-CW-4] CANDIDATE REVIEW ENVELOPE: /tmp/silas-comparator-full-4c235d8c-20260719T1930Z/unattended/4c235d8c1997e8964160117f8d6bf650ad1e8203/R-CW-4/silas/20260719T200029Z-r-cw-4/candidate-run-result.json
[R-CW-4] METRICS: /tmp/silas-comparator-full-4c235d8c-20260719T1930Z/unattended/4c235d8c1997e8964160117f8d6bf650ad1e8203/R-CW-4/silas/20260719T200029Z-r-cw-4/openclaw-proofs-k6.prom
[R-CW-4] ARTIFACTS: /tmp/silas-comparator-full-4c235d8c-20260719T1930Z/unattended/4c235d8c1997e8964160117f8d6bf650ad1e8203/R-CW-4/silas/20260719T200029Z-r-cw-4
[R-CW-4] COMPLETED.
Observability check: query Grafana for run/nonce or review Tempo traces if trace ID was emitted.
REPORT: /tmp/silas-comparator-full-4c235d8c-20260719T1930Z/unattended/report.html

==========================================================
Runner execution finished.
