==========================================================
Project 81: Seat-Aware k6 Proof Runner
Seat: silas
Target Candidate SHA: 4c235d8c1997e8964160117f8d6bf650ad1e8203
Deployed Runtime SHA: 4c235d8c1997e8964160117f8d6bf650ad1e8203
Session configured: true
Artifact root: /tmp/silas-comparator-full-4c235d8c-20260719T1930Z/unattended
Rows: R-CW-DELEGATE-CHILD-LIVE
Dry Run: false
==========================================================
Running seat-readiness preflight (k6/tooling/gateway/continuation config)...
SEAT READINESS: /tmp/silas-comparator-full-4c235d8c-20260719T1930Z/unattended/seat-readiness.json

----------------------------------------
Row: R-CW-DELEGATE-CHILD-LIVE
Manifest: /tmp/silas-proof-matrix-20260719-1206/tools/k6-proofs/manifests/r-cw-delegate-child-live.json
Scenario: scenarios/static-corpus-row-validator.js
Status: runnable
Live Safety: k6-runnable
[R-CW-DELEGATE-CHILD-LIVE] RUNNING...
./static-corpus-row-summary.json

         /\      Grafana   /‾‾/  
    /\  /  \     |\  __   /  /   
   /  \/    \    | |/ /  /   ‾‾\ 
  /          \   |   (  |  (‾)  |
 / __________ \  |_|\_\  \_____/ 


     execution: local
        script: scenarios/static-corpus-row-validator.js
        output: -

     scenarios: (100.00%) 1 scenario, 1 max VUs, 45s max duration (incl. graceful stop):
              * static_corpus_row_validator: 1 iterations shared among 1 VUs (maxDuration: 15s, gracefulStop: 30s)

PUBLIC_EVIDENCE {"row":"R-CW-DELEGATE-CHILD-LIVE","sourceRow":"R-CW-DELEGATE-CHILD-LIVE","staticBoundaryVariant":false,"manifest_loaded":true,"candidateSha":"4c235d8c1997e8964160117f8d6bf650ad1e8203","currentProofSha":"4c235d8c1997e8964160117f8d6bf650ad1e8203","sourceEvidenceSha":"1cc8f4e3d617ef6f173283ef83d7b739a4995734","carriedFrom":"4c235d8c1997e8964160117f8d6bf650ad1e8203","started":"2026-07-19T20:01:15.493Z","checks":{"verdictPass":true,"hop1BeforeWork":true,"hop2AfterWake":true,"verifierBoth":true,"parentDelegateTrace":true,"childWorkFireTrace":true,"flowReceipts":true},"source_files":{"evidence":"../../../PROOFS/1cc8f4e3d617ef6f173283ef83d7b739a4995734/R-CW-DELEGATE-CHILD-LIVE/cael-dgx/EVIDENCE.md","hop1":"../../../PROOFS/1cc8f4e3d617ef6f173283ef83d7b739a4995734/R-CW-DELEGATE-CHILD-LIVE/cael-dgx/hop1.txt","hop2":"../../../PROOFS/1cc8f4e3d617ef6f173283ef83d7b739a4995734/R-CW-DELEGATE-CHILD-LIVE/cael-dgx/hop2.txt","verifier":"../../../PROOFS/1cc8f4e3d617ef6f173283ef83d7b739a4995734/R-CW-DELEGATE-CHILD-LIVE/cael-dgx/verifier-receipt.txt","tempo":"../../../PROOFS/1cc8f4e3d617ef6f173283ef83d7b739a4995734/R-CW-DELEGATE-CHILD-LIVE/cael-dgx/tempo-attribute-receipt.txt"},"ended":"2026-07-19T20:01:15.493Z","duration_ms":0,"verdict":"PASS-candidate"}

running (00.0s), 0/1 VUs, 1 complete and 0 interrupted iterations
static_corpus_row_validator ✓ [ 100% ] 1 VUs  00.0s/15s  1/1 shared iters
[R-CW-DELEGATE-CHILD-LIVE] CANDIDATE REVIEW ENVELOPE: /tmp/silas-comparator-full-4c235d8c-20260719T1930Z/unattended/4c235d8c1997e8964160117f8d6bf650ad1e8203/R-CW-DELEGATE-CHILD-LIVE/silas/20260719T200115Z-r-cw-delegate-child-live/candidate-run-result.json
[R-CW-DELEGATE-CHILD-LIVE] METRICS: /tmp/silas-comparator-full-4c235d8c-20260719T1930Z/unattended/4c235d8c1997e8964160117f8d6bf650ad1e8203/R-CW-DELEGATE-CHILD-LIVE/silas/20260719T200115Z-r-cw-delegate-child-live/openclaw-proofs-k6.prom
[R-CW-DELEGATE-CHILD-LIVE] ARTIFACTS: /tmp/silas-comparator-full-4c235d8c-20260719T1930Z/unattended/4c235d8c1997e8964160117f8d6bf650ad1e8203/R-CW-DELEGATE-CHILD-LIVE/silas/20260719T200115Z-r-cw-delegate-child-live
[R-CW-DELEGATE-CHILD-LIVE] COMPLETED.
Observability check: query Grafana for run/nonce or review Tempo traces if trace ID was emitted.
REPORT: /tmp/silas-comparator-full-4c235d8c-20260719T1930Z/unattended/report.html

==========================================================
Runner execution finished.
