==========================================================
Project 81: Seat-Aware k6 Proof Runner
Seat: silas
Target Candidate SHA: 4c235d8c1997e8964160117f8d6bf650ad1e8203
Deployed Runtime SHA: 4c235d8c1997e8964160117f8d6bf650ad1e8203
Session configured: true
Artifact root: /tmp/silas-comparator-full-4c235d8c-20260719T1930Z/unattended
Rows: R-CW-DELEGATE-SELF-CONTINUATION
Dry Run: false
==========================================================
Running seat-readiness preflight (k6/tooling/gateway/continuation config)...
SEAT READINESS: /tmp/silas-comparator-full-4c235d8c-20260719T1930Z/unattended/seat-readiness.json

----------------------------------------
Row: R-CW-DELEGATE-SELF-CONTINUATION
Manifest: /tmp/silas-proof-matrix-20260719-1206/tools/k6-proofs/manifests/r-cw-delegate-self.json
Scenario: scenarios/r-cw-delegate-self-continuation.js
Status: runnable
Live Safety: k6-runnable
[R-CW-DELEGATE-SELF-CONTINUATION] RUNNING...
./r-cw-delegate-self-continuation-summary.json

         /\      Grafana   /‾‾/  
    /\  /  \     |\  __   /  /   
   /  \/    \    | |/ /  /   ‾‾\ 
  /          \   |   (  |  (‾)  |
 / __________ \  |_|\_\  \_____/ 


     execution: local
        script: scenarios/r-cw-delegate-self-continuation.js
        output: -

     scenarios: (100.00%) 1 scenario, 1 max VUs, 3m0s max duration (incl. graceful stop):
              * r_cw_delegate_self: 1 iterations shared among 1 VUs (maxDuration: 2m30s, gracefulStop: 30s)

time="2026-07-19T13:01:16-07:00" level=info msg="✓ disposable session created: <redacted-session-key>" source=console
time="2026-07-19T13:01:17-07:00" level=info msg="✓ sessions.send accepted — agent turn triggered (will call continue_delegate)" source=console

running (0m01.0s), 1/1 VUs, 0 complete and 0 interrupted iterations
r_cw_delegate_self   [   0% ] 1 VUs  0m01.0s/2m30s  0/1 shared iters
time="2026-07-19T13:01:17-07:00" level=info msg="ℹ Ignoring harness prompt echo event" source=console

running (0m02.0s), 1/1 VUs, 0 complete and 0 interrupted iterations
r_cw_delegate_self   [   0% ] 1 VUs  0m02.0s/2m30s  0/1 shared iters

running (0m03.0s), 1/1 VUs, 0 complete and 0 interrupted iterations
r_cw_delegate_self   [   0% ] 1 VUs  0m03.0s/2m30s  0/1 shared iters

running (0m04.0s), 1/1 VUs, 0 complete and 0 interrupted iterations
r_cw_delegate_self   [   0% ] 1 VUs  0m04.0s/2m30s  0/1 shared iters

running (0m05.0s), 1/1 VUs, 0 complete and 0 interrupted iterations
r_cw_delegate_self   [   0% ] 1 VUs  0m05.0s/2m30s  0/1 shared iters

running (0m06.0s), 1/1 VUs, 0 complete and 0 interrupted iterations
r_cw_delegate_self   [   0% ] 1 VUs  0m06.0s/2m30s  0/1 shared iters

running (0m07.0s), 1/1 VUs, 0 complete and 0 interrupted iterations
r_cw_delegate_self   [   0% ] 1 VUs  0m07.0s/2m30s  0/1 shared iters

running (0m08.0s), 1/1 VUs, 0 complete and 0 interrupted iterations
r_cw_delegate_self   [   0% ] 1 VUs  0m08.0s/2m30s  0/1 shared iters

running (0m09.0s), 1/1 VUs, 0 complete and 0 interrupted iterations
r_cw_delegate_self   [   0% ] 1 VUs  0m09.0s/2m30s  0/1 shared iters
time="2026-07-19T13:01:26-07:00" level=info msg="ℹ Ignoring harness prompt echo event" source=console

running (0m10.0s), 1/1 VUs, 0 complete and 0 interrupted iterations
r_cw_delegate_self   [   0% ] 1 VUs  0m10.0s/2m30s  0/1 shared iters

running (0m11.0s), 1/1 VUs, 0 complete and 0 interrupted iterations
r_cw_delegate_self   [   0% ] 1 VUs  0m11.0s/2m30s  0/1 shared iters

running (0m12.0s), 1/1 VUs, 0 complete and 0 interrupted iterations
r_cw_delegate_self   [   0% ] 1 VUs  0m12.0s/2m30s  0/1 shared iters

running (0m13.0s), 1/1 VUs, 0 complete and 0 interrupted iterations
r_cw_delegate_self   [   0% ] 1 VUs  0m13.0s/2m30s  0/1 shared iters

running (0m14.0s), 1/1 VUs, 0 complete and 0 interrupted iterations
r_cw_delegate_self   [   0% ] 1 VUs  0m14.0s/2m30s  0/1 shared iters

running (0m15.0s), 1/1 VUs, 0 complete and 0 interrupted iterations
r_cw_delegate_self   [   0% ] 1 VUs  0m15.0s/2m30s  0/1 shared iters

running (0m16.0s), 1/1 VUs, 0 complete and 0 interrupted iterations
r_cw_delegate_self   [   0% ] 1 VUs  0m16.0s/2m30s  0/1 shared iters
time="2026-07-19T13:01:32-07:00" level=info msg="✓ CHILD-CW-SCHEDULED sentinel observed post-dispatch" source=console
time="2026-07-19T13:01:32-07:00" level=info msg="✓ CHILD-HOP2-DONE sentinel observed post-dispatch" source=console
time="2026-07-19T13:01:32-07:00" level=info msg="✓ Parent return event from delegate observed post-dispatch" source=console
time="2026-07-19T13:01:32-07:00" level=info msg="Primary R-CW-DELEGATE-SELF evidence gathered, closing early" source=console
PUBLIC_EVIDENCE {"row":"R-CW-DELEGATE-SELF-CONTINUATION","manifest_loaded":true,"seat":"silas","session_created":true,"candidateSha":"4c235d8c1997e8964160117f8d6bf650ad1e8203","started":"2026-07-19T20:01:16.587Z","delegate_accepted":true,"child_spawned":false,"child_continue_work_accepted":true,"child_hop_2_woke":true,"parent_return":true,"dispatch_accepted_at_ms":1784491277527,"trace_id":null,"ended":"2026-07-19T20:01:32.881Z","duration_ms":16294}
time="2026-07-19T13:01:32-07:00" level=info msg="\n[R-CW-DELEGATE-SELF-CONTINUATION] VERDICT: PASS-candidate" source=console

[R-CW-DELEGATE-SELF-CONTINUATION] Summary: PASS-candidate | SHA: 4c235d8c1997e8964160117f8d6bf650ad1e8203 | Seat: silas

running (0m16.3s), 0/1 VUs, 1 complete and 0 interrupted iterations
r_cw_delegate_self ✓ [ 100% ] 1 VUs  0m16.3s/2m30s  1/1 shared iters
[R-CW-DELEGATE-SELF-CONTINUATION] CANDIDATE REVIEW ENVELOPE: /tmp/silas-comparator-full-4c235d8c-20260719T1930Z/unattended/4c235d8c1997e8964160117f8d6bf650ad1e8203/R-CW-DELEGATE-SELF-CONTINUATION/silas/20260719T200116Z-r-cw-delegate-self-continuation/candidate-run-result.json
[R-CW-DELEGATE-SELF-CONTINUATION] METRICS: /tmp/silas-comparator-full-4c235d8c-20260719T1930Z/unattended/4c235d8c1997e8964160117f8d6bf650ad1e8203/R-CW-DELEGATE-SELF-CONTINUATION/silas/20260719T200116Z-r-cw-delegate-self-continuation/openclaw-proofs-k6.prom
[R-CW-DELEGATE-SELF-CONTINUATION] ARTIFACTS: /tmp/silas-comparator-full-4c235d8c-20260719T1930Z/unattended/4c235d8c1997e8964160117f8d6bf650ad1e8203/R-CW-DELEGATE-SELF-CONTINUATION/silas/20260719T200116Z-r-cw-delegate-self-continuation
[R-CW-DELEGATE-SELF-CONTINUATION] COMPLETED.
Observability check: query Grafana for run/nonce or review Tempo traces if trace ID was emitted.
REPORT: /tmp/silas-comparator-full-4c235d8c-20260719T1930Z/unattended/report.html

==========================================================
Runner execution finished.
