==========================================================
Project 81: Seat-Aware k6 Proof Runner
Seat: silas
Target Candidate SHA: 4c235d8c1997e8964160117f8d6bf650ad1e8203
Deployed Runtime SHA: 4c235d8c1997e8964160117f8d6bf650ad1e8203
Session configured: true
Artifact root: /tmp/silas-comparator-full-4c235d8c-20260719T1930Z/unattended
Rows: R-CW-DELEGATE-TOKEN
Dry Run: false
==========================================================
Running seat-readiness preflight (k6/tooling/gateway/continuation config)...
SEAT READINESS: /tmp/silas-comparator-full-4c235d8c-20260719T1930Z/unattended/seat-readiness.json

----------------------------------------
Row: R-CW-DELEGATE-TOKEN
Manifest: /tmp/silas-proof-matrix-20260719-1206/tools/k6-proofs/manifests/r-cw-delegate-token.json
Scenario: scenarios/static-corpus-row-validator.js
Status: runnable
Live Safety: k6-runnable
[R-CW-DELEGATE-TOKEN] RUNNING...
./static-corpus-row-summary.json

         /\      Grafana   /‾‾/  
    /\  /  \     |\  __   /  /   
   /  \/    \    | |/ /  /   ‾‾\ 
  /          \   |   (  |  (‾)  |
 / __________ \  |_|\_\  \_____/ 


     execution: local
        script: scenarios/static-corpus-row-validator.js
        output: -

     scenarios: (100.00%) 1 scenario, 1 max VUs, 45s max duration (incl. graceful stop):
              * static_corpus_row_validator: 1 iterations shared among 1 VUs (maxDuration: 15s, gracefulStop: 30s)

PUBLIC_EVIDENCE {"row":"R-CW-DELEGATE-TOKEN","sourceRow":"R-CW-DELEGATE-TOKEN","staticBoundaryVariant":false,"manifest_loaded":true,"candidateSha":"4c235d8c1997e8964160117f8d6bf650ad1e8203","currentProofSha":"4c235d8c1997e8964160117f8d6bf650ad1e8203","sourceEvidenceSha":"1cc8f4e3d617ef6f173283ef83d7b739a4995734","carriedFrom":"4c235d8c1997e8964160117f8d6bf650ad1e8203","started":"2026-07-19T20:01:33.982Z","checks":{"verdictPass":true,"bareToken":true,"tokenOrigin":true,"noTypedChildTool":true,"secondTurn":true,"durableWork":true,"tempoWorkFire":true},"source_files":{"evidence":"../../../PROOFS/1cc8f4e3d617ef6f173283ef83d7b739a4995734/R-CW-DELEGATE-TOKEN/cael-dgx/EVIDENCE.md","childAudit":"../../../PROOFS/1cc8f4e3d617ef6f173283ef83d7b739a4995734/R-CW-DELEGATE-TOKEN/cael-dgx/child-transcript-tool-audit.md","journal":"../../../PROOFS/1cc8f4e3d617ef6f173283ef83d7b739a4995734/R-CW-DELEGATE-TOKEN/cael-dgx/journal-continuation-excerpt.log","flowRows":"../../../PROOFS/1cc8f4e3d617ef6f173283ef83d7b739a4995734/R-CW-DELEGATE-TOKEN/cael-dgx/flow-runs-matching-full.jsonl","tempoAudit":"../../../PROOFS/1cc8f4e3d617ef6f173283ef83d7b739a4995734/R-CW-DELEGATE-TOKEN/cael-dgx/tempo-child-tool-audit.txt"},"ended":"2026-07-19T20:01:33.982Z","duration_ms":0,"verdict":"PASS-candidate"}

running (00.0s), 0/1 VUs, 1 complete and 0 interrupted iterations
static_corpus_row_validator ✓ [ 100% ] 1 VUs  00.0s/15s  1/1 shared iters
[R-CW-DELEGATE-TOKEN] CANDIDATE REVIEW ENVELOPE: /tmp/silas-comparator-full-4c235d8c-20260719T1930Z/unattended/4c235d8c1997e8964160117f8d6bf650ad1e8203/R-CW-DELEGATE-TOKEN/silas/20260719T200133Z-r-cw-delegate-token/candidate-run-result.json
[R-CW-DELEGATE-TOKEN] METRICS: /tmp/silas-comparator-full-4c235d8c-20260719T1930Z/unattended/4c235d8c1997e8964160117f8d6bf650ad1e8203/R-CW-DELEGATE-TOKEN/silas/20260719T200133Z-r-cw-delegate-token/openclaw-proofs-k6.prom
[R-CW-DELEGATE-TOKEN] ARTIFACTS: /tmp/silas-comparator-full-4c235d8c-20260719T1930Z/unattended/4c235d8c1997e8964160117f8d6bf650ad1e8203/R-CW-DELEGATE-TOKEN/silas/20260719T200133Z-r-cw-delegate-token
[R-CW-DELEGATE-TOKEN] COMPLETED.
Observability check: query Grafana for run/nonce or review Tempo traces if trace ID was emitted.
REPORT: /tmp/silas-comparator-full-4c235d8c-20260719T1930Z/unattended/report.html

==========================================================
Runner execution finished.
