==========================================================
Project 81: Seat-Aware k6 Proof Runner
Seat: silas
Target Candidate SHA: 4c235d8c1997e8964160117f8d6bf650ad1e8203
Deployed Runtime SHA: 4c235d8c1997e8964160117f8d6bf650ad1e8203
Session configured: true
Artifact root: /tmp/silas-comparator-full-4c235d8c-20260719T1930Z/unattended
Rows: R-CW-MULTI-COLLAPSE
Dry Run: false
==========================================================
Running seat-readiness preflight (k6/tooling/gateway/continuation config)...
SEAT READINESS: /tmp/silas-comparator-full-4c235d8c-20260719T1930Z/unattended/seat-readiness.json

----------------------------------------
Row: R-CW-MULTI-COLLAPSE
Manifest: /tmp/silas-proof-matrix-20260719-1206/tools/k6-proofs/manifests/r-cw-multi-collapse.json
Scenario: scenarios/static-corpus-row-validator.js
Status: runnable
Live Safety: k6-runnable
[R-CW-MULTI-COLLAPSE] RUNNING...
./static-corpus-row-summary.json

         /\      Grafana   /‾‾/  
    /\  /  \     |\  __   /  /   
   /  \/    \    | |/ /  /   ‾‾\ 
  /          \   |   (  |  (‾)  |
 / __________ \  |_|\_\  \_____/ 


     execution: local
        script: scenarios/static-corpus-row-validator.js
        output: -

     scenarios: (100.00%) 1 scenario, 1 max VUs, 45s max duration (incl. graceful stop):
              * static_corpus_row_validator: 1 iterations shared among 1 VUs (maxDuration: 15s, gracefulStop: 30s)

PUBLIC_EVIDENCE {"row":"R-CW-MULTI-COLLAPSE","sourceRow":"R-CW-MULTI-COLLAPSE","staticBoundaryVariant":false,"manifest_loaded":true,"candidateSha":"4c235d8c1997e8964160117f8d6bf650ad1e8203","currentProofSha":"4c235d8c1997e8964160117f8d6bf650ad1e8203","sourceEvidenceSha":"1cc8f4e3d617ef6f173283ef83d7b739a4995734","carriedFrom":"4c235d8c1997e8964160117f8d6bf650ad1e8203","started":"2026-07-19T20:01:35.077Z","checks":{"verdictPassScoped":true,"syntheticCaveat":true,"twoRowsInserted":true,"oldSuperseded":true,"newestGranted":true,"noRemainingQueued":true,"configRestored":true,"tempoExactChain":true},"source_files":{"evidence":"../../../PROOFS/1cc8f4e3d617ef6f173283ef83d7b739a4995734/R-CW-MULTI-COLLAPSE/cael-dgx/EVIDENCE.md","insertVars":"../../../PROOFS/1cc8f4e3d617ef6f173283ef83d7b739a4995734/R-CW-MULTI-COLLAPSE/cael-dgx/insert-vars.json","postInsert":"../../../PROOFS/1cc8f4e3d617ef6f173283ef83d7b739a4995734/R-CW-MULTI-COLLAPSE/cael-dgx/post-insert-sqlite.txt","finalTerminal":"../../../PROOFS/1cc8f4e3d617ef6f173283ef83d7b739a4995734/R-CW-MULTI-COLLAPSE/cael-dgx/final-terminal-sqlite.txt","finalQueued":"../../../PROOFS/1cc8f4e3d617ef6f173283ef83d7b739a4995734/R-CW-MULTI-COLLAPSE/cael-dgx/final-queued-running.txt","flowRows":"../../../PROOFS/1cc8f4e3d617ef6f173283ef83d7b739a4995734/R-CW-MULTI-COLLAPSE/cael-dgx/flow-runs-final.json","journal":"../../../PROOFS/1cc8f4e3d617ef6f173283ef83d7b739a4995734/R-CW-MULTI-COLLAPSE/cael-dgx/journal-continuation-window.txt","restoreHash":"../../../PROOFS/1cc8f4e3d617ef6f173283ef83d7b739a4995734/R-CW-MULTI-COLLAPSE/cael-dgx/restore-verified-sha256.txt","tempoAttrs":"../../../PROOFS/1cc8f4e3d617ef6f173283ef83d7b739a4995734/R-CW-MULTI-COLLAPSE/cael-dgx/tempo-attribute-receipt.txt"},"ended":"2026-07-19T20:01:35.078Z","duration_ms":1,"verdict":"PASS-candidate"}

running (00.0s), 0/1 VUs, 1 complete and 0 interrupted iterations
static_corpus_row_validator ✓ [ 100% ] 1 VUs  00.0s/15s  1/1 shared iters
[R-CW-MULTI-COLLAPSE] CANDIDATE REVIEW ENVELOPE: /tmp/silas-comparator-full-4c235d8c-20260719T1930Z/unattended/4c235d8c1997e8964160117f8d6bf650ad1e8203/R-CW-MULTI-COLLAPSE/silas/20260719T200135Z-r-cw-multi-collapse/candidate-run-result.json
[R-CW-MULTI-COLLAPSE] METRICS: /tmp/silas-comparator-full-4c235d8c-20260719T1930Z/unattended/4c235d8c1997e8964160117f8d6bf650ad1e8203/R-CW-MULTI-COLLAPSE/silas/20260719T200135Z-r-cw-multi-collapse/openclaw-proofs-k6.prom
[R-CW-MULTI-COLLAPSE] ARTIFACTS: /tmp/silas-comparator-full-4c235d8c-20260719T1930Z/unattended/4c235d8c1997e8964160117f8d6bf650ad1e8203/R-CW-MULTI-COLLAPSE/silas/20260719T200135Z-r-cw-multi-collapse
[R-CW-MULTI-COLLAPSE] COMPLETED.
Observability check: query Grafana for run/nonce or review Tempo traces if trace ID was emitted.
REPORT: /tmp/silas-comparator-full-4c235d8c-20260719T1930Z/unattended/report.html

==========================================================
Runner execution finished.
