==========================================================
Project 81: Seat-Aware k6 Proof Runner
Seat: silas
Target Candidate SHA: 4c235d8c1997e8964160117f8d6bf650ad1e8203
Deployed Runtime SHA: 4c235d8c1997e8964160117f8d6bf650ad1e8203
Session configured: true
Artifact root: /tmp/silas-comparator-full-4c235d8c-20260719T1930Z/unattended
Rows: R-CW-TOKEN
Dry Run: false
==========================================================
Running seat-readiness preflight (k6/tooling/gateway/continuation config)...
SEAT READINESS: /tmp/silas-comparator-full-4c235d8c-20260719T1930Z/unattended/seat-readiness.json

----------------------------------------
Row: R-CW-TOKEN
Manifest: /tmp/silas-proof-matrix-20260719-1206/tools/k6-proofs/manifests/r-cw-token.json
Scenario: scenarios/r-cw-token-bracket.js
Status: runnable
Live Safety: k6-runnable
[R-CW-TOKEN] RUNNING...
./r-cw-token-bracket-summary.json

         /\      Grafana   /‾‾/  
    /\  /  \     |\  __   /  /   
   /  \/    \    | |/ /  /   ‾‾\ 
  /          \   |   (  |  (‾)  |
 / __________ \  |_|\_\  \_____/ 


     execution: local
        script: scenarios/r-cw-token-bracket.js
        output: -

     scenarios: (100.00%) 1 scenario, 1 max VUs, 3m30s max duration (incl. graceful stop):
              * r_cw_token_bracket: 1 iterations shared among 1 VUs (maxDuration: 3m0s, gracefulStop: 30s)

time="2026-07-19T13:01:37-07:00" level=info msg="✓ disposable session created: <redacted-session-key>" source=console

running (0m01.0s), 1/1 VUs, 0 complete and 0 interrupted iterations
r_cw_token_bracket   [   0% ] 1 VUs  0m01.0s/3m0s  0/1 shared iters
time="2026-07-19T13:01:38-07:00" level=info msg="✓ sessions.send accepted — parent agent turn triggered" source=console
time="2026-07-19T13:01:39-07:00" level=info msg="ℹ Ignoring harness prompt echo event" source=console

running (0m02.0s), 1/1 VUs, 0 complete and 0 interrupted iterations
r_cw_token_bracket   [   0% ] 1 VUs  0m02.0s/3m0s  0/1 shared iters

running (0m03.0s), 1/1 VUs, 0 complete and 0 interrupted iterations
r_cw_token_bracket   [   0% ] 1 VUs  0m03.0s/3m0s  0/1 shared iters

running (0m04.0s), 1/1 VUs, 0 complete and 0 interrupted iterations
r_cw_token_bracket   [   0% ] 1 VUs  0m04.0s/3m0s  0/1 shared iters

running (0m05.0s), 1/1 VUs, 0 complete and 0 interrupted iterations
r_cw_token_bracket   [   0% ] 1 VUs  0m05.0s/3m0s  0/1 shared iters

running (0m06.0s), 1/1 VUs, 0 complete and 0 interrupted iterations
r_cw_token_bracket   [   0% ] 1 VUs  0m06.0s/3m0s  0/1 shared iters

running (0m07.0s), 1/1 VUs, 0 complete and 0 interrupted iterations
r_cw_token_bracket   [   0% ] 1 VUs  0m07.0s/3m0s  0/1 shared iters

running (0m08.0s), 1/1 VUs, 0 complete and 0 interrupted iterations
r_cw_token_bracket   [   0% ] 1 VUs  0m08.0s/3m0s  0/1 shared iters

running (0m09.0s), 1/1 VUs, 0 complete and 0 interrupted iterations
r_cw_token_bracket   [   0% ] 1 VUs  0m09.0s/3m0s  0/1 shared iters
time="2026-07-19T13:01:46-07:00" level=info msg="✓ parent sessions_spawn acceptance signal observed" source=console
time="2026-07-19T13:01:47-07:00" level=info msg="✓ parent sessions_spawn acceptance signal observed" source=console
time="2026-07-19T13:01:47-07:00" level=info msg="ℹ Ignoring harness prompt echo event" source=console

running (0m10.0s), 1/1 VUs, 0 complete and 0 interrupted iterations
r_cw_token_bracket   [   0% ] 1 VUs  0m10.0s/3m0s  0/1 shared iters

running (0m11.0s), 1/1 VUs, 0 complete and 0 interrupted iterations
r_cw_token_bracket   [   0% ] 1 VUs  0m11.0s/3m0s  0/1 shared iters

running (0m12.0s), 1/1 VUs, 0 complete and 0 interrupted iterations
r_cw_token_bracket   [   0% ] 1 VUs  0m12.0s/3m0s  0/1 shared iters

running (0m13.0s), 1/1 VUs, 0 complete and 0 interrupted iterations
r_cw_token_bracket   [   0% ] 1 VUs  0m13.0s/3m0s  0/1 shared iters

running (0m14.0s), 1/1 VUs, 0 complete and 0 interrupted iterations
r_cw_token_bracket   [   0% ] 1 VUs  0m14.0s/3m0s  0/1 shared iters

running (0m15.0s), 1/1 VUs, 0 complete and 0 interrupted iterations
r_cw_token_bracket   [   0% ] 1 VUs  0m15.0s/3m0s  0/1 shared iters

running (0m16.0s), 1/1 VUs, 0 complete and 0 interrupted iterations
r_cw_token_bracket   [   0% ] 1 VUs  0m16.0s/3m0s  0/1 shared iters
time="2026-07-19T13:01:53-07:00" level=info msg="✓ parent sessions_spawn acceptance signal observed" source=console
time="2026-07-19T13:01:53-07:00" level=info msg="✓ token-emitting child turn observed" source=console
time="2026-07-19T13:01:53-07:00" level=info msg="✓ TOKEN-HOP2-DONE sentinel observed — hop-2 executed" source=console
time="2026-07-19T13:01:53-07:00" level=info msg="All required R-CW-TOKEN evidence gathered, closing early" source=console
PUBLIC_EVIDENCE {"row":"R-CW-TOKEN","manifest_loaded":true,"seat":"silas","session_created":true,"candidateSha":"4c235d8c1997e8964160117f8d6bf650ad1e8203","started":"2026-07-19T20:01:37.371Z","parent_dispatch_accepted":true,"subagent_spawn_requested":true,"subagent_spawn_accepted":true,"token_emitted_or_stripped":true,"hop_2_executed":true,"parent_return":true,"dispatch_accepted_at_ms":1784491298634,"hop_2_at_ms":1784491313687,"trace_id":null,"ended":"2026-07-19T20:01:53.687Z","duration_ms":16316}
time="2026-07-19T13:01:53-07:00" level=info msg="\n[R-CW-TOKEN] VERDICT: PASS-candidate" source=console

[R-CW-TOKEN] Summary: PASS-candidate | SHA: 4c235d8c1997e8964160117f8d6bf650ad1e8203 | Seat: silas

running (0m16.3s), 0/1 VUs, 1 complete and 0 interrupted iterations
r_cw_token_bracket ✓ [ 100% ] 1 VUs  0m16.3s/3m0s  1/1 shared iters
[R-CW-TOKEN] CANDIDATE REVIEW ENVELOPE: /tmp/silas-comparator-full-4c235d8c-20260719T1930Z/unattended/4c235d8c1997e8964160117f8d6bf650ad1e8203/R-CW-TOKEN/silas/20260719T200137Z-r-cw-token/candidate-run-result.json
[R-CW-TOKEN] METRICS: /tmp/silas-comparator-full-4c235d8c-20260719T1930Z/unattended/4c235d8c1997e8964160117f8d6bf650ad1e8203/R-CW-TOKEN/silas/20260719T200137Z-r-cw-token/openclaw-proofs-k6.prom
[R-CW-TOKEN] ARTIFACTS: /tmp/silas-comparator-full-4c235d8c-20260719T1930Z/unattended/4c235d8c1997e8964160117f8d6bf650ad1e8203/R-CW-TOKEN/silas/20260719T200137Z-r-cw-token
[R-CW-TOKEN] COMPLETED.
Observability check: query Grafana for run/nonce or review Tempo traces if trace ID was emitted.
REPORT: /tmp/silas-comparator-full-4c235d8c-20260719T1930Z/unattended/report.html

==========================================================
Runner execution finished.
