
         /\      Grafana   /‾‾/  
    /\  /  \     |\  __   /  /   
   /  \/    \    | |/ /  /   ‾‾\ 
  /          \   |   (  |  (‾)  |
 / __________ \  |_|\_\  \_____/ 


     execution: local
        script: scenarios/r-cw-token-bracket.js
        output: -

     scenarios: (100.00%) 1 scenario, 1 max VUs, 3m30s max duration (incl. graceful stop):
              * r_cw_token_bracket: 1 iterations shared among 1 VUs (maxDuration: 3m0s, gracefulStop: 30s)


running (0m01.0s), 1/1 VUs, 0 complete and 0 interrupted iterations
r_cw_token_bracket   [   0% ] 1 VUs  0m01.0s/3m0s  0/1 shared iters
time="2026-08-12T04:40:48-07:00" level=info msg="✓ disposable session created: <redacted-session-key>" source=console

running (0m02.0s), 1/1 VUs, 0 complete and 0 interrupted iterations
r_cw_token_bracket   [   0% ] 1 VUs  0m02.0s/3m0s  0/1 shared iters
time="2026-08-12T04:40:49-07:00" level=info msg="✓ sessions.send accepted — parent agent turn triggered" source=console

running (0m03.0s), 1/1 VUs, 0 complete and 0 interrupted iterations
r_cw_token_bracket   [   0% ] 1 VUs  0m03.0s/3m0s  0/1 shared iters

running (0m04.0s), 1/1 VUs, 0 complete and 0 interrupted iterations
r_cw_token_bracket   [   0% ] 1 VUs  0m04.0s/3m0s  0/1 shared iters
time="2026-08-12T04:40:51-07:00" level=info msg="ℹ Ignoring harness prompt echo event" source=console

running (0m05.0s), 1/1 VUs, 0 complete and 0 interrupted iterations
r_cw_token_bracket   [   0% ] 1 VUs  0m05.0s/3m0s  0/1 shared iters

running (0m06.0s), 1/1 VUs, 0 complete and 0 interrupted iterations
r_cw_token_bracket   [   0% ] 1 VUs  0m06.0s/3m0s  0/1 shared iters

running (0m07.0s), 1/1 VUs, 0 complete and 0 interrupted iterations
r_cw_token_bracket   [   0% ] 1 VUs  0m07.0s/3m0s  0/1 shared iters

running (0m08.0s), 1/1 VUs, 0 complete and 0 interrupted iterations
r_cw_token_bracket   [   0% ] 1 VUs  0m08.0s/3m0s  0/1 shared iters

running (0m09.0s), 1/1 VUs, 0 complete and 0 interrupted iterations
r_cw_token_bracket   [   0% ] 1 VUs  0m09.0s/3m0s  0/1 shared iters

running (0m10.0s), 1/1 VUs, 0 complete and 0 interrupted iterations
r_cw_token_bracket   [   0% ] 1 VUs  0m10.0s/3m0s  0/1 shared iters

running (0m11.0s), 1/1 VUs, 0 complete and 0 interrupted iterations
r_cw_token_bracket   [   0% ] 1 VUs  0m11.0s/3m0s  0/1 shared iters

running (0m12.0s), 1/1 VUs, 0 complete and 0 interrupted iterations
r_cw_token_bracket   [   0% ] 1 VUs  0m12.0s/3m0s  0/1 shared iters

running (0m13.0s), 1/1 VUs, 0 complete and 0 interrupted iterations
r_cw_token_bracket   [   0% ] 1 VUs  0m13.0s/3m0s  0/1 shared iters

running (0m14.0s), 1/1 VUs, 0 complete and 0 interrupted iterations
r_cw_token_bracket   [   0% ] 1 VUs  0m14.0s/3m0s  0/1 shared iters

running (0m15.0s), 1/1 VUs, 0 complete and 0 interrupted iterations
r_cw_token_bracket   [   0% ] 1 VUs  0m15.0s/3m0s  0/1 shared iters
time="2026-08-12T04:41:02-07:00" level=info msg="✓ parent sessions_spawn acceptance signal observed" source=console

running (0m16.0s), 1/1 VUs, 0 complete and 0 interrupted iterations
r_cw_token_bracket   [   0% ] 1 VUs  0m16.0s/3m0s  0/1 shared iters

running (0m17.0s), 1/1 VUs, 0 complete and 0 interrupted iterations
r_cw_token_bracket   [   0% ] 1 VUs  0m17.0s/3m0s  0/1 shared iters
time="2026-08-12T04:41:04-07:00" level=info msg="✓ parent sessions_spawn acceptance signal observed" source=console
time="2026-08-12T04:41:04-07:00" level=info msg="✓ parent sessions_spawn acceptance signal observed" source=console
time="2026-08-12T04:41:04-07:00" level=info msg="✓ parent sessions_spawn acceptance signal observed" source=console

running (0m18.0s), 1/1 VUs, 0 complete and 0 interrupted iterations
r_cw_token_bracket   [   0% ] 1 VUs  0m18.0s/3m0s  0/1 shared iters

running (0m19.0s), 1/1 VUs, 0 complete and 0 interrupted iterations
r_cw_token_bracket   [   0% ] 1 VUs  0m19.0s/3m0s  0/1 shared iters

running (0m20.0s), 1/1 VUs, 0 complete and 0 interrupted iterations
r_cw_token_bracket   [   0% ] 1 VUs  0m20.0s/3m0s  0/1 shared iters

running (0m21.0s), 1/1 VUs, 0 complete and 0 interrupted iterations
r_cw_token_bracket   [   0% ] 1 VUs  0m21.0s/3m0s  0/1 shared iters
time="2026-08-12T04:41:08-07:00" level=info msg="✓ parent sessions_spawn acceptance signal observed" source=console
time="2026-08-12T04:41:08-07:00" level=info msg="✓ parent sessions_spawn acceptance signal observed" source=console
time="2026-08-12T04:41:08-07:00" level=info msg="✓ parent sessions_spawn acceptance signal observed" source=console
time="2026-08-12T04:41:08-07:00" level=info msg="✓ parent sessions_spawn acceptance signal observed" source=console
time="2026-08-12T04:41:08-07:00" level=info msg="✓ parent sessions_spawn acceptance signal observed" source=console
time="2026-08-12T04:41:08-07:00" level=info msg="✓ parent sessions_spawn acceptance signal observed" source=console
time="2026-08-12T04:41:08-07:00" level=info msg="✓ parent sessions_spawn acceptance signal observed" source=console
time="2026-08-12T04:41:08-07:00" level=info msg="✓ parent sessions_spawn acceptance signal observed" source=console
time="2026-08-12T04:41:08-07:00" level=info msg="✓ parent sessions_spawn acceptance signal observed" source=console
time="2026-08-12T04:41:08-07:00" level=info msg="✓ parent sessions_spawn acceptance signal observed" source=console
time="2026-08-12T04:41:08-07:00" level=info msg="✓ parent sessions_spawn acceptance signal observed" source=console
time="2026-08-12T04:41:08-07:00" level=info msg="✓ parent sessions_spawn acceptance signal observed" source=console
time="2026-08-12T04:41:08-07:00" level=info msg="✓ parent sessions_spawn acceptance signal observed" source=console
time="2026-08-12T04:41:08-07:00" level=info msg="✓ parent sessions_spawn acceptance signal observed" source=console
time="2026-08-12T04:41:08-07:00" level=info msg="✓ parent sessions_spawn acceptance signal observed" source=console
time="2026-08-12T04:41:08-07:00" level=info msg="✓ parent sessions_spawn acceptance signal observed" source=console
time="2026-08-12T04:41:08-07:00" level=info msg="✓ parent sessions_spawn acceptance signal observed" source=console
time="2026-08-12T04:41:08-07:00" level=info msg="✓ parent sessions_spawn acceptance signal observed" source=console
time="2026-08-12T04:41:08-07:00" level=info msg="✓ parent sessions_spawn acceptance signal observed" source=console
time="2026-08-12T04:41:08-07:00" level=info msg="✓ parent sessions_spawn acceptance signal observed" source=console
time="2026-08-12T04:41:08-07:00" level=info msg="✓ parent sessions_spawn acceptance signal observed" source=console
time="2026-08-12T04:41:08-07:00" level=info msg="✓ parent sessions_spawn acceptance signal observed" source=console
time="2026-08-12T04:41:08-07:00" level=info msg="✓ parent sessions_spawn acceptance signal observed" source=console
time="2026-08-12T04:41:08-07:00" level=info msg="✓ parent sessions_spawn acceptance signal observed" source=console
time="2026-08-12T04:41:08-07:00" level=info msg="✓ parent sessions_spawn acceptance signal observed" source=console
time="2026-08-12T04:41:08-07:00" level=info msg="✓ parent sessions_spawn acceptance signal observed" source=console
time="2026-08-12T04:41:08-07:00" level=info msg="✓ parent sessions_spawn acceptance signal observed" source=console
time="2026-08-12T04:41:08-07:00" level=info msg="✓ parent sessions_spawn acceptance signal observed" source=console
time="2026-08-12T04:41:08-07:00" level=info msg="✓ parent sessions_spawn acceptance signal observed" source=console
time="2026-08-12T04:41:08-07:00" level=info msg="✓ parent sessions_spawn acceptance signal observed" source=console
time="2026-08-12T04:41:08-07:00" level=info msg="✓ parent sessions_spawn acceptance signal observed" source=console
time="2026-08-12T04:41:08-07:00" level=info msg="✓ parent sessions_spawn acceptance signal observed" source=console
time="2026-08-12T04:41:08-07:00" level=info msg="✓ parent sessions_spawn acceptance signal observed" source=console
time="2026-08-12T04:41:08-07:00" level=info msg="✓ parent sessions_spawn acceptance signal observed" source=console
time="2026-08-12T04:41:08-07:00" level=info msg="✓ parent sessions_spawn acceptance signal observed" source=console
time="2026-08-12T04:41:08-07:00" level=info msg="✓ parent sessions_spawn acceptance signal observed" source=console
time="2026-08-12T04:41:08-07:00" level=info msg="✓ parent sessions_spawn acceptance signal observed" source=console
time="2026-08-12T04:41:08-07:00" level=info msg="✓ parent sessions_spawn acceptance signal observed" source=console
time="2026-08-12T04:41:08-07:00" level=info msg="✓ parent sessions_spawn acceptance signal observed" source=console
time="2026-08-12T04:41:08-07:00" level=info msg="✓ token-emitting child turn observed" source=console
time="2026-08-12T04:41:08-07:00" level=info msg="✓ TOKEN-HOP2-DONE sentinel observed — hop-2 executed" source=console
time="2026-08-12T04:41:08-07:00" level=info msg="All required R-CW-TOKEN evidence gathered, closing early" source=console
PUBLIC_EVIDENCE {"row":"R-CW-TOKEN","manifest_loaded":true,"seat":"cael","session_created":true,"candidateSha":"2b07ba509564bd8a8f1031bf58dd107c1a24c78f","started":"2026-08-12T11:40:46.922Z","parent_dispatch_accepted":true,"subagent_spawn_requested":true,"subagent_spawn_accepted":true,"token_emitted_or_stripped":true,"hop_2_executed":true,"parent_return":true,"dispatch_accepted_at_ms":1786534849218,"hop_2_at_ms":1786534868285,"trace_id":null,"ended":"2026-08-12T11:41:08.285Z","duration_ms":21363}
time="2026-08-12T04:41:08-07:00" level=info msg="\n[R-CW-TOKEN] VERDICT: PASS-candidate" source=console

[R-CW-TOKEN] Summary: PASS-candidate | SHA: 2b07ba509564bd8a8f1031bf58dd107c1a24c78f | Seat: cael

running (0m21.4s), 0/1 VUs, 1 complete and 0 interrupted iterations
r_cw_token_bracket ✓ [ 100% ] 1 VUs  0m21.4s/3m0s  1/1 shared iters
