Resolving session key for selector: discord-channel:1466192485440164011
==========================================================
Project 81: Seat-Aware k6 Proof Runner
Seat: ronan
Target Candidate SHA: e08f696618da57e7267a2148578fa4ab0d8b0d01
Deployed Runtime SHA: e08f696618da57e7267a2148578fa4ab0d8b0d01
Session: main
Artifact root: /tmp/p81-ronan-live-e08f696-20260709T032347Z/artifacts
Rows: R-CW-DELEGATE-SELF-CONTINUATION
Dry Run: false
==========================================================
Running seat-readiness preflight (k6/tooling/gateway/continuation config)...
SEAT READINESS: /tmp/p81-ronan-live-e08f696-20260709T032347Z/artifacts/seat-readiness.json

----------------------------------------
Row: R-CW-DELEGATE-SELF-CONTINUATION
Manifest: /home/figs/source/karmaterminal-openclaw-docs/tools/k6-proofs/manifests/r-cw-delegate-self.json
Scenario: scenarios/r-cw-delegate-self-continuation.js
Status: runnable
Live Safety: k6-runnable
[R-CW-DELEGATE-SELF-CONTINUATION] RUNNING...

         /\      Grafana   /‾‾/  
    /\  /  \     |\  __   /  /   
   /  \/    \    | |/ /  /   ‾‾\ 
  /          \   |   (  |  (‾)  |
 / __________ \  |_|\_\  \_____/ 


     execution: local
        script: scenarios/r-cw-delegate-self-continuation.js
        output: -

     scenarios: (100.00%) 1 scenario, 1 max VUs, 3m0s max duration (incl. graceful stop):
              * r_cw_delegate_self: 1 iterations shared among 1 VUs (maxDuration: 2m30s, gracefulStop: 30s)

time="2026-07-08T20:33:15-07:00" level=info msg="✓ disposable session created: agent:main:r-cw-ds-r-cw-ds-1783567995429-unfn2fbr" source=console
time="2026-07-08T20:33:16-07:00" level=info msg="✓ sessions.send accepted — agent turn triggered (will call continue_delegate)" source=console

running (0m01.0s), 1/1 VUs, 0 complete and 0 interrupted iterations
r_cw_delegate_self   [   0% ] 1 VUs  0m01.0s/2m30s  0/1 shared iters

running (0m02.0s), 1/1 VUs, 0 complete and 0 interrupted iterations
r_cw_delegate_self   [   0% ] 1 VUs  0m02.0s/2m30s  0/1 shared iters

running (0m03.0s), 1/1 VUs, 0 complete and 0 interrupted iterations
r_cw_delegate_self   [   0% ] 1 VUs  0m03.0s/2m30s  0/1 shared iters

running (0m04.0s), 1/1 VUs, 0 complete and 0 interrupted iterations
r_cw_delegate_self   [   0% ] 1 VUs  0m04.0s/2m30s  0/1 shared iters
time="2026-07-08T20:33:19-07:00" level=info msg="ℹ Ignoring harness prompt echo event" source=console

running (0m05.0s), 1/1 VUs, 0 complete and 0 interrupted iterations
r_cw_delegate_self   [   0% ] 1 VUs  0m05.0s/2m30s  0/1 shared iters

running (0m06.0s), 1/1 VUs, 0 complete and 0 interrupted iterations
r_cw_delegate_self   [   0% ] 1 VUs  0m06.0s/2m30s  0/1 shared iters
time="2026-07-08T20:33:21-07:00" level=info msg="ℹ Ignoring harness prompt echo event" source=console

running (0m07.0s), 1/1 VUs, 0 complete and 0 interrupted iterations
r_cw_delegate_self   [   0% ] 1 VUs  0m07.0s/2m30s  0/1 shared iters

running (0m08.0s), 1/1 VUs, 0 complete and 0 interrupted iterations
r_cw_delegate_self   [   0% ] 1 VUs  0m08.0s/2m30s  0/1 shared iters
time="2026-07-08T20:33:23-07:00" level=info msg="ℹ Ignoring harness prompt echo event" source=console

running (0m09.0s), 1/1 VUs, 0 complete and 0 interrupted iterations
r_cw_delegate_self   [   0% ] 1 VUs  0m09.0s/2m30s  0/1 shared iters

running (0m10.0s), 1/1 VUs, 0 complete and 0 interrupted iterations
r_cw_delegate_self   [   0% ] 1 VUs  0m10.0s/2m30s  0/1 shared iters

running (0m11.0s), 1/1 VUs, 0 complete and 0 interrupted iterations
r_cw_delegate_self   [   0% ] 1 VUs  0m11.0s/2m30s  0/1 shared iters

running (0m12.0s), 1/1 VUs, 0 complete and 0 interrupted iterations
r_cw_delegate_self   [   0% ] 1 VUs  0m12.0s/2m30s  0/1 shared iters

running (0m13.0s), 1/1 VUs, 0 complete and 0 interrupted iterations
r_cw_delegate_self   [   0% ] 1 VUs  0m13.0s/2m30s  0/1 shared iters
time="2026-07-08T20:33:28-07:00" level=info msg="✓ CHILD-CW-SCHEDULED sentinel observed post-dispatch" source=console
time="2026-07-08T20:33:28-07:00" level=info msg="✓ CHILD-HOP2-DONE sentinel observed post-dispatch" source=console
time="2026-07-08T20:33:28-07:00" level=info msg="✓ Parent return event from delegate observed post-dispatch" source=console
time="2026-07-08T20:33:28-07:00" level=info msg="Primary R-CW-DELEGATE-SELF evidence gathered, closing early" source=console
time="2026-07-08T20:33:28-07:00" level=info msg="\n--- R-CW-DELEGATE-SELF-CONTINUATION EVIDENCE SUMMARY ---" source=console
time="2026-07-08T20:33:28-07:00" level=info msg="{\n  \"row\": \"R-CW-DELEGATE-SELF-CONTINUATION\",\n  \"manifest_loaded\": true,\n  \"nonce\": \"R-CW-DS-1783567995429-unfn2fbr\",\n  \"seat\": \"ronan\",\n  \"requestedSessionKey\": \"main\",\n  \"sessionKey\": \"agent:main:r-cw-ds-r-cw-ds-1783567995429-unfn2fbr\",\n  \"session_created\": true,\n  \"created_session_key\": \"agent:main:r-cw-ds-r-cw-ds-1783567995429-unfn2fbr\",\n  \"candidateSha\": \"e08f696618da57e7267a2148578fa4ab0d8b0d01\",\n  \"started\": \"2026-07-09T03:33:15.429Z\",\n  \"delegate_accepted\": true,\n  \"child_spawned\": false,\n  \"child_continue_work_accepted\": true,\n  \"child_hop_2_woke\": true,\n  \"parent_return\": true,\n  \"dispatch_accepted_at_ms\": 1783567996321,\n  \"trace_id\": null,\n  \"redacted_events\": [\n    {\n      \"ts\": 1783567995431,\n      \"kind\": \"event\",\n      \"method\": null,\n      \"event\": \"connect.challenge\",\n      \"ok\": null,\n      \"data\": null\n    },\n    {\n      \"ts\": 1783567995432,\n      \"kind\": \"other\",\n      \"method\": null,\n      \"event\": null,\n      \"ok\": null,\n      \"data\": null\n    },\n    {\n      \"ts\": 1783567995495,\n      \"kind\": \"event\",\n      \"method\": null,\n      \"event\": \"health\",\n      \"ok\": null,\n      \"data\": null\n    },\n    {\n      \"ts\": 1783567995784,\n      \"kind\": \"response\",\n      \"method\": \"sessions.create\",\n      \"event\": null,\n      \"ok\": true,\n      \"data\": {\n        \"ok\": true\n      }\n    },\n    {\n      \"ts\": 1783567995813,\n      \"kind\": \"response\",\n      \"method\": \"sessions.messages.subscribe\",\n      \"event\": null,\n      \"ok\": true,\n      \"data\": {}\n    },\n    {\n      \"ts\": 1783567996321,\n      \"kind\": \"response\",\n      \"method\": \"sessions.send\",\n      \"event\": null,\n      \"ok\": true,\n      \"data\": {\n        \"runId\": \"R-CW-DELEGATE-SELF-DISPATCH-R-CW-DS-1783567995429-unfn2fbr\",\n        \"status\": \"started\"\n      }\n    },\n    {\n      \"ts\": 1783567996908,\n      \"kind\": \"event\",\n      \"method\": null,\n      \"event\": \"agent\",\n      \"ok\": null,\n      \"data\": null\n    },\n    {\n      \"ts\": 1783567999441,\n      \"kind\": \"event\",\n      \"method\": null,\n      \"event\": \"tick\",\n      \"ok\": null,\n      \"data\": null\n    },\n    {\n      \"ts\": 1783567999484,\n      \"kind\": \"event\",\n      \"method\": null,\n      \"event\": \"agent\",\n      \"ok\": null,\n      \"data\": null\n    },\n    {\n      \"ts\": 1783568000789,\n      \"kind\": \"response\",\n      \"method\": \"tasks.list\",\n      \"event\": null,\n      \"ok\": true,\n      \"data\": {}\n    },\n    {\n      \"ts\": 1783568001933,\n      \"kind\": \"event\",\n      \"method\": null,\n      \"event\": \"health\",\n      \"ok\": null,\n      \"data\": null\n    },\n    {\n      \"ts\": 1783568001950,\n      \"kind\": \"event\",\n      \"method\": null,\n      \"event\": \"presence\",\n      \"ok\": null,\n      \"data\": null\n    },\n    {\n      \"ts\": 1783568001983,\n      \"kind\": \"event\",\n      \"method\": null,\n      \"event\": \"agent\",\n      \"ok\": null,\n      \"data\": null\n    },\n    {\n      \"ts\": 1783568003502,\n      \"kind\": \"event\",\n      \"method\": null,\n      \"event\": \"agent\",\n      \"ok\": null,\n      \"data\": null\n    },\n    {\n      \"ts\": 1783568003502,\n      \"kind\": \"event\",\n      \"method\": null,\n      \"event\": \"chat\",\n      \"ok\": null,\n      \"data\": null\n    },\n    {\n      \"ts\": 1783568003651,\n      \"kind\": \"event\",\n      \"method\": null,\n      \"event\": \"agent\",\n      \"ok\": null,\n      \"data\": null\n    },\n    {\n      \"ts\": 1783568003699,\n      \"kind\": \"event\",\n      \"method\": null,\n      \"event\": \"session.message\",\n      \"ok\": null,\n      \"data\": null\n    },\n    {\n      \"ts\": 1783568008527,\n      \"kind\": \"event\",\n      \"method\": null,\n      \"event\": \"session.message\",\n      \"ok\": null,\n      \"data\": null\n    }\n  ],\n  \"ended\": \"2026-07-09T03:33:28.528Z\",\n  \"duration_ms\": 13099\n}" source=console
time="2026-07-08T20:33:28-07:00" level=info msg="--- END EVIDENCE ---" source=console
time="2026-07-08T20:33:28-07:00" level=info msg="\n[R-CW-DELEGATE-SELF-CONTINUATION] VERDICT: PASS-candidate" source=console

[R-CW-DELEGATE-SELF-CONTINUATION] Summary: PASS-candidate | SHA: e08f696618da57e7267a2148578fa4ab0d8b0d01 | Seat: ronan

running (0m13.1s), 0/1 VUs, 1 complete and 0 interrupted iterations
r_cw_delegate_self ✓ [ 100% ] 1 VUs  0m13.1s/2m30s  1/1 shared iters
./r-cw-delegate-self-continuation-summary.json
[R-CW-DELEGATE-SELF-CONTINUATION] METRICS: /tmp/p81-ronan-live-e08f696-20260709T032347Z/artifacts/e08f696618da57e7267a2148578fa4ab0d8b0d01/R-CW-DELEGATE-SELF-CONTINUATION/ronan/20260709T033315Z-r-cw-delegate-self-continuation/openclaw-proofs-k6.prom
[R-CW-DELEGATE-SELF-CONTINUATION] ARTIFACTS: /tmp/p81-ronan-live-e08f696-20260709T032347Z/artifacts/e08f696618da57e7267a2148578fa4ab0d8b0d01/R-CW-DELEGATE-SELF-CONTINUATION/ronan/20260709T033315Z-r-cw-delegate-self-continuation
[R-CW-DELEGATE-SELF-CONTINUATION] COMPLETED.
Observability check: query Grafana for run/nonce or review Tempo traces if trace ID was emitted.
REPORT: /tmp/p81-ronan-live-e08f696-20260709T032347Z/artifacts/report.html

==========================================================
Runner execution finished.
