==========================================================
Project 81: Seat-Aware k6 Proof Runner
Seat: cael
Target Candidate SHA: 03939273216bc0c08a2df2d768f2f8d6549ca1f2
Artifact root: /home/figs/.local/state/openclaw-proof-runs/03939273216bc0c08a2df2d768f2f8d6549ca1f2-rowwise-20260806T205552Z/R-CW-1
Row selection: R-CW-1
Dry Run: false
==========================================================
Harness execution: handing off to the approved runner in an immutable snapshot.
==========================================================
Project 81: Seat-Aware k6 Proof Runner
Seat: cael
Target Candidate SHA: 03939273216bc0c08a2df2d768f2f8d6549ca1f2
Artifact root: /home/figs/.local/state/openclaw-proof-runs/03939273216bc0c08a2df2d768f2f8d6549ca1f2-rowwise-20260806T205552Z/R-CW-1
Row selection: R-CW-1
Dry Run: false
==========================================================
Approved docs ref: 52941484c258f353a91d783a635ba6c841d1c38a (karmaterminal/karmaterminal-openclaw-docs)
Harness identity: every tracked byte under tools/k6-proofs matches the approved docs ref.
Harness execution: immutable snapshot of the approved tree (runner included).
Running catalog preflight (repository root: tools/k6-proofs resolved once)...
CATALOG PREFLIGHT: /home/figs/.local/state/openclaw-proof-runs/03939273216bc0c08a2df2d768f2f8d6549ca1f2-rowwise-20260806T205552Z/R-CW-1/catalog-preflight.log
Rows: R-CW-1
Harness contract binding: frozen manifest/scenario digests for every selected runnable row.
Resolving session key for selector: main
Deployed Runtime SHA: 03939273216bc0c08a2df2d768f2f8d6549ca1f2
Session configured: true
Running seat-readiness preflight (k6/tooling/gateway/continuation config)...
SEAT READINESS: /home/figs/.local/state/openclaw-proof-runs/03939273216bc0c08a2df2d768f2f8d6549ca1f2-rowwise-20260806T205552Z/R-CW-1/seat-readiness.json
HARNESS PROVENANCE: /home/figs/.local/state/openclaw-proof-runs/03939273216bc0c08a2df2d768f2f8d6549ca1f2-rowwise-20260806T205552Z/R-CW-1/harness-provenance.json
HARNESS PROVENANCE (matrix 20260806T210923Z-52941484c258-212acb50): /home/figs/.local/state/openclaw-proof-runs/03939273216bc0c08a2df2d768f2f8d6549ca1f2-rowwise-20260806T205552Z/R-CW-1/harness-provenance/20260806T210923Z-52941484c258-212acb50.json

----------------------------------------
Row: R-CW-1
Manifest: /tmp/openclaw-k6-harness.Kf1AYJ/tools/k6-proofs/manifests/r-cw-1.json
Scenario: scenarios/r-cw-1-tool-schedule-wake.js
Status: runnable
Live Safety: k6-runnable
[R-CW-1] RUNNING...
./r-cw-1-tool-schedule-wake-summary.json
[R-CW-1] TRACE CORRELATION FAILED; see /home/figs/.local/state/openclaw-proof-runs/03939273216bc0c08a2df2d768f2f8d6549ca1f2-rowwise-20260806T205552Z/R-CW-1/03939273216bc0c08a2df2d768f2f8d6549ca1f2/R-CW-1/cael/20260806T210926Z-r-cw-1-212acb50/continuation-trace-collector.error.log

         /\      Grafana   /‾‾/  
    /\  /  \     |\  __   /  /   
   /  \/    \    | |/ /  /   ‾‾\ 
  /          \   |   (  |  (‾)  |
 / __________ \  |_|\_\  \_____/ 


     execution: local
        script: scenarios/r-cw-1-tool-schedule-wake.js
        output: -

     scenarios: (100.00%) 1 scenario, 1 max VUs, 2m30s max duration (incl. graceful stop):
              * r_cw_1_tool_schedule_wake: 1 iterations shared among 1 VUs (maxDuration: 2m0s, gracefulStop: 30s)

time="2026-08-06T14:09:30-07:00" level=info msg="✓ disposable session created: <redacted-session-key>" source=console

running (0m01.0s), 1/1 VUs, 0 complete and 0 interrupted iterations
r_cw_1_tool_schedule_wake   [   0% ] 1 VUs  0m01.0s/2m0s  0/1 shared iters
time="2026-08-06T14:09:30-07:00" level=info msg="✓ sessions.send accepted — agent turn triggered (will call continue_work)" source=console

running (0m02.0s), 1/1 VUs, 0 complete and 0 interrupted iterations
r_cw_1_tool_schedule_wake   [   0% ] 1 VUs  0m02.0s/2m0s  0/1 shared iters
time="2026-08-06T14:09:32-07:00" level=info msg="ℹ Ignoring harness prompt echo event" source=console

running (0m03.0s), 1/1 VUs, 0 complete and 0 interrupted iterations
r_cw_1_tool_schedule_wake   [   0% ] 1 VUs  0m03.0s/2m0s  0/1 shared iters

running (0m04.0s), 1/1 VUs, 0 complete and 0 interrupted iterations
r_cw_1_tool_schedule_wake   [   0% ] 1 VUs  0m04.0s/2m0s  0/1 shared iters

running (0m05.0s), 1/1 VUs, 0 complete and 0 interrupted iterations
r_cw_1_tool_schedule_wake   [   0% ] 1 VUs  0m05.0s/2m0s  0/1 shared iters

running (0m06.0s), 1/1 VUs, 0 complete and 0 interrupted iterations
r_cw_1_tool_schedule_wake   [   0% ] 1 VUs  0m06.0s/2m0s  0/1 shared iters

running (0m07.0s), 1/1 VUs, 0 complete and 0 interrupted iterations
r_cw_1_tool_schedule_wake   [   0% ] 1 VUs  0m07.0s/2m0s  0/1 shared iters

running (0m08.0s), 1/1 VUs, 0 complete and 0 interrupted iterations
r_cw_1_tool_schedule_wake   [   0% ] 1 VUs  0m08.0s/2m0s  0/1 shared iters

running (0m09.0s), 1/1 VUs, 0 complete and 0 interrupted iterations
r_cw_1_tool_schedule_wake   [   0% ] 1 VUs  0m09.0s/2m0s  0/1 shared iters

running (0m10.0s), 1/1 VUs, 0 complete and 0 interrupted iterations
r_cw_1_tool_schedule_wake   [   0% ] 1 VUs  0m10.0s/2m0s  0/1 shared iters

running (0m11.0s), 1/1 VUs, 0 complete and 0 interrupted iterations
r_cw_1_tool_schedule_wake   [   0% ] 1 VUs  0m11.0s/2m0s  0/1 shared iters

running (0m12.0s), 1/1 VUs, 0 complete and 0 interrupted iterations
r_cw_1_tool_schedule_wake   [   0% ] 1 VUs  0m12.0s/2m0s  0/1 shared iters

running (0m13.0s), 1/1 VUs, 0 complete and 0 interrupted iterations
r_cw_1_tool_schedule_wake   [   0% ] 1 VUs  0m13.0s/2m0s  0/1 shared iters
time="2026-08-06T14:09:42-07:00" level=info msg="✓ CW-SCHEDULED sentinel observed: agent" source=console
time="2026-08-06T14:09:43-07:00" level=info msg="✓ CW-WOKE sentinel observed: session.message (395ms after scheduled)" source=console
time="2026-08-06T14:09:43-07:00" level=info msg="All required R-CW-1 evidence gathered, closing early" source=console
PUBLIC_EVIDENCE {"row":"R-CW-1","manifest_loaded":true,"seat":"cael","session_created":true,"candidateSha":"03939273216bc0c08a2df2d768f2f8d6549ca1f2","started":"2026-08-06T21:09:29.161Z","tool_invoke_accepted":true,"continue_work_tool_result_scheduled":true,"work_woke_event":true,"dispatch_accepted_at_ms":1786050570865,"scheduled_result_at_ms":1786050582715,"wake_delay_ms":395,"reason_hash":"ab50b8264dc3a36c","reason_length":121,"trace_id":null,"ended":"2026-08-06T21:09:43.111Z","duration_ms":13950}
time="2026-08-06T14:09:43-07:00" level=info msg="\n[R-CW-1] VERDICT: PASS-candidate" source=console

[R-CW-1] Summary: PASS-candidate | SHA: 03939273216bc0c08a2df2d768f2f8d6549ca1f2 | Seat: cael

running (0m13.9s), 0/1 VUs, 1 complete and 0 interrupted iterations
r_cw_1_tool_schedule_wake ✓ [ 100% ] 1 VUs  0m13.9s/2m0s  1/1 shared iters
[R-CW-1] Candidate routing envelope withheld: review is incomplete or its identity contract did not validate.
[R-CW-1] METRICS: /home/figs/.local/state/openclaw-proof-runs/03939273216bc0c08a2df2d768f2f8d6549ca1f2-rowwise-20260806T205552Z/R-CW-1/03939273216bc0c08a2df2d768f2f8d6549ca1f2/R-CW-1/cael/20260806T210926Z-r-cw-1-212acb50/openclaw-proofs-k6.prom
[R-CW-1] ARTIFACTS: /home/figs/.local/state/openclaw-proof-runs/03939273216bc0c08a2df2d768f2f8d6549ca1f2-rowwise-20260806T205552Z/R-CW-1/03939273216bc0c08a2df2d768f2f8d6549ca1f2/R-CW-1/cael/20260806T210926Z-r-cw-1-212acb50
[R-CW-1] COMPLETED.
Observability check: query Grafana for run/nonce or review Tempo traces if trace ID was emitted.
REPORT: /home/figs/.local/state/openclaw-proof-runs/03939273216bc0c08a2df2d768f2f8d6549ca1f2-rowwise-20260806T205552Z/R-CW-1/report.html

==========================================================
Runner execution finished.
