
         /\      Grafana   /‾‾/  
    /\  /  \     |\  __   /  /   
   /  \/    \    | |/ /  /   ‾‾\ 
  /          \   |   (  |  (‾)  |
 / __________ \  |_|\_\  \_____/ 


     execution: local
        script: scenarios/r-cd-4-target-session-key.js
        output: -

     scenarios: (100.00%) 1 scenario, 1 max VUs, 2m30s max duration (incl. graceful stop):
              * r_cd_4_target_session: 1 iterations shared among 1 VUs (maxDuration: 2m0s, gracefulStop: 30s)

time="2026-07-08T20:05:52-07:00" level=info msg="✓ disposable parent session created: agent:main:r-cd-4-parent-r-cd-4-1783566351751-k67xnw0r" source=console
time="2026-07-08T20:05:52-07:00" level=info msg="✓ disposable target session created: agent:main:r-cd-4-target-r-cd-4-1783566351751-k67xnw0r" source=console

running (0m01.0s), 1/1 VUs, 0 complete and 0 interrupted iterations
r_cd_4_target_session   [   0% ] 1 VUs  0m01.0s/2m0s  0/1 shared iters
time="2026-07-08T20:05:52-07:00" level=info msg="✓ sessions.send accepted — agent turn triggered for R-CD-4 (targetSessionKey)" source=console

running (0m02.0s), 1/1 VUs, 0 complete and 0 interrupted iterations
r_cd_4_target_session   [   0% ] 1 VUs  0m02.0s/2m0s  0/1 shared iters

running (0m03.0s), 1/1 VUs, 0 complete and 0 interrupted iterations
r_cd_4_target_session   [   0% ] 1 VUs  0m03.0s/2m0s  0/1 shared iters

running (0m04.0s), 1/1 VUs, 0 complete and 0 interrupted iterations
r_cd_4_target_session   [   0% ] 1 VUs  0m04.0s/2m0s  0/1 shared iters

running (0m05.0s), 1/1 VUs, 0 complete and 0 interrupted iterations
r_cd_4_target_session   [   0% ] 1 VUs  0m05.0s/2m0s  0/1 shared iters

running (0m06.0s), 1/1 VUs, 0 complete and 0 interrupted iterations
r_cd_4_target_session   [   0% ] 1 VUs  0m06.0s/2m0s  0/1 shared iters

running (0m07.0s), 1/1 VUs, 0 complete and 0 interrupted iterations
r_cd_4_target_session   [   0% ] 1 VUs  0m07.0s/2m0s  0/1 shared iters

running (0m08.0s), 1/1 VUs, 0 complete and 0 interrupted iterations
r_cd_4_target_session   [   0% ] 1 VUs  0m08.0s/2m0s  0/1 shared iters

running (0m09.0s), 1/1 VUs, 0 complete and 0 interrupted iterations
r_cd_4_target_session   [   0% ] 1 VUs  0m09.0s/2m0s  0/1 shared iters
time="2026-07-08T20:06:01-07:00" level=info msg="✓ Delayed return/wake landed in TARGET session" source=console

running (0m10.0s), 1/1 VUs, 0 complete and 0 interrupted iterations
r_cd_4_target_session   [   0% ] 1 VUs  0m10.0s/2m0s  0/1 shared iters

running (0m11.0s), 1/1 VUs, 0 complete and 0 interrupted iterations
r_cd_4_target_session   [   0% ] 1 VUs  0m11.0s/2m0s  0/1 shared iters
time="2026-07-08T20:06:03-07:00" level=info msg="R_CD_4_EVIDENCE {\"row\":\"R-CD-4\",\"manifest_loaded\":true,\"nonce\":\"R-CD-4-1783566351751-k67xnw0r\",\"seat\":\"cael\",\"requestedSessionKey\":\"main\",\"sessionKey\":\"agent:main:r-cd-4-parent-r-cd-4-1783566351751-k67xnw0r\",\"targetSessionKey\":\"agent:main:r-cd-4-target-r-cd-4-1783566351751-k67xnw0r\",\"parent_session_created\":true,\"target_session_created\":true,\"created_parent_session_key\":\"agent:main:r-cd-4-parent-r-cd-4-1783566351751-k67xnw0r\",\"created_target_session_key\":\"agent:main:r-cd-4-target-r-cd-4-1783566351751-k67xnw0r\",\"candidateSha\":\"e08f696618da57e7267a2148578fa4ab0d8b0d01\",\"started\":\"2026-07-09T03:05:51.751Z\",\"tool_accepted\":true,\"agent_turn_observed\":true,\"child_completed\":true,\"return_in_target\":true,\"return_in_parent\":false,\"dispatch_accepted_at_ms\":1783566352772,\"wake_gate_ms\":5000,\"trace_id\":null,\"redacted_events\":[{\"ts\":1783566351753,\"kind\":\"event\",\"method\":null,\"event\":\"connect.challenge\",\"ok\":null,\"data\":null},{\"ts\":1783566351755,\"kind\":\"other\",\"method\":null,\"event\":null,\"ok\":null,\"data\":null},{\"ts\":1783566351799,\"kind\":\"event\",\"method\":null,\"event\":\"health\",\"ok\":null,\"data\":null},{\"ts\":1783566352117,\"kind\":\"response\",\"method\":\"sessions.create\",\"event\":null,\"ok\":true,\"data\":{\"ok\":true}},{\"ts\":1783566352233,\"kind\":\"response\",\"method\":\"sessions.create\",\"event\":null,\"ok\":true,\"data\":{\"ok\":true}},{\"ts\":1783566352274,\"kind\":\"response\",\"method\":\"sessions.messages.subscribe\",\"event\":null,\"ok\":true,\"data\":{}},{\"ts\":1783566352303,\"kind\":\"response\",\"method\":\"sessions.messages.subscribe\",\"event\":null,\"ok\":true,\"data\":{}},{\"ts\":1783566352772,\"kind\":\"response\",\"method\":\"sessions.send\",\"event\":null,\"ok\":true,\"data\":{\"runId\":\"R-CD-4-R-CD-4-1783566351751-k67xnw0r\",\"status\":\"started\"}},{\"ts\":1783566353400,\"kind\":\"event\",\"method\":null,\"event\":\"agent\",\"ok\":null,\"data\":null},{\"ts\":1783566357221,\"kind\":\"event\",\"method\":null,\"event\":\"agent\",\"ok\":null,\"data\":null},{\"ts\":1783566358839,\"kind\":\"event\",\"method\":null,\"event\":\"health\",\"ok\":null,\"data\":null},{\"ts\":1783566358855,\"kind\":\"event\",\"method\":null,\"event\":\"presence\",\"ok\":null,\"data\":null},{\"ts\":1783566358891,\"kind\":\"event\",\"method\":null,\"event\":\"agent\",\"ok\":null,\"data\":null},{\"ts\":1783566360243,\"kind\":\"response\",\"method\":\"tasks.list\",\"event\":null,\"ok\":true,\"data\":{}},{\"ts\":1783566360968,\"kind\":\"event\",\"method\":null,\"event\":\"agent\",\"ok\":null,\"data\":null},{\"ts\":1783566360968,\"kind\":\"event\",\"method\":null,\"event\":\"chat\",\"ok\":null,\"data\":null},{\"ts\":1783566361106,\"kind\":\"event\",\"method\":null,\"event\":\"agent\",\"ok\":null,\"data\":null},{\"ts\":1783566361155,\"kind\":\"event\",\"method\":null,\"event\":\"session.message\",\"ok\":null,\"data\":null}],\"ended\":\"2026-07-09T03:06:03.156Z\",\"duration_ms\":11405}" source=console
time="2026-07-08T20:06:03-07:00" level=info msg="\n--- R-CD-4 EVIDENCE SUMMARY ---" source=console
time="2026-07-08T20:06:03-07:00" level=info msg="{\n  \"row\": \"R-CD-4\",\n  \"manifest_loaded\": true,\n  \"nonce\": \"R-CD-4-1783566351751-k67xnw0r\",\n  \"seat\": \"cael\",\n  \"requestedSessionKey\": \"main\",\n  \"sessionKey\": \"agent:main:r-cd-4-parent-r-cd-4-1783566351751-k67xnw0r\",\n  \"targetSessionKey\": \"agent:main:r-cd-4-target-r-cd-4-1783566351751-k67xnw0r\",\n  \"parent_session_created\": true,\n  \"target_session_created\": true,\n  \"created_parent_session_key\": \"agent:main:r-cd-4-parent-r-cd-4-1783566351751-k67xnw0r\",\n  \"created_target_session_key\": \"agent:main:r-cd-4-target-r-cd-4-1783566351751-k67xnw0r\",\n  \"candidateSha\": \"e08f696618da57e7267a2148578fa4ab0d8b0d01\",\n  \"started\": \"2026-07-09T03:05:51.751Z\",\n  \"tool_accepted\": true,\n  \"agent_turn_observed\": true,\n  \"child_completed\": true,\n  \"return_in_target\": true,\n  \"return_in_parent\": false,\n  \"dispatch_accepted_at_ms\": 1783566352772,\n  \"wake_gate_ms\": 5000,\n  \"trace_id\": null,\n  \"redacted_events\": [\n    {\n      \"ts\": 1783566351753,\n      \"kind\": \"event\",\n      \"method\": null,\n      \"event\": \"connect.challenge\",\n      \"ok\": null,\n      \"data\": null\n    },\n    {\n      \"ts\": 1783566351755,\n      \"kind\": \"other\",\n      \"method\": null,\n      \"event\": null,\n      \"ok\": null,\n      \"data\": null\n    },\n    {\n      \"ts\": 1783566351799,\n      \"kind\": \"event\",\n      \"method\": null,\n      \"event\": \"health\",\n      \"ok\": null,\n      \"data\": null\n    },\n    {\n      \"ts\": 1783566352117,\n      \"kind\": \"response\",\n      \"method\": \"sessions.create\",\n      \"event\": null,\n      \"ok\": true,\n      \"data\": {\n        \"ok\": true\n      }\n    },\n    {\n      \"ts\": 1783566352233,\n      \"kind\": \"response\",\n      \"method\": \"sessions.create\",\n      \"event\": null,\n      \"ok\": true,\n      \"data\": {\n        \"ok\": true\n      }\n    },\n    {\n      \"ts\": 1783566352274,\n      \"kind\": \"response\",\n      \"method\": \"sessions.messages.subscribe\",\n      \"event\": null,\n      \"ok\": true,\n      \"data\": {}\n    },\n    {\n      \"ts\": 1783566352303,\n      \"kind\": \"response\",\n      \"method\": \"sessions.messages.subscribe\",\n      \"event\": null,\n      \"ok\": true,\n      \"data\": {}\n    },\n    {\n      \"ts\": 1783566352772,\n      \"kind\": \"response\",\n      \"method\": \"sessions.send\",\n      \"event\": null,\n      \"ok\": true,\n      \"data\": {\n        \"runId\": \"R-CD-4-R-CD-4-1783566351751-k67xnw0r\",\n        \"status\": \"started\"\n      }\n    },\n    {\n      \"ts\": 1783566353400,\n      \"kind\": \"event\",\n      \"method\": null,\n      \"event\": \"agent\",\n      \"ok\": null,\n      \"data\": null\n    },\n    {\n      \"ts\": 1783566357221,\n      \"kind\": \"event\",\n      \"method\": null,\n      \"event\": \"agent\",\n      \"ok\": null,\n      \"data\": null\n    },\n    {\n      \"ts\": 1783566358839,\n      \"kind\": \"event\",\n      \"method\": null,\n      \"event\": \"health\",\n      \"ok\": null,\n      \"data\": null\n    },\n    {\n      \"ts\": 1783566358855,\n      \"kind\": \"event\",\n      \"method\": null,\n      \"event\": \"presence\",\n      \"ok\": null,\n      \"data\": null\n    },\n    {\n      \"ts\": 1783566358891,\n      \"kind\": \"event\",\n      \"method\": null,\n      \"event\": \"agent\",\n      \"ok\": null,\n      \"data\": null\n    },\n    {\n      \"ts\": 1783566360243,\n      \"kind\": \"response\",\n      \"method\": \"tasks.list\",\n      \"event\": null,\n      \"ok\": true,\n      \"data\": {}\n    },\n    {\n      \"ts\": 1783566360968,\n      \"kind\": \"event\",\n      \"method\": null,\n      \"event\": \"agent\",\n      \"ok\": null,\n      \"data\": null\n    },\n    {\n      \"ts\": 1783566360968,\n      \"kind\": \"event\",\n      \"method\": null,\n      \"event\": \"chat\",\n      \"ok\": null,\n      \"data\": null\n    },\n    {\n      \"ts\": 1783566361106,\n      \"kind\": \"event\",\n      \"method\": null,\n      \"event\": \"agent\",\n      \"ok\": null,\n      \"data\": null\n    },\n    {\n      \"ts\": 1783566361155,\n      \"kind\": \"event\",\n      \"method\": null,\n      \"event\": \"session.message\",\n      \"ok\": null,\n      \"data\": null\n    }\n  ],\n  \"ended\": \"2026-07-09T03:06:03.156Z\",\n  \"duration_ms\": 11405\n}" source=console
time="2026-07-08T20:06:03-07:00" level=info msg="--- END EVIDENCE ---" source=console
time="2026-07-08T20:06:03-07:00" level=info msg="\n[R-CD-4] VERDICT: PASS-candidate" source=console

[R-CD-4] Summary: PASS-candidate | SHA: e08f696618da57e7267a2148578fa4ab0d8b0d01 | Seat: cael

running (0m11.4s), 0/1 VUs, 1 complete and 0 interrupted iterations
r_cd_4_target_session ✓ [ 100% ] 1 VUs  0m11.4s/2m0s  1/1 shared iters
