==========================================================
Project 81: Seat-Aware k6 Proof Runner
Seat: cael
Target Candidate SHA: 03939273216bc0c08a2df2d768f2f8d6549ca1f2
Artifact root: /home/figs/.local/state/openclaw-proof-runs/03939273216bc0c08a2df2d768f2f8d6549ca1f2-rowwise-20260806T205552Z/R-RC-2
Row selection: R-RC-2
Dry Run: false
==========================================================
Harness execution: handing off to the approved runner in an immutable snapshot.
==========================================================
Project 81: Seat-Aware k6 Proof Runner
Seat: cael
Target Candidate SHA: 03939273216bc0c08a2df2d768f2f8d6549ca1f2
Artifact root: /home/figs/.local/state/openclaw-proof-runs/03939273216bc0c08a2df2d768f2f8d6549ca1f2-rowwise-20260806T205552Z/R-RC-2
Row selection: R-RC-2
Dry Run: false
==========================================================
Approved docs ref: 52941484c258f353a91d783a635ba6c841d1c38a (karmaterminal/karmaterminal-openclaw-docs)
Harness identity: every tracked byte under tools/k6-proofs matches the approved docs ref.
Harness execution: immutable snapshot of the approved tree (runner included).
Running catalog preflight (repository root: tools/k6-proofs resolved once)...
CATALOG PREFLIGHT: /home/figs/.local/state/openclaw-proof-runs/03939273216bc0c08a2df2d768f2f8d6549ca1f2-rowwise-20260806T205552Z/R-RC-2/catalog-preflight.log
Rows: R-RC-2
Harness contract binding: frozen manifest/scenario digests for every selected runnable row.
Resolving session key for selector: main
Deployed Runtime SHA: 03939273216bc0c08a2df2d768f2f8d6549ca1f2
Session configured: true
Running seat-readiness preflight (k6/tooling/gateway/continuation config)...
SEAT READINESS: /home/figs/.local/state/openclaw-proof-runs/03939273216bc0c08a2df2d768f2f8d6549ca1f2-rowwise-20260806T205552Z/R-RC-2/seat-readiness.json
HARNESS PROVENANCE: /home/figs/.local/state/openclaw-proof-runs/03939273216bc0c08a2df2d768f2f8d6549ca1f2-rowwise-20260806T205552Z/R-RC-2/harness-provenance.json
HARNESS PROVENANCE (matrix 20260806T211553Z-52941484c258-36b67b78): /home/figs/.local/state/openclaw-proof-runs/03939273216bc0c08a2df2d768f2f8d6549ca1f2-rowwise-20260806T205552Z/R-RC-2/harness-provenance/20260806T211553Z-52941484c258-36b67b78.json

----------------------------------------
Row: R-RC-2
Manifest: /tmp/openclaw-k6-harness.jqIbAv/tools/k6-proofs/manifests/r-rc-2.json
Scenario: scenarios/r-rc-2-delegate-request-compaction.js
Status: runnable
Live Safety: k6-runnable
[R-RC-2] RUNNING...
./r-rc-2-summary.json
[R-RC-2] TRACE CORRELATION FAILED; see /home/figs/.local/state/openclaw-proof-runs/03939273216bc0c08a2df2d768f2f8d6549ca1f2-rowwise-20260806T205552Z/R-RC-2/03939273216bc0c08a2df2d768f2f8d6549ca1f2/R-RC-2/cael/20260806T211556Z-r-rc-2-36b67b78/continuation-trace-collector.error.log

         /\      Grafana   /‾‾/  
    /\  /  \     |\  __   /  /   
   /  \/    \    | |/ /  /   ‾‾\ 
  /          \   |   (  |  (‾)  |
 / __________ \  |_|\_\  \_____/ 


     execution: local
        script: scenarios/r-rc-2-delegate-request-compaction.js
        output: -

     scenarios: (100.00%) 1 scenario, 1 max VUs, 3m0s max duration (incl. graceful stop):
              * r_rc_2_delegate_request_compaction: 1 iterations shared among 1 VUs (maxDuration: 2m30s, gracefulStop: 30s)

time="2026-08-06T14:15:59-07:00" level=info msg="✓ disposable session created: <redacted-session-key>" source=console

running (0m01.0s), 1/1 VUs, 0 complete and 0 interrupted iterations
r_rc_2_delegate_request_com...   [   0% ] 1 VUs  0m01.0s/2m30s  0/1 shared iters
time="2026-08-06T14:16:00-07:00" level=info msg="✓ sessions.send accepted — parent agent turn triggered for R-RC-2" source=console

running (0m02.0s), 1/1 VUs, 0 complete and 0 interrupted iterations
r_rc_2_delegate_request_com...   [   0% ] 1 VUs  0m02.0s/2m30s  0/1 shared iters

running (0m03.0s), 1/1 VUs, 0 complete and 0 interrupted iterations
r_rc_2_delegate_request_com...   [   0% ] 1 VUs  0m03.0s/2m30s  0/1 shared iters
time="2026-08-06T14:16:01-07:00" level=info msg="ℹ Ignoring harness prompt echo event" source=console

running (0m04.0s), 1/1 VUs, 0 complete and 0 interrupted iterations
r_rc_2_delegate_request_com...   [   0% ] 1 VUs  0m04.0s/2m30s  0/1 shared iters

running (0m05.0s), 1/1 VUs, 0 complete and 0 interrupted iterations
r_rc_2_delegate_request_com...   [   0% ] 1 VUs  0m05.0s/2m30s  0/1 shared iters

running (0m06.0s), 1/1 VUs, 0 complete and 0 interrupted iterations
r_rc_2_delegate_request_com...   [   0% ] 1 VUs  0m06.0s/2m30s  0/1 shared iters

running (0m07.0s), 1/1 VUs, 0 complete and 0 interrupted iterations
r_rc_2_delegate_request_com...   [   0% ] 1 VUs  0m07.0s/2m30s  0/1 shared iters

running (0m08.0s), 1/1 VUs, 0 complete and 0 interrupted iterations
r_rc_2_delegate_request_com...   [   0% ] 1 VUs  0m08.0s/2m30s  0/1 shared iters

running (0m09.0s), 1/1 VUs, 0 complete and 0 interrupted iterations
r_rc_2_delegate_request_com...   [   0% ] 1 VUs  0m09.0s/2m30s  0/1 shared iters

running (0m10.0s), 1/1 VUs, 0 complete and 0 interrupted iterations
r_rc_2_delegate_request_com...   [   0% ] 1 VUs  0m10.0s/2m30s  0/1 shared iters

running (0m11.0s), 1/1 VUs, 0 complete and 0 interrupted iterations
r_rc_2_delegate_request_com...   [   0% ] 1 VUs  0m11.0s/2m30s  0/1 shared iters

running (0m12.0s), 1/1 VUs, 0 complete and 0 interrupted iterations
r_rc_2_delegate_request_com...   [   0% ] 1 VUs  0m12.0s/2m30s  0/1 shared iters

running (0m13.0s), 1/1 VUs, 0 complete and 0 interrupted iterations
r_rc_2_delegate_request_com...   [   0% ] 1 VUs  0m13.0s/2m30s  0/1 shared iters

running (0m14.0s), 1/1 VUs, 0 complete and 0 interrupted iterations
r_rc_2_delegate_request_com...   [   0% ] 1 VUs  0m14.0s/2m30s  0/1 shared iters
time="2026-08-06T14:16:13-07:00" level=info msg="✓ auxiliary delegated threshold report observed: context=unknown threshold=unknown" source=console

running (0m15.0s), 1/1 VUs, 0 complete and 0 interrupted iterations
r_rc_2_delegate_request_com...   [   0% ] 1 VUs  0m15.0s/2m30s  0/1 shared iters

running (0m16.0s), 1/1 VUs, 0 complete and 0 interrupted iterations
r_rc_2_delegate_request_com...   [   0% ] 1 VUs  0m16.0s/2m30s  0/1 shared iters

running (0m17.0s), 1/1 VUs, 0 complete and 0 interrupted iterations
r_rc_2_delegate_request_com...   [   0% ] 1 VUs  0m17.0s/2m30s  0/1 shared iters

running (0m18.0s), 1/1 VUs, 0 complete and 0 interrupted iterations
r_rc_2_delegate_request_com...   [   0% ] 1 VUs  0m18.0s/2m30s  0/1 shared iters

running (0m19.0s), 1/1 VUs, 0 complete and 0 interrupted iterations
r_rc_2_delegate_request_com...   [   0% ] 1 VUs  0m19.0s/2m30s  0/1 shared iters

running (0m20.0s), 1/1 VUs, 0 complete and 0 interrupted iterations
r_rc_2_delegate_request_com...   [   0% ] 1 VUs  0m20.0s/2m30s  0/1 shared iters

running (0m21.0s), 1/1 VUs, 0 complete and 0 interrupted iterations
r_rc_2_delegate_request_com...   [   0% ] 1 VUs  0m21.0s/2m30s  0/1 shared iters

running (0m22.0s), 1/1 VUs, 0 complete and 0 interrupted iterations
r_rc_2_delegate_request_com...   [   0% ] 1 VUs  0m22.0s/2m30s  0/1 shared iters

running (0m23.0s), 1/1 VUs, 0 complete and 0 interrupted iterations
r_rc_2_delegate_request_com...   [   0% ] 1 VUs  0m23.0s/2m30s  0/1 shared iters

running (0m24.0s), 1/1 VUs, 0 complete and 0 interrupted iterations
r_rc_2_delegate_request_com...   [   0% ] 1 VUs  0m24.0s/2m30s  0/1 shared iters

running (0m25.0s), 1/1 VUs, 0 complete and 0 interrupted iterations
r_rc_2_delegate_request_com...   [   0% ] 1 VUs  0m25.0s/2m30s  0/1 shared iters

running (0m26.0s), 1/1 VUs, 0 complete and 0 interrupted iterations
r_rc_2_delegate_request_com...   [   0% ] 1 VUs  0m26.0s/2m30s  0/1 shared iters

running (0m27.0s), 1/1 VUs, 0 complete and 0 interrupted iterations
r_rc_2_delegate_request_com...   [   0% ] 1 VUs  0m27.0s/2m30s  0/1 shared iters

running (0m28.0s), 1/1 VUs, 0 complete and 0 interrupted iterations
r_rc_2_delegate_request_com...   [   0% ] 1 VUs  0m28.0s/2m30s  0/1 shared iters

running (0m29.0s), 1/1 VUs, 0 complete and 0 interrupted iterations
r_rc_2_delegate_request_com...   [   0% ] 1 VUs  0m29.0s/2m30s  0/1 shared iters

running (0m30.0s), 1/1 VUs, 0 complete and 0 interrupted iterations
r_rc_2_delegate_request_com...   [   0% ] 1 VUs  0m30.0s/2m30s  0/1 shared iters

running (0m31.0s), 1/1 VUs, 0 complete and 0 interrupted iterations
r_rc_2_delegate_request_com...   [   0% ] 1 VUs  0m31.0s/2m30s  0/1 shared iters

running (0m32.0s), 1/1 VUs, 0 complete and 0 interrupted iterations
r_rc_2_delegate_request_com...   [   0% ] 1 VUs  0m32.0s/2m30s  0/1 shared iters

running (0m33.0s), 1/1 VUs, 0 complete and 0 interrupted iterations
r_rc_2_delegate_request_com...   [   0% ] 1 VUs  0m33.0s/2m30s  0/1 shared iters

running (0m34.0s), 1/1 VUs, 0 complete and 0 interrupted iterations
r_rc_2_delegate_request_com...   [   0% ] 1 VUs  0m34.0s/2m30s  0/1 shared iters

running (0m35.0s), 1/1 VUs, 0 complete and 0 interrupted iterations
r_rc_2_delegate_request_com...   [   0% ] 1 VUs  0m35.0s/2m30s  0/1 shared iters

running (0m36.0s), 1/1 VUs, 0 complete and 0 interrupted iterations
r_rc_2_delegate_request_com...   [   0% ] 1 VUs  0m36.0s/2m30s  0/1 shared iters

running (0m37.0s), 1/1 VUs, 0 complete and 0 interrupted iterations
r_rc_2_delegate_request_com...   [   0% ] 1 VUs  0m37.0s/2m30s  0/1 shared iters

running (0m38.0s), 1/1 VUs, 0 complete and 0 interrupted iterations
r_rc_2_delegate_request_com...   [   0% ] 1 VUs  0m38.0s/2m30s  0/1 shared iters

running (0m39.0s), 1/1 VUs, 0 complete and 0 interrupted iterations
r_rc_2_delegate_request_com...   [   0% ] 1 VUs  0m39.0s/2m30s  0/1 shared iters

running (0m40.0s), 1/1 VUs, 0 complete and 0 interrupted iterations
r_rc_2_delegate_request_com...   [   0% ] 1 VUs  0m40.0s/2m30s  0/1 shared iters

running (0m41.0s), 1/1 VUs, 0 complete and 0 interrupted iterations
r_rc_2_delegate_request_com...   [   0% ] 1 VUs  0m41.0s/2m30s  0/1 shared iters

running (0m42.0s), 1/1 VUs, 0 complete and 0 interrupted iterations
r_rc_2_delegate_request_com...   [   0% ] 1 VUs  0m42.0s/2m30s  0/1 shared iters

running (0m43.0s), 1/1 VUs, 0 complete and 0 interrupted iterations
r_rc_2_delegate_request_com...   [   0% ] 1 VUs  0m43.0s/2m30s  0/1 shared iters

running (0m44.0s), 1/1 VUs, 0 complete and 0 interrupted iterations
r_rc_2_delegate_request_com...   [   0% ] 1 VUs  0m44.0s/2m30s  0/1 shared iters

running (0m45.0s), 1/1 VUs, 0 complete and 0 interrupted iterations
r_rc_2_delegate_request_com...   [   0% ] 1 VUs  0m45.0s/2m30s  0/1 shared iters

running (0m46.0s), 1/1 VUs, 0 complete and 0 interrupted iterations
r_rc_2_delegate_request_com...   [   0% ] 1 VUs  0m46.0s/2m30s  0/1 shared iters
time="2026-08-06T14:16:45-07:00" level=info msg="✓ auxiliary delegated threshold report observed: context=unknown threshold=unknown" source=console
time="2026-08-06T14:16:45-07:00" level=info msg="✓ auxiliary delegated threshold report observed: context=unknown threshold=unknown" source=console
time="2026-08-06T14:16:45-07:00" level=info msg="✓ auxiliary delegated threshold report observed: context=unknown threshold=unknown" source=console
time="2026-08-06T14:16:45-07:00" level=info msg="✓ auxiliary delegated threshold report observed: context=unknown threshold=unknown" source=console
time="2026-08-06T14:16:45-07:00" level=info msg="✓ auxiliary delegated threshold report observed: context=unknown threshold=unknown" source=console
time="2026-08-06T14:16:45-07:00" level=info msg="✓ auxiliary delegated threshold report observed: context=unknown threshold=unknown" source=console
time="2026-08-06T14:16:45-07:00" level=info msg="✓ auxiliary delegated threshold report observed: context=unknown threshold=unknown" source=console
time="2026-08-06T14:16:45-07:00" level=info msg="✓ auxiliary delegated threshold report observed: context=unknown threshold=unknown" source=console
time="2026-08-06T14:16:45-07:00" level=info msg="✓ auxiliary delegated threshold report observed: context=unknown threshold=unknown" source=console
time="2026-08-06T14:16:45-07:00" level=info msg="✓ auxiliary delegated threshold report observed: context=unknown threshold=unknown" source=console
time="2026-08-06T14:16:45-07:00" level=info msg="✓ auxiliary delegated threshold report observed: context=unknown threshold=unknown" source=console
time="2026-08-06T14:16:45-07:00" level=info msg="✓ auxiliary delegated threshold report observed: context=unknown threshold=unknown" source=console
time="2026-08-06T14:16:45-07:00" level=info msg="✓ auxiliary delegated threshold report observed: context=unknown threshold=unknown" source=console
time="2026-08-06T14:16:45-07:00" level=info msg="✓ auxiliary delegated threshold report observed: context=unknown threshold=unknown" source=console
time="2026-08-06T14:16:45-07:00" level=info msg="✓ auxiliary delegated threshold report observed: context=unknown threshold=unknown" source=console
time="2026-08-06T14:16:45-07:00" level=info msg="✓ auxiliary delegated threshold report observed: context=unknown threshold=70" source=console
time="2026-08-06T14:16:45-07:00" level=info msg="✓ auxiliary delegated threshold report observed: context=unknown threshold=70" source=console
time="2026-08-06T14:16:45-07:00" level=info msg="✓ auxiliary delegated threshold report observed: context=unknown threshold=70" source=console
time="2026-08-06T14:16:45-07:00" level=info msg="✓ auxiliary delegated threshold report observed: context=unknown threshold=70" source=console
time="2026-08-06T14:16:45-07:00" level=info msg="✓ auxiliary delegated threshold report observed: context=unknown threshold=70" source=console

running (0m47.0s), 1/1 VUs, 0 complete and 0 interrupted iterations
r_rc_2_delegate_request_com...   [   0% ] 1 VUs  0m47.0s/2m30s  0/1 shared iters
time="2026-08-06T14:16:46-07:00" level=info msg="✓ auxiliary delegated threshold report observed: context=unknown threshold=70" source=console
time="2026-08-06T14:16:46-07:00" level=info msg="✓ auxiliary delegated threshold report observed: context=unknown threshold=70" source=console
time="2026-08-06T14:16:46-07:00" level=info msg="✓ auxiliary delegated threshold report observed: context=unknown threshold=70" source=console
time="2026-08-06T14:16:46-07:00" level=info msg="✓ auxiliary delegated threshold report observed: context=unknown threshold=70" source=console
time="2026-08-06T14:16:46-07:00" level=info msg="✓ auxiliary delegated threshold report observed: context=unknown threshold=70" source=console

running (0m48.0s), 1/1 VUs, 0 complete and 0 interrupted iterations
r_rc_2_delegate_request_com...   [   0% ] 1 VUs  0m48.0s/2m30s  0/1 shared iters

running (0m49.0s), 1/1 VUs, 0 complete and 0 interrupted iterations
r_rc_2_delegate_request_com...   [   0% ] 1 VUs  0m49.0s/2m30s  0/1 shared iters

running (0m50.0s), 1/1 VUs, 0 complete and 0 interrupted iterations
r_rc_2_delegate_request_com...   [   0% ] 1 VUs  0m50.0s/2m30s  0/1 shared iters

running (0m51.0s), 1/1 VUs, 0 complete and 0 interrupted iterations
r_rc_2_delegate_request_com...   [   0% ] 1 VUs  0m51.0s/2m30s  0/1 shared iters

running (0m52.0s), 1/1 VUs, 0 complete and 0 interrupted iterations
r_rc_2_delegate_request_com...   [   0% ] 1 VUs  0m52.0s/2m30s  0/1 shared iters

running (0m53.0s), 1/1 VUs, 0 complete and 0 interrupted iterations
r_rc_2_delegate_request_com...   [   0% ] 1 VUs  0m53.0s/2m30s  0/1 shared iters

running (0m54.0s), 1/1 VUs, 0 complete and 0 interrupted iterations
r_rc_2_delegate_request_com...   [   0% ] 1 VUs  0m54.0s/2m30s  0/1 shared iters

running (0m55.0s), 1/1 VUs, 0 complete and 0 interrupted iterations
r_rc_2_delegate_request_com...   [   0% ] 1 VUs  0m55.0s/2m30s  0/1 shared iters

running (0m56.0s), 1/1 VUs, 0 complete and 0 interrupted iterations
r_rc_2_delegate_request_com...   [   0% ] 1 VUs  0m56.0s/2m30s  0/1 shared iters
time="2026-08-06T14:16:54-07:00" level=info msg="✓ auxiliary delegated threshold report observed: context=unknown threshold=unknown" source=console
time="2026-08-06T14:16:54-07:00" level=info msg="✓ auxiliary delegated threshold report observed: context=unknown threshold=unknown" source=console
time="2026-08-06T14:16:54-07:00" level=info msg="✓ auxiliary delegated threshold report observed: context=unknown threshold=unknown" source=console
time="2026-08-06T14:16:54-07:00" level=info msg="✓ auxiliary delegated threshold report observed: context=unknown threshold=unknown" source=console
time="2026-08-06T14:16:54-07:00" level=info msg="✓ auxiliary delegated threshold report observed: context=unknown threshold=unknown" source=console
time="2026-08-06T14:16:54-07:00" level=info msg="✓ auxiliary delegated threshold report observed: context=unknown threshold=unknown" source=console
time="2026-08-06T14:16:54-07:00" level=info msg="✓ auxiliary delegated threshold report observed: context=unknown threshold=unknown" source=console
time="2026-08-06T14:16:54-07:00" level=info msg="✓ auxiliary delegated threshold report observed: context=unknown threshold=unknown" source=console
time="2026-08-06T14:16:54-07:00" level=info msg="✓ auxiliary delegated threshold report observed: context=unknown threshold=unknown" source=console
time="2026-08-06T14:16:54-07:00" level=info msg="✓ auxiliary delegated threshold report observed: context=unknown threshold=unknown" source=console
time="2026-08-06T14:16:54-07:00" level=info msg="✓ auxiliary delegated threshold report observed: context=unknown threshold=unknown" source=console
time="2026-08-06T14:16:54-07:00" level=info msg="✓ auxiliary delegated threshold report observed: context=unknown threshold=unknown" source=console
time="2026-08-06T14:16:54-07:00" level=info msg="✓ auxiliary delegated threshold report observed: context=unknown threshold=unknown" source=console
time="2026-08-06T14:16:54-07:00" level=info msg="✓ auxiliary delegated threshold report observed: context=unknown threshold=unknown" source=console
time="2026-08-06T14:16:54-07:00" level=info msg="✓ auxiliary delegated threshold report observed: context=unknown threshold=70" source=console
time="2026-08-06T14:16:54-07:00" level=info msg="✓ auxiliary delegated threshold report observed: context=unknown threshold=70" source=console
time="2026-08-06T14:16:54-07:00" level=info msg="✓ auxiliary delegated threshold report observed: context=unknown threshold=70" source=console
time="2026-08-06T14:16:54-07:00" level=info msg="✓ auxiliary delegated threshold report observed: context=unknown threshold=70" source=console
time="2026-08-06T14:16:55-07:00" level=info msg="✓ auxiliary delegated threshold report observed: context=unknown threshold=70" source=console
time="2026-08-06T14:16:55-07:00" level=info msg="✓ auxiliary delegated threshold report observed: context=unknown threshold=70" source=console
time="2026-08-06T14:16:55-07:00" level=info msg="✓ auxiliary delegated threshold report observed: context=unknown threshold=70" source=console
time="2026-08-06T14:16:55-07:00" level=info msg="✓ auxiliary delegated threshold report observed: context=unknown threshold=70" source=console
time="2026-08-06T14:16:55-07:00" level=info msg="✓ auxiliary delegated threshold report observed: context=unknown threshold=70" source=console

running (0m57.0s), 1/1 VUs, 0 complete and 0 interrupted iterations
r_rc_2_delegate_request_com...   [   0% ] 1 VUs  0m57.0s/2m30s  0/1 shared iters
time="2026-08-06T14:16:55-07:00" level=info msg="✓ auxiliary delegated threshold report observed: context=unknown threshold=70" source=console
time="2026-08-06T14:16:55-07:00" level=info msg="✓ auxiliary delegated threshold report observed: context=unknown threshold=70" source=console

running (0m58.0s), 1/1 VUs, 0 complete and 0 interrupted iterations
r_rc_2_delegate_request_com...   [   0% ] 1 VUs  0m58.0s/2m30s  0/1 shared iters

running (0m59.0s), 1/1 VUs, 0 complete and 0 interrupted iterations
r_rc_2_delegate_request_com...   [   0% ] 1 VUs  0m59.0s/2m30s  0/1 shared iters

running (1m00.0s), 1/1 VUs, 0 complete and 0 interrupted iterations
r_rc_2_delegate_request_com...   [   0% ] 1 VUs  1m00.0s/2m30s  0/1 shared iters

running (1m01.0s), 1/1 VUs, 0 complete and 0 interrupted iterations
r_rc_2_delegate_request_com...   [   0% ] 1 VUs  1m01.0s/2m30s  0/1 shared iters
time="2026-08-06T14:17:00-07:00" level=info msg="✓ task ledger contains R-RC-2 nonce context" source=console

running (1m02.0s), 1/1 VUs, 0 complete and 0 interrupted iterations
r_rc_2_delegate_request_com...   [   0% ] 1 VUs  1m02.0s/2m30s  0/1 shared iters

running (1m03.0s), 1/1 VUs, 0 complete and 0 interrupted iterations
r_rc_2_delegate_request_com...   [   0% ] 1 VUs  1m03.0s/2m30s  0/1 shared iters

running (1m04.0s), 1/1 VUs, 0 complete and 0 interrupted iterations
r_rc_2_delegate_request_com...   [   0% ] 1 VUs  1m04.0s/2m30s  0/1 shared iters

running (1m05.0s), 1/1 VUs, 0 complete and 0 interrupted iterations
r_rc_2_delegate_request_com...   [   0% ] 1 VUs  1m05.0s/2m30s  0/1 shared iters

running (1m06.0s), 1/1 VUs, 0 complete and 0 interrupted iterations
r_rc_2_delegate_request_com...   [   0% ] 1 VUs  1m06.0s/2m30s  0/1 shared iters

running (1m07.0s), 1/1 VUs, 0 complete and 0 interrupted iterations
r_rc_2_delegate_request_com...   [   0% ] 1 VUs  1m07.0s/2m30s  0/1 shared iters

running (1m08.0s), 1/1 VUs, 0 complete and 0 interrupted iterations
r_rc_2_delegate_request_com...   [   0% ] 1 VUs  1m08.0s/2m30s  0/1 shared iters

running (1m09.0s), 1/1 VUs, 0 complete and 0 interrupted iterations
r_rc_2_delegate_request_com...   [   0% ] 1 VUs  1m09.0s/2m30s  0/1 shared iters

running (1m10.0s), 1/1 VUs, 0 complete and 0 interrupted iterations
r_rc_2_delegate_request_com...   [   0% ] 1 VUs  1m10.0s/2m30s  0/1 shared iters

running (1m11.0s), 1/1 VUs, 0 complete and 0 interrupted iterations
r_rc_2_delegate_request_com...   [   0% ] 1 VUs  1m11.0s/2m30s  0/1 shared iters

running (1m12.0s), 1/1 VUs, 0 complete and 0 interrupted iterations
r_rc_2_delegate_request_com...   [   0% ] 1 VUs  1m12.0s/2m30s  0/1 shared iters

running (1m13.0s), 1/1 VUs, 0 complete and 0 interrupted iterations
r_rc_2_delegate_request_com...   [   0% ] 1 VUs  1m13.0s/2m30s  0/1 shared iters

running (1m14.0s), 1/1 VUs, 0 complete and 0 interrupted iterations
r_rc_2_delegate_request_com...   [   0% ] 1 VUs  1m14.0s/2m30s  0/1 shared iters

running (1m15.0s), 1/1 VUs, 0 complete and 0 interrupted iterations
r_rc_2_delegate_request_com...   [   0% ] 1 VUs  1m15.0s/2m30s  0/1 shared iters

running (1m16.0s), 1/1 VUs, 0 complete and 0 interrupted iterations
r_rc_2_delegate_request_com...   [   0% ] 1 VUs  1m16.0s/2m30s  0/1 shared iters

running (1m17.0s), 1/1 VUs, 0 complete and 0 interrupted iterations
r_rc_2_delegate_request_com...   [   0% ] 1 VUs  1m17.0s/2m30s  0/1 shared iters

running (1m18.0s), 1/1 VUs, 0 complete and 0 interrupted iterations
r_rc_2_delegate_request_com...   [   0% ] 1 VUs  1m18.0s/2m30s  0/1 shared iters

running (1m19.0s), 1/1 VUs, 0 complete and 0 interrupted iterations
r_rc_2_delegate_request_com...   [   0% ] 1 VUs  1m19.0s/2m30s  0/1 shared iters

running (1m20.0s), 1/1 VUs, 0 complete and 0 interrupted iterations
r_rc_2_delegate_request_com...   [   0% ] 1 VUs  1m20.0s/2m30s  0/1 shared iters

running (1m21.0s), 1/1 VUs, 0 complete and 0 interrupted iterations
r_rc_2_delegate_request_com...   [   0% ] 1 VUs  1m21.0s/2m30s  0/1 shared iters

running (1m22.0s), 1/1 VUs, 0 complete and 0 interrupted iterations
r_rc_2_delegate_request_com...   [   0% ] 1 VUs  1m22.0s/2m30s  0/1 shared iters

running (1m23.0s), 1/1 VUs, 0 complete and 0 interrupted iterations
r_rc_2_delegate_request_com...   [   0% ] 1 VUs  1m23.0s/2m30s  0/1 shared iters

running (1m24.0s), 1/1 VUs, 0 complete and 0 interrupted iterations
r_rc_2_delegate_request_com...   [   0% ] 1 VUs  1m24.0s/2m30s  0/1 shared iters

running (1m25.0s), 1/1 VUs, 0 complete and 0 interrupted iterations
r_rc_2_delegate_request_com...   [   0% ] 1 VUs  1m25.0s/2m30s  0/1 shared iters

running (1m26.0s), 1/1 VUs, 0 complete and 0 interrupted iterations
r_rc_2_delegate_request_com...   [   0% ] 1 VUs  1m26.0s/2m30s  0/1 shared iters

running (1m27.0s), 1/1 VUs, 0 complete and 0 interrupted iterations
r_rc_2_delegate_request_com...   [   0% ] 1 VUs  1m27.0s/2m30s  0/1 shared iters

running (1m28.0s), 1/1 VUs, 0 complete and 0 interrupted iterations
r_rc_2_delegate_request_com...   [   0% ] 1 VUs  1m28.0s/2m30s  0/1 shared iters

running (1m29.0s), 1/1 VUs, 0 complete and 0 interrupted iterations
r_rc_2_delegate_request_com...   [   0% ] 1 VUs  1m29.0s/2m30s  0/1 shared iters

running (1m30.0s), 1/1 VUs, 0 complete and 0 interrupted iterations
r_rc_2_delegate_request_com...   [   0% ] 1 VUs  1m30.0s/2m30s  0/1 shared iters

running (1m31.0s), 1/1 VUs, 0 complete and 0 interrupted iterations
r_rc_2_delegate_request_com...   [   0% ] 1 VUs  1m31.0s/2m30s  0/1 shared iters

running (1m32.0s), 1/1 VUs, 0 complete and 0 interrupted iterations
r_rc_2_delegate_request_com...   [   0% ] 1 VUs  1m32.0s/2m30s  0/1 shared iters

running (1m33.0s), 1/1 VUs, 0 complete and 0 interrupted iterations
r_rc_2_delegate_request_com...   [   0% ] 1 VUs  1m33.0s/2m30s  0/1 shared iters

running (1m34.0s), 1/1 VUs, 0 complete and 0 interrupted iterations
r_rc_2_delegate_request_com...   [   0% ] 1 VUs  1m34.0s/2m30s  0/1 shared iters

running (1m35.0s), 1/1 VUs, 0 complete and 0 interrupted iterations
r_rc_2_delegate_request_com...   [   0% ] 1 VUs  1m35.0s/2m30s  0/1 shared iters

running (1m36.0s), 1/1 VUs, 0 complete and 0 interrupted iterations
r_rc_2_delegate_request_com...   [   0% ] 1 VUs  1m36.0s/2m30s  0/1 shared iters

running (1m37.0s), 1/1 VUs, 0 complete and 0 interrupted iterations
r_rc_2_delegate_request_com...   [   0% ] 1 VUs  1m37.0s/2m30s  0/1 shared iters

running (1m38.0s), 1/1 VUs, 0 complete and 0 interrupted iterations
r_rc_2_delegate_request_com...   [   0% ] 1 VUs  1m38.0s/2m30s  0/1 shared iters

running (1m39.0s), 1/1 VUs, 0 complete and 0 interrupted iterations
r_rc_2_delegate_request_com...   [   0% ] 1 VUs  1m39.0s/2m30s  0/1 shared iters

running (1m40.0s), 1/1 VUs, 0 complete and 0 interrupted iterations
r_rc_2_delegate_request_com...   [   0% ] 1 VUs  1m40.0s/2m30s  0/1 shared iters

running (1m41.0s), 1/1 VUs, 0 complete and 0 interrupted iterations
r_rc_2_delegate_request_com...   [   0% ] 1 VUs  1m41.0s/2m30s  0/1 shared iters

running (1m42.0s), 1/1 VUs, 0 complete and 0 interrupted iterations
r_rc_2_delegate_request_com...   [   0% ] 1 VUs  1m42.0s/2m30s  0/1 shared iters

running (1m43.0s), 1/1 VUs, 0 complete and 0 interrupted iterations
r_rc_2_delegate_request_com...   [   0% ] 1 VUs  1m43.0s/2m30s  0/1 shared iters

running (1m44.0s), 1/1 VUs, 0 complete and 0 interrupted iterations
r_rc_2_delegate_request_com...   [   0% ] 1 VUs  1m44.0s/2m30s  0/1 shared iters

running (1m45.0s), 1/1 VUs, 0 complete and 0 interrupted iterations
r_rc_2_delegate_request_com...   [   0% ] 1 VUs  1m45.0s/2m30s  0/1 shared iters

running (1m46.0s), 1/1 VUs, 0 complete and 0 interrupted iterations
r_rc_2_delegate_request_com...   [   0% ] 1 VUs  1m46.0s/2m30s  0/1 shared iters

running (1m47.0s), 1/1 VUs, 0 complete and 0 interrupted iterations
r_rc_2_delegate_request_com...   [   0% ] 1 VUs  1m47.0s/2m30s  0/1 shared iters

running (1m48.0s), 1/1 VUs, 0 complete and 0 interrupted iterations
r_rc_2_delegate_request_com...   [   0% ] 1 VUs  1m48.0s/2m30s  0/1 shared iters

running (1m49.0s), 1/1 VUs, 0 complete and 0 interrupted iterations
r_rc_2_delegate_request_com...   [   0% ] 1 VUs  1m49.0s/2m30s  0/1 shared iters

running (1m50.0s), 1/1 VUs, 0 complete and 0 interrupted iterations
r_rc_2_delegate_request_com...   [   0% ] 1 VUs  1m50.0s/2m30s  0/1 shared iters

running (1m51.0s), 1/1 VUs, 0 complete and 0 interrupted iterations
r_rc_2_delegate_request_com...   [   0% ] 1 VUs  1m51.0s/2m30s  0/1 shared iters

running (1m52.0s), 1/1 VUs, 0 complete and 0 interrupted iterations
r_rc_2_delegate_request_com...   [   0% ] 1 VUs  1m52.0s/2m30s  0/1 shared iters

running (1m53.0s), 1/1 VUs, 0 complete and 0 interrupted iterations
r_rc_2_delegate_request_com...   [   0% ] 1 VUs  1m53.0s/2m30s  0/1 shared iters

running (1m54.0s), 1/1 VUs, 0 complete and 0 interrupted iterations
r_rc_2_delegate_request_com...   [   0% ] 1 VUs  1m54.0s/2m30s  0/1 shared iters

running (1m55.0s), 1/1 VUs, 0 complete and 0 interrupted iterations
r_rc_2_delegate_request_com...   [   0% ] 1 VUs  1m55.0s/2m30s  0/1 shared iters

running (1m56.0s), 1/1 VUs, 0 complete and 0 interrupted iterations
r_rc_2_delegate_request_com...   [   0% ] 1 VUs  1m56.0s/2m30s  0/1 shared iters

running (1m57.0s), 1/1 VUs, 0 complete and 0 interrupted iterations
r_rc_2_delegate_request_com...   [   0% ] 1 VUs  1m57.0s/2m30s  0/1 shared iters

running (1m58.0s), 1/1 VUs, 0 complete and 0 interrupted iterations
r_rc_2_delegate_request_com...   [   0% ] 1 VUs  1m58.0s/2m30s  0/1 shared iters

running (1m59.0s), 1/1 VUs, 0 complete and 0 interrupted iterations
r_rc_2_delegate_request_com...   [   0% ] 1 VUs  1m59.0s/2m30s  0/1 shared iters

running (2m00.0s), 1/1 VUs, 0 complete and 0 interrupted iterations
r_rc_2_delegate_request_com...   [   0% ] 1 VUs  2m00.0s/2m30s  0/1 shared iters
PUBLIC_EVIDENCE {"row":"R-RC-2","manifest_loaded":true,"seat":"cael","session_created":true,"candidateSha":"03939273216bc0c08a2df2d768f2f8d6549ca1f2","started":"2026-08-06T21:15:58.780Z","parent_dispatch_accepted":true,"dispatch_accepted_at_ms":1786050960570,"delegate_requested":true,"reason_hash":"2b255de965b07e15","reason_length":618,"delegate_mode":"normal","child_session_observed":false,"child_history_requests":0,"child_history_available":false,"delegate_child_report_observed":true,"child_reported_context_threshold":true,"request_compaction_tool_result_observed":false,"request_compaction_receipt_role":null,"request_compaction_receipt_tool_name":null,"request_compaction_receipt_status":null,"request_compaction_invocation_bound":false,"request_compaction_rejected_context_threshold":false,"request_compaction_accepted":false,"request_compaction_accepted_reported":false,"post_compaction_path_observed":false,"guard":null,"context_usage":null,"threshold":null,"reported_context_usage":null,"reported_threshold":70,"trace_id":null,"ended":"2026-08-06T21:17:59.694Z","duration_ms":120914,"verdict":"PARTIAL-candidate"}
time="2026-08-06T14:17:59-07:00" level=info msg="\n[R-RC-2] VERDICT: PARTIAL-candidate" source=console

running (2m00.9s), 0/1 VUs, 1 complete and 0 interrupted iterations
r_rc_2_delegate_request_com... ✓ [ 100% ] 1 VUs  2m00.9s/2m30s  1/1 shared iters
[R-RC-2] Candidate routing envelope withheld: review is incomplete or its identity contract did not validate.
[R-RC-2] METRICS: /home/figs/.local/state/openclaw-proof-runs/03939273216bc0c08a2df2d768f2f8d6549ca1f2-rowwise-20260806T205552Z/R-RC-2/03939273216bc0c08a2df2d768f2f8d6549ca1f2/R-RC-2/cael/20260806T211556Z-r-rc-2-36b67b78/openclaw-proofs-k6.prom
[R-RC-2] ARTIFACTS: /home/figs/.local/state/openclaw-proof-runs/03939273216bc0c08a2df2d768f2f8d6549ca1f2-rowwise-20260806T205552Z/R-RC-2/03939273216bc0c08a2df2d768f2f8d6549ca1f2/R-RC-2/cael/20260806T211556Z-r-rc-2-36b67b78
[R-RC-2] COMPLETED.
Observability check: query Grafana for run/nonce or review Tempo traces if trace ID was emitted.
REPORT: /home/figs/.local/state/openclaw-proof-runs/03939273216bc0c08a2df2d768f2f8d6549ca1f2-rowwise-20260806T205552Z/R-RC-2/report.html

==========================================================
Runner execution finished.
