
         /\      Grafana   /‾‾/  
    /\  /  \     |\  __   /  /   
   /  \/    \    | |/ /  /   ‾‾\ 
  /          \   |   (  |  (‾)  |
 / __________ \  |_|\_\  \_____/ 


     execution: local
        script: scenarios/r-cw-3-reason-telemetry.js
        output: -

     scenarios: (100.00%) 1 scenario, 1 max VUs, 10m30s max duration (incl. graceful stop):
              * r_cw_3_reason_telemetry: 1 iterations shared among 1 VUs (maxDuration: 10m0s, gracefulStop: 30s)


running (00m01.0s), 1/1 VUs, 0 complete and 0 interrupted iterations
r_cw_3_reason_telemetry   [   0% ] 1 VUs  00m01.0s/10m0s  0/1 shared iters
time="2026-08-12T04:35:23-07:00" level=info msg="✓ disposable session created: <redacted-session-key>" source=console

running (00m02.0s), 1/1 VUs, 0 complete and 0 interrupted iterations
r_cw_3_reason_telemetry   [   0% ] 1 VUs  00m02.0s/10m0s  0/1 shared iters
time="2026-08-12T04:35:24-07:00" level=info msg="✓ sessions.send accepted — reason telemetry turn triggered" source=console

running (00m03.0s), 1/1 VUs, 0 complete and 0 interrupted iterations
r_cw_3_reason_telemetry   [   0% ] 1 VUs  00m03.0s/10m0s  0/1 shared iters

running (00m04.0s), 1/1 VUs, 0 complete and 0 interrupted iterations
r_cw_3_reason_telemetry   [   0% ] 1 VUs  00m04.0s/10m0s  0/1 shared iters

running (00m05.0s), 1/1 VUs, 0 complete and 0 interrupted iterations
r_cw_3_reason_telemetry   [   0% ] 1 VUs  00m05.0s/10m0s  0/1 shared iters

running (00m06.0s), 1/1 VUs, 0 complete and 0 interrupted iterations
r_cw_3_reason_telemetry   [   0% ] 1 VUs  00m06.0s/10m0s  0/1 shared iters

running (00m07.0s), 1/1 VUs, 0 complete and 0 interrupted iterations
r_cw_3_reason_telemetry   [   0% ] 1 VUs  00m07.0s/10m0s  0/1 shared iters

running (00m08.0s), 1/1 VUs, 0 complete and 0 interrupted iterations
r_cw_3_reason_telemetry   [   0% ] 1 VUs  00m08.0s/10m0s  0/1 shared iters

running (00m09.0s), 1/1 VUs, 0 complete and 0 interrupted iterations
r_cw_3_reason_telemetry   [   0% ] 1 VUs  00m09.0s/10m0s  0/1 shared iters

running (00m10.0s), 1/1 VUs, 0 complete and 0 interrupted iterations
r_cw_3_reason_telemetry   [   0% ] 1 VUs  00m10.0s/10m0s  0/1 shared iters

running (00m11.0s), 1/1 VUs, 0 complete and 0 interrupted iterations
r_cw_3_reason_telemetry   [   0% ] 1 VUs  00m11.0s/10m0s  0/1 shared iters

running (00m12.0s), 1/1 VUs, 0 complete and 0 interrupted iterations
r_cw_3_reason_telemetry   [   0% ] 1 VUs  00m12.0s/10m0s  0/1 shared iters

running (00m13.0s), 1/1 VUs, 0 complete and 0 interrupted iterations
r_cw_3_reason_telemetry   [   0% ] 1 VUs  00m13.0s/10m0s  0/1 shared iters

running (00m14.0s), 1/1 VUs, 0 complete and 0 interrupted iterations
r_cw_3_reason_telemetry   [   0% ] 1 VUs  00m14.0s/10m0s  0/1 shared iters

running (00m15.0s), 1/1 VUs, 0 complete and 0 interrupted iterations
r_cw_3_reason_telemetry   [   0% ] 1 VUs  00m15.0s/10m0s  0/1 shared iters

running (00m16.0s), 1/1 VUs, 0 complete and 0 interrupted iterations
r_cw_3_reason_telemetry   [   0% ] 1 VUs  00m16.0s/10m0s  0/1 shared iters

running (00m17.0s), 1/1 VUs, 0 complete and 0 interrupted iterations
r_cw_3_reason_telemetry   [   0% ] 1 VUs  00m17.0s/10m0s  0/1 shared iters
time="2026-08-12T04:35:39-07:00" level=info msg="✓ CW3-SCHEDULED sentinel observed" source=console
time="2026-08-12T04:35:39-07:00" level=info msg="✓ CW3-WOKE sentinel observed" source=console
time="2026-08-12T04:35:39-07:00" level=info msg="Required R-CW-3 schedule/wake evidence gathered, closing early" source=console
PUBLIC_EVIDENCE {"row":"R-CW-3","manifest_loaded":true,"seat":"cael","session_created":true,"candidateSha":"2b07ba509564bd8a8f1031bf58dd107c1a24c78f","started":"2026-08-12T11:35:21.889Z","dispatch_accepted":true,"scheduled_sentinel":true,"wake_observed":true,"public_artifact_raw_reason_absent":true,"tempo_assertion":"pending-review","reason_hash":"cbb483d2e0225095","reason_length":139,"trace_id":null,"trace_id_source":null,"dispatch_accepted_at_ms":1786534524122,"scheduled_result_at_ms":1786534539042,"wake_delay_ms":224,"ended":"2026-08-12T11:35:39.266Z","duration_ms":17377}
time="2026-08-12T04:35:39-07:00" level=info msg="\n[R-CW-3] VERDICT: PARTIAL-candidate" source=console

[R-CW-3] Summary: PARTIAL-candidate | SHA: 2b07ba509564bd8a8f1031bf58dd107c1a24c78f | Seat: cael

running (00m17.4s), 0/1 VUs, 1 complete and 0 interrupted iterations
r_cw_3_reason_telemetry ✓ [ 100% ] 1 VUs  00m17.4s/10m0s  1/1 shared iters
