==========================================================
Project 81: Seat-Aware k6 Proof Runner
Seat: cael
Target Candidate SHA: 03939273216bc0c08a2df2d768f2f8d6549ca1f2
Artifact root: /home/figs/.local/state/openclaw-proof-runs/03939273216bc0c08a2df2d768f2f8d6549ca1f2-rowwise-20260806T205552Z/R-CD-MODEL-CHAINED-ALT
Row selection: R-CD-MODEL-CHAINED-ALT
Dry Run: false
==========================================================
Harness execution: handing off to the approved runner in an immutable snapshot.
==========================================================
Project 81: Seat-Aware k6 Proof Runner
Seat: cael
Target Candidate SHA: 03939273216bc0c08a2df2d768f2f8d6549ca1f2
Artifact root: /home/figs/.local/state/openclaw-proof-runs/03939273216bc0c08a2df2d768f2f8d6549ca1f2-rowwise-20260806T205552Z/R-CD-MODEL-CHAINED-ALT
Row selection: R-CD-MODEL-CHAINED-ALT
Dry Run: false
==========================================================
Approved docs ref: 52941484c258f353a91d783a635ba6c841d1c38a (karmaterminal/karmaterminal-openclaw-docs)
Harness identity: every tracked byte under tools/k6-proofs matches the approved docs ref.
Harness execution: immutable snapshot of the approved tree (runner included).
Running catalog preflight (repository root: tools/k6-proofs resolved once)...
CATALOG PREFLIGHT: /home/figs/.local/state/openclaw-proof-runs/03939273216bc0c08a2df2d768f2f8d6549ca1f2-rowwise-20260806T205552Z/R-CD-MODEL-CHAINED-ALT/catalog-preflight.log
Rows: R-CD-MODEL-CHAINED-ALT
Harness contract binding: frozen manifest/scenario digests for every selected runnable row.
Resolving session key for selector: main
Deployed Runtime SHA: 03939273216bc0c08a2df2d768f2f8d6549ca1f2
Session configured: true
Running seat-readiness preflight (k6/tooling/gateway/continuation config)...
SEAT READINESS: /home/figs/.local/state/openclaw-proof-runs/03939273216bc0c08a2df2d768f2f8d6549ca1f2-rowwise-20260806T205552Z/R-CD-MODEL-CHAINED-ALT/seat-readiness.json
HARNESS PROVENANCE: /home/figs/.local/state/openclaw-proof-runs/03939273216bc0c08a2df2d768f2f8d6549ca1f2-rowwise-20260806T205552Z/R-CD-MODEL-CHAINED-ALT/harness-provenance.json
HARNESS PROVENANCE (matrix 20260806T210248Z-52941484c258-904af902): /home/figs/.local/state/openclaw-proof-runs/03939273216bc0c08a2df2d768f2f8d6549ca1f2-rowwise-20260806T205552Z/R-CD-MODEL-CHAINED-ALT/harness-provenance/20260806T210248Z-52941484c258-904af902.json

----------------------------------------
Row: R-CD-MODEL-CHAINED-ALT
Manifest: /tmp/openclaw-k6-harness.wcDN8R/tools/k6-proofs/manifests/r-cd-model-chained-alt.json
Scenario: scenarios/r-cd-model-chained-alt.js
Status: runnable
Live Safety: k6-runnable
[R-CD-MODEL-CHAINED-ALT] RUNNING...
./r-cd-model-chained-alt-summary.json

         /\      Grafana   /‾‾/  
    /\  /  \     |\  __   /  /   
   /  \/    \    | |/ /  /   ‾‾\ 
  /          \   |   (  |  (‾)  |
 / __________ \  |_|\_\  \_____/ 


     execution: local
        script: scenarios/r-cd-model-chained-alt.js
        output: -

     scenarios: (100.00%) 1 scenario, 1 max VUs, 4m30s max duration (incl. graceful stop):
              * r_cd_model_chained_alt: 1 iterations shared among 1 VUs (maxDuration: 4m0s, gracefulStop: 30s)

time="2026-08-06T14:02:55-07:00" level=info msg="✓ disposable session created: <redacted-session-key>" source=console

running (0m01.0s), 1/1 VUs, 0 complete and 0 interrupted iterations
r_cd_model_chained_alt   [   0% ] 1 VUs  0m01.0s/4m0s  0/1 shared iters
time="2026-08-06T14:02:55-07:00" level=info msg="✓ sessions.send accepted — chained model parent turn triggered" source=console

running (0m02.0s), 1/1 VUs, 0 complete and 0 interrupted iterations
r_cd_model_chained_alt   [   0% ] 1 VUs  0m02.0s/4m0s  0/1 shared iters

running (0m03.0s), 1/1 VUs, 0 complete and 0 interrupted iterations
r_cd_model_chained_alt   [   0% ] 1 VUs  0m03.0s/4m0s  0/1 shared iters

running (0m04.0s), 1/1 VUs, 0 complete and 0 interrupted iterations
r_cd_model_chained_alt   [   0% ] 1 VUs  0m04.0s/4m0s  0/1 shared iters

running (0m05.0s), 1/1 VUs, 0 complete and 0 interrupted iterations
r_cd_model_chained_alt   [   0% ] 1 VUs  0m05.0s/4m0s  0/1 shared iters

running (0m06.0s), 1/1 VUs, 0 complete and 0 interrupted iterations
r_cd_model_chained_alt   [   0% ] 1 VUs  0m06.0s/4m0s  0/1 shared iters

running (0m07.0s), 1/1 VUs, 0 complete and 0 interrupted iterations
r_cd_model_chained_alt   [   0% ] 1 VUs  0m07.0s/4m0s  0/1 shared iters

running (0m08.0s), 1/1 VUs, 0 complete and 0 interrupted iterations
r_cd_model_chained_alt   [   0% ] 1 VUs  0m08.0s/4m0s  0/1 shared iters

running (0m09.0s), 1/1 VUs, 0 complete and 0 interrupted iterations
r_cd_model_chained_alt   [   0% ] 1 VUs  0m09.0s/4m0s  0/1 shared iters

running (0m10.0s), 1/1 VUs, 0 complete and 0 interrupted iterations
r_cd_model_chained_alt   [   0% ] 1 VUs  0m10.0s/4m0s  0/1 shared iters

running (0m11.0s), 1/1 VUs, 0 complete and 0 interrupted iterations
r_cd_model_chained_alt   [   0% ] 1 VUs  0m11.0s/4m0s  0/1 shared iters

running (0m12.0s), 1/1 VUs, 0 complete and 0 interrupted iterations
r_cd_model_chained_alt   [   0% ] 1 VUs  0m12.0s/4m0s  0/1 shared iters

running (0m13.0s), 1/1 VUs, 0 complete and 0 interrupted iterations
r_cd_model_chained_alt   [   0% ] 1 VUs  0m13.0s/4m0s  0/1 shared iters

running (0m14.0s), 1/1 VUs, 0 complete and 0 interrupted iterations
r_cd_model_chained_alt   [   0% ] 1 VUs  0m14.0s/4m0s  0/1 shared iters

running (0m15.0s), 1/1 VUs, 0 complete and 0 interrupted iterations
r_cd_model_chained_alt   [   0% ] 1 VUs  0m15.0s/4m0s  0/1 shared iters

running (0m16.0s), 1/1 VUs, 0 complete and 0 interrupted iterations
r_cd_model_chained_alt   [   0% ] 1 VUs  0m16.0s/4m0s  0/1 shared iters
time="2026-08-06T14:03:10-07:00" level=info msg="✓ parent scheduled sentinel observed" source=console
time="2026-08-06T14:03:10-07:00" level=info msg="✓ parent scheduled sentinel observed" source=console
time="2026-08-06T14:03:10-07:00" level=info msg="✓ parent scheduled sentinel observed" source=console
time="2026-08-06T14:03:10-07:00" level=info msg="✓ parent scheduled sentinel observed" source=console
time="2026-08-06T14:03:10-07:00" level=info msg="✓ parent scheduled sentinel observed" source=console
time="2026-08-06T14:03:10-07:00" level=info msg="✓ parent scheduled sentinel observed" source=console
time="2026-08-06T14:03:10-07:00" level=info msg="✓ parent scheduled sentinel observed" source=console
time="2026-08-06T14:03:10-07:00" level=info msg="✓ parent scheduled sentinel observed" source=console
time="2026-08-06T14:03:10-07:00" level=info msg="✓ parent scheduled sentinel observed" source=console
time="2026-08-06T14:03:10-07:00" level=info msg="✓ parent scheduled sentinel observed" source=console
time="2026-08-06T14:03:10-07:00" level=info msg="✓ parent scheduled sentinel observed" source=console
time="2026-08-06T14:03:10-07:00" level=info msg="✓ parent scheduled sentinel observed" source=console
time="2026-08-06T14:03:10-07:00" level=info msg="✓ parent scheduled sentinel observed" source=console
time="2026-08-06T14:03:10-07:00" level=info msg="✓ parent scheduled sentinel observed" source=console
time="2026-08-06T14:03:10-07:00" level=info msg="✓ parent scheduled sentinel observed" source=console
time="2026-08-06T14:03:10-07:00" level=info msg="✓ parent scheduled sentinel observed" source=console
time="2026-08-06T14:03:10-07:00" level=info msg="✓ parent scheduled sentinel observed" source=console
time="2026-08-06T14:03:10-07:00" level=info msg="✓ parent scheduled sentinel observed" source=console
time="2026-08-06T14:03:10-07:00" level=info msg="✓ parent scheduled sentinel observed" source=console
time="2026-08-06T14:03:10-07:00" level=info msg="✓ parent scheduled sentinel observed" source=console
time="2026-08-06T14:03:10-07:00" level=info msg="✓ parent scheduled sentinel observed" source=console
time="2026-08-06T14:03:10-07:00" level=info msg="✓ parent scheduled sentinel observed" source=console
time="2026-08-06T14:03:10-07:00" level=info msg="✓ parent scheduled sentinel observed" source=console
time="2026-08-06T14:03:10-07:00" level=info msg="✓ parent scheduled sentinel observed" source=console
time="2026-08-06T14:03:10-07:00" level=info msg="✓ parent scheduled sentinel observed" source=console
time="2026-08-06T14:03:10-07:00" level=info msg="✓ parent scheduled sentinel observed" source=console
time="2026-08-06T14:03:10-07:00" level=info msg="✓ parent scheduled sentinel observed" source=console
time="2026-08-06T14:03:10-07:00" level=info msg="✓ parent scheduled sentinel observed" source=console
time="2026-08-06T14:03:10-07:00" level=info msg="✓ parent scheduled sentinel observed" source=console
time="2026-08-06T14:03:10-07:00" level=info msg="✓ parent scheduled sentinel observed" source=console

running (0m17.0s), 1/1 VUs, 0 complete and 0 interrupted iterations
r_cd_model_chained_alt   [   0% ] 1 VUs  0m17.0s/4m0s  0/1 shared iters

running (0m18.0s), 1/1 VUs, 0 complete and 0 interrupted iterations
r_cd_model_chained_alt   [   0% ] 1 VUs  0m18.0s/4m0s  0/1 shared iters

running (0m19.0s), 1/1 VUs, 0 complete and 0 interrupted iterations
r_cd_model_chained_alt   [   0% ] 1 VUs  0m19.0s/4m0s  0/1 shared iters
time="2026-08-06T14:03:13-07:00" level=info msg="✓ parent scheduled sentinel observed" source=console
time="2026-08-06T14:03:13-07:00" level=info msg="✓ parent scheduled sentinel observed" source=console
time="2026-08-06T14:03:13-07:00" level=info msg="✓ parent scheduled sentinel observed" source=console
time="2026-08-06T14:03:13-07:00" level=info msg="✓ parent scheduled sentinel observed" source=console
time="2026-08-06T14:03:13-07:00" level=info msg="✓ parent scheduled sentinel observed" source=console
time="2026-08-06T14:03:14-07:00" level=info msg="✓ parent scheduled sentinel observed" source=console
time="2026-08-06T14:03:14-07:00" level=info msg="✓ parent scheduled sentinel observed" source=console
time="2026-08-06T14:03:14-07:00" level=info msg="✓ parent scheduled sentinel observed" source=console
time="2026-08-06T14:03:14-07:00" level=info msg="✓ parent scheduled sentinel observed" source=console
time="2026-08-06T14:03:14-07:00" level=info msg="✓ parent scheduled sentinel observed" source=console
time="2026-08-06T14:03:14-07:00" level=info msg="✓ parent scheduled sentinel observed" source=console
time="2026-08-06T14:03:14-07:00" level=info msg="✓ parent scheduled sentinel observed" source=console
time="2026-08-06T14:03:14-07:00" level=info msg="✓ parent scheduled sentinel observed" source=console
time="2026-08-06T14:03:14-07:00" level=info msg="✓ parent scheduled sentinel observed" source=console
time="2026-08-06T14:03:14-07:00" level=info msg="✓ parent scheduled sentinel observed" source=console
time="2026-08-06T14:03:14-07:00" level=info msg="✓ parent scheduled sentinel observed" source=console
time="2026-08-06T14:03:14-07:00" level=info msg="✓ parent scheduled sentinel observed" source=console
time="2026-08-06T14:03:14-07:00" level=info msg="✓ parent scheduled sentinel observed" source=console

running (0m20.0s), 1/1 VUs, 0 complete and 0 interrupted iterations
r_cd_model_chained_alt   [   0% ] 1 VUs  0m20.0s/4m0s  0/1 shared iters
time="2026-08-06T14:03:14-07:00" level=info msg="✓ parent scheduled sentinel observed" source=console
time="2026-08-06T14:03:14-07:00" level=info msg="✓ parent scheduled sentinel observed" source=console
time="2026-08-06T14:03:14-07:00" level=info msg="✓ depth-1 scheduled depth-2 sentinel observed" source=console
time="2026-08-06T14:03:14-07:00" level=info msg="✓ depth-2 model return observed" source=console
time="2026-08-06T14:03:14-07:00" level=info msg="All required R-CD-MODEL-CHAINED-ALT evidence gathered, closing early" source=console
PUBLIC_EVIDENCE {"row":"R-CD-MODEL-CHAINED-ALT","manifest_loaded":true,"seat":"cael","session_created":true,"candidateSha":"03939273216bc0c08a2df2d768f2f8d6549ca1f2","started":"2026-08-06T21:02:54.214Z","requested_model_byte":"gpt","dispatch_accepted":true,"dispatch_accepted_at_ms":1786050175858,"depth_1_child_observed":true,"depth_2_child_observed":true,"depth_1_scheduled_inner":true,"depth_2_model_byte":"gpt.","model_matches":true,"return_payload":true,"trace_id":null,"ended":"2026-08-06T21:03:14.571Z","duration_ms":20357}
time="2026-08-06T14:03:14-07:00" level=info msg="\n[R-CD-MODEL-CHAINED-ALT] VERDICT: PASS-candidate" source=console

[R-CD-MODEL-CHAINED-ALT] Summary: PASS-candidate | SHA: 03939273216bc0c08a2df2d768f2f8d6549ca1f2 | Seat: cael

running (0m20.4s), 0/1 VUs, 1 complete and 0 interrupted iterations
r_cd_model_chained_alt ✓ [ 100% ] 1 VUs  0m20.4s/4m0s  1/1 shared iters
[R-CD-MODEL-CHAINED-ALT] CANDIDATE REVIEW ENVELOPE: /home/figs/.local/state/openclaw-proof-runs/03939273216bc0c08a2df2d768f2f8d6549ca1f2-rowwise-20260806T205552Z/R-CD-MODEL-CHAINED-ALT/03939273216bc0c08a2df2d768f2f8d6549ca1f2/R-CD-MODEL-CHAINED-ALT/cael/20260806T210251Z-r-cd-model-chained-alt-904af902/candidate-run-result.json
[R-CD-MODEL-CHAINED-ALT] METRICS: /home/figs/.local/state/openclaw-proof-runs/03939273216bc0c08a2df2d768f2f8d6549ca1f2-rowwise-20260806T205552Z/R-CD-MODEL-CHAINED-ALT/03939273216bc0c08a2df2d768f2f8d6549ca1f2/R-CD-MODEL-CHAINED-ALT/cael/20260806T210251Z-r-cd-model-chained-alt-904af902/openclaw-proofs-k6.prom
[R-CD-MODEL-CHAINED-ALT] ARTIFACTS: /home/figs/.local/state/openclaw-proof-runs/03939273216bc0c08a2df2d768f2f8d6549ca1f2-rowwise-20260806T205552Z/R-CD-MODEL-CHAINED-ALT/03939273216bc0c08a2df2d768f2f8d6549ca1f2/R-CD-MODEL-CHAINED-ALT/cael/20260806T210251Z-r-cd-model-chained-alt-904af902
[R-CD-MODEL-CHAINED-ALT] COMPLETED.
Observability check: query Grafana for run/nonce or review Tempo traces if trace ID was emitted.
REPORT: /home/figs/.local/state/openclaw-proof-runs/03939273216bc0c08a2df2d768f2f8d6549ca1f2-rowwise-20260806T205552Z/R-CD-MODEL-CHAINED-ALT/report.html

==========================================================
Runner execution finished.
