Resolving session key for selector: discord-channel:1466192485440164011
==========================================================
Project 81: Seat-Aware k6 Proof Runner
Seat: ronan
Target Candidate SHA: e08f696618da57e7267a2148578fa4ab0d8b0d01
Deployed Runtime SHA: e08f696618da57e7267a2148578fa4ab0d8b0d01
Session: main
Artifact root: /tmp/p81-ronan-live-e08f696-20260709T032347Z/artifacts
Rows: R-CW-3
Dry Run: false
==========================================================
Running seat-readiness preflight (k6/tooling/gateway/continuation config)...
SEAT READINESS: /tmp/p81-ronan-live-e08f696-20260709T032347Z/artifacts/seat-readiness.json

----------------------------------------
Row: R-CW-3
Manifest: /home/figs/source/karmaterminal-openclaw-docs/tools/k6-proofs/manifests/r-cw-3.json
Scenario: scenarios/r-cw-3-reason-telemetry.js
Status: runnable
Live Safety: k6-runnable
[R-CW-3] RUNNING...

         /\      Grafana   /‾‾/  
    /\  /  \     |\  __   /  /   
   /  \/    \    | |/ /  /   ‾‾\ 
  /          \   |   (  |  (‾)  |
 / __________ \  |_|\_\  \_____/ 


     execution: local
        script: scenarios/r-cw-3-reason-telemetry.js
        output: -

     scenarios: (100.00%) 1 scenario, 1 max VUs, 10m30s max duration (incl. graceful stop):
              * r_cw_3_reason_telemetry: 1 iterations shared among 1 VUs (maxDuration: 10m0s, gracefulStop: 30s)

time="2026-07-08T20:31:50-07:00" level=info msg="✓ disposable session created: agent:main:r-cw-3-r-cw-3-1783567910547-urjf2a17" source=console
time="2026-07-08T20:31:51-07:00" level=info msg="✓ sessions.send accepted — reason telemetry turn triggered" source=console

running (00m01.0s), 1/1 VUs, 0 complete and 0 interrupted iterations
r_cw_3_reason_telemetry   [   0% ] 1 VUs  00m01.0s/10m0s  0/1 shared iters

running (00m02.0s), 1/1 VUs, 0 complete and 0 interrupted iterations
r_cw_3_reason_telemetry   [   0% ] 1 VUs  00m02.0s/10m0s  0/1 shared iters

running (00m03.0s), 1/1 VUs, 0 complete and 0 interrupted iterations
r_cw_3_reason_telemetry   [   0% ] 1 VUs  00m03.0s/10m0s  0/1 shared iters

running (00m04.0s), 1/1 VUs, 0 complete and 0 interrupted iterations
r_cw_3_reason_telemetry   [   0% ] 1 VUs  00m04.0s/10m0s  0/1 shared iters

running (00m05.0s), 1/1 VUs, 0 complete and 0 interrupted iterations
r_cw_3_reason_telemetry   [   0% ] 1 VUs  00m05.0s/10m0s  0/1 shared iters

running (00m06.0s), 1/1 VUs, 0 complete and 0 interrupted iterations
r_cw_3_reason_telemetry   [   0% ] 1 VUs  00m06.0s/10m0s  0/1 shared iters

running (00m07.0s), 1/1 VUs, 0 complete and 0 interrupted iterations
r_cw_3_reason_telemetry   [   0% ] 1 VUs  00m07.0s/10m0s  0/1 shared iters

running (00m08.0s), 1/1 VUs, 0 complete and 0 interrupted iterations
r_cw_3_reason_telemetry   [   0% ] 1 VUs  00m08.0s/10m0s  0/1 shared iters

running (00m09.0s), 1/1 VUs, 0 complete and 0 interrupted iterations
r_cw_3_reason_telemetry   [   0% ] 1 VUs  00m09.0s/10m0s  0/1 shared iters

running (00m10.0s), 1/1 VUs, 0 complete and 0 interrupted iterations
r_cw_3_reason_telemetry   [   0% ] 1 VUs  00m10.0s/10m0s  0/1 shared iters

running (00m11.0s), 1/1 VUs, 0 complete and 0 interrupted iterations
r_cw_3_reason_telemetry   [   0% ] 1 VUs  00m11.0s/10m0s  0/1 shared iters

running (00m12.0s), 1/1 VUs, 0 complete and 0 interrupted iterations
r_cw_3_reason_telemetry   [   0% ] 1 VUs  00m12.0s/10m0s  0/1 shared iters

running (00m13.0s), 1/1 VUs, 0 complete and 0 interrupted iterations
r_cw_3_reason_telemetry   [   0% ] 1 VUs  00m13.0s/10m0s  0/1 shared iters

running (00m14.0s), 1/1 VUs, 0 complete and 0 interrupted iterations
r_cw_3_reason_telemetry   [   0% ] 1 VUs  00m14.0s/10m0s  0/1 shared iters

running (00m15.0s), 1/1 VUs, 0 complete and 0 interrupted iterations
r_cw_3_reason_telemetry   [   0% ] 1 VUs  00m15.0s/10m0s  0/1 shared iters
time="2026-07-08T20:32:05-07:00" level=info msg="✓ CW3-SCHEDULED sentinel observed" source=console

running (00m16.0s), 1/1 VUs, 0 complete and 0 interrupted iterations
r_cw_3_reason_telemetry   [   0% ] 1 VUs  00m16.0s/10m0s  0/1 shared iters

running (00m17.0s), 1/1 VUs, 0 complete and 0 interrupted iterations
r_cw_3_reason_telemetry   [   0% ] 1 VUs  00m17.0s/10m0s  0/1 shared iters

running (00m18.0s), 1/1 VUs, 0 complete and 0 interrupted iterations
r_cw_3_reason_telemetry   [   0% ] 1 VUs  00m18.0s/10m0s  0/1 shared iters

running (00m19.0s), 1/1 VUs, 0 complete and 0 interrupted iterations
r_cw_3_reason_telemetry   [   0% ] 1 VUs  00m19.0s/10m0s  0/1 shared iters

running (00m20.0s), 1/1 VUs, 0 complete and 0 interrupted iterations
r_cw_3_reason_telemetry   [   0% ] 1 VUs  00m20.0s/10m0s  0/1 shared iters

running (00m21.0s), 1/1 VUs, 0 complete and 0 interrupted iterations
r_cw_3_reason_telemetry   [   0% ] 1 VUs  00m21.0s/10m0s  0/1 shared iters
time="2026-07-08T20:32:11-07:00" level=info msg="✓ CW3-WOKE sentinel observed" source=console
time="2026-07-08T20:32:11-07:00" level=info msg="Required R-CW-3 schedule/wake evidence gathered, closing early" source=console
time="2026-07-08T20:32:11-07:00" level=info msg="R_CW_3_EVIDENCE {\"row\":\"R-CW-3\",\"manifest_loaded\":true,\"nonce\":\"R-CW-3-1783567910547-urjf2a17\",\"seat\":\"ronan\",\"requestedSessionKey\":\"main\",\"sessionKey\":\"agent:main:r-cw-3-r-cw-3-1783567910547-urjf2a17\",\"session_created\":true,\"created_session_key\":\"agent:main:r-cw-3-r-cw-3-1783567910547-urjf2a17\",\"candidateSha\":\"e08f696618da57e7267a2148578fa4ab0d8b0d01\",\"started\":\"2026-07-09T03:31:50.547Z\",\"dispatch_accepted\":true,\"scheduled_sentinel\":true,\"wake_observed\":true,\"public_artifact_raw_reason_absent\":true,\"tempo_assertion\":\"pending-review\",\"trace_id\":null,\"trace_id_source\":null,\"dispatch_accepted_at_ms\":1783567911437,\"scheduled_result_at_ms\":1783567925982,\"wake_delay_ms\":5877,\"redacted_events\":[{\"ts\":1783567910549,\"kind\":\"event\",\"method\":null,\"event\":\"connect.challenge\",\"ok\":null,\"data\":{\"ts\":1783567910548}},{\"ts\":1783567910554,\"kind\":\"other\",\"method\":null,\"event\":null,\"ok\":null,\"data\":{}},{\"ts\":1783567910615,\"kind\":\"event\",\"method\":null,\"event\":\"health\",\"ok\":null,\"data\":{\"ok\":true,\"ts\":1783567910614}},{\"ts\":1783567910906,\"kind\":\"response\",\"method\":\"sessions.create\",\"event\":null,\"ok\":true,\"data\":{\"ok\":true}},{\"ts\":1783567910935,\"kind\":\"response\",\"method\":\"sessions.messages.subscribe\",\"event\":null,\"ok\":true,\"data\":{}},{\"ts\":1783567911437,\"kind\":\"response\",\"method\":\"sessions.send\",\"event\":null,\"ok\":true,\"data\":{\"runId\":\"R-CW-3-DISPATCH-R-CW-3-1783567910547-urjf2a17\",\"status\":\"started\"}},{\"ts\":1783567912036,\"kind\":\"event\",\"method\":null,\"event\":\"agent\",\"ok\":null,\"data\":{\"runId\":\"active-memory-mrcya8kf-31c29611\",\"sessionKey\":\"agent:main:r-cw-3-r-cw-3-1783567910547-urjf2a17:active-memory:c5d8322f1866\",\"ts\":1783567912036}},{\"ts\":1783567915493,\"kind\":\"event\",\"method\":null,\"event\":\"agent\",\"ok\":null,\"data\":{\"runId\":\"active-memory-mrcya8kf-31c29611\",\"sessionKey\":\"agent:main:r-cw-3-r-cw-3-1783567910547-urjf2a17:active-memory:c5d8322f1866\",\"ts\":1783567915448}},{\"ts\":1783567916700,\"kind\":\"event\",\"method\":null,\"event\":\"health\",\"ok\":null,\"data\":{\"ok\":true,\"ts\":1783567916699}},{\"ts\":1783567916722,\"kind\":\"event\",\"method\":null,\"event\":\"presence\",\"ok\":null,\"data\":{}},{\"ts\":1783567916751,\"kind\":\"event\",\"method\":null,\"event\":\"agent\",\"ok\":null,\"data\":{\"runId\":\"active-memory-mrcya8kf-31c29611\",\"sessionKey\":\"agent:main:r-cw-3-r-cw-3-1783567910547-urjf2a17:active-memory:c5d8322f1866\",\"ts\":1783567916740}},{\"ts\":1783567918493,\"kind\":\"event\",\"method\":null,\"event\":\"agent\",\"ok\":null,\"data\":{\"runId\":\"active-memory-mrcya8kf-31c29611\",\"sessionKey\":\"agent:main:r-cw-3-r-cw-3-1783567910547-urjf2a17:active-memory:c5d8322f1866\",\"ts\":1783567918492}},{\"ts\":1783567918493,\"kind\":\"event\",\"method\":null,\"event\":\"chat\",\"ok\":null,\"data\":{\"runId\":\"active-memory-mrcya8kf-31c29611\",\"sessionKey\":\"agent:main:r-cw-3-r-cw-3-1783567910547-urjf2a17:active-memory:c5d8322f1866\",\"state\":\"error\"}},{\"ts\":1783567918665,\"kind\":\"event\",\"method\":null,\"event\":\"agent\",\"ok\":null,\"data\":{\"runId\":\"R-CW-3-DISPATCH-R-CW-3-1783567910547-urjf2a17\",\"sessionKey\":\"agent:main:r-cw-3-r-cw-3-1783567910547-urjf2a17\",\"ts\":1783567918664}},{\"ts\":1783567918702,\"kind\":\"event\",\"method\":null,\"event\":\"session.message\",\"ok\":null,\"data\":{\"sessionKey\":\"agent:main:r-cw-3-r-cw-3-1783567910547-urjf2a17\"}},{\"ts\":1783567922633,\"kind\":\"event\",\"method\":null,\"event\":\"session.message\",\"ok\":null,\"data\":{\"sessionKey\":\"agent:main:r-cw-3-r-cw-3-1783567910547-urjf2a17\",\"status\":\"running\",\"startedAt\":1783567918664}},{\"ts\":1783567922676,\"kind\":\"event\",\"method\":null,\"event\":\"agent\",\"ok\":null,\"data\":{\"runId\":\"R-CW-3-DISPATCH-R-CW-3-1783567910547-urjf2a17\",\"sessionKey\":\"agent:main:r-cw-3-r-cw-3-1783567910547-urjf2a17\",\"ts\":1783567922636}},{\"ts\":1783567922708,\"kind\":\"event\",\"method\":null,\"event\":\"agent\",\"ok\":null,\"data\":{\"runId\":\"R-CW-3-DISPATCH-R-CW-3-1783567910547-urjf2a17\",\"sessionKey\":\"agent:main:r-cw-3-r-cw-3-1783567910547-urjf2a17\",\"ts\":1783567922697}},{\"ts\":1783567925848,\"kind\":\"event\",\"method\":null,\"event\":\"agent\",\"ok\":null,\"data\":{\"runId\":\"R-CW-3-DISPATCH-R-CW-3-1783567910547-urjf2a17\",\"sessionKey\":\"agent:main:r-cw-3-r-cw-3-1783567910547-urjf2a17\",\"ts\":1783567925847}},{\"ts\":1783567925848,\"kind\":\"event\",\"method\":null,\"event\":\"chat\",\"ok\":null,\"data\":{\"runId\":\"R-CW-3-DISPATCH-R-CW-3-1783567910547-urjf2a17\",\"sessionKey\":\"agent:main:r-cw-3-r-cw-3-1783567910547-urjf2a17\",\"state\":\"delta\"}},{\"ts\":1783567925982,\"kind\":\"event\",\"method\":null,\"event\":\"session.message\",\"ok\":null,\"data\":{\"sessionKey\":\"agent:main:r-cw-3-r-cw-3-1783567910547-urjf2a17\",\"status\":\"running\",\"startedAt\":1783567918664}},{\"ts\":1783567925989,\"kind\":\"event\",\"method\":null,\"event\":\"agent\",\"ok\":null,\"data\":{\"runId\":\"R-CW-3-DISPATCH-R-CW-3-1783567910547-urjf2a17\",\"sessionKey\":\"agent:main:r-cw-3-r-cw-3-1783567910547-urjf2a17\",\"ts\":1783567925955}},{\"ts\":1783567925989,\"kind\":\"event\",\"method\":null,\"event\":\"agent\",\"ok\":null,\"data\":{\"runId\":\"R-CW-3-DISPATCH-R-CW-3-1783567910547-urjf2a17\",\"sessionKey\":\"agent:main:r-cw-3-r-cw-3-1783567910547-urjf2a17\",\"ts\":1783567925988}},{\"ts\":1783567926094,\"kind\":\"event\",\"method\":null,\"event\":\"agent\",\"ok\":null,\"data\":{\"runId\":\"R-CW-3-DISPATCH-R-CW-3-1783567910547-urjf2a17\",\"sessionKey\":\"agent:main:r-cw-3-r-cw-3-1783567910547-urjf2a17\",\"ts\":1783567926093}},{\"ts\":1783567926094,\"kind\":\"event\",\"method\":null,\"event\":\"chat\",\"ok\":null,\"data\":{\"runId\":\"R-CW-3-DISPATCH-R-CW-3-1783567910547-urjf2a17\",\"sessionKey\":\"agent:main:r-cw-3-r-cw-3-1783567910547-urjf2a17\",\"state\":\"delta\"}},{\"ts\":1783567926094,\"kind\":\"event\",\"method\":null,\"event\":\"chat\",\"ok\":null,\"data\":{\"runId\":\"R-CW-3-DISPATCH-R-CW-3-1783567910547-urjf2a17\",\"sessionKey\":\"agent:main:r-cw-3-r-cw-3-1783567910547-urjf2a17\",\"state\":\"final\"}},{\"ts\":1783567931859,\"kind\":\"event\",\"method\":null,\"event\":\"session.message\",\"ok\":null,\"data\":{\"sessionKey\":\"agent:main:r-cw-3-r-cw-3-1783567910547-urjf2a17\",\"status\":\"done\",\"startedAt\":1783567918664}}],\"ended\":\"2026-07-09T03:32:11.860Z\",\"duration_ms\":21313}" source=console
time="2026-07-08T20:32:11-07:00" level=info msg="\n--- R-CW-3 EVIDENCE SUMMARY ---" source=console
time="2026-07-08T20:32:11-07:00" level=info msg="{\n  \"row\": \"R-CW-3\",\n  \"manifest_loaded\": true,\n  \"nonce\": \"R-CW-3-1783567910547-urjf2a17\",\n  \"seat\": \"ronan\",\n  \"requestedSessionKey\": \"main\",\n  \"sessionKey\": \"agent:main:r-cw-3-r-cw-3-1783567910547-urjf2a17\",\n  \"session_created\": true,\n  \"created_session_key\": \"agent:main:r-cw-3-r-cw-3-1783567910547-urjf2a17\",\n  \"candidateSha\": \"e08f696618da57e7267a2148578fa4ab0d8b0d01\",\n  \"started\": \"2026-07-09T03:31:50.547Z\",\n  \"dispatch_accepted\": true,\n  \"scheduled_sentinel\": true,\n  \"wake_observed\": true,\n  \"public_artifact_raw_reason_absent\": true,\n  \"tempo_assertion\": \"pending-review\",\n  \"trace_id\": null,\n  \"trace_id_source\": null,\n  \"dispatch_accepted_at_ms\": 1783567911437,\n  \"scheduled_result_at_ms\": 1783567925982,\n  \"wake_delay_ms\": 5877,\n  \"redacted_events\": [\n    {\n      \"ts\": 1783567910549,\n      \"kind\": \"event\",\n      \"method\": null,\n      \"event\": \"connect.challenge\",\n      \"ok\": null,\n      \"data\": {\n        \"ts\": 1783567910548\n      }\n    },\n    {\n      \"ts\": 1783567910554,\n      \"kind\": \"other\",\n      \"method\": null,\n      \"event\": null,\n      \"ok\": null,\n      \"data\": {}\n    },\n    {\n      \"ts\": 1783567910615,\n      \"kind\": \"event\",\n      \"method\": null,\n      \"event\": \"health\",\n      \"ok\": null,\n      \"data\": {\n        \"ok\": true,\n        \"ts\": 1783567910614\n      }\n    },\n    {\n      \"ts\": 1783567910906,\n      \"kind\": \"response\",\n      \"method\": \"sessions.create\",\n      \"event\": null,\n      \"ok\": true,\n      \"data\": {\n        \"ok\": true\n      }\n    },\n    {\n      \"ts\": 1783567910935,\n      \"kind\": \"response\",\n      \"method\": \"sessions.messages.subscribe\",\n      \"event\": null,\n      \"ok\": true,\n      \"data\": {}\n    },\n    {\n      \"ts\": 1783567911437,\n      \"kind\": \"response\",\n      \"method\": \"sessions.send\",\n      \"event\": null,\n      \"ok\": true,\n      \"data\": {\n        \"runId\": \"R-CW-3-DISPATCH-R-CW-3-1783567910547-urjf2a17\",\n        \"status\": \"started\"\n      }\n    },\n    {\n      \"ts\": 1783567912036,\n      \"kind\": \"event\",\n      \"method\": null,\n      \"event\": \"agent\",\n      \"ok\": null,\n      \"data\": {\n        \"runId\": \"active-memory-mrcya8kf-31c29611\",\n        \"sessionKey\": \"agent:main:r-cw-3-r-cw-3-1783567910547-urjf2a17:active-memory:c5d8322f1866\",\n        \"ts\": 1783567912036\n      }\n    },\n    {\n      \"ts\": 1783567915493,\n      \"kind\": \"event\",\n      \"method\": null,\n      \"event\": \"agent\",\n      \"ok\": null,\n      \"data\": {\n        \"runId\": \"active-memory-mrcya8kf-31c29611\",\n        \"sessionKey\": \"agent:main:r-cw-3-r-cw-3-1783567910547-urjf2a17:active-memory:c5d8322f1866\",\n        \"ts\": 1783567915448\n      }\n    },\n    {\n      \"ts\": 1783567916700,\n      \"kind\": \"event\",\n      \"method\": null,\n      \"event\": \"health\",\n      \"ok\": null,\n      \"data\": {\n        \"ok\": true,\n        \"ts\": 1783567916699\n      }\n    },\n    {\n      \"ts\": 1783567916722,\n      \"kind\": \"event\",\n      \"method\": null,\n      \"event\": \"presence\",\n      \"ok\": null,\n      \"data\": {}\n    },\n    {\n      \"ts\": 1783567916751,\n      \"kind\": \"event\",\n      \"method\": null,\n      \"event\": \"agent\",\n      \"ok\": null,\n      \"data\": {\n        \"runId\": \"active-memory-mrcya8kf-31c29611\",\n        \"sessionKey\": \"agent:main:r-cw-3-r-cw-3-1783567910547-urjf2a17:active-memory:c5d8322f1866\",\n        \"ts\": 1783567916740\n      }\n    },\n    {\n      \"ts\": 1783567918493,\n      \"kind\": \"event\",\n      \"method\": null,\n      \"event\": \"agent\",\n      \"ok\": null,\n      \"data\": {\n        \"runId\": \"active-memory-mrcya8kf-31c29611\",\n        \"sessionKey\": \"agent:main:r-cw-3-r-cw-3-1783567910547-urjf2a17:active-memory:c5d8322f1866\",\n        \"ts\": 1783567918492\n      }\n    },\n    {\n      \"ts\": 1783567918493,\n      \"kind\": \"event\",\n      \"method\": null,\n      \"event\": \"chat\",\n      \"ok\": null,\n      \"data\": {\n        \"runId\": \"active-memory-mrcya8kf-31c29611\",\n        \"sessionKey\": \"agent:main:r-cw-3-r-cw-3-1783567910547-urjf2a17:active-memory:c5d8322f1866\",\n        \"state\": \"error\"\n      }\n    },\n    {\n      \"ts\": 1783567918665,\n      \"kind\": \"event\",\n      \"method\": null,\n      \"event\": \"agent\",\n      \"ok\": null,\n      \"data\": {\n        \"runId\": \"R-CW-3-DISPATCH-R-CW-3-1783567910547-urjf2a17\",\n        \"sessionKey\": \"agent:main:r-cw-3-r-cw-3-1783567910547-urjf2a17\",\n        \"ts\": 1783567918664\n      }\n    },\n    {\n      \"ts\": 1783567918702,\n      \"kind\": \"event\",\n      \"method\": null,\n      \"event\": \"session.message\",\n      \"ok\": null,\n      \"data\": {\n        \"sessionKey\": \"agent:main:r-cw-3-r-cw-3-1783567910547-urjf2a17\"\n      }\n    },\n    {\n      \"ts\": 1783567922633,\n      \"kind\": \"event\",\n      \"method\": null,\n      \"event\": \"session.message\",\n      \"ok\": null,\n      \"data\": {\n        \"sessionKey\": \"agent:main:r-cw-3-r-cw-3-1783567910547-urjf2a17\",\n        \"status\": \"running\",\n        \"startedAt\": 1783567918664\n      }\n    },\n    {\n      \"ts\": 1783567922676,\n      \"kind\": \"event\",\n      \"method\": null,\n      \"event\": \"agent\",\n      \"ok\": null,\n      \"data\": {\n        \"runId\": \"R-CW-3-DISPATCH-R-CW-3-1783567910547-urjf2a17\",\n        \"sessionKey\": \"agent:main:r-cw-3-r-cw-3-1783567910547-urjf2a17\",\n        \"ts\": 1783567922636\n      }\n    },\n    {\n      \"ts\": 1783567922708,\n      \"kind\": \"event\",\n      \"method\": null,\n      \"event\": \"agent\",\n      \"ok\": null,\n      \"data\": {\n        \"runId\": \"R-CW-3-DISPATCH-R-CW-3-1783567910547-urjf2a17\",\n        \"sessionKey\": \"agent:main:r-cw-3-r-cw-3-1783567910547-urjf2a17\",\n        \"ts\": 1783567922697\n      }\n    },\n    {\n      \"ts\": 1783567925848,\n      \"kind\": \"event\",\n      \"method\": null,\n      \"event\": \"agent\",\n      \"ok\": null,\n      \"data\": {\n        \"runId\": \"R-CW-3-DISPATCH-R-CW-3-1783567910547-urjf2a17\",\n        \"sessionKey\": \"agent:main:r-cw-3-r-cw-3-1783567910547-urjf2a17\",\n        \"ts\": 1783567925847\n      }\n    },\n    {\n      \"ts\": 1783567925848,\n      \"kind\": \"event\",\n      \"method\": null,\n      \"event\": \"chat\",\n      \"ok\": null,\n      \"data\": {\n        \"runId\": \"R-CW-3-DISPATCH-R-CW-3-1783567910547-urjf2a17\",\n        \"sessionKey\": \"agent:main:r-cw-3-r-cw-3-1783567910547-urjf2a17\",\n        \"state\": \"delta\"\n      }\n    },\n    {\n      \"ts\": 1783567925982,\n      \"kind\": \"event\",\n      \"method\": null,\n      \"event\": \"session.message\",\n      \"ok\": null,\n      \"data\": {\n        \"sessionKey\": \"agent:main:r-cw-3-r-cw-3-1783567910547-urjf2a17\",\n        \"status\": \"running\",\n        \"startedAt\": 1783567918664\n      }\n    },\n    {\n      \"ts\": 1783567925989,\n      \"kind\": \"event\",\n      \"method\": null,\n      \"event\": \"agent\",\n      \"ok\": null,\n      \"data\": {\n        \"runId\": \"R-CW-3-DISPATCH-R-CW-3-1783567910547-urjf2a17\",\n        \"sessionKey\": \"agent:main:r-cw-3-r-cw-3-1783567910547-urjf2a17\",\n        \"ts\": 1783567925955\n      }\n    },\n    {\n      \"ts\": 1783567925989,\n      \"kind\": \"event\",\n      \"method\": null,\n      \"event\": \"agent\",\n      \"ok\": null,\n      \"data\": {\n        \"runId\": \"R-CW-3-DISPATCH-R-CW-3-1783567910547-urjf2a17\",\n        \"sessionKey\": \"agent:main:r-cw-3-r-cw-3-1783567910547-urjf2a17\",\n        \"ts\": 1783567925988\n      }\n    },\n    {\n      \"ts\": 1783567926094,\n      \"kind\": \"event\",\n      \"method\": null,\n      \"event\": \"agent\",\n      \"ok\": null,\n      \"data\": {\n        \"runId\": \"R-CW-3-DISPATCH-R-CW-3-1783567910547-urjf2a17\",\n        \"sessionKey\": \"agent:main:r-cw-3-r-cw-3-1783567910547-urjf2a17\",\n        \"ts\": 1783567926093\n      }\n    },\n    {\n      \"ts\": 1783567926094,\n      \"kind\": \"event\",\n      \"method\": null,\n      \"event\": \"chat\",\n      \"ok\": null,\n      \"data\": {\n        \"runId\": \"R-CW-3-DISPATCH-R-CW-3-1783567910547-urjf2a17\",\n        \"sessionKey\": \"agent:main:r-cw-3-r-cw-3-1783567910547-urjf2a17\",\n        \"state\": \"delta\"\n      }\n    },\n    {\n      \"ts\": 1783567926094,\n      \"kind\": \"event\",\n      \"method\": null,\n      \"event\": \"chat\",\n      \"ok\": null,\n      \"data\": {\n        \"runId\": \"R-CW-3-DISPATCH-R-CW-3-1783567910547-urjf2a17\",\n        \"sessionKey\": \"agent:main:r-cw-3-r-cw-3-1783567910547-urjf2a17\",\n        \"state\": \"final\"\n      }\n    },\n    {\n      \"ts\": 1783567931859,\n      \"kind\": \"event\",\n      \"method\": null,\n      \"event\": \"session.message\",\n      \"ok\": null,\n      \"data\": {\n        \"sessionKey\": \"agent:main:r-cw-3-r-cw-3-1783567910547-urjf2a17\",\n        \"status\": \"done\",\n        \"startedAt\": 1783567918664\n      }\n    }\n  ],\n  \"ended\": \"2026-07-09T03:32:11.860Z\",\n  \"duration_ms\": 21313\n}" source=console
time="2026-07-08T20:32:11-07:00" level=info msg="--- END EVIDENCE ---" source=console
time="2026-07-08T20:32:11-07:00" level=info msg="\n[R-CW-3] VERDICT: HONEST-LIMIT-candidate" source=console

[R-CW-3] Summary: HONEST-LIMIT-candidate | SHA: e08f696618da57e7267a2148578fa4ab0d8b0d01 | Seat: ronan

running (00m21.3s), 0/1 VUs, 1 complete and 0 interrupted iterations
r_cw_3_reason_telemetry ✓ [ 100% ] 1 VUs  00m21.3s/10m0s  1/1 shared iters
./r-cw-3-reason-telemetry-summary.json
[R-CW-3] METRICS: /tmp/p81-ronan-live-e08f696-20260709T032347Z/artifacts/e08f696618da57e7267a2148578fa4ab0d8b0d01/R-CW-3/ronan/20260709T033150Z-r-cw-3/openclaw-proofs-k6.prom
[R-CW-3] ARTIFACTS: /tmp/p81-ronan-live-e08f696-20260709T032347Z/artifacts/e08f696618da57e7267a2148578fa4ab0d8b0d01/R-CW-3/ronan/20260709T033150Z-r-cw-3
[R-CW-3] COMPLETED.
Observability check: query Grafana for run/nonce or review Tempo traces if trace ID was emitted.
REPORT: /tmp/p81-ronan-live-e08f696-20260709T032347Z/artifacts/report.html

==========================================================
Runner execution finished.
