
[1m[30m[46m RUN [49m[39m[22m [36mv4.1.8 [39m[90m/home/figs/flesh_beast_best_beast/source/WORKTREES/openclaw-1121-continuation-trace-redaction[39m

 [32m✓[39m [30m[42m infra [49m[39m src/infra/continuation-tracer.test.ts[2m > [22mcontinuation-tracer :: noop default contract[2m > [22mdefault tracer is the no-op tracer[32m 38[2mms[22m[39m
 [32m✓[39m [30m[42m infra [49m[39m src/infra/continuation-tracer.test.ts[2m > [22mcontinuation-tracer :: noop default contract[2m > [22mnoopTracer.startSpan returns a span with all methods callable as no-ops[32m 1[2mms[22m[39m
 [32m✓[39m [30m[42m infra [49m[39m src/infra/continuation-tracer.test.ts[2m > [22mcontinuation-tracer :: noop default contract[2m > [22mnoopTracer ignores StartSpanOptions (attrs + traceparent) without throwing[32m 0[2mms[22m[39m
 [32m✓[39m [30m[42m infra [49m[39m src/infra/continuation-tracer.test.ts[2m > [22mcontinuation-tracer :: registry (set/get/reset)[2m > [22msetContinuationTracer installs a custom tracer; getContinuationTracer returns it[32m 1[2mms[22m[39m
 [32m✓[39m [30m[42m infra [49m[39m src/infra/continuation-tracer.test.ts[2m > [22mcontinuation-tracer :: registry (set/get/reset)[2m > [22msetContinuationTracer(null) resets to the no-op default[32m 0[2mms[22m[39m
 [32m✓[39m [30m[42m infra [49m[39m src/infra/continuation-tracer.test.ts[2m > [22mcontinuation-tracer :: registry (set/get/reset)[2m > [22msetContinuationTracer(undefined) resets to the no-op default[32m 0[2mms[22m[39m
 [32m✓[39m [30m[42m infra [49m[39m src/infra/continuation-tracer.test.ts[2m > [22mcontinuation-tracer :: registry (set/get/reset)[2m > [22mresetContinuationTracer() resets to the no-op default[32m 0[2mms[22m[39m
 [32m✓[39m [30m[42m infra [49m[39m src/infra/continuation-tracer.test.ts[2m > [22mcontinuation-tracer :: registry (set/get/reset)[2m > [22mformats traceparents through the active tracer when available[32m 0[2mms[22m[39m
 [32m✓[39m [30m[42m infra [49m[39m src/infra/continuation-tracer.test.ts[2m > [22mcontinuation-tracer :: registry (set/get/reset)[2m > [22mfalls back to the diagnostic traceparent when no tracer formatter resolves[32m 0[2mms[22m[39m
 [32m✓[39m [30m[42m infra [49m[39m src/infra/continuation-tracer.test.ts[2m > [22mcontinuation-tracer :: registry (set/get/reset)[2m > [22mresolves carried traceparents through the active tracer before forwarding[32m 0[2mms[22m[39m
 [32m✓[39m [30m[42m infra [49m[39m src/infra/continuation-tracer.test.ts[2m > [22mcontinuation-tracer :: registry (set/get/reset)[2m > [22mformats active traceparents from the stable active parent when present[32m 0[2mms[22m[39m
 [32m✓[39m [30m[42m infra [49m[39m src/infra/continuation-tracer.test.ts[2m > [22mcontinuation-tracer :: registry (set/get/reset)[2m > [22mshares the installed tracer across module reloads[32m 2[2mms[22m[39m
 [32m✓[39m [30m[42m infra [49m[39m src/infra/continuation-tracer.test.ts[2m > [22mcontinuation-tracer :: contract pin[2m > [22mcanonical continuation span names are accepted by the surface[32m 0[2mms[22m[39m
 [32m✓[39m [30m[42m infra [49m[39m src/infra/continuation-tracer.test.ts[2m > [22mcontinuation-tracer :: contract pin[2m > [22mcanonical attribute names round-trip through the surface[32m 0[2mms[22m[39m
 [32m✓[39m [30m[42m infra [49m[39m src/infra/continuation-tracer.test.ts[2m > [22mcontinuation-tracer :: contract pin[2m > [22mContinuationSpanAttrs is structurally compatible with SpanAttributes[32m 0[2mms[22m[39m
 [32m✓[39m [30m[42m infra [49m[39m src/infra/continuation-tracer.test.ts[2m > [22mcontinuation-tracer :: contract pin[2m > [22mContinuationSpanName values are all accepted by startSpan[32m 0[2mms[22m[39m
 [32m✓[39m [30m[42m infra [49m[39m src/infra/continuation-tracer.test.ts[2m > [22mcontinuation-tracer :: contract pin[2m > [22msignal.kind canonical values round-trip through the surface (runtime pin, SSOT-derived)[32m 0[2mms[22m[39m
 [32m✓[39m [30m[42m infra [49m[39m src/infra/continuation-tracer.test.ts[2m > [22mcontinuation-tracer :: contract pin[2m > [22msignal.kind canonical values are type-compatible with ContinuationSpanAttrs (type-pin, SSOT-derived)[32m 0[2mms[22m[39m
 [32m✓[39m [30m[42m infra [49m[39m src/infra/continuation-tracer.test.ts[2m > [22mcontinuation-tracer :: emitContinuationWorkSpan helper[2m > [22memits a continuation.work span with all expected attrs when chainId is present[32m 2[2mms[22m[39m
 [32m✓[39m [30m[42m infra [49m[39m src/infra/continuation-tracer.test.ts[2m > [22mcontinuation-tracer :: emitContinuationWorkSpan helper[2m > [22mparents continuation.work spans to a supplied traceparent[32m 1[2mms[22m[39m
 [32m✓[39m [30m[42m infra [49m[39m src/infra/continuation-tracer.test.ts[2m > [22mcontinuation-tracer :: emitContinuationWorkSpan helper[2m > [22momits chain.id and reason metadata when not provided[32m 0[2mms[22m[39m
 [32m✓[39m [30m[42m infra [49m[39m src/infra/continuation-tracer.test.ts[2m > [22mcontinuation-tracer :: emitContinuationWorkSpan helper[2m > [22memits safe reason metadata instead of raw reason text[32m 0[2mms[22m[39m
 [32m✓[39m [30m[42m infra [49m[39m src/infra/continuation-tracer.test.ts[2m > [22mcontinuation-tracer :: emitContinuationWorkSpan helper[2m > [22mrounds delayMs to integer[32m 0[2mms[22m[39m
 [32m✓[39m [30m[42m infra [49m[39m src/infra/continuation-tracer.test.ts[2m > [22mcontinuation-tracer :: emitContinuationWorkSpan helper[2m > [22mclamps negative chainStepRemaining to 0[32m 0[2mms[22m[39m
 [32m✓[39m [30m[42m infra [49m[39m src/infra/continuation-tracer.test.ts[2m > [22mcontinuation-tracer :: emitContinuationWorkSpan helper[2m > [22mswallows tracer errors and forwards them to the log callback[32m 0[2mms[22m[39m
 [32m✓[39m [30m[42m infra [49m[39m src/infra/continuation-tracer.test.ts[2m > [22mcontinuation-tracer :: emitContinuationWorkSpan helper[2m > [22mis a no-op (no throw) against the default noop tracer[32m 0[2mms[22m[39m
 [32m✓[39m [30m[42m infra [49m[39m src/infra/continuation-tracer.test.ts[2m > [22mcontinuation-tracer :: emitContinuationDelegateSpan helper[2m > [22memits a continuation.delegate.dispatch span with all expected attrs[32m 0[2mms[22m[39m
 [32m✓[39m [30m[42m infra [49m[39m src/infra/continuation-tracer.test.ts[2m > [22mcontinuation-tracer :: emitContinuationDelegateSpan helper[2m > [22mimmediate-delivery shape with no chainId or mode[32m 0[2mms[22m[39m
 [32m✓[39m [30m[42m infra [49m[39m src/infra/continuation-tracer.test.ts[2m > [22mcontinuation-tracer :: emitContinuationDelegateSpan helper[2m > [22mparents dispatch spans to a supplied traceparent[32m 0[2mms[22m[39m
 [32m✓[39m [30m[42m infra [49m[39m src/infra/continuation-tracer.test.ts[2m > [22mcontinuation-tracer :: emitContinuationDelegateSpan helper[2m > [22momits traceparent options when no parent carrier is supplied[32m 0[2mms[22m[39m
 [32m✓[39m [30m[42m infra [49m[39m src/infra/continuation-tracer.test.ts[2m > [22mcontinuation-tracer :: emitContinuationDelegateSpan helper[2m > [22mthreads delegate.mode through unchanged[32m 0[2mms[22m[39m
 [32m✓[39m [30m[42m infra [49m[39m src/infra/continuation-tracer.test.ts[2m > [22mcontinuation-tracer :: emitContinuationDelegateSpan helper[2m > [22memits safe reason metadata instead of raw reason text[32m 0[2mms[22m[39m
 [32m✓[39m [30m[42m infra [49m[39m src/infra/continuation-tracer.test.ts[2m > [22mcontinuation-tracer :: emitContinuationDelegateSpan helper[2m > [22mrounds delayMs and clamps negative chainStepRemaining[32m 0[2mms[22m[39m
 [32m✓[39m [30m[42m infra [49m[39m src/infra/continuation-tracer.test.ts[2m > [22mcontinuation-tracer :: emitContinuationDelegateSpan helper[2m > [22mswallows tracer errors and forwards to log callback[32m 0[2mms[22m[39m
 [32m✓[39m [30m[42m infra [49m[39m src/infra/continuation-tracer.test.ts[2m > [22mcontinuation-tracer :: emitContinuationDelegateSpan helper[2m > [22mis a no-op against the default noop tracer[32m 0[2mms[22m[39m
 [32m✓[39m [30m[42m infra [49m[39m src/infra/continuation-tracer.test.ts[2m > [22mcontinuation-tracer :: emitContinuationDisabledSpan helper[2m > [22memits a continuation.disabled span with full attrs for delegate cap.chain reject[32m 0[2mms[22m[39m
 [32m✓[39m [30m[42m infra [49m[39m src/infra/continuation-tracer.test.ts[2m > [22mcontinuation-tracer :: emitContinuationDisabledSpan helper[2m > [22mwork-signal reject omits delegate.* attrs (work has no transport/intent axis)[32m 0[2mms[22m[39m
 [32m✓[39m [30m[42m infra [49m[39m src/infra/continuation-tracer.test.ts[2m > [22mcontinuation-tracer :: emitContinuationDisabledSpan helper[2m > [22mcost-cap reject for bracket-delegate carries delegate axes[32m 0[2mms[22m[39m
 [32m✓[39m [30m[42m infra [49m[39m src/infra/continuation-tracer.test.ts[2m > [22mcontinuation-tracer :: emitContinuationDisabledSpan helper[2m > [22mper-turn cap reject for tool-delegate carries delegate axes and live headroom[32m 0[2mms[22m[39m
 [32m✓[39m [30m[42m infra [49m[39m src/infra/continuation-tracer.test.ts[2m > [22mcontinuation-tracer :: emitContinuationDisabledSpan helper[2m > [22memits safe reason metadata instead of raw reason text[32m 0[2mms[22m[39m
 [32m✓[39m [30m[42m infra [49m[39m src/infra/continuation-tracer.test.ts[2m > [22mcontinuation-tracer :: emitContinuationDisabledSpan helper[2m > [22mclamps negative chainStepRemaining to 0[32m 0[2mms[22m[39m
 [32m✓[39m [30m[42m infra [49m[39m src/infra/continuation-tracer.test.ts[2m > [22mcontinuation-tracer :: emitContinuationDisabledSpan helper[2m > [22mswallows tracer errors and forwards them to the log callback[32m 0[2mms[22m[39m
 [32m✓[39m [30m[42m infra [49m[39m src/infra/continuation-tracer.test.ts[2m > [22mcontinuation-tracer :: emitContinuationDisabledSpan helper[2m > [22mis a no-op against the default noop tracer[32m 0[2mms[22m[39m
 [32m✓[39m [30m[42m infra [49m[39m src/infra/continuation-tracer.test.ts[2m > [22mcontinuation-tracer :: emitContinuationDisabledSpan helper[2m > [22maccepts disabledReason='policy.cross_session_targeting'[32m 0[2mms[22m[39m
 [32m✓[39m [30m[42m infra [49m[39m src/infra/continuation-tracer.test.ts[2m > [22mcontinuation-tracer :: emitContinuationDelegateFireSpan helper[2m > [22memits a continuation.delegate.fire span with all required attrs[32m 0[2mms[22m[39m
 [32m✓[39m [30m[42m infra [49m[39m src/infra/continuation-tracer.test.ts[2m > [22mcontinuation-tracer :: emitContinuationDelegateFireSpan helper[2m > [22mcarries fire.deferred_ms with Math.floor (integer ms, drift formula consumer-ready)[32m 0[2mms[22m[39m
 [32m✓[39m [30m[42m infra [49m[39m src/infra/continuation-tracer.test.ts[2m > [22mcontinuation-tracer :: emitContinuationDelegateFireSpan helper[2m > [22mclamps negative fireDeferredMs to 0 (defense; should never happen in practice)[32m 0[2mms[22m[39m
 [32m✓[39m [30m[42m infra [49m[39m src/infra/continuation-tracer.test.ts[2m > [22mcontinuation-tracer :: emitContinuationDelegateFireSpan helper[2m > [22memits safe reason metadata instead of raw reason text[32m 0[2mms[22m[39m
 [32m✓[39m [30m[42m infra [49m[39m src/infra/continuation-tracer.test.ts[2m > [22mcontinuation-tracer :: emitContinuationDelegateFireSpan helper[2m > [22mclamps negative chainStepRemainingAtDispatch to 0[32m 0[2mms[22m[39m
 [32m✓[39m [30m[42m infra [49m[39m src/infra/continuation-tracer.test.ts[2m > [22mcontinuation-tracer :: emitContinuationDelegateFireSpan helper[2m > [22mthreads each delegateMode through unchanged[32m 0[2mms[22m[39m
 [32m✓[39m [30m[42m infra [49m[39m src/infra/continuation-tracer.test.ts[2m > [22mcontinuation-tracer :: emitContinuationDelegateFireSpan helper[2m > [22malways emits delegate.delivery='timer' as a fixed attr (not arg-driven)[32m 0[2mms[22m[39m
 [32m✓[39m [30m[42m infra [49m[39m src/infra/continuation-tracer.test.ts[2m > [22mcontinuation-tracer :: emitContinuationDelegateFireSpan helper[2m > [22mswallows tracer errors and forwards them to the log callback[32m 0[2mms[22m[39m
 [32m✓[39m [30m[42m infra [49m[39m src/infra/continuation-tracer.test.ts[2m > [22mcontinuation-tracer :: emitContinuationDelegateFireSpan helper[2m > [22mdefense-in-depth: undefined chainId no-ops + logs (invariant break must not crash fire-emit)[32m 0[2mms[22m[39m
 [32m✓[39m [30m[42m infra [49m[39m src/infra/continuation-tracer.test.ts[2m > [22mcontinuation-tracer :: emitContinuationDelegateFireSpan helper[2m > [22mis a no-op against the default noop tracer[32m 0[2mms[22m[39m
 [32m✓[39m [30m[42m infra [49m[39m src/infra/continuation-tracer.test.ts[2m > [22mcontinuation-tracer :: reason/task text privacy[2m > [22momits raw continuation reason and delegate task preview text from span attributes[32m 7[2mms[22m[39m
 [32m✓[39m [30m[42m infra [49m[39m src/infra/continuation-tracer.test.ts[2m > [22mcontinuation-tracer :: emitContinuationQueueDrainSpan helper[2m > [22memits a continuation.queue.drain span with the canonical attrs[32m 0[2mms[22m[39m
 [32m✓[39m [30m[42m infra [49m[39m src/infra/continuation-tracer.test.ts[2m > [22mcontinuation-tracer :: emitContinuationQueueDrainSpan helper[2m > [22memits a 0/0 span on empty drain (absence-of-work, not rejection)[32m 0[2mms[22m[39m
 [32m✓[39m [30m[42m infra [49m[39m src/infra/continuation-tracer.test.ts[2m > [22mcontinuation-tracer :: emitContinuationQueueDrainSpan helper[2m > [22mparents drain spans to the supplied traceparent when a drained entry carries one[32m 0[2mms[22m[39m
 [32m✓[39m [30m[42m infra [49m[39m src/infra/continuation-tracer.test.ts[2m > [22mcontinuation-tracer :: emitContinuationQueueDrainSpan helper[2m > [22momits traceparent options for untraced drains[32m 0[2mms[22m[39m
 [32m✓[39m [30m[42m infra [49m[39m src/infra/continuation-tracer.test.ts[2m > [22mcontinuation-tracer :: emitContinuationQueueDrainSpan helper[2m > [22mdoes NOT carry chain.id or chain.step.remaining (multi-chain seam)[32m 0[2mms[22m[39m
 [32m✓[39m [30m[42m infra [49m[39m src/infra/continuation-tracer.test.ts[2m > [22mcontinuation-tracer :: emitContinuationQueueDrainSpan helper[2m > [22mclamps negative counts to 0 (defense-in-depth on integer hygiene)[32m 0[2mms[22m[39m
 [32m✓[39m [30m[42m infra [49m[39m src/infra/continuation-tracer.test.ts[2m > [22mcontinuation-tracer :: emitContinuationQueueDrainSpan helper[2m > [22mcaps drainedContinuationCount by drainedCount (≤ invariant defense-in-depth)[32m 0[2mms[22m[39m
 [32m✓[39m [30m[42m infra [49m[39m src/infra/continuation-tracer.test.ts[2m > [22mcontinuation-tracer :: emitContinuationQueueDrainSpan helper[2m > [22mfloors fractional counts to integers (OTLP integer round-trip)[32m 0[2mms[22m[39m
 [32m✓[39m [30m[42m infra [49m[39m src/infra/continuation-tracer.test.ts[2m > [22mcontinuation-tracer :: emitContinuationQueueDrainSpan helper[2m > [22mswallows tracer errors and forwards them to the log callback[32m 0[2mms[22m[39m
 [32m✓[39m [30m[42m infra [49m[39m src/infra/continuation-tracer.test.ts[2m > [22mcontinuation-tracer :: emitContinuationQueueDrainSpan helper[2m > [22mis a no-op against the default noop tracer[32m 0[2mms[22m[39m
 [32m✓[39m [30m[42m infra [49m[39m src/infra/continuation-tracer.test.ts[2m > [22mcontinuation-tracer :: emitContinuationFanoutSpan helper[2m > [22memits one fanout span with aggregate recipient outcomes and parent trace context[32m 0[2mms[22m[39m
 [32m✓[39m [30m[42m infra [49m[39m src/infra/continuation-tracer.test.ts[2m > [22mcontinuation-tracer :: emitContinuationFanoutSpan helper[2m > [22momits traceparent when mercy-cap forwarding is disabled[32m 0[2mms[22m[39m
 [32m✓[39m [30m[42m infra [49m[39m src/infra/continuation-tracer.test.ts[2m > [22mcontinuation-tracer :: emitContinuationCompactionReleasedSpan helper[2m > [22memits a continuation.compaction.released span with canonical attrs (happy path)[32m 0[2mms[22m[39m
 [32m✓[39m [30m[42m infra [49m[39m src/infra/continuation-tracer.test.ts[2m > [22mcontinuation-tracer :: emitContinuationCompactionReleasedSpan helper[2m > [22mparents continuation.compaction.released spans to a supplied traceparent[32m 0[2mms[22m[39m
 [32m✓[39m [30m[42m infra [49m[39m src/infra/continuation-tracer.test.ts[2m > [22mcontinuation-tracer :: emitContinuationCompactionReleasedSpan helper[2m > [22memits span with compaction.released: 0 on zero-release (compaction event still recorded)[32m 0[2mms[22m[39m
 [32m✓[39m [30m[42m infra [49m[39m src/infra/continuation-tracer.test.ts[2m > [22mcontinuation-tracer :: emitContinuationCompactionReleasedSpan helper[2m > [22mfloors fractional releasedCount to integer (OTLP integer round-trip)[32m 0[2mms[22m[39m
 [32m✓[39m [30m[42m infra [49m[39m src/infra/continuation-tracer.test.ts[2m > [22mcontinuation-tracer :: emitContinuationCompactionReleasedSpan helper[2m > [22mclamps negative releasedCount to 0 (defense-in-depth)[32m 0[2mms[22m[39m
 [32m✓[39m [30m[42m infra [49m[39m src/infra/continuation-tracer.test.ts[2m > [22mcontinuation-tracer :: emitContinuationCompactionReleasedSpan helper[2m > [22mswallows tracer errors and forwards them to the log callback[32m 0[2mms[22m[39m
 [32m✓[39m [30m[42m infra [49m[39m src/infra/continuation-tracer.test.ts[2m > [22mcontinuation-tracer :: emitContinuationCompactionReleasedSpan helper[2m > [22mis a no-op against the default noop tracer[32m 0[2mms[22m[39m
 [32m✓[39m [30m[42m infra [49m[39m src/infra/continuation-tracer.test.ts[2m > [22mcontinuation-tracer :: CONTINUATION_SIGNAL_KINDS SSOT pin[2m > [22mSSOT array has exactly 6 members with the canonical values[32m 0[2mms[22m[39m
 [32m✓[39m [30m[42m infra [49m[39m src/infra/continuation-tracer.test.ts[2m > [22mcontinuation-tracer :: CONTINUATION_SIGNAL_KINDS SSOT pin[2m > [22mContinuationSignalKind union covers all SSOT members (type-level pin)[32m 0[2mms[22m[39m
 [32m✓[39m [30m[42m infra [49m[39m src/infra/continuation-tracer.test.ts[2m > [22mcontinuation-tracer :: CONTINUATION_SIGNAL_KINDS SSOT pin[2m > [22mContinuationDisabledSignalKind narrows to exactly 3 disabled-span signal kinds (type-level pin)[32m 0[2mms[22m[39m
 [32m✓[39m [30m[42m infra [49m[39m src/infra/continuation-tracer.test.ts[2m > [22mcontinuation-tracer :: compaction.id cross-cutting attr[2m > [22mhappy: compactionId 7 + releasedCount 3 emits both attrs with signal.kind[32m 0[2mms[22m[39m
 [32m✓[39m [30m[42m infra [49m[39m src/infra/continuation-tracer.test.ts[2m > [22mcontinuation-tracer :: compaction.id cross-cutting attr[2m > [22mcompactionId 1 lower bound emits compaction.id: 1[32m 0[2mms[22m[39m
 [32m✓[39m [30m[42m infra [49m[39m src/infra/continuation-tracer.test.ts[2m > [22mcontinuation-tracer :: compaction.id cross-cutting attr[2m > [22mcompactionId 0 ordinal-valid: emits compaction.id: 0 (NOT clamped, NOT dropped)[32m 0[2mms[22m[39m
 [32m✓[39m [30m[42m infra [49m[39m src/infra/continuation-tracer.test.ts[2m > [22mcontinuation-tracer :: compaction.id cross-cutting attr[2m > [22minvariant non-integer: compactionId 7.9 drops attr, logs warning, span survives[32m 0[2mms[22m[39m
 [32m✓[39m [30m[42m infra [49m[39m src/infra/continuation-tracer.test.ts[2m > [22mcontinuation-tracer :: compaction.id cross-cutting attr[2m > [22minvariant negative: compactionId -1 drops attr, logs warning, span survives[32m 0[2mms[22m[39m
 [32m✓[39m [30m[42m infra [49m[39m src/infra/continuation-tracer.test.ts[2m > [22mcontinuation-tracer :: compaction.id cross-cutting attr[2m > [22mcompactionId omitted (undefined) silently omits attr without logging[32m 0[2mms[22m[39m
 [32m✓[39m [30m[42m infra [49m[39m src/infra/continuation-tracer.test.ts[2m > [22mcontinuation-tracer :: compaction.id cross-cutting attr[2m > [22mproducer-side pin: compactionId values in producer range [1..N] are all accepted[32m 0[2mms[22m[39m
 [32m✓[39m [30m[42m infra [49m[39m src/infra/continuation-tracer.test.ts[2m > [22mcontinuation-tracer :: compaction.id cross-cutting attr[2m > [22mproducer-coupling: incrementRunCompactionCount return value flows to compaction.id attr[33m 1912[2mms[22m[39m

[2m Test Files [22m [1m[32m1 passed[39m[22m[90m (1)[39m
[2m      Tests [22m [1m[32m85 passed[39m[22m[90m (85)[39m
[2m   Start at [22m 13:27:29
[2m   Duration [22m 2.29s[2m (transform 1.52s, setup 172ms, import 62ms, tests 1.98s, environment 0ms)[22m

