
         /\      Grafana   /‾‾/  
    /\  /  \     |\  __   /  /   
   /  \/    \    | |/ /  /   ‾‾\ 
  /          \   |   (  |  (‾)  |
 / __________ \  |_|\_\  \_____/ 


     execution: local
        script: scenarios/preflight.js
        output: -

     scenarios: (100.00%) 1 scenario, 1 max VUs, 1m15s max duration (incl. graceful stop):
              * preflight_inventory: 1 iterations shared among 1 VUs (maxDuration: 45s, gracefulStop: 30s)


running (0m01.0s), 1/1 VUs, 0 complete and 0 interrupted iterations
preflight_inventory   [   0% ] 1 VUs  01.0s/45s  0/1 shared iters
PUBLIC_EVIDENCE {"row":"preflight","manifest_loaded":true,"seat":"cael","candidateSha":"b27a2624ed333b0f3a613893968d2e555d90fce1","started":"2026-08-09T18:48:43.581Z","connected":true,"sessions_list_ok":true,"tools_effective_ok":true,"tool_inventory_count":0,"ended":"2026-08-09T18:48:44.682Z","duration_ms":1101}


  █ THRESHOLDS 

    preflight_duration
    ✓ 'p(95)<30000' p(95)=1101

    proof_failures
    ✓ 'count==0' count=0


  █ TOTAL RESULTS 

    checks_total.......: 3       2.701589/s
    checks_succeeded...: 100.00% 3 out of 3
    checks_failed......: 0.00%   0 out of 3

    ✓ websocket connected
    ✓ sessions.list accepted
    ✓ tools.effective accepted

    CUSTOM
    preflight_duration....: avg=1101  min=1101  med=1101  max=1101  p(90)=1101  p(95)=1101 
    proof_failures........: 0     0/s

    EXECUTION
    iteration_duration....: avg=1.11s min=1.11s med=1.11s max=1.11s p(90)=1.11s p(95)=1.11s
    iterations............: 1     0.90053/s
    vus...................: 1     min=1      max=1
    vus_max...............: 1     min=1      max=1

    NETWORK
    data_received.........: 80 kB 72 kB/s
    data_sent.............: 830 B 747 B/s

    WEBSOCKET
    ws_connecting.........: avg=3.4ms min=3.4ms med=3.4ms max=3.4ms p(90)=3.4ms p(95)=3.4ms
    ws_msgs_received......: 5     4.502649/s
    ws_msgs_sent..........: 3     2.701589/s
    ws_session_duration...: avg=1.1s  min=1.1s  med=1.1s  max=1.1s  p(90)=1.1s  p(95)=1.1s 
    ws_sessions...........: 1     0.90053/s




running (0m01.1s), 0/1 VUs, 1 complete and 0 interrupted iterations
preflight_inventory ✓ [ 100% ] 1 VUs  01.1s/45s  1/1 shared iters
