==========================================================
Project 81: Seat-Aware k6 Proof Runner
Seat: cael
Target Candidate SHA: 03939273216bc0c08a2df2d768f2f8d6549ca1f2
Artifact root: /home/figs/.local/state/openclaw-proof-runs/03939273216bc0c08a2df2d768f2f8d6549ca1f2-rowwise-20260806T205552Z/R-CD-RETURN-OVERLAP
Row selection: R-CD-RETURN-OVERLAP
Dry Run: false
==========================================================
Harness execution: handing off to the approved runner in an immutable snapshot.
==========================================================
Project 81: Seat-Aware k6 Proof Runner
Seat: cael
Target Candidate SHA: 03939273216bc0c08a2df2d768f2f8d6549ca1f2
Artifact root: /home/figs/.local/state/openclaw-proof-runs/03939273216bc0c08a2df2d768f2f8d6549ca1f2-rowwise-20260806T205552Z/R-CD-RETURN-OVERLAP
Row selection: R-CD-RETURN-OVERLAP
Dry Run: false
==========================================================
Approved docs ref: 52941484c258f353a91d783a635ba6c841d1c38a (karmaterminal/karmaterminal-openclaw-docs)
Harness identity: every tracked byte under tools/k6-proofs matches the approved docs ref.
Harness execution: immutable snapshot of the approved tree (runner included).
Running catalog preflight (repository root: tools/k6-proofs resolved once)...
CATALOG PREFLIGHT: /home/figs/.local/state/openclaw-proof-runs/03939273216bc0c08a2df2d768f2f8d6549ca1f2-rowwise-20260806T205552Z/R-CD-RETURN-OVERLAP/catalog-preflight.log
Rows: R-CD-RETURN-OVERLAP
Harness contract binding: frozen manifest/scenario digests for every selected runnable row.
Resolving session key for selector: main
Deployed Runtime SHA: 03939273216bc0c08a2df2d768f2f8d6549ca1f2
Session configured: true
Running seat-readiness preflight (k6/tooling/gateway/continuation config)...
SEAT READINESS: /home/figs/.local/state/openclaw-proof-runs/03939273216bc0c08a2df2d768f2f8d6549ca1f2-rowwise-20260806T205552Z/R-CD-RETURN-OVERLAP/seat-readiness.json
HARNESS PROVENANCE: /home/figs/.local/state/openclaw-proof-runs/03939273216bc0c08a2df2d768f2f8d6549ca1f2-rowwise-20260806T205552Z/R-CD-RETURN-OVERLAP/harness-provenance.json
HARNESS PROVENANCE (matrix 20260806T210749Z-52941484c258-4204fff0): /home/figs/.local/state/openclaw-proof-runs/03939273216bc0c08a2df2d768f2f8d6549ca1f2-rowwise-20260806T205552Z/R-CD-RETURN-OVERLAP/harness-provenance/20260806T210749Z-52941484c258-4204fff0.json

----------------------------------------
Row: R-CD-RETURN-OVERLAP
Manifest: /tmp/openclaw-k6-harness.ieGWQJ/tools/k6-proofs/manifests/r-cd-return-overlap.json
Scenario: scenarios/r-cd-return-overlap.js
Status: runnable
Live Safety: k6-runnable
[R-CD-RETURN-OVERLAP] RUNNING...
[R-CD-RETURN-OVERLAP] EVIDENCE EXTRACTION FAILED; see /home/figs/.local/state/openclaw-proof-runs/03939273216bc0c08a2df2d768f2f8d6549ca1f2-rowwise-20260806T205552Z/R-CD-RETURN-OVERLAP/03939273216bc0c08a2df2d768f2f8d6549ca1f2/R-CD-RETURN-OVERLAP/cael/20260806T210752Z-r-cd-return-overlap-4204fff0/evidence-extraction.error.log
[R-CD-RETURN-OVERLAP] PUBLIC ARTIFACT REDACTION FAILED; see /home/figs/.local/state/openclaw-proof-runs/03939273216bc0c08a2df2d768f2f8d6549ca1f2-rowwise-20260806T205552Z/R-CD-RETURN-OVERLAP/03939273216bc0c08a2df2d768f2f8d6549ca1f2/R-CD-RETURN-OVERLAP/cael/20260806T210752Z-r-cd-return-overlap-4204fff0/evidence-redaction.error.log
time="2026-08-06T14:07:55-07:00" level=error msg="GoError: stat /tmp/openclaw-k6-harness.ieGWQJ/PROOFS/989d20226a2009b47a3a479865f9f2ef39f89a6a/R-CD-RETURN-OVERLAP/cael-dgx/EVIDENCE.md: no such file or directory\n\tat go.k6.io/k6/v2/internal/js.(*Bundle).setInitGlobals.func3 (native)\n\tat file:///tmp/openclaw-k6-harness.ieGWQJ/tools/k6-proofs/scenarios/r-cd-return-overlap.js:25:24(83)\n" hint="script exception"
[R-CD-RETURN-OVERLAP] Candidate routing envelope withheld: review is incomplete or its identity contract did not validate.
[R-CD-RETURN-OVERLAP] METRICS: /home/figs/.local/state/openclaw-proof-runs/03939273216bc0c08a2df2d768f2f8d6549ca1f2-rowwise-20260806T205552Z/R-CD-RETURN-OVERLAP/03939273216bc0c08a2df2d768f2f8d6549ca1f2/R-CD-RETURN-OVERLAP/cael/20260806T210752Z-r-cd-return-overlap-4204fff0/openclaw-proofs-k6.prom
[R-CD-RETURN-OVERLAP] ARTIFACTS: /home/figs/.local/state/openclaw-proof-runs/03939273216bc0c08a2df2d768f2f8d6549ca1f2-rowwise-20260806T205552Z/R-CD-RETURN-OVERLAP/03939273216bc0c08a2df2d768f2f8d6549ca1f2/R-CD-RETURN-OVERLAP/cael/20260806T210752Z-r-cd-return-overlap-4204fff0
[R-CD-RETURN-OVERLAP] FAILED with effective exit code 107. Public-safe artifacts preserved.
