
         /\      Grafana   /‾‾/  
    /\  /  \     |\  __   /  /   
   /  \/    \    | |/ /  /   ‾‾\ 
  /          \   |   (  |  (‾)  |
 / __________ \  |_|\_\  \_____/ 


     execution: local
        script: scenarios/r-cd-3-post-compaction.js
        output: -

     scenarios: (100.00%) 1 scenario, 1 max VUs, 3m30s max duration (incl. graceful stop):
              * r_cd_3_post_compaction: 1 iterations shared among 1 VUs (maxDuration: 3m0s, gracefulStop: 30s)

time="2026-09-02T20:20:32-07:00" level=info msg="✓ disposable session created: <redacted-session-key>" source=console
time="2026-09-02T20:20:33-07:00" level=info msg="✓ sessions.send accepted — agent turn triggered for R-CD-3" source=console

running (0m01.0s), 1/1 VUs, 0 complete and 0 interrupted iterations
r_cd_3_post_compaction   [   0% ] 1 VUs  0m01.0s/3m0s  0/1 shared iters
time="2026-09-02T20:20:33-07:00" level=info msg="ℹ Ignoring harness prompt echo event" source=console
time="2026-09-02T20:20:34-07:00" level=info msg="ℹ Ignoring harness prompt echo event" source=console

running (0m02.0s), 1/1 VUs, 0 complete and 0 interrupted iterations
r_cd_3_post_compaction   [   0% ] 1 VUs  0m02.0s/3m0s  0/1 shared iters

running (0m03.0s), 1/1 VUs, 0 complete and 0 interrupted iterations
r_cd_3_post_compaction   [   0% ] 1 VUs  0m03.0s/3m0s  0/1 shared iters

running (0m04.0s), 1/1 VUs, 0 complete and 0 interrupted iterations
r_cd_3_post_compaction   [   0% ] 1 VUs  0m04.0s/3m0s  0/1 shared iters

running (0m05.0s), 1/1 VUs, 0 complete and 0 interrupted iterations
r_cd_3_post_compaction   [   0% ] 1 VUs  0m05.0s/3m0s  0/1 shared iters

running (0m06.0s), 1/1 VUs, 0 complete and 0 interrupted iterations
r_cd_3_post_compaction   [   0% ] 1 VUs  0m06.0s/3m0s  0/1 shared iters

running (0m07.0s), 1/1 VUs, 0 complete and 0 interrupted iterations
r_cd_3_post_compaction   [   0% ] 1 VUs  0m07.0s/3m0s  0/1 shared iters

running (0m08.0s), 1/1 VUs, 0 complete and 0 interrupted iterations
r_cd_3_post_compaction   [   0% ] 1 VUs  0m08.0s/3m0s  0/1 shared iters

running (0m09.0s), 1/1 VUs, 0 complete and 0 interrupted iterations
r_cd_3_post_compaction   [   0% ] 1 VUs  0m09.0s/3m0s  0/1 shared iters

running (0m10.0s), 1/1 VUs, 0 complete and 0 interrupted iterations
r_cd_3_post_compaction   [   0% ] 1 VUs  0m10.0s/3m0s  0/1 shared iters

running (0m11.0s), 1/1 VUs, 0 complete and 0 interrupted iterations
r_cd_3_post_compaction   [   0% ] 1 VUs  0m11.0s/3m0s  0/1 shared iters

running (0m12.0s), 1/1 VUs, 0 complete and 0 interrupted iterations
r_cd_3_post_compaction   [   0% ] 1 VUs  0m12.0s/3m0s  0/1 shared iters

running (0m13.0s), 1/1 VUs, 0 complete and 0 interrupted iterations
r_cd_3_post_compaction   [   0% ] 1 VUs  0m13.0s/3m0s  0/1 shared iters

running (0m14.0s), 1/1 VUs, 0 complete and 0 interrupted iterations
r_cd_3_post_compaction   [   0% ] 1 VUs  0m14.0s/3m0s  0/1 shared iters

running (0m15.0s), 1/1 VUs, 0 complete and 0 interrupted iterations
r_cd_3_post_compaction   [   0% ] 1 VUs  0m15.0s/3m0s  0/1 shared iters

running (0m16.0s), 1/1 VUs, 0 complete and 0 interrupted iterations
r_cd_3_post_compaction   [   0% ] 1 VUs  0m16.0s/3m0s  0/1 shared iters

running (0m17.0s), 1/1 VUs, 0 complete and 0 interrupted iterations
r_cd_3_post_compaction   [   0% ] 1 VUs  0m17.0s/3m0s  0/1 shared iters

running (0m18.0s), 1/1 VUs, 0 complete and 0 interrupted iterations
r_cd_3_post_compaction   [   0% ] 1 VUs  0m18.0s/3m0s  0/1 shared iters

running (0m19.0s), 1/1 VUs, 0 complete and 0 interrupted iterations
r_cd_3_post_compaction   [   0% ] 1 VUs  0m19.0s/3m0s  0/1 shared iters

running (0m20.0s), 1/1 VUs, 0 complete and 0 interrupted iterations
r_cd_3_post_compaction   [   0% ] 1 VUs  0m20.0s/3m0s  0/1 shared iters
time="2026-09-02T20:20:52-07:00" level=info msg="✓ R-CD-3 post-compaction lifeboat return observed" source=console
PUBLIC_EVIDENCE {"row":"R-CD-3","manifest_loaded":true,"seat":"ronan","session_created":true,"candidateSha":"5035aac3a96df18f0a5d5a5c3e91a516a32daf32","started":"2026-09-03T03:20:32.469Z","dispatch_accepted":true,"delegate_staging_requested":true,"compaction_requested":true,"threshold_refusal_observed":false,"compaction_accepted":false,"lifeboat_return_observed":true,"guard":null,"context_usage":null,"threshold":null,"trace_id":null,"ended":"2026-09-03T03:20:52.477Z","duration_ms":20008,"verdict":"PASS-candidate"}
time="2026-09-02T20:20:52-07:00" level=info msg="\n[R-CD-3] VERDICT: PASS-candidate" source=console

running (0m20.0s), 0/1 VUs, 1 complete and 0 interrupted iterations
r_cd_3_post_compaction ✓ [ 100% ] 1 VUs  0m20.0s/3m0s  1/1 shared iters
