Resolving session key for selector: discord-channel:1466192485440164011
==========================================================
Project 81: Seat-Aware k6 Proof Runner
Seat: ronan
Target Candidate SHA: e08f696618da57e7267a2148578fa4ab0d8b0d01
Deployed Runtime SHA: e08f696618da57e7267a2148578fa4ab0d8b0d01
Session: main
Artifact root: /tmp/p81-ronan-live-e08f696-20260709T032347Z/artifacts
Rows: R-CW-2
Dry Run: false
==========================================================
Running seat-readiness preflight (k6/tooling/gateway/continuation config)...
SEAT READINESS: /tmp/p81-ronan-live-e08f696-20260709T032347Z/artifacts/seat-readiness.json

----------------------------------------
Row: R-CW-2
Manifest: /home/figs/source/karmaterminal-openclaw-docs/tools/k6-proofs/manifests/r-cw-2.json
Scenario: scenarios/r-cw-2-immediate-wake.js
Status: runnable
Live Safety: k6-runnable
[R-CW-2] RUNNING...

         /\      Grafana   /‾‾/  
    /\  /  \     |\  __   /  /   
   /  \/    \    | |/ /  /   ‾‾\ 
  /          \   |   (  |  (‾)  |
 / __________ \  |_|\_\  \_____/ 


     execution: local
        script: scenarios/r-cw-2-immediate-wake.js
        output: -

     scenarios: (100.00%) 1 scenario, 1 max VUs, 2m30s max duration (incl. graceful stop):
              * r_cw_2_immediate_wake: 1 iterations shared among 1 VUs (maxDuration: 2m0s, gracefulStop: 30s)

time="2026-07-08T20:31:33-07:00" level=info msg="✓ disposable session created: agent:main:r-cw-2-r-cw-2-1783567893589-rbsuceva" source=console
time="2026-07-08T20:31:34-07:00" level=info msg="✓ sessions.send accepted — immediate continue_work turn triggered" source=console

running (0m01.0s), 1/1 VUs, 0 complete and 0 interrupted iterations
r_cw_2_immediate_wake   [   0% ] 1 VUs  0m01.0s/2m0s  0/1 shared iters

running (0m02.0s), 1/1 VUs, 0 complete and 0 interrupted iterations
r_cw_2_immediate_wake   [   0% ] 1 VUs  0m02.0s/2m0s  0/1 shared iters

running (0m03.0s), 1/1 VUs, 0 complete and 0 interrupted iterations
r_cw_2_immediate_wake   [   0% ] 1 VUs  0m03.0s/2m0s  0/1 shared iters

running (0m04.0s), 1/1 VUs, 0 complete and 0 interrupted iterations
r_cw_2_immediate_wake   [   0% ] 1 VUs  0m04.0s/2m0s  0/1 shared iters

running (0m05.0s), 1/1 VUs, 0 complete and 0 interrupted iterations
r_cw_2_immediate_wake   [   0% ] 1 VUs  0m05.0s/2m0s  0/1 shared iters

running (0m06.0s), 1/1 VUs, 0 complete and 0 interrupted iterations
r_cw_2_immediate_wake   [   0% ] 1 VUs  0m06.0s/2m0s  0/1 shared iters

running (0m07.0s), 1/1 VUs, 0 complete and 0 interrupted iterations
r_cw_2_immediate_wake   [   0% ] 1 VUs  0m07.0s/2m0s  0/1 shared iters

running (0m08.0s), 1/1 VUs, 0 complete and 0 interrupted iterations
r_cw_2_immediate_wake   [   0% ] 1 VUs  0m08.0s/2m0s  0/1 shared iters

running (0m09.0s), 1/1 VUs, 0 complete and 0 interrupted iterations
r_cw_2_immediate_wake   [   0% ] 1 VUs  0m09.0s/2m0s  0/1 shared iters

running (0m10.0s), 1/1 VUs, 0 complete and 0 interrupted iterations
r_cw_2_immediate_wake   [   0% ] 1 VUs  0m10.0s/2m0s  0/1 shared iters

running (0m11.0s), 1/1 VUs, 0 complete and 0 interrupted iterations
r_cw_2_immediate_wake   [   0% ] 1 VUs  0m11.0s/2m0s  0/1 shared iters

running (0m12.0s), 1/1 VUs, 0 complete and 0 interrupted iterations
r_cw_2_immediate_wake   [   0% ] 1 VUs  0m12.0s/2m0s  0/1 shared iters

running (0m13.0s), 1/1 VUs, 0 complete and 0 interrupted iterations
r_cw_2_immediate_wake   [   0% ] 1 VUs  0m13.0s/2m0s  0/1 shared iters

running (0m14.0s), 1/1 VUs, 0 complete and 0 interrupted iterations
r_cw_2_immediate_wake   [   0% ] 1 VUs  0m14.0s/2m0s  0/1 shared iters
time="2026-07-08T20:31:48-07:00" level=info msg="✓ CW2-SCHEDULED sentinel observed" source=console

running (0m15.0s), 1/1 VUs, 0 complete and 0 interrupted iterations
r_cw_2_immediate_wake   [   0% ] 1 VUs  0m15.0s/2m0s  0/1 shared iters
time="2026-07-08T20:31:49-07:00" level=info msg="✓ CW2-WOKE sentinel observed" source=console
time="2026-07-08T20:31:49-07:00" level=info msg="All required R-CW-2 evidence gathered, closing early" source=console
time="2026-07-08T20:31:49-07:00" level=info msg="R_CW_2_EVIDENCE {\"row\":\"R-CW-2\",\"manifest_loaded\":true,\"nonce\":\"R-CW-2-1783567893589-rbsuceva\",\"seat\":\"ronan\",\"requestedSessionKey\":\"main\",\"sessionKey\":\"agent:main:r-cw-2-r-cw-2-1783567893589-rbsuceva\",\"session_created\":true,\"created_session_key\":\"agent:main:r-cw-2-r-cw-2-1783567893589-rbsuceva\",\"candidateSha\":\"e08f696618da57e7267a2148578fa4ab0d8b0d01\",\"started\":\"2026-07-09T03:31:33.589Z\",\"dispatch_accepted\":true,\"scheduled_sentinel\":true,\"immediate_wake_observed\":true,\"prompt_echo_ignored\":true,\"dispatch_accepted_at_ms\":1783567894466,\"scheduled_result_at_ms\":1783567908423,\"wake_delay_ms\":776,\"trace_id\":null,\"redacted_events\":[{\"ts\":1783567893590,\"kind\":\"event\",\"method\":null,\"event\":\"connect.challenge\",\"ok\":null,\"data\":{\"ts\":1783567893590}},{\"ts\":1783567893594,\"kind\":\"other\",\"method\":null,\"event\":null,\"ok\":null,\"data\":{}},{\"ts\":1783567893654,\"kind\":\"event\",\"method\":null,\"event\":\"health\",\"ok\":null,\"data\":{\"ok\":true,\"ts\":1783567893653}},{\"ts\":1783567893933,\"kind\":\"response\",\"method\":\"sessions.create\",\"event\":null,\"ok\":true,\"data\":{\"ok\":true}},{\"ts\":1783567893967,\"kind\":\"response\",\"method\":\"sessions.messages.subscribe\",\"event\":null,\"ok\":true,\"data\":{}},{\"ts\":1783567894466,\"kind\":\"response\",\"method\":\"sessions.send\",\"event\":null,\"ok\":true,\"data\":{\"runId\":\"R-CW-2-DISPATCH-R-CW-2-1783567893589-rbsuceva\",\"status\":\"started\"}},{\"ts\":1783567895049,\"kind\":\"event\",\"method\":null,\"event\":\"agent\",\"ok\":null,\"data\":{\"runId\":\"active-memory-mrcy9vgq-13de7d77\",\"sessionKey\":\"agent:main:r-cw-2-r-cw-2-1783567893589-rbsuceva:active-memory:a0bb172f7db1\",\"ts\":1783567895048}},{\"ts\":1783567897587,\"kind\":\"event\",\"method\":null,\"event\":\"agent\",\"ok\":null,\"data\":{\"runId\":\"active-memory-mrcy9vgq-13de7d77\",\"sessionKey\":\"agent:main:r-cw-2-r-cw-2-1783567893589-rbsuceva:active-memory:a0bb172f7db1\",\"ts\":1783567897543}},{\"ts\":1783567899153,\"kind\":\"event\",\"method\":null,\"event\":\"health\",\"ok\":null,\"data\":{\"ok\":true,\"ts\":1783567899153}},{\"ts\":1783567899176,\"kind\":\"event\",\"method\":null,\"event\":\"presence\",\"ok\":null,\"data\":{}},{\"ts\":1783567899205,\"kind\":\"event\",\"method\":null,\"event\":\"agent\",\"ok\":null,\"data\":{\"runId\":\"active-memory-mrcy9vgq-13de7d77\",\"sessionKey\":\"agent:main:r-cw-2-r-cw-2-1783567893589-rbsuceva:active-memory:a0bb172f7db1\",\"ts\":1783567899193}},{\"ts\":1783567900641,\"kind\":\"event\",\"method\":null,\"event\":\"agent\",\"ok\":null,\"data\":{\"runId\":\"active-memory-mrcy9vgq-13de7d77\",\"sessionKey\":\"agent:main:r-cw-2-r-cw-2-1783567893589-rbsuceva:active-memory:a0bb172f7db1\",\"ts\":1783567900640}},{\"ts\":1783567900641,\"kind\":\"event\",\"method\":null,\"event\":\"chat\",\"ok\":null,\"data\":{\"runId\":\"active-memory-mrcy9vgq-13de7d77\",\"sessionKey\":\"agent:main:r-cw-2-r-cw-2-1783567893589-rbsuceva:active-memory:a0bb172f7db1\",\"state\":\"error\"}},{\"ts\":1783567900800,\"kind\":\"event\",\"method\":null,\"event\":\"agent\",\"ok\":null,\"data\":{\"runId\":\"R-CW-2-DISPATCH-R-CW-2-1783567893589-rbsuceva\",\"sessionKey\":\"agent:main:r-cw-2-r-cw-2-1783567893589-rbsuceva\",\"ts\":1783567900799}},{\"ts\":1783567900838,\"kind\":\"event\",\"method\":null,\"event\":\"session.message\",\"ok\":null,\"data\":{\"sessionKey\":\"agent:main:r-cw-2-r-cw-2-1783567893589-rbsuceva\"}},{\"ts\":1783567905317,\"kind\":\"event\",\"method\":null,\"event\":\"session.message\",\"ok\":null,\"data\":{\"sessionKey\":\"agent:main:r-cw-2-r-cw-2-1783567893589-rbsuceva\",\"status\":\"running\",\"startedAt\":1783567900799}},{\"ts\":1783567905368,\"kind\":\"event\",\"method\":null,\"event\":\"agent\",\"ok\":null,\"data\":{\"runId\":\"R-CW-2-DISPATCH-R-CW-2-1783567893589-rbsuceva\",\"sessionKey\":\"agent:main:r-cw-2-r-cw-2-1783567893589-rbsuceva\",\"ts\":1783567905328}},{\"ts\":1783567905407,\"kind\":\"event\",\"method\":null,\"event\":\"agent\",\"ok\":null,\"data\":{\"runId\":\"R-CW-2-DISPATCH-R-CW-2-1783567893589-rbsuceva\",\"sessionKey\":\"agent:main:r-cw-2-r-cw-2-1783567893589-rbsuceva\",\"ts\":1783567905391}},{\"ts\":1783567908267,\"kind\":\"event\",\"method\":null,\"event\":\"agent\",\"ok\":null,\"data\":{\"runId\":\"R-CW-2-DISPATCH-R-CW-2-1783567893589-rbsuceva\",\"sessionKey\":\"agent:main:r-cw-2-r-cw-2-1783567893589-rbsuceva\",\"ts\":1783567908266}},{\"ts\":1783567908267,\"kind\":\"event\",\"method\":null,\"event\":\"chat\",\"ok\":null,\"data\":{\"runId\":\"R-CW-2-DISPATCH-R-CW-2-1783567893589-rbsuceva\",\"sessionKey\":\"agent:main:r-cw-2-r-cw-2-1783567893589-rbsuceva\",\"state\":\"delta\"}},{\"ts\":1783567908423,\"kind\":\"event\",\"method\":null,\"event\":\"session.message\",\"ok\":null,\"data\":{\"sessionKey\":\"agent:main:r-cw-2-r-cw-2-1783567893589-rbsuceva\",\"status\":\"running\",\"startedAt\":1783567900799}},{\"ts\":1783567908426,\"kind\":\"event\",\"method\":null,\"event\":\"agent\",\"ok\":null,\"data\":{\"runId\":\"R-CW-2-DISPATCH-R-CW-2-1783567893589-rbsuceva\",\"sessionKey\":\"agent:main:r-cw-2-r-cw-2-1783567893589-rbsuceva\",\"ts\":1783567908395}},{\"ts\":1783567908426,\"kind\":\"event\",\"method\":null,\"event\":\"agent\",\"ok\":null,\"data\":{\"runId\":\"R-CW-2-DISPATCH-R-CW-2-1783567893589-rbsuceva\",\"sessionKey\":\"agent:main:r-cw-2-r-cw-2-1783567893589-rbsuceva\",\"ts\":1783567908426}},{\"ts\":1783567908513,\"kind\":\"event\",\"method\":null,\"event\":\"agent\",\"ok\":null,\"data\":{\"runId\":\"R-CW-2-DISPATCH-R-CW-2-1783567893589-rbsuceva\",\"sessionKey\":\"agent:main:r-cw-2-r-cw-2-1783567893589-rbsuceva\",\"ts\":1783567908512}},{\"ts\":1783567908513,\"kind\":\"event\",\"method\":null,\"event\":\"chat\",\"ok\":null,\"data\":{\"runId\":\"R-CW-2-DISPATCH-R-CW-2-1783567893589-rbsuceva\",\"sessionKey\":\"agent:main:r-cw-2-r-cw-2-1783567893589-rbsuceva\",\"state\":\"delta\"}},{\"ts\":1783567908513,\"kind\":\"event\",\"method\":null,\"event\":\"chat\",\"ok\":null,\"data\":{\"runId\":\"R-CW-2-DISPATCH-R-CW-2-1783567893589-rbsuceva\",\"sessionKey\":\"agent:main:r-cw-2-r-cw-2-1783567893589-rbsuceva\",\"state\":\"final\"}},{\"ts\":1783567909199,\"kind\":\"event\",\"method\":null,\"event\":\"session.message\",\"ok\":null,\"data\":{\"sessionKey\":\"agent:main:r-cw-2-r-cw-2-1783567893589-rbsuceva\",\"status\":\"done\",\"startedAt\":1783567900799}}],\"ended\":\"2026-07-09T03:31:49.200Z\",\"duration_ms\":15611}" source=console
time="2026-07-08T20:31:49-07:00" level=info msg="\n--- R-CW-2 EVIDENCE SUMMARY ---" source=console
time="2026-07-08T20:31:49-07:00" level=info msg="{\n  \"row\": \"R-CW-2\",\n  \"manifest_loaded\": true,\n  \"nonce\": \"R-CW-2-1783567893589-rbsuceva\",\n  \"seat\": \"ronan\",\n  \"requestedSessionKey\": \"main\",\n  \"sessionKey\": \"agent:main:r-cw-2-r-cw-2-1783567893589-rbsuceva\",\n  \"session_created\": true,\n  \"created_session_key\": \"agent:main:r-cw-2-r-cw-2-1783567893589-rbsuceva\",\n  \"candidateSha\": \"e08f696618da57e7267a2148578fa4ab0d8b0d01\",\n  \"started\": \"2026-07-09T03:31:33.589Z\",\n  \"dispatch_accepted\": true,\n  \"scheduled_sentinel\": true,\n  \"immediate_wake_observed\": true,\n  \"prompt_echo_ignored\": true,\n  \"dispatch_accepted_at_ms\": 1783567894466,\n  \"scheduled_result_at_ms\": 1783567908423,\n  \"wake_delay_ms\": 776,\n  \"trace_id\": null,\n  \"redacted_events\": [\n    {\n      \"ts\": 1783567893590,\n      \"kind\": \"event\",\n      \"method\": null,\n      \"event\": \"connect.challenge\",\n      \"ok\": null,\n      \"data\": {\n        \"ts\": 1783567893590\n      }\n    },\n    {\n      \"ts\": 1783567893594,\n      \"kind\": \"other\",\n      \"method\": null,\n      \"event\": null,\n      \"ok\": null,\n      \"data\": {}\n    },\n    {\n      \"ts\": 1783567893654,\n      \"kind\": \"event\",\n      \"method\": null,\n      \"event\": \"health\",\n      \"ok\": null,\n      \"data\": {\n        \"ok\": true,\n        \"ts\": 1783567893653\n      }\n    },\n    {\n      \"ts\": 1783567893933,\n      \"kind\": \"response\",\n      \"method\": \"sessions.create\",\n      \"event\": null,\n      \"ok\": true,\n      \"data\": {\n        \"ok\": true\n      }\n    },\n    {\n      \"ts\": 1783567893967,\n      \"kind\": \"response\",\n      \"method\": \"sessions.messages.subscribe\",\n      \"event\": null,\n      \"ok\": true,\n      \"data\": {}\n    },\n    {\n      \"ts\": 1783567894466,\n      \"kind\": \"response\",\n      \"method\": \"sessions.send\",\n      \"event\": null,\n      \"ok\": true,\n      \"data\": {\n        \"runId\": \"R-CW-2-DISPATCH-R-CW-2-1783567893589-rbsuceva\",\n        \"status\": \"started\"\n      }\n    },\n    {\n      \"ts\": 1783567895049,\n      \"kind\": \"event\",\n      \"method\": null,\n      \"event\": \"agent\",\n      \"ok\": null,\n      \"data\": {\n        \"runId\": \"active-memory-mrcy9vgq-13de7d77\",\n        \"sessionKey\": \"agent:main:r-cw-2-r-cw-2-1783567893589-rbsuceva:active-memory:a0bb172f7db1\",\n        \"ts\": 1783567895048\n      }\n    },\n    {\n      \"ts\": 1783567897587,\n      \"kind\": \"event\",\n      \"method\": null,\n      \"event\": \"agent\",\n      \"ok\": null,\n      \"data\": {\n        \"runId\": \"active-memory-mrcy9vgq-13de7d77\",\n        \"sessionKey\": \"agent:main:r-cw-2-r-cw-2-1783567893589-rbsuceva:active-memory:a0bb172f7db1\",\n        \"ts\": 1783567897543\n      }\n    },\n    {\n      \"ts\": 1783567899153,\n      \"kind\": \"event\",\n      \"method\": null,\n      \"event\": \"health\",\n      \"ok\": null,\n      \"data\": {\n        \"ok\": true,\n        \"ts\": 1783567899153\n      }\n    },\n    {\n      \"ts\": 1783567899176,\n      \"kind\": \"event\",\n      \"method\": null,\n      \"event\": \"presence\",\n      \"ok\": null,\n      \"data\": {}\n    },\n    {\n      \"ts\": 1783567899205,\n      \"kind\": \"event\",\n      \"method\": null,\n      \"event\": \"agent\",\n      \"ok\": null,\n      \"data\": {\n        \"runId\": \"active-memory-mrcy9vgq-13de7d77\",\n        \"sessionKey\": \"agent:main:r-cw-2-r-cw-2-1783567893589-rbsuceva:active-memory:a0bb172f7db1\",\n        \"ts\": 1783567899193\n      }\n    },\n    {\n      \"ts\": 1783567900641,\n      \"kind\": \"event\",\n      \"method\": null,\n      \"event\": \"agent\",\n      \"ok\": null,\n      \"data\": {\n        \"runId\": \"active-memory-mrcy9vgq-13de7d77\",\n        \"sessionKey\": \"agent:main:r-cw-2-r-cw-2-1783567893589-rbsuceva:active-memory:a0bb172f7db1\",\n        \"ts\": 1783567900640\n      }\n    },\n    {\n      \"ts\": 1783567900641,\n      \"kind\": \"event\",\n      \"method\": null,\n      \"event\": \"chat\",\n      \"ok\": null,\n      \"data\": {\n        \"runId\": \"active-memory-mrcy9vgq-13de7d77\",\n        \"sessionKey\": \"agent:main:r-cw-2-r-cw-2-1783567893589-rbsuceva:active-memory:a0bb172f7db1\",\n        \"state\": \"error\"\n      }\n    },\n    {\n      \"ts\": 1783567900800,\n      \"kind\": \"event\",\n      \"method\": null,\n      \"event\": \"agent\",\n      \"ok\": null,\n      \"data\": {\n        \"runId\": \"R-CW-2-DISPATCH-R-CW-2-1783567893589-rbsuceva\",\n        \"sessionKey\": \"agent:main:r-cw-2-r-cw-2-1783567893589-rbsuceva\",\n        \"ts\": 1783567900799\n      }\n    },\n    {\n      \"ts\": 1783567900838,\n      \"kind\": \"event\",\n      \"method\": null,\n      \"event\": \"session.message\",\n      \"ok\": null,\n      \"data\": {\n        \"sessionKey\": \"agent:main:r-cw-2-r-cw-2-1783567893589-rbsuceva\"\n      }\n    },\n    {\n      \"ts\": 1783567905317,\n      \"kind\": \"event\",\n      \"method\": null,\n      \"event\": \"session.message\",\n      \"ok\": null,\n      \"data\": {\n        \"sessionKey\": \"agent:main:r-cw-2-r-cw-2-1783567893589-rbsuceva\",\n        \"status\": \"running\",\n        \"startedAt\": 1783567900799\n      }\n    },\n    {\n      \"ts\": 1783567905368,\n      \"kind\": \"event\",\n      \"method\": null,\n      \"event\": \"agent\",\n      \"ok\": null,\n      \"data\": {\n        \"runId\": \"R-CW-2-DISPATCH-R-CW-2-1783567893589-rbsuceva\",\n        \"sessionKey\": \"agent:main:r-cw-2-r-cw-2-1783567893589-rbsuceva\",\n        \"ts\": 1783567905328\n      }\n    },\n    {\n      \"ts\": 1783567905407,\n      \"kind\": \"event\",\n      \"method\": null,\n      \"event\": \"agent\",\n      \"ok\": null,\n      \"data\": {\n        \"runId\": \"R-CW-2-DISPATCH-R-CW-2-1783567893589-rbsuceva\",\n        \"sessionKey\": \"agent:main:r-cw-2-r-cw-2-1783567893589-rbsuceva\",\n        \"ts\": 1783567905391\n      }\n    },\n    {\n      \"ts\": 1783567908267,\n      \"kind\": \"event\",\n      \"method\": null,\n      \"event\": \"agent\",\n      \"ok\": null,\n      \"data\": {\n        \"runId\": \"R-CW-2-DISPATCH-R-CW-2-1783567893589-rbsuceva\",\n        \"sessionKey\": \"agent:main:r-cw-2-r-cw-2-1783567893589-rbsuceva\",\n        \"ts\": 1783567908266\n      }\n    },\n    {\n      \"ts\": 1783567908267,\n      \"kind\": \"event\",\n      \"method\": null,\n      \"event\": \"chat\",\n      \"ok\": null,\n      \"data\": {\n        \"runId\": \"R-CW-2-DISPATCH-R-CW-2-1783567893589-rbsuceva\",\n        \"sessionKey\": \"agent:main:r-cw-2-r-cw-2-1783567893589-rbsuceva\",\n        \"state\": \"delta\"\n      }\n    },\n    {\n      \"ts\": 1783567908423,\n      \"kind\": \"event\",\n      \"method\": null,\n      \"event\": \"session.message\",\n      \"ok\": null,\n      \"data\": {\n        \"sessionKey\": \"agent:main:r-cw-2-r-cw-2-1783567893589-rbsuceva\",\n        \"status\": \"running\",\n        \"startedAt\": 1783567900799\n      }\n    },\n    {\n      \"ts\": 1783567908426,\n      \"kind\": \"event\",\n      \"method\": null,\n      \"event\": \"agent\",\n      \"ok\": null,\n      \"data\": {\n        \"runId\": \"R-CW-2-DISPATCH-R-CW-2-1783567893589-rbsuceva\",\n        \"sessionKey\": \"agent:main:r-cw-2-r-cw-2-1783567893589-rbsuceva\",\n        \"ts\": 1783567908395\n      }\n    },\n    {\n      \"ts\": 1783567908426,\n      \"kind\": \"event\",\n      \"method\": null,\n      \"event\": \"agent\",\n      \"ok\": null,\n      \"data\": {\n        \"runId\": \"R-CW-2-DISPATCH-R-CW-2-1783567893589-rbsuceva\",\n        \"sessionKey\": \"agent:main:r-cw-2-r-cw-2-1783567893589-rbsuceva\",\n        \"ts\": 1783567908426\n      }\n    },\n    {\n      \"ts\": 1783567908513,\n      \"kind\": \"event\",\n      \"method\": null,\n      \"event\": \"agent\",\n      \"ok\": null,\n      \"data\": {\n        \"runId\": \"R-CW-2-DISPATCH-R-CW-2-1783567893589-rbsuceva\",\n        \"sessionKey\": \"agent:main:r-cw-2-r-cw-2-1783567893589-rbsuceva\",\n        \"ts\": 1783567908512\n      }\n    },\n    {\n      \"ts\": 1783567908513,\n      \"kind\": \"event\",\n      \"method\": null,\n      \"event\": \"chat\",\n      \"ok\": null,\n      \"data\": {\n        \"runId\": \"R-CW-2-DISPATCH-R-CW-2-1783567893589-rbsuceva\",\n        \"sessionKey\": \"agent:main:r-cw-2-r-cw-2-1783567893589-rbsuceva\",\n        \"state\": \"delta\"\n      }\n    },\n    {\n      \"ts\": 1783567908513,\n      \"kind\": \"event\",\n      \"method\": null,\n      \"event\": \"chat\",\n      \"ok\": null,\n      \"data\": {\n        \"runId\": \"R-CW-2-DISPATCH-R-CW-2-1783567893589-rbsuceva\",\n        \"sessionKey\": \"agent:main:r-cw-2-r-cw-2-1783567893589-rbsuceva\",\n        \"state\": \"final\"\n      }\n    },\n    {\n      \"ts\": 1783567909199,\n      \"kind\": \"event\",\n      \"method\": null,\n      \"event\": \"session.message\",\n      \"ok\": null,\n      \"data\": {\n        \"sessionKey\": \"agent:main:r-cw-2-r-cw-2-1783567893589-rbsuceva\",\n        \"status\": \"done\",\n        \"startedAt\": 1783567900799\n      }\n    }\n  ],\n  \"ended\": \"2026-07-09T03:31:49.200Z\",\n  \"duration_ms\": 15611\n}" source=console
time="2026-07-08T20:31:49-07:00" level=info msg="--- END EVIDENCE ---" source=console
time="2026-07-08T20:31:49-07:00" level=info msg="\n[R-CW-2] VERDICT: PASS-candidate" source=console

[R-CW-2] Summary: PASS-candidate | SHA: e08f696618da57e7267a2148578fa4ab0d8b0d01 | Seat: ronan

running (0m15.6s), 0/1 VUs, 1 complete and 0 interrupted iterations
r_cw_2_immediate_wake ✓ [ 100% ] 1 VUs  0m15.6s/2m0s  1/1 shared iters
./r-cw-2-immediate-wake-summary.json
[R-CW-2] METRICS: /tmp/p81-ronan-live-e08f696-20260709T032347Z/artifacts/e08f696618da57e7267a2148578fa4ab0d8b0d01/R-CW-2/ronan/20260709T033133Z-r-cw-2/openclaw-proofs-k6.prom
[R-CW-2] ARTIFACTS: /tmp/p81-ronan-live-e08f696-20260709T032347Z/artifacts/e08f696618da57e7267a2148578fa4ab0d8b0d01/R-CW-2/ronan/20260709T033133Z-r-cw-2
[R-CW-2] COMPLETED.
Observability check: query Grafana for run/nonce or review Tempo traces if trace ID was emitted.
REPORT: /tmp/p81-ronan-live-e08f696-20260709T032347Z/artifacts/report.html

==========================================================
Runner execution finished.
