+ 19292ms [env] node v26.9.0 phase=R1
+ 19292ms [env] tree=<scratch>/rp-121204 sha=c47379fbdea98796de7f1f35314f7d63424368bf dirty=0
+ 19292ms [env] tree has ingress-stale-policy.ts=true ingress-drain-pending-disposition.ts=true
+ 19292ms [env] state=<scratch>/proof-121204/rerun-c47379f/head-R/state ambient=20
+ 19293ms [clock] T=2026-10-03T06:15:01.155Z (admission clock; every backlog frame is admitted now)
+ 22719ms [ingress] accept(amb-01) lane=channel:<gated> sentAt=T-60min -> admitted (drain not running)
+ 22722ms [ingress] accept(amb-02) lane=channel:<gated> sentAt=T-58min -> admitted (drain not running)
+ 22724ms [ingress] accept(amb-03) lane=channel:<gated> sentAt=T-56min -> admitted (drain not running)
+ 22727ms [ingress] accept(amb-04) lane=channel:<gated> sentAt=T-54min -> admitted (drain not running)
+ 22729ms [ingress] accept(amb-05) lane=channel:<gated> sentAt=T-52min -> admitted (drain not running)
+ 22731ms [ingress] accept(amb-06) lane=channel:<gated> sentAt=T-50min -> admitted (drain not running)
+ 22733ms [ingress] accept(amb-07) lane=channel:<gated> sentAt=T-48min -> admitted (drain not running)
+ 22735ms [ingress] accept(amb-08) lane=channel:<gated> sentAt=T-46min -> admitted (drain not running)
+ 22737ms [ingress] accept(amb-09) lane=channel:<gated> sentAt=T-44min -> admitted (drain not running)
+ 22739ms [ingress] accept(amb-10) lane=channel:<gated> sentAt=T-42min -> admitted (drain not running)
+ 22741ms [ingress] accept(old-mention) lane=channel:<gated> sentAt=T-41min mentions=bot -> admitted (drain not running)
+ 22742ms [ingress] accept(amb-11) lane=channel:<gated> sentAt=T-40min -> admitted (drain not running)
+ 22744ms [ingress] accept(amb-12) lane=channel:<gated> sentAt=T-38min -> admitted (drain not running)
+ 22746ms [ingress] accept(amb-13) lane=channel:<gated> sentAt=T-36min -> admitted (drain not running)
+ 22748ms [ingress] accept(amb-14) lane=channel:<gated> sentAt=T-34min -> admitted (drain not running)
+ 22749ms [ingress] accept(amb-15) lane=channel:<gated> sentAt=T-32min -> admitted (drain not running)
+ 22751ms [ingress] accept(open-request) lane=channel:<open> sentAt=T-31min -> admitted (drain not running)
+ 22753ms [ingress] accept(amb-16) lane=channel:<gated> sentAt=T-30min -> admitted (drain not running)
+ 22754ms [ingress] accept(amb-17) lane=channel:<gated> sentAt=T-28min -> admitted (drain not running)
+ 22756ms [ingress] accept(amb-18) lane=channel:<gated> sentAt=T-26min -> admitted (drain not running)
+ 22757ms [ingress] accept(amb-19) lane=channel:<gated> sentAt=T-24min -> admitted (drain not running)
+ 22759ms [ingress] accept(amb-20) lane=channel:<gated> sentAt=T-22min -> admitted (drain not running)
+ 22760ms [sqlite] end of R1 (outage): durable backlog, drain never ran: 22 rows, by status {"pending":22}
+ 22760ms [sqlite]   {amb-01 lane=channel:<gated> status=pending attempts=0 failed_reason=null last_error=null}
+ 22760ms [sqlite]   {amb-02 lane=channel:<gated> status=pending attempts=0 failed_reason=null last_error=null}
+ 22760ms [sqlite]   {amb-03 lane=channel:<gated> status=pending attempts=0 failed_reason=null last_error=null}
+ 22760ms [sqlite]   {amb-04 lane=channel:<gated> status=pending attempts=0 failed_reason=null last_error=null}
+ 22760ms [sqlite]   {amb-05 lane=channel:<gated> status=pending attempts=0 failed_reason=null last_error=null}
+ 22760ms [sqlite]   {amb-06 lane=channel:<gated> status=pending attempts=0 failed_reason=null last_error=null}
+ 22760ms [sqlite]   {amb-07 lane=channel:<gated> status=pending attempts=0 failed_reason=null last_error=null}
+ 22760ms [sqlite]   {amb-08 lane=channel:<gated> status=pending attempts=0 failed_reason=null last_error=null}
+ 22760ms [sqlite]   {amb-09 lane=channel:<gated> status=pending attempts=0 failed_reason=null last_error=null}
+ 22760ms [sqlite]   {amb-10 lane=channel:<gated> status=pending attempts=0 failed_reason=null last_error=null}
+ 22760ms [sqlite]   {old-mention lane=channel:<gated> status=pending attempts=0 failed_reason=null last_error=null}
+ 22760ms [sqlite]   {amb-11 lane=channel:<gated> status=pending attempts=0 failed_reason=null last_error=null}
+ 22760ms [sqlite]   {amb-12 lane=channel:<gated> status=pending attempts=0 failed_reason=null last_error=null}
+ 22760ms [sqlite]   {amb-13 lane=channel:<gated> status=pending attempts=0 failed_reason=null last_error=null}
+ 22760ms [sqlite]   {amb-14 lane=channel:<gated> status=pending attempts=0 failed_reason=null last_error=null}
+ 22760ms [sqlite]   {amb-15 lane=channel:<gated> status=pending attempts=0 failed_reason=null last_error=null}
+ 22760ms [sqlite]   {open-request lane=channel:<open> status=pending attempts=0 failed_reason=null last_error=null}
+ 22760ms [sqlite]   {amb-16 lane=channel:<gated> status=pending attempts=0 failed_reason=null last_error=null}
+ 22760ms [sqlite]   {amb-17 lane=channel:<gated> status=pending attempts=0 failed_reason=null last_error=null}
+ 22760ms [sqlite]   {amb-18 lane=channel:<gated> status=pending attempts=0 failed_reason=null last_error=null}
+ 22760ms [sqlite]   {amb-19 lane=channel:<gated> status=pending attempts=0 failed_reason=null last_error=null}
+ 22760ms [sqlite]   {amb-20 lane=channel:<gated> status=pending attempts=0 failed_reason=null last_error=null}
+ 22761ms [verdict] R1: 22 frames durably pending (20 ambient + old-mention + open-request); process exits without draining
+ 16451ms [env] node v26.9.0 phase=R2
+ 16452ms [env] tree=<scratch>/rp-121204 sha=c47379fbdea98796de7f1f35314f7d63424368bf dirty=0
+ 16452ms [env] tree has ingress-stale-policy.ts=true ingress-drain-pending-disposition.ts=true
+ 16452ms [env] state=<scratch>/proof-121204/rerun-c47379f/head-R/state ambient=20
+ 16452ms [clock] T=2026-10-03T06:15:21.251Z (recovery clock)
+ 16453ms [sqlite] at recovery start (rows persisted by R1): 22 rows, by status {"pending":22}
+ 16453ms [sqlite]   {amb-01 lane=channel:<gated> status=pending attempts=0 failed_reason=null last_error=null}
+ 16453ms [sqlite]   {amb-02 lane=channel:<gated> status=pending attempts=0 failed_reason=null last_error=null}
+ 16453ms [sqlite]   {amb-03 lane=channel:<gated> status=pending attempts=0 failed_reason=null last_error=null}
+ 16453ms [sqlite]   {amb-04 lane=channel:<gated> status=pending attempts=0 failed_reason=null last_error=null}
+ 16453ms [sqlite]   {amb-05 lane=channel:<gated> status=pending attempts=0 failed_reason=null last_error=null}
+ 16453ms [sqlite]   {amb-06 lane=channel:<gated> status=pending attempts=0 failed_reason=null last_error=null}
+ 16453ms [sqlite]   {amb-07 lane=channel:<gated> status=pending attempts=0 failed_reason=null last_error=null}
+ 16453ms [sqlite]   {amb-08 lane=channel:<gated> status=pending attempts=0 failed_reason=null last_error=null}
+ 16453ms [sqlite]   {amb-09 lane=channel:<gated> status=pending attempts=0 failed_reason=null last_error=null}
+ 16453ms [sqlite]   {amb-10 lane=channel:<gated> status=pending attempts=0 failed_reason=null last_error=null}
+ 16453ms [sqlite]   {old-mention lane=channel:<gated> status=pending attempts=0 failed_reason=null last_error=null}
+ 16453ms [sqlite]   {amb-11 lane=channel:<gated> status=pending attempts=0 failed_reason=null last_error=null}
+ 16453ms [sqlite]   {amb-12 lane=channel:<gated> status=pending attempts=0 failed_reason=null last_error=null}
+ 16453ms [sqlite]   {amb-13 lane=channel:<gated> status=pending attempts=0 failed_reason=null last_error=null}
+ 16453ms [sqlite]   {amb-14 lane=channel:<gated> status=pending attempts=0 failed_reason=null last_error=null}
+ 16453ms [sqlite]   {amb-15 lane=channel:<gated> status=pending attempts=0 failed_reason=null last_error=null}
+ 16453ms [sqlite]   {open-request lane=channel:<open> status=pending attempts=0 failed_reason=null last_error=null}
+ 16453ms [sqlite]   {amb-16 lane=channel:<gated> status=pending attempts=0 failed_reason=null last_error=null}
+ 16453ms [sqlite]   {amb-17 lane=channel:<gated> status=pending attempts=0 failed_reason=null last_error=null}
+ 16453ms [sqlite]   {amb-18 lane=channel:<gated> status=pending attempts=0 failed_reason=null last_error=null}
+ 16453ms [sqlite]   {amb-19 lane=channel:<gated> status=pending attempts=0 failed_reason=null last_error=null}
+ 16453ms [sqlite]   {amb-20 lane=channel:<gated> status=pending attempts=0 failed_reason=null last_error=null}
+ 16453ms [gateway] GatewayPlugin registered for account; getGatewayChannelInfo=function isGatewayChannelInventoryHydrating=function
+ 16454ms [gateway] READY dispatched (1 guild announced) isConnected=true hydrating(guild)=true
+ 16454ms [gateway] GUILD_CREATE dispatched (2 text channels) hydrating(guild)=false inventory[<gated>]={"type":0,"name":"general","guildId":"100000000000000001"} inventory[<open>]={"type":0,"name":"concierge","guildId":"100000000000000001"}
+ 16455ms [policy] live policy read: isCurrent=true guildEntries={"100000000000000001":{"channels":{"200000000000000002":{"requireMention":false}}}} restFetchCalls=0
+ 16455ms [policy] resolveDiscordShouldRequireMention: <gated>=true <open>=false
+ 24332ms [ingress] accept(fresh-mention) lane=channel:<gated> sentAt=T-0 mentions=bot -> admitted
+ 24333ms [sqlite] before drain start: 23 rows, by status {"pending":23}
+ 24333ms [sqlite]   {amb-01 lane=channel:<gated> status=pending attempts=0 failed_reason=null last_error=null}
+ 24333ms [sqlite]   {amb-02 lane=channel:<gated> status=pending attempts=0 failed_reason=null last_error=null}
+ 24333ms [sqlite]   {amb-03 lane=channel:<gated> status=pending attempts=0 failed_reason=null last_error=null}
+ 24333ms [sqlite]   {amb-04 lane=channel:<gated> status=pending attempts=0 failed_reason=null last_error=null}
+ 24333ms [sqlite]   {amb-05 lane=channel:<gated> status=pending attempts=0 failed_reason=null last_error=null}
+ 24333ms [sqlite]   {amb-06 lane=channel:<gated> status=pending attempts=0 failed_reason=null last_error=null}
+ 24333ms [sqlite]   {amb-07 lane=channel:<gated> status=pending attempts=0 failed_reason=null last_error=null}
+ 24333ms [sqlite]   {amb-08 lane=channel:<gated> status=pending attempts=0 failed_reason=null last_error=null}
+ 24333ms [sqlite]   {amb-09 lane=channel:<gated> status=pending attempts=0 failed_reason=null last_error=null}
+ 24333ms [sqlite]   {amb-10 lane=channel:<gated> status=pending attempts=0 failed_reason=null last_error=null}
+ 24333ms [sqlite]   {old-mention lane=channel:<gated> status=pending attempts=0 failed_reason=null last_error=null}
+ 24333ms [sqlite]   {amb-11 lane=channel:<gated> status=pending attempts=0 failed_reason=null last_error=null}
+ 24333ms [sqlite]   {amb-12 lane=channel:<gated> status=pending attempts=0 failed_reason=null last_error=null}
+ 24333ms [sqlite]   {amb-13 lane=channel:<gated> status=pending attempts=0 failed_reason=null last_error=null}
+ 24333ms [sqlite]   {amb-14 lane=channel:<gated> status=pending attempts=0 failed_reason=null last_error=null}
+ 24333ms [sqlite]   {amb-15 lane=channel:<gated> status=pending attempts=0 failed_reason=null last_error=null}
+ 24333ms [sqlite]   {open-request lane=channel:<open> status=pending attempts=0 failed_reason=null last_error=null}
+ 24333ms [sqlite]   {amb-16 lane=channel:<gated> status=pending attempts=0 failed_reason=null last_error=null}
+ 24333ms [sqlite]   {amb-17 lane=channel:<gated> status=pending attempts=0 failed_reason=null last_error=null}
+ 24333ms [sqlite]   {amb-18 lane=channel:<gated> status=pending attempts=0 failed_reason=null last_error=null}
+ 24333ms [sqlite]   {amb-19 lane=channel:<gated> status=pending attempts=0 failed_reason=null last_error=null}
+ 24333ms [sqlite]   {amb-20 lane=channel:<gated> status=pending attempts=0 failed_reason=null last_error=null}
+ 24333ms [sqlite]   {fresh-mention lane=channel:<gated> status=pending attempts=0 failed_reason=null last_error=null}
+ 24333ms [drain] monitor started (production drain, pollIntervalMs=1000 as ingress.ts sets)
+ 24411ms [dispatch] #1 old-mention reached the dispatcher seam on channel:<gated>
+ 24416ms [dispatch] #1 old-mention adopted -> ingress claim completed
+ 24418ms [dispatch] #2 open-request reached the dispatcher seam on channel:<open>
+ 24421ms [dispatch] #2 open-request adopted -> ingress claim completed
+ 24428ms [dispatch] #3 fresh-mention reached the dispatcher seam on channel:<gated>
+ 24430ms [dispatch] #3 fresh-mention adopted -> ingress claim completed
+ 24437ms [queue] pending=0 claims=0 failed=20 dispatched=3
+ 24437ms [drain] monitor stopped after 7985ms
+ 24439ms [sqlite] end of R2 (recovery): 23 rows, by status {"failed":20,"completed":3}
+ 24439ms [sqlite]   {amb-01 lane=channel:<gated> status=failed attempts=0 failed_reason=stale-ambient-backlog last_error="Discord ambient message amb-01 on channel:200000000000000001 is 3627981ms old (limit 900000ms); suppressing stale backlog before dispatch."}
+ 24439ms [sqlite]   {amb-02 lane=channel:<gated> status=failed attempts=0 failed_reason=stale-ambient-backlog last_error="Discord ambient message amb-02 on channel:200000000000000001 is 3507981ms old (limit 900000ms); suppressing stale backlog before dispatch."}
+ 24439ms [sqlite]   {amb-03 lane=channel:<gated> status=failed attempts=0 failed_reason=stale-ambient-backlog last_error="Discord ambient message amb-03 on channel:200000000000000001 is 3387981ms old (limit 900000ms); suppressing stale backlog before dispatch."}
+ 24439ms [sqlite]   {amb-04 lane=channel:<gated> status=failed attempts=0 failed_reason=stale-ambient-backlog last_error="Discord ambient message amb-04 on channel:200000000000000001 is 3267981ms old (limit 900000ms); suppressing stale backlog before dispatch."}
+ 24439ms [sqlite]   {amb-05 lane=channel:<gated> status=failed attempts=0 failed_reason=stale-ambient-backlog last_error="Discord ambient message amb-05 on channel:200000000000000001 is 3147981ms old (limit 900000ms); suppressing stale backlog before dispatch."}
+ 24439ms [sqlite]   {amb-06 lane=channel:<gated> status=failed attempts=0 failed_reason=stale-ambient-backlog last_error="Discord ambient message amb-06 on channel:200000000000000001 is 3027981ms old (limit 900000ms); suppressing stale backlog before dispatch."}
+ 24439ms [sqlite]   {amb-07 lane=channel:<gated> status=failed attempts=0 failed_reason=stale-ambient-backlog last_error="Discord ambient message amb-07 on channel:200000000000000001 is 2907981ms old (limit 900000ms); suppressing stale backlog before dispatch."}
+ 24439ms [sqlite]   {amb-08 lane=channel:<gated> status=failed attempts=0 failed_reason=stale-ambient-backlog last_error="Discord ambient message amb-08 on channel:200000000000000001 is 2787981ms old (limit 900000ms); suppressing stale backlog before dispatch."}
+ 24439ms [sqlite]   {amb-09 lane=channel:<gated> status=failed attempts=0 failed_reason=stale-ambient-backlog last_error="Discord ambient message amb-09 on channel:200000000000000001 is 2667981ms old (limit 900000ms); suppressing stale backlog before dispatch."}
+ 24439ms [sqlite]   {amb-10 lane=channel:<gated> status=failed attempts=0 failed_reason=stale-ambient-backlog last_error="Discord ambient message amb-10 on channel:200000000000000001 is 2547981ms old (limit 900000ms); suppressing stale backlog before dispatch."}
+ 24439ms [sqlite]   {old-mention lane=channel:<gated> status=completed attempts=0 failed_reason=null last_error=null}
+ 24439ms [sqlite]   {amb-11 lane=channel:<gated> status=failed attempts=0 failed_reason=stale-ambient-backlog last_error="Discord ambient message amb-11 on channel:200000000000000001 is 2427981ms old (limit 900000ms); suppressing stale backlog before dispatch."}
+ 24439ms [sqlite]   {amb-12 lane=channel:<gated> status=failed attempts=0 failed_reason=stale-ambient-backlog last_error="Discord ambient message amb-12 on channel:200000000000000001 is 2307981ms old (limit 900000ms); suppressing stale backlog before dispatch."}
+ 24439ms [sqlite]   {amb-13 lane=channel:<gated> status=failed attempts=0 failed_reason=stale-ambient-backlog last_error="Discord ambient message amb-13 on channel:200000000000000001 is 2187981ms old (limit 900000ms); suppressing stale backlog before dispatch."}
+ 24439ms [sqlite]   {amb-14 lane=channel:<gated> status=failed attempts=0 failed_reason=stale-ambient-backlog last_error="Discord ambient message amb-14 on channel:200000000000000001 is 2067981ms old (limit 900000ms); suppressing stale backlog before dispatch."}
+ 24439ms [sqlite]   {amb-15 lane=channel:<gated> status=failed attempts=0 failed_reason=stale-ambient-backlog last_error="Discord ambient message amb-15 on channel:200000000000000001 is 1947981ms old (limit 900000ms); suppressing stale backlog before dispatch."}
+ 24439ms [sqlite]   {open-request lane=channel:<open> status=completed attempts=0 failed_reason=null last_error=null}
+ 24439ms [sqlite]   {amb-16 lane=channel:<gated> status=failed attempts=0 failed_reason=stale-ambient-backlog last_error="Discord ambient message amb-16 on channel:200000000000000001 is 1827981ms old (limit 900000ms); suppressing stale backlog before dispatch."}
+ 24439ms [sqlite]   {amb-17 lane=channel:<gated> status=failed attempts=0 failed_reason=stale-ambient-backlog last_error="Discord ambient message amb-17 on channel:200000000000000001 is 1707981ms old (limit 900000ms); suppressing stale backlog before dispatch."}
+ 24439ms [sqlite]   {amb-18 lane=channel:<gated> status=failed attempts=0 failed_reason=stale-ambient-backlog last_error="Discord ambient message amb-18 on channel:200000000000000001 is 1587981ms old (limit 900000ms); suppressing stale backlog before dispatch."}
+ 24439ms [sqlite]   {amb-19 lane=channel:<gated> status=failed attempts=0 failed_reason=stale-ambient-backlog last_error="Discord ambient message amb-19 on channel:200000000000000001 is 1467981ms old (limit 900000ms); suppressing stale backlog before dispatch."}
+ 24439ms [sqlite]   {amb-20 lane=channel:<gated> status=failed attempts=0 failed_reason=stale-ambient-backlog last_error="Discord ambient message amb-20 on channel:200000000000000001 is 1347981ms old (limit 900000ms); suppressing stale backlog before dispatch."}
+ 24439ms [sqlite]   {fresh-mention lane=channel:<gated> status=completed attempts=0 failed_reason=null last_error=null}
+ 24440ms [result] dispatch order: old-mention -> open-request -> fresh-mention
+ 24440ms [result] ambient rows: 20 total, failed(stale-ambient-backlog)=20, dispatched=0
+ 24440ms [result] old-mention=completed open-request=completed fresh-mention=completed restFetchCalls=0 pendingLeft=0
+ 24440ms [verdict] R2: fresh-mention dispatched at position 3 of 3 (2 rows before it); ambient failed stale-ambient-backlog=20/20, ambient dispatched=0; old-mention=completed, open-request=completed, fresh-mention=completed
