=== Gate 3a: pnpm install ===
Scope: all 152 workspace projects
Lockfile is up to date, resolution step is skipped
Packages: +1081
++++++++++++++++++++++++++++++++++++++++++++++++++++++++++++++++++++++++++++++++
Progress: resolved 0, reused 1, downloaded 0, added 0

   ╭─────────────────────────────────────────╮
   │                                         │
   │   Update available! 11.2.2 → 11.5.1.    │
   │   Changelog: https://pnpm.io/v/11.5.1   │
   │    To update, run: pnpm add -g pnpm     │
   │                                         │
   ╰─────────────────────────────────────────╯

Progress: resolved 0, reused 1067, downloaded 0, added 1081, done

. preinstall$ node scripts/preinstall-package-manager-warning.mjs
. preinstall: Done
. postinstall$ node scripts/postinstall-bundled-plugins.mjs
. postinstall: Done
. prepare$ node scripts/prepare-git-hooks.mjs
. prepare: Done
Done in 1.5s using pnpm v11.2.2
exit_code=0
