
         /\      Grafana   /‾‾/  
    /\  /  \     |\  __   /  /   
   /  \/    \    | |/ /  /   ‾‾\ 
  /          \   |   (  |  (‾)  |
 / __________ \  |_|\_\  \_____/ 


     execution: local
        script: scenarios/preflight.js
        output: -

     scenarios: (100.00%) 1 scenario, 1 max VUs, 1m15s max duration (incl. graceful stop):
              * preflight_inventory: 1 iterations shared among 1 VUs (maxDuration: 45s, gracefulStop: 30s)


running (0m01.0s), 1/1 VUs, 0 complete and 0 interrupted iterations
preflight_inventory   [   0% ] 1 VUs  01.0s/45s  0/1 shared iters
PUBLIC_EVIDENCE {"row":"preflight","manifest_loaded":true,"seat":"cael","candidateSha":"6b09b1dbe938ab6b5f56eaf4e58f1ed243f89955","started":"2026-08-15T10:11:41.126Z","connected":true,"sessions_list_ok":true,"tools_effective_ok":true,"tool_inventory_count":0,"ended":"2026-08-15T10:11:42.195Z","duration_ms":1069}


  █ THRESHOLDS 

    preflight_duration
    ✓ 'p(95)<30000' p(95)=1069

    proof_failures
    ✓ 'count==0' count=0


  █ TOTAL RESULTS 

    checks_total.......: 3       2.803807/s
    checks_succeeded...: 100.00% 3 out of 3
    checks_failed......: 0.00%   0 out of 3

    ✓ websocket connected
    ✓ sessions.list accepted
    ✓ tools.effective accepted

    CUSTOM
    preflight_duration....: avg=1069   min=1069   med=1069   max=1069   p(90)=1069   p(95)=1069  
    proof_failures........: 0     0/s

    EXECUTION
    iteration_duration....: avg=1.06s  min=1.06s  med=1.06s  max=1.06s  p(90)=1.06s  p(95)=1.06s 
    iterations............: 1     0.934602/s
    vus...................: 1     min=1      max=1
    vus_max...............: 1     min=1      max=1

    NETWORK
    data_received.........: 86 kB 81 kB/s
    data_sent.............: 830 B 776 B/s

    WEBSOCKET
    ws_connecting.........: avg=1.39ms min=1.39ms med=1.39ms max=1.39ms p(90)=1.39ms p(95)=1.39ms
    ws_msgs_received......: 5     4.673012/s
    ws_msgs_sent..........: 3     2.803807/s
    ws_session_duration...: avg=1.06s  min=1.06s  med=1.06s  max=1.06s  p(90)=1.06s  p(95)=1.06s 
    ws_sessions...........: 1     0.934602/s




running (0m01.1s), 0/1 VUs, 1 complete and 0 interrupted iterations
preflight_inventory ✓ [ 100% ] 1 VUs  01.1s/45s  1/1 shared iters
