
         /\      Grafana   /‾‾/  
    /\  /  \     |\  __   /  /   
   /  \/    \    | |/ /  /   ‾‾\ 
  /          \   |   (  |  (‾)  |
 / __________ \  |_|\_\  \_____/ 


     execution: local
        script: scenarios/preflight.js
        output: -

     scenarios: (100.00%) 1 scenario, 1 max VUs, 1m15s max duration (incl. graceful stop):
              * preflight_inventory: 1 iterations shared among 1 VUs (maxDuration: 45s, gracefulStop: 30s)


running (0m01.0s), 1/1 VUs, 0 complete and 0 interrupted iterations
preflight_inventory   [   0% ] 1 VUs  01.0s/45s  0/1 shared iters
PUBLIC_EVIDENCE {"row":"preflight","manifest_loaded":true,"seat":"ronan","candidateSha":"46f4d2115700d574501bb3c4763abf6b2ba977fe","started":"2026-08-19T08:13:43.792Z","connected":true,"sessions_list_ok":true,"tools_effective_ok":true,"tool_inventory_count":0,"ended":"2026-08-19T08:13:44.821Z","duration_ms":1029}


  █ THRESHOLDS 

    preflight_duration
    ✓ 'p(95)<30000' p(95)=1029

    proof_failures
    ✓ 'count==0' count=0


  █ TOTAL RESULTS 

    checks_total.......: 3       2.913449/s
    checks_succeeded...: 100.00% 3 out of 3
    checks_failed......: 0.00%   0 out of 3

    ✓ websocket connected
    ✓ sessions.list accepted
    ✓ tools.effective accepted

    CUSTOM
    preflight_duration....: avg=1029  min=1029  med=1029  max=1029  p(90)=1029  p(95)=1029 
    proof_failures........: 0     0/s

    EXECUTION
    iteration_duration....: avg=1.02s min=1.02s med=1.02s max=1.02s p(90)=1.02s p(95)=1.02s
    iterations............: 1     0.97115/s
    vus...................: 1     min=1      max=1
    vus_max...............: 1     min=1      max=1

    NETWORK
    data_received.........: 81 kB 79 kB/s
    data_sent.............: 841 B 817 B/s

    WEBSOCKET
    ws_connecting.........: avg=1.2ms min=1.2ms med=1.2ms max=1.2ms p(90)=1.2ms p(95)=1.2ms
    ws_msgs_received......: 5     4.855749/s
    ws_msgs_sent..........: 3     2.913449/s
    ws_session_duration...: avg=1.02s min=1.02s med=1.02s max=1.02s p(90)=1.02s p(95)=1.02s
    ws_sessions...........: 1     0.97115/s




running (0m01.0s), 0/1 VUs, 1 complete and 0 interrupted iterations
preflight_inventory ✓ [ 100% ] 1 VUs  01.0s/45s  1/1 shared iters
