==========================================================
Project 81: Seat-Aware k6 Proof Runner
Seat: cael
Target Candidate SHA: 03939273216bc0c08a2df2d768f2f8d6549ca1f2
Artifact root: /home/figs/.local/state/openclaw-proof-runs/03939273216bc0c08a2df2d768f2f8d6549ca1f2-rowwise-20260806T205552Z/R-OBS-1
Row selection: R-OBS-1
Dry Run: false
==========================================================
Harness execution: handing off to the approved runner in an immutable snapshot.
==========================================================
Project 81: Seat-Aware k6 Proof Runner
Seat: cael
Target Candidate SHA: 03939273216bc0c08a2df2d768f2f8d6549ca1f2
Artifact root: /home/figs/.local/state/openclaw-proof-runs/03939273216bc0c08a2df2d768f2f8d6549ca1f2-rowwise-20260806T205552Z/R-OBS-1
Row selection: R-OBS-1
Dry Run: false
==========================================================
Approved docs ref: 52941484c258f353a91d783a635ba6c841d1c38a (karmaterminal/karmaterminal-openclaw-docs)
Harness identity: every tracked byte under tools/k6-proofs matches the approved docs ref.
Harness execution: immutable snapshot of the approved tree (runner included).
Running catalog preflight (repository root: tools/k6-proofs resolved once)...
CATALOG PREFLIGHT: /home/figs/.local/state/openclaw-proof-runs/03939273216bc0c08a2df2d768f2f8d6549ca1f2-rowwise-20260806T205552Z/R-OBS-1/catalog-preflight.log
Rows: R-OBS-1
Harness contract binding: frozen manifest/scenario digests for every selected runnable row.
Resolving session key for selector: main
Deployed Runtime SHA: 03939273216bc0c08a2df2d768f2f8d6549ca1f2
Session configured: true
Running seat-readiness preflight (k6/tooling/gateway/continuation config)...
SEAT READINESS: /home/figs/.local/state/openclaw-proof-runs/03939273216bc0c08a2df2d768f2f8d6549ca1f2-rowwise-20260806T205552Z/R-OBS-1/seat-readiness.json
HARNESS PROVENANCE: /home/figs/.local/state/openclaw-proof-runs/03939273216bc0c08a2df2d768f2f8d6549ca1f2-rowwise-20260806T205552Z/R-OBS-1/harness-provenance.json
HARNESS PROVENANCE (matrix 20260806T211433Z-52941484c258-4fa4972b): /home/figs/.local/state/openclaw-proof-runs/03939273216bc0c08a2df2d768f2f8d6549ca1f2-rowwise-20260806T205552Z/R-OBS-1/harness-provenance/20260806T211433Z-52941484c258-4fa4972b.json

----------------------------------------
Row: R-OBS-1
Manifest: /tmp/openclaw-k6-harness.cckBQU/tools/k6-proofs/manifests/r-obs-1.json
Scenario: scenarios/r-obs-1.js
Status: runnable
Live Safety: k6-runnable
[R-OBS-1] RUNNING...
./r-obs-1-summary.json

         /\      Grafana   /‾‾/  
    /\  /  \     |\  __   /  /   
   /  \/    \    | |/ /  /   ‾‾\ 
  /          \   |   (  |  (‾)  |
 / __________ \  |_|\_\  \_____/ 


     execution: local
        script: scenarios/r-obs-1.js
        output: -

     scenarios: (100.00%) 1 scenario, 1 max VUs, 2m0s max duration (incl. graceful stop):
              * r_obs_1: 1 iterations shared among 1 VUs (maxDuration: 1m30s, gracefulStop: 30s)

time="2026-08-06T14:14:39-07:00" level=info msg="✓ disposable session created: <redacted-session-key>" source=console

running (0m01.0s), 1/1 VUs, 0 complete and 0 interrupted iterations
r_obs_1   [   0% ] 1 VUs  0m01.0s/1m30s  0/1 shared iters
time="2026-08-06T14:14:40-07:00" level=info msg="✓ sessions.send accepted — agent turn triggered for R-OBS-1 status-card read" source=console

running (0m02.0s), 1/1 VUs, 0 complete and 0 interrupted iterations
r_obs_1   [   0% ] 1 VUs  0m02.0s/1m30s  0/1 shared iters
time="2026-08-06T14:14:41-07:00" level=info msg="ℹ Ignoring harness prompt echo event" source=console

running (0m03.0s), 1/1 VUs, 0 complete and 0 interrupted iterations
r_obs_1   [   0% ] 1 VUs  0m03.0s/1m30s  0/1 shared iters

running (0m04.0s), 1/1 VUs, 0 complete and 0 interrupted iterations
r_obs_1   [   0% ] 1 VUs  0m04.0s/1m30s  0/1 shared iters

running (0m05.0s), 1/1 VUs, 0 complete and 0 interrupted iterations
r_obs_1   [   0% ] 1 VUs  0m05.0s/1m30s  0/1 shared iters

running (0m06.0s), 1/1 VUs, 0 complete and 0 interrupted iterations
r_obs_1   [   0% ] 1 VUs  0m06.0s/1m30s  0/1 shared iters

running (0m07.0s), 1/1 VUs, 0 complete and 0 interrupted iterations
r_obs_1   [   0% ] 1 VUs  0m07.0s/1m30s  0/1 shared iters

running (0m08.0s), 1/1 VUs, 0 complete and 0 interrupted iterations
r_obs_1   [   0% ] 1 VUs  0m08.0s/1m30s  0/1 shared iters

running (0m09.0s), 1/1 VUs, 0 complete and 0 interrupted iterations
r_obs_1   [   0% ] 1 VUs  0m09.0s/1m30s  0/1 shared iters

running (0m10.0s), 1/1 VUs, 0 complete and 0 interrupted iterations
r_obs_1   [   0% ] 1 VUs  0m10.0s/1m30s  0/1 shared iters

running (0m11.0s), 1/1 VUs, 0 complete and 0 interrupted iterations
r_obs_1   [   0% ] 1 VUs  0m11.0s/1m30s  0/1 shared iters

running (0m12.0s), 1/1 VUs, 0 complete and 0 interrupted iterations
r_obs_1   [   0% ] 1 VUs  0m12.0s/1m30s  0/1 shared iters

running (0m13.0s), 1/1 VUs, 0 complete and 0 interrupted iterations
r_obs_1   [   0% ] 1 VUs  0m13.0s/1m30s  0/1 shared iters

running (0m14.0s), 1/1 VUs, 0 complete and 0 interrupted iterations
r_obs_1   [   0% ] 1 VUs  0m14.0s/1m30s  0/1 shared iters
time="2026-08-06T14:14:53-07:00" level=info msg="ℹ OBS1-STATUS sentinel prefix observed; waiting for complete streamed sentinel" source=console
time="2026-08-06T14:14:53-07:00" level=info msg="✓ OBS1-STATUS sentinel observed: {\"build\":\"yes\",\"context\":\"yes\",\"chain\":\"yes\",\"route\":\"yes\"}" source=console
PUBLIC_EVIDENCE {"row":"R-OBS-1","manifest_loaded":true,"seat":"cael","session_created":true,"candidateSha":"03939273216bc0c08a2df2d768f2f8d6549ca1f2","started":"2026-08-06T21:14:38.686Z","dispatch_accepted":true,"status_card_observed":true,"build_visible":true,"context_visible":true,"continuation_chain_visible":true,"route_visible":true,"trace_id":null,"ended":"2026-08-06T21:14:53.664Z","duration_ms":14978}

running (0m15.0s), 0/1 VUs, 1 complete and 0 interrupted iterations
r_obs_1 ✓ [ 100% ] 1 VUs  0m15.0s/1m30s  1/1 shared iters
[R-OBS-1] CANDIDATE REVIEW ENVELOPE: /home/figs/.local/state/openclaw-proof-runs/03939273216bc0c08a2df2d768f2f8d6549ca1f2-rowwise-20260806T205552Z/R-OBS-1/03939273216bc0c08a2df2d768f2f8d6549ca1f2/R-OBS-1/cael/20260806T211435Z-r-obs-1-4fa4972b/candidate-run-result.json
[R-OBS-1] METRICS: /home/figs/.local/state/openclaw-proof-runs/03939273216bc0c08a2df2d768f2f8d6549ca1f2-rowwise-20260806T205552Z/R-OBS-1/03939273216bc0c08a2df2d768f2f8d6549ca1f2/R-OBS-1/cael/20260806T211435Z-r-obs-1-4fa4972b/openclaw-proofs-k6.prom
[R-OBS-1] ARTIFACTS: /home/figs/.local/state/openclaw-proof-runs/03939273216bc0c08a2df2d768f2f8d6549ca1f2-rowwise-20260806T205552Z/R-OBS-1/03939273216bc0c08a2df2d768f2f8d6549ca1f2/R-OBS-1/cael/20260806T211435Z-r-obs-1-4fa4972b
[R-OBS-1] COMPLETED.
Observability check: query Grafana for run/nonce or review Tempo traces if trace ID was emitted.
REPORT: /home/figs/.local/state/openclaw-proof-runs/03939273216bc0c08a2df2d768f2f8d6549ca1f2-rowwise-20260806T205552Z/R-OBS-1/report.html

==========================================================
Runner execution finished.
