==========================================================
Project 81: Seat-Aware k6 Proof Runner
Seat: cael
Target Candidate SHA: 03939273216bc0c08a2df2d768f2f8d6549ca1f2
Artifact root: /home/figs/.local/state/openclaw-proof-runs/03939273216bc0c08a2df2d768f2f8d6549ca1f2-rowwise-20260806T205552Z/R-CW-7
Row selection: R-CW-7
Dry Run: false
==========================================================
Harness execution: handing off to the approved runner in an immutable snapshot.
==========================================================
Project 81: Seat-Aware k6 Proof Runner
Seat: cael
Target Candidate SHA: 03939273216bc0c08a2df2d768f2f8d6549ca1f2
Artifact root: /home/figs/.local/state/openclaw-proof-runs/03939273216bc0c08a2df2d768f2f8d6549ca1f2-rowwise-20260806T205552Z/R-CW-7
Row selection: R-CW-7
Dry Run: false
==========================================================
Approved docs ref: 52941484c258f353a91d783a635ba6c841d1c38a (karmaterminal/karmaterminal-openclaw-docs)
Harness identity: every tracked byte under tools/k6-proofs matches the approved docs ref.
Harness execution: immutable snapshot of the approved tree (runner included).
Running catalog preflight (repository root: tools/k6-proofs resolved once)...
CATALOG PREFLIGHT: /home/figs/.local/state/openclaw-proof-runs/03939273216bc0c08a2df2d768f2f8d6549ca1f2-rowwise-20260806T205552Z/R-CW-7/catalog-preflight.log
Rows: R-CW-7
Harness contract binding: frozen manifest/scenario digests for every selected runnable row.
Resolving session key for selector: main
Deployed Runtime SHA: 03939273216bc0c08a2df2d768f2f8d6549ca1f2
Session configured: true
Running seat-readiness preflight (k6/tooling/gateway/continuation config)...
SEAT READINESS: /home/figs/.local/state/openclaw-proof-runs/03939273216bc0c08a2df2d768f2f8d6549ca1f2-rowwise-20260806T205552Z/R-CW-7/seat-readiness.json
HARNESS PROVENANCE: /home/figs/.local/state/openclaw-proof-runs/03939273216bc0c08a2df2d768f2f8d6549ca1f2-rowwise-20260806T205552Z/R-CW-7/harness-provenance.json
HARNESS PROVENANCE (matrix 20260806T211231Z-52941484c258-fe24cc0f): /home/figs/.local/state/openclaw-proof-runs/03939273216bc0c08a2df2d768f2f8d6549ca1f2-rowwise-20260806T205552Z/R-CW-7/harness-provenance/20260806T211231Z-52941484c258-fe24cc0f.json

----------------------------------------
Row: R-CW-7
Manifest: /tmp/openclaw-k6-harness.SJgKVJ/tools/k6-proofs/manifests/r-cw-7.json
Scenario: scenarios/static-corpus-row-validator.js
Status: runnable
Live Safety: k6-runnable
[R-CW-7] RUNNING...
./static-corpus-row-summary.json

         /\      Grafana   /‾‾/  
    /\  /  \     |\  __   /  /   
   /  \/    \    | |/ /  /   ‾‾\ 
  /          \   |   (  |  (‾)  |
 / __________ \  |_|\_\  \_____/ 


     execution: local
        script: scenarios/static-corpus-row-validator.js
        output: -

     scenarios: (100.00%) 1 scenario, 1 max VUs, 45s max duration (incl. graceful stop):
              * static_corpus_row_validator: 1 iterations shared among 1 VUs (maxDuration: 15s, gracefulStop: 30s)

PUBLIC_EVIDENCE {"row":"R-CW-7","sourceRow":"R-CW-7","staticBoundaryVariant":false,"manifest_loaded":true,"candidateSha":"03939273216bc0c08a2df2d768f2f8d6549ca1f2","currentProofSha":"989d20226a2009b47a3a479865f9f2ef39f89a6a","sourceEvidenceSha":"989d20226a2009b47a3a479865f9f2ef39f89a6a","carriedFrom":"989d20226a2009b47a3a479865f9f2ef39f89a6a","started":"2026-08-06T21:12:36.796Z","checks":{"passScope":false,"internalNotPublic":false,"autoPickup":false,"dispatchPreserves":false,"childReceives":false,"testsPassed":false,"sourceSha":false},"source_files":{"evidence":"../../../PROOFS/989d20226a2009b47a3a479865f9f2ef39f89a6a/R-CW-7/cael-dgx/EVIDENCE.md","testLog":"../../../PROOFS/989d20226a2009b47a3a479865f9f2ef39f89a6a/R-CW-7/cael-dgx/test/focused-traceparent-tests.log","sourceSnippets":"../../../PROOFS/989d20226a2009b47a3a479865f9f2ef39f89a6a/R-CW-7/cael-dgx/source/source-snippets.md"},"ended":"2026-08-06T21:12:36.796Z","duration_ms":0,"verdict":"FAIL-candidate"}

running (00.0s), 0/1 VUs, 1 complete and 0 interrupted iterations
static_corpus_row_validator ✓ [ 100% ] 1 VUs  00.0s/15s  1/1 shared iters
time="2026-08-06T14:12:36-07:00" level=error msg="thresholds on metrics 'proof_failures' have been crossed"
[R-CW-7] Candidate routing envelope withheld: review is incomplete or its identity contract did not validate.
[R-CW-7] METRICS: /home/figs/.local/state/openclaw-proof-runs/03939273216bc0c08a2df2d768f2f8d6549ca1f2-rowwise-20260806T205552Z/R-CW-7/03939273216bc0c08a2df2d768f2f8d6549ca1f2/R-CW-7/cael/20260806T211234Z-r-cw-7-fe24cc0f/openclaw-proofs-k6.prom
[R-CW-7] ARTIFACTS: /home/figs/.local/state/openclaw-proof-runs/03939273216bc0c08a2df2d768f2f8d6549ca1f2-rowwise-20260806T205552Z/R-CW-7/03939273216bc0c08a2df2d768f2f8d6549ca1f2/R-CW-7/cael/20260806T211234Z-r-cw-7-fe24cc0f
[R-CW-7] FAILED with effective exit code 99. Public-safe artifacts preserved.
