==========================================================
Project 81: Seat-Aware k6 Proof Runner
Seat: ronan
Target Candidate SHA: 5292af40d0ad5303b85a678f6e629503a8725848
Deployed Runtime SHA: OpenClaw 2026.6.11 (5292af4)
Session: p81-5292-ronan-r-rc-1
Artifact root: /home/figs/actions-runner/_work/openclaw-bootstrap/openclaw-bootstrap/openclaw-bootstrap/PROOFS/9c6690710c6687c52b93260529932d0c70f58707/project81-k6/20260709T053656Z-ronan-dgx-4168817
Rows: R-RC-1
Dry Run: false
==========================================================
Running seat-readiness preflight (k6/tooling/gateway/continuation config)...
SEAT READINESS: /home/figs/actions-runner/_work/openclaw-bootstrap/openclaw-bootstrap/openclaw-bootstrap/PROOFS/9c6690710c6687c52b93260529932d0c70f58707/project81-k6/20260709T053656Z-ronan-dgx-4168817/seat-readiness.json

----------------------------------------
Row: R-RC-1
Manifest: /home/figs/actions-runner/_work/openclaw-bootstrap/openclaw-bootstrap/karmaterminal-openclaw-docs/tools/k6-proofs/manifests/r-rc-1.json
Scenario: scenarios/r-rc-1-threshold-reject.js
Status: runnable
Live Safety: k6-runnable
[R-RC-1] RUNNING...

         /\      Grafana   /‾‾/  
    /\  /  \     |\  __   /  /   
   /  \/    \    | |/ /  /   ‾‾\ 
  /          \   |   (  |  (‾)  |
 / __________ \  |_|\_\  \_____/ 


     execution: local
        script: scenarios/r-rc-1-threshold-reject.js
        output: -

     scenarios: (100.00%) 1 scenario, 1 max VUs, 2m0s max duration (incl. graceful stop):
              * r_rc_1_threshold_reject: 1 iterations shared among 1 VUs (maxDuration: 1m30s, gracefulStop: 30s)

time="2026-07-08T22:36:59-07:00" level=warning msg="Manifest validation warnings: missing sessionKey" source=console
time="2026-07-08T22:36:59-07:00" level=info msg="✓ disposable session created: agent:main:r-rc-1-r-rc-1-1783575419226-0fnclxri" source=console
time="2026-07-08T22:37:00-07:00" level=info msg="✓ sessions.send accepted — agent turn triggered for request_compaction reject" source=console

running (0m01.0s), 1/1 VUs, 0 complete and 0 interrupted iterations
r_rc_1_threshold_reject   [   0% ] 1 VUs  0m01.0s/1m30s  0/1 shared iters

running (0m02.0s), 1/1 VUs, 0 complete and 0 interrupted iterations
r_rc_1_threshold_reject   [   0% ] 1 VUs  0m02.0s/1m30s  0/1 shared iters

running (0m03.0s), 1/1 VUs, 0 complete and 0 interrupted iterations
r_rc_1_threshold_reject   [   0% ] 1 VUs  0m03.0s/1m30s  0/1 shared iters

running (0m04.0s), 1/1 VUs, 0 complete and 0 interrupted iterations
r_rc_1_threshold_reject   [   0% ] 1 VUs  0m04.0s/1m30s  0/1 shared iters
time="2026-07-08T22:37:04-07:00" level=info msg="ℹ Ignoring harness prompt echo event" source=console

running (0m05.0s), 1/1 VUs, 0 complete and 0 interrupted iterations
r_rc_1_threshold_reject   [   0% ] 1 VUs  0m05.0s/1m30s  0/1 shared iters

running (0m06.0s), 1/1 VUs, 0 complete and 0 interrupted iterations
r_rc_1_threshold_reject   [   0% ] 1 VUs  0m06.0s/1m30s  0/1 shared iters

running (0m07.0s), 1/1 VUs, 0 complete and 0 interrupted iterations
r_rc_1_threshold_reject   [   0% ] 1 VUs  0m07.0s/1m30s  0/1 shared iters
time="2026-07-08T22:37:07-07:00" level=info msg="ℹ Ignoring harness prompt echo event" source=console

running (0m08.0s), 1/1 VUs, 0 complete and 0 interrupted iterations
r_rc_1_threshold_reject   [   0% ] 1 VUs  0m08.0s/1m30s  0/1 shared iters

running (0m09.0s), 1/1 VUs, 0 complete and 0 interrupted iterations
r_rc_1_threshold_reject   [   0% ] 1 VUs  0m09.0s/1m30s  0/1 shared iters

running (0m10.0s), 1/1 VUs, 0 complete and 0 interrupted iterations
r_rc_1_threshold_reject   [   0% ] 1 VUs  0m10.0s/1m30s  0/1 shared iters
time="2026-07-08T22:37:09-07:00" level=info msg="ℹ Ignoring harness prompt echo event" source=console

running (0m11.0s), 1/1 VUs, 0 complete and 0 interrupted iterations
r_rc_1_threshold_reject   [   0% ] 1 VUs  0m11.0s/1m30s  0/1 shared iters

running (0m12.0s), 1/1 VUs, 0 complete and 0 interrupted iterations
r_rc_1_threshold_reject   [   0% ] 1 VUs  0m12.0s/1m30s  0/1 shared iters

running (0m13.0s), 1/1 VUs, 0 complete and 0 interrupted iterations
r_rc_1_threshold_reject   [   0% ] 1 VUs  0m13.0s/1m30s  0/1 shared iters

running (0m14.0s), 1/1 VUs, 0 complete and 0 interrupted iterations
r_rc_1_threshold_reject   [   0% ] 1 VUs  0m14.0s/1m30s  0/1 shared iters

running (0m15.0s), 1/1 VUs, 0 complete and 0 interrupted iterations
r_rc_1_threshold_reject   [   0% ] 1 VUs  0m15.0s/1m30s  0/1 shared iters

running (0m16.0s), 1/1 VUs, 0 complete and 0 interrupted iterations
r_rc_1_threshold_reject   [   0% ] 1 VUs  0m16.0s/1m30s  0/1 shared iters

running (0m17.0s), 1/1 VUs, 0 complete and 0 interrupted iterations
r_rc_1_threshold_reject   [   0% ] 1 VUs  0m17.0s/1m30s  0/1 shared iters
time="2026-07-08T22:37:16-07:00" level=info msg="✓ RC1-REJECTED sentinel observed: guard=context_threshold context=unknown threshold=unknown" source=console
time="2026-07-08T22:37:16-07:00" level=info msg="\n--- R-RC-1 EVIDENCE SUMMARY ---" source=console
time="2026-07-08T22:37:16-07:00" level=info msg="{\n  \"row\": \"R-RC-1\",\n  \"manifest_loaded\": true,\n  \"nonce\": \"R-RC-1-1783575419226-0fnclxri\",\n  \"seat\": \"ronan\",\n  \"requestedSessionKey\": \"p81-5292-ronan-r-rc-1\",\n  \"sessionKey\": \"agent:main:r-rc-1-r-rc-1-1783575419226-0fnclxri\",\n  \"session_created\": true,\n  \"created_session_key\": \"agent:main:r-rc-1-r-rc-1-1783575419226-0fnclxri\",\n  \"candidateSha\": \"5292af40d0ad5303b85a678f6e629503a8725848\",\n  \"started\": \"2026-07-09T05:36:59.226Z\",\n  \"dispatch_accepted\": true,\n  \"tool_invoke_rejected\": true,\n  \"guard\": \"context_threshold\",\n  \"context_usage\": null,\n  \"threshold\": null,\n  \"trace_id\": null,\n  \"redacted_events\": [\n    {\n      \"ts\": 1783575419227,\n      \"kind\": \"event\",\n      \"method\": null,\n      \"event\": \"connect.challenge\",\n      \"ok\": null,\n      \"data\": null\n    },\n    {\n      \"ts\": 1783575419232,\n      \"kind\": \"other\",\n      \"method\": null,\n      \"event\": null,\n      \"ok\": null,\n      \"data\": null\n    },\n    {\n      \"ts\": 1783575419304,\n      \"kind\": \"event\",\n      \"method\": null,\n      \"event\": \"health\",\n      \"ok\": null,\n      \"data\": null\n    },\n    {\n      \"ts\": 1783575419634,\n      \"kind\": \"response\",\n      \"method\": \"sessions.create\",\n      \"event\": null,\n      \"ok\": true,\n      \"data\": {\n        \"ok\": true\n      }\n    },\n    {\n      \"ts\": 1783575419670,\n      \"kind\": \"response\",\n      \"method\": \"sessions.messages.subscribe\",\n      \"event\": null,\n      \"ok\": true,\n      \"data\": {}\n    },\n    {\n      \"ts\": 1783575419927,\n      \"kind\": \"event\",\n      \"method\": null,\n      \"event\": \"health\",\n      \"ok\": null,\n      \"data\": null\n    },\n    {\n      \"ts\": 1783575419931,\n      \"kind\": \"event\",\n      \"method\": null,\n      \"event\": \"presence\",\n      \"ok\": null,\n      \"data\": null\n    },\n    {\n      \"ts\": 1783575420190,\n      \"kind\": \"response\",\n      \"method\": \"sessions.send\",\n      \"event\": null,\n      \"ok\": true,\n      \"data\": {\n        \"runId\": \"R-RC-1-R-RC-1-1783575419226-0fnclxri\",\n        \"status\": \"started\"\n      }\n    },\n    {\n      \"ts\": 1783575420925,\n      \"kind\": \"event\",\n      \"method\": null,\n      \"event\": \"agent\",\n      \"ok\": null,\n      \"data\": null\n    },\n    {\n      \"ts\": 1783575420982,\n      \"kind\": \"event\",\n      \"method\": null,\n      \"event\": \"health\",\n      \"ok\": null,\n      \"data\": null\n    },\n    {\n      \"ts\": 1783575420990,\n      \"kind\": \"event\",\n      \"method\": null,\n      \"event\": \"presence\",\n      \"ok\": null,\n      \"data\": null\n    },\n    {\n      \"ts\": 1783575422045,\n      \"kind\": \"event\",\n      \"method\": null,\n      \"event\": \"health\",\n      \"ok\": null,\n      \"data\": null\n    },\n    {\n      \"ts\": 1783575422049,\n      \"kind\": \"event\",\n      \"method\": null,\n      \"event\": \"presence\",\n      \"ok\": null,\n      \"data\": null\n    },\n    {\n      \"ts\": 1783575423128,\n      \"kind\": \"event\",\n      \"method\": null,\n      \"event\": \"health\",\n      \"ok\": null,\n      \"data\": null\n    },\n    {\n      \"ts\": 1783575423137,\n      \"kind\": \"event\",\n      \"method\": null,\n      \"event\": \"presence\",\n      \"ok\": null,\n      \"data\": null\n    },\n    {\n      \"ts\": 1783575424129,\n      \"kind\": \"event\",\n      \"method\": null,\n      \"event\": \"agent\",\n      \"ok\": null,\n      \"data\": null\n    },\n    {\n      \"ts\": 1783575424283,\n      \"kind\": \"event\",\n      \"method\": null,\n      \"event\": \"health\",\n      \"ok\": null,\n      \"data\": null\n    },\n    {\n      \"ts\": 1783575424290,\n      \"kind\": \"event\",\n      \"method\": null,\n      \"event\": \"presence\",\n      \"ok\": null,\n      \"data\": null\n    },\n    {\n      \"ts\": 1783575425349,\n      \"kind\": \"event\",\n      \"method\": null,\n      \"event\": \"health\",\n      \"ok\": null,\n      \"data\": null\n    },\n    {\n      \"ts\": 1783575425353,\n      \"kind\": \"event\",\n      \"method\": null,\n      \"event\": \"presence\",\n      \"ok\": null,\n      \"data\": null\n    },\n    {\n      \"ts\": 1783575426447,\n      \"kind\": \"event\",\n      \"method\": null,\n      \"event\": \"health\",\n      \"ok\": null,\n      \"data\": null\n    },\n    {\n      \"ts\": 1783575426502,\n      \"kind\": \"event\",\n      \"method\": null,\n      \"event\": \"health\",\n      \"ok\": null,\n      \"data\": null\n    },\n    {\n      \"ts\": 1783575426526,\n      \"kind\": \"event\",\n      \"method\": null,\n      \"event\": \"presence\",\n      \"ok\": null,\n      \"data\": null\n    },\n    {\n      \"ts\": 1783575426529,\n      \"kind\": \"event\",\n      \"method\": null,\n      \"event\": \"presence\",\n      \"ok\": null,\n      \"data\": null\n    },\n    {\n      \"ts\": 1783575427015,\n      \"kind\": \"event\",\n      \"method\": null,\n      \"event\": \"agent\",\n      \"ok\": null,\n      \"data\": null\n    },\n    {\n      \"ts\": 1783575427585,\n      \"kind\": \"event\",\n      \"method\": null,\n      \"event\": \"health\",\n      \"ok\": null,\n      \"data\": null\n    },\n    {\n      \"ts\": 1783575427589,\n      \"kind\": \"event\",\n      \"method\": null,\n      \"event\": \"presence\",\n      \"ok\": null,\n      \"data\": null\n    },\n    {\n      \"ts\": 1783575428686,\n      \"kind\": \"event\",\n      \"method\": null,\n      \"event\": \"health\",\n      \"ok\": null,\n      \"data\": null\n    },\n    {\n      \"ts\": 1783575428692,\n      \"kind\": \"event\",\n      \"method\": null,\n      \"event\": \"presence\",\n      \"ok\": null,\n      \"data\": null\n    },\n    {\n      \"ts\": 1783575428782,\n      \"kind\": \"event\",\n      \"method\": null,\n      \"event\": \"tick\",\n      \"ok\": null,\n      \"data\": null\n    },\n    {\n      \"ts\": 1783575429183,\n      \"kind\": \"event\",\n      \"method\": null,\n      \"event\": \"agent\",\n      \"ok\": null,\n      \"data\": null\n    },\n    {\n      \"ts\": 1783575429183,\n      \"kind\": \"event\",\n      \"method\": null,\n      \"event\": \"chat\",\n      \"ok\": null,\n      \"data\": null\n    },\n    {\n      \"ts\": 1783575429352,\n      \"kind\": \"event\",\n      \"method\": null,\n      \"event\": \"agent\",\n      \"ok\": null,\n      \"data\": null\n    },\n    {\n      \"ts\": 1783575429403,\n      \"kind\": \"event\",\n      \"method\": null,\n      \"event\": \"session.message\",\n      \"ok\": null,\n      \"data\": null\n    },\n    {\n      \"ts\": 1783575429779,\n      \"kind\": \"event\",\n      \"method\": null,\n      \"event\": \"health\",\n      \"ok\": null,\n      \"data\": null\n    },\n    {\n      \"ts\": 1783575429785,\n      \"kind\": \"event\",\n      \"method\": null,\n      \"event\": \"presence\",\n      \"ok\": null,\n      \"data\": null\n    },\n    {\n      \"ts\": 1783575430841,\n      \"kind\": \"event\",\n      \"method\": null,\n      \"event\": \"health\",\n      \"ok\": null,\n      \"data\": null\n    },\n    {\n      \"ts\": 1783575430847,\n      \"kind\": \"event\",\n      \"method\": null,\n      \"event\": \"presence\",\n      \"ok\": null,\n      \"data\": null\n    },\n    {\n      \"ts\": 1783575431929,\n      \"kind\": \"event\",\n      \"method\": null,\n      \"event\": \"health\",\n      \"ok\": null,\n      \"data\": null\n    },\n    {\n      \"ts\": 1783575431931,\n      \"kind\": \"event\",\n      \"method\": null,\n      \"event\": \"presence\",\n      \"ok\": null,\n      \"data\": null\n    },\n    {\n      \"ts\": 1783575433016,\n      \"kind\": \"event\",\n      \"method\": null,\n      \"event\": \"health\",\n      \"ok\": null,\n      \"data\": null\n    },\n    {\n      \"ts\": 1783575433022,\n      \"kind\": \"event\",\n      \"method\": null,\n      \"event\": \"presence\",\n      \"ok\": null,\n      \"data\": null\n    },\n    {\n      \"ts\": 1783575433078,\n      \"kind\": \"event\",\n      \"method\": null,\n      \"event\": \"session.message\",\n      \"ok\": null,\n      \"data\": null\n    },\n    {\n      \"ts\": 1783575433093,\n      \"kind\": \"event\",\n      \"method\": null,\n      \"event\": \"agent\",\n      \"ok\": null,\n      \"data\": null\n    },\n    {\n      \"ts\": 1783575433133,\n      \"kind\": \"event\",\n      \"method\": null,\n      \"event\": \"agent\",\n      \"ok\": null,\n      \"data\": null\n    },\n    {\n      \"ts\": 1783575434109,\n      \"kind\": \"event\",\n      \"method\": null,\n      \"event\": \"health\",\n      \"ok\": null,\n      \"data\": null\n    },\n    {\n      \"ts\": 1783575434113,\n      \"kind\": \"event\",\n      \"method\": null,\n      \"event\": \"presence\",\n      \"ok\": null,\n      \"data\": null\n    },\n    {\n      \"ts\": 1783575435167,\n      \"kind\": \"event\",\n      \"method\": null,\n      \"event\": \"health\",\n      \"ok\": null,\n      \"data\": null\n    },\n    {\n      \"ts\": 1783575435170,\n      \"kind\": \"event\",\n      \"method\": null,\n      \"event\": \"presence\",\n      \"ok\": null,\n      \"data\": null\n    },\n    {\n      \"ts\": 1783575436232,\n      \"kind\": \"event\",\n      \"method\": null,\n      \"event\": \"health\",\n      \"ok\": null,\n      \"data\": null\n    },\n    {\n      \"ts\": 1783575436242,\n      \"kind\": \"event\",\n      \"method\": null,\n      \"event\": \"presence\",\n      \"ok\": null,\n      \"data\": null\n    },\n    {\n      \"ts\": 1783575436740,\n      \"kind\": \"event\",\n      \"method\": null,\n      \"event\": \"agent\",\n      \"ok\": null,\n      \"data\": null\n    },\n    {\n      \"ts\": 1783575436740,\n      \"kind\": \"event\",\n      \"method\": null,\n      \"event\": \"chat\",\n      \"ok\": null,\n      \"data\": null\n    },\n    {\n      \"ts\": 1783575436890,\n      \"kind\": \"event\",\n      \"method\": null,\n      \"event\": \"agent\",\n      \"ok\": null,\n      \"data\": null\n    }\n  ],\n  \"ended\": \"2026-07-09T05:37:16.890Z\",\n  \"duration_ms\": 17664\n}" source=console
time="2026-07-08T22:37:16-07:00" level=info msg="--- END EVIDENCE ---" source=console
time="2026-07-08T22:37:16-07:00" level=info msg="\n[R-RC-1] VERDICT: PASS-candidate" source=console

[R-RC-1] Summary: PASS-candidate | SHA: 5292af40d0ad5303b85a678f6e629503a8725848 | Seat: ronan

running (0m17.7s), 0/1 VUs, 1 complete and 0 interrupted iterations
r_rc_1_threshold_reject ✓ [ 100% ] 1 VUs  0m17.7s/1m30s  1/1 shared iters
./r-rc-1-summary.json
[R-RC-1] METRICS: /home/figs/actions-runner/_work/openclaw-bootstrap/openclaw-bootstrap/openclaw-bootstrap/PROOFS/9c6690710c6687c52b93260529932d0c70f58707/project81-k6/20260709T053656Z-ronan-dgx-4168817/5292af40d0ad5303b85a678f6e629503a8725848/R-RC-1/ronan/20260709T053659Z-r-rc-1/openclaw-proofs-k6.prom
[R-RC-1] ARTIFACTS: /home/figs/actions-runner/_work/openclaw-bootstrap/openclaw-bootstrap/openclaw-bootstrap/PROOFS/9c6690710c6687c52b93260529932d0c70f58707/project81-k6/20260709T053656Z-ronan-dgx-4168817/5292af40d0ad5303b85a678f6e629503a8725848/R-RC-1/ronan/20260709T053659Z-r-rc-1
[R-RC-1] COMPLETED.
Observability check: query Grafana for run/nonce or review Tempo traces if trace ID was emitted.
REPORT: /home/figs/actions-runner/_work/openclaw-bootstrap/openclaw-bootstrap/openclaw-bootstrap/PROOFS/9c6690710c6687c52b93260529932d0c70f58707/project81-k6/20260709T053656Z-ronan-dgx-4168817/report.html

==========================================================
Runner execution finished.
