==========================================================
Project 81: Seat-Aware k6 Proof Runner
Seat: silas
Target Candidate SHA: 6ee7eca2a4ce1a3e8efa7e51f9dd02d03081741d
Deployed Runtime SHA: OpenClaw 2026.7.2 (6ee7eca)
Session configured: true
Artifact root: /home/figs/actions-runner/actions-runner/_work/openclaw-bootstrap/openclaw-bootstrap/openclaw-bootstrap/PROOFS/6ee7eca2a4ce1a3e8efa7e51f9dd02d03081741d/project81-k6/20260717T102449Z-silas-lothric-4179920
Rows: R-CD-1,R-CW-1
Dry Run: false
==========================================================
Running seat-readiness preflight (k6/tooling/gateway/continuation config)...
SEAT READINESS: /home/figs/actions-runner/actions-runner/_work/openclaw-bootstrap/openclaw-bootstrap/openclaw-bootstrap/PROOFS/6ee7eca2a4ce1a3e8efa7e51f9dd02d03081741d/project81-k6/20260717T102449Z-silas-lothric-4179920/seat-readiness.json

----------------------------------------
Row: R-CD-1
Manifest: /home/figs/actions-runner/actions-runner/_work/openclaw-bootstrap/openclaw-bootstrap/karmaterminal-openclaw-docs/tools/k6-proofs/manifests/r-cd-1.json
Scenario: scenarios/r-cd-1-typed-delegate.js
Status: runnable
Live Safety: k6-runnable
[R-CD-1] RUNNING...
./r-cd-1-typed-delegate-summary.json
[R-CD-1] CONTINUATION TRACE: /home/figs/actions-runner/actions-runner/_work/openclaw-bootstrap/openclaw-bootstrap/openclaw-bootstrap/PROOFS/6ee7eca2a4ce1a3e8efa7e51f9dd02d03081741d/project81-k6/20260717T102449Z-silas-lothric-4179920/6ee7eca2a4ce1a3e8efa7e51f9dd02d03081741d/R-CD-1/silas/20260717T102451Z-r-cd-1/tempo-trace-aeddcfa514d3.json
[R-CD-1] CORRELATION RECEIPT: /home/figs/actions-runner/actions-runner/_work/openclaw-bootstrap/openclaw-bootstrap/openclaw-bootstrap/PROOFS/6ee7eca2a4ce1a3e8efa7e51f9dd02d03081741d/project81-k6/20260717T102449Z-silas-lothric-4179920/6ee7eca2a4ce1a3e8efa7e51f9dd02d03081741d/R-CD-1/silas/20260717T102451Z-r-cd-1/continuation-trace-correlation.json

         /\      Grafana   /‾‾/  
    /\  /  \     |\  __   /  /   
   /  \/    \    | |/ /  /   ‾‾\ 
  /          \   |   (  |  (‾)  |
 / __________ \  |_|\_\  \_____/ 


     execution: local
        script: scenarios/r-cd-1-typed-delegate.js
        output: -

     scenarios: (100.00%) 1 scenario, 1 max VUs, 3m0s max duration (incl. graceful stop):
              * r_cd_1_typed_delegate: 1 iterations shared among 1 VUs (maxDuration: 2m30s, gracefulStop: 30s)

time="2026-07-17T03:24:52-07:00" level=info msg="✓ disposable session created: <redacted-session-key>" source=console
time="2026-07-17T03:24:52-07:00" level=info msg="✓ sessions.send accepted — agent turn triggered (will call continue_delegate)" source=console

running (0m01.0s), 1/1 VUs, 0 complete and 0 interrupted iterations
r_cd_1_typed_delegate   [   0% ] 1 VUs  0m01.0s/2m30s  0/1 shared iters
time="2026-07-17T03:24:53-07:00" level=info msg="ℹ Ignoring harness prompt echo event" source=console

running (0m02.0s), 1/1 VUs, 0 complete and 0 interrupted iterations
r_cd_1_typed_delegate   [   0% ] 1 VUs  0m02.0s/2m30s  0/1 shared iters

running (0m03.0s), 1/1 VUs, 0 complete and 0 interrupted iterations
r_cd_1_typed_delegate   [   0% ] 1 VUs  0m03.0s/2m30s  0/1 shared iters

running (0m04.0s), 1/1 VUs, 0 complete and 0 interrupted iterations
r_cd_1_typed_delegate   [   0% ] 1 VUs  0m04.0s/2m30s  0/1 shared iters

running (0m05.0s), 1/1 VUs, 0 complete and 0 interrupted iterations
r_cd_1_typed_delegate   [   0% ] 1 VUs  0m05.0s/2m30s  0/1 shared iters

running (0m06.0s), 1/1 VUs, 0 complete and 0 interrupted iterations
r_cd_1_typed_delegate   [   0% ] 1 VUs  0m06.0s/2m30s  0/1 shared iters

running (0m07.0s), 1/1 VUs, 0 complete and 0 interrupted iterations
r_cd_1_typed_delegate   [   0% ] 1 VUs  0m07.0s/2m30s  0/1 shared iters
time="2026-07-17T03:24:59-07:00" level=info msg="ℹ Ignoring harness prompt echo event" source=console
time="2026-07-17T03:24:59-07:00" level=info msg="ℹ Ignoring harness prompt echo event" source=console
time="2026-07-17T03:24:59-07:00" level=info msg="ℹ Ignoring harness prompt echo event" source=console

running (0m08.0s), 1/1 VUs, 0 complete and 0 interrupted iterations
r_cd_1_typed_delegate   [   0% ] 1 VUs  0m08.0s/2m30s  0/1 shared iters

running (0m09.0s), 1/1 VUs, 0 complete and 0 interrupted iterations
r_cd_1_typed_delegate   [   0% ] 1 VUs  0m09.0s/2m30s  0/1 shared iters

running (0m10.0s), 1/1 VUs, 0 complete and 0 interrupted iterations
r_cd_1_typed_delegate   [   0% ] 1 VUs  0m10.0s/2m30s  0/1 shared iters

running (0m11.0s), 1/1 VUs, 0 complete and 0 interrupted iterations
r_cd_1_typed_delegate   [   0% ] 1 VUs  0m11.0s/2m30s  0/1 shared iters
time="2026-07-17T03:25:03-07:00" level=info msg="ℹ Ignored delegate return-like event before delayed wake gate" source=console
time="2026-07-17T03:25:03-07:00" level=info msg="ℹ Channel message from delegate return (expected for mode=normal)" source=console
time="2026-07-17T03:25:03-07:00" level=info msg="ℹ Ignored delegate return-like event before delayed wake gate" source=console

running (0m12.0s), 1/1 VUs, 0 complete and 0 interrupted iterations
r_cd_1_typed_delegate   [   0% ] 1 VUs  0m12.0s/2m30s  0/1 shared iters
time="2026-07-17T03:25:03-07:00" level=info msg="ℹ Ignored delegate return-like event before delayed wake gate" source=console

running (0m13.0s), 1/1 VUs, 0 complete and 0 interrupted iterations
r_cd_1_typed_delegate   [   0% ] 1 VUs  0m13.0s/2m30s  0/1 shared iters

running (0m14.0s), 1/1 VUs, 0 complete and 0 interrupted iterations
r_cd_1_typed_delegate   [   0% ] 1 VUs  0m14.0s/2m30s  0/1 shared iters
time="2026-07-17T03:25:06-07:00" level=info msg="✓ CD1-DELEGATE-SCHEDULED sentinel observed post-dispatch: session.message" source=console
time="2026-07-17T03:25:06-07:00" level=info msg="ℹ Channel message from delegate return (expected for mode=normal)" source=console
time="2026-07-17T03:25:06-07:00" level=info msg="✓ CD1-DELEGATE-SCHEDULED sentinel observed post-dispatch: agent" source=console
time="2026-07-17T03:25:06-07:00" level=info msg="✓ CD1-DELEGATE-SCHEDULED sentinel observed post-dispatch: chat" source=console
time="2026-07-17T03:25:06-07:00" level=info msg="✓ CD1-DELEGATE-SCHEDULED sentinel observed post-dispatch: chat" source=console

running (0m15.0s), 1/1 VUs, 0 complete and 0 interrupted iterations
r_cd_1_typed_delegate   [   0% ] 1 VUs  0m15.0s/2m30s  0/1 shared iters

running (0m16.0s), 1/1 VUs, 0 complete and 0 interrupted iterations
r_cd_1_typed_delegate   [   0% ] 1 VUs  0m16.0s/2m30s  0/1 shared iters

running (0m17.0s), 1/1 VUs, 0 complete and 0 interrupted iterations
r_cd_1_typed_delegate   [   0% ] 1 VUs  0m17.0s/2m30s  0/1 shared iters

running (0m18.0s), 1/1 VUs, 0 complete and 0 interrupted iterations
r_cd_1_typed_delegate   [   0% ] 1 VUs  0m18.0s/2m30s  0/1 shared iters

running (0m19.0s), 1/1 VUs, 0 complete and 0 interrupted iterations
r_cd_1_typed_delegate   [   0% ] 1 VUs  0m19.0s/2m30s  0/1 shared iters

running (0m20.0s), 1/1 VUs, 0 complete and 0 interrupted iterations
r_cd_1_typed_delegate   [   0% ] 1 VUs  0m20.0s/2m30s  0/1 shared iters

running (0m21.0s), 1/1 VUs, 0 complete and 0 interrupted iterations
r_cd_1_typed_delegate   [   0% ] 1 VUs  0m21.0s/2m30s  0/1 shared iters

running (0m22.0s), 1/1 VUs, 0 complete and 0 interrupted iterations
r_cd_1_typed_delegate   [   0% ] 1 VUs  0m22.0s/2m30s  0/1 shared iters

running (0m23.0s), 1/1 VUs, 0 complete and 0 interrupted iterations
r_cd_1_typed_delegate   [   0% ] 1 VUs  0m23.0s/2m30s  0/1 shared iters

running (0m24.0s), 1/1 VUs, 0 complete and 0 interrupted iterations
r_cd_1_typed_delegate   [   0% ] 1 VUs  0m24.0s/2m30s  0/1 shared iters

running (0m25.0s), 1/1 VUs, 0 complete and 0 interrupted iterations
r_cd_1_typed_delegate   [   0% ] 1 VUs  0m25.0s/2m30s  0/1 shared iters

running (0m26.0s), 1/1 VUs, 0 complete and 0 interrupted iterations
r_cd_1_typed_delegate   [   0% ] 1 VUs  0m26.0s/2m30s  0/1 shared iters

running (0m27.0s), 1/1 VUs, 0 complete and 0 interrupted iterations
r_cd_1_typed_delegate   [   0% ] 1 VUs  0m27.0s/2m30s  0/1 shared iters

running (0m28.0s), 1/1 VUs, 0 complete and 0 interrupted iterations
r_cd_1_typed_delegate   [   0% ] 1 VUs  0m28.0s/2m30s  0/1 shared iters

running (0m29.0s), 1/1 VUs, 0 complete and 0 interrupted iterations
r_cd_1_typed_delegate   [   0% ] 1 VUs  0m29.0s/2m30s  0/1 shared iters

running (0m30.0s), 1/1 VUs, 0 complete and 0 interrupted iterations
r_cd_1_typed_delegate   [   0% ] 1 VUs  0m30.0s/2m30s  0/1 shared iters

running (0m31.0s), 1/1 VUs, 0 complete and 0 interrupted iterations
r_cd_1_typed_delegate   [   0% ] 1 VUs  0m31.0s/2m30s  0/1 shared iters

running (0m32.0s), 1/1 VUs, 0 complete and 0 interrupted iterations
r_cd_1_typed_delegate   [   0% ] 1 VUs  0m32.0s/2m30s  0/1 shared iters

running (0m33.0s), 1/1 VUs, 0 complete and 0 interrupted iterations
r_cd_1_typed_delegate   [   0% ] 1 VUs  0m33.0s/2m30s  0/1 shared iters

running (0m34.0s), 1/1 VUs, 0 complete and 0 interrupted iterations
r_cd_1_typed_delegate   [   0% ] 1 VUs  0m34.0s/2m30s  0/1 shared iters

running (0m35.0s), 1/1 VUs, 0 complete and 0 interrupted iterations
r_cd_1_typed_delegate   [   0% ] 1 VUs  0m35.0s/2m30s  0/1 shared iters

running (0m36.0s), 1/1 VUs, 0 complete and 0 interrupted iterations
r_cd_1_typed_delegate   [   0% ] 1 VUs  0m36.0s/2m30s  0/1 shared iters

running (0m37.0s), 1/1 VUs, 0 complete and 0 interrupted iterations
r_cd_1_typed_delegate   [   0% ] 1 VUs  0m37.0s/2m30s  0/1 shared iters

running (0m38.0s), 1/1 VUs, 0 complete and 0 interrupted iterations
r_cd_1_typed_delegate   [   0% ] 1 VUs  0m38.0s/2m30s  0/1 shared iters

running (0m39.0s), 1/1 VUs, 0 complete and 0 interrupted iterations
r_cd_1_typed_delegate   [   0% ] 1 VUs  0m39.0s/2m30s  0/1 shared iters

running (0m40.0s), 1/1 VUs, 0 complete and 0 interrupted iterations
r_cd_1_typed_delegate   [   0% ] 1 VUs  0m40.0s/2m30s  0/1 shared iters

running (0m41.0s), 1/1 VUs, 0 complete and 0 interrupted iterations
r_cd_1_typed_delegate   [   0% ] 1 VUs  0m41.0s/2m30s  0/1 shared iters

running (0m42.0s), 1/1 VUs, 0 complete and 0 interrupted iterations
r_cd_1_typed_delegate   [   0% ] 1 VUs  0m42.0s/2m30s  0/1 shared iters

running (0m43.0s), 1/1 VUs, 0 complete and 0 interrupted iterations
r_cd_1_typed_delegate   [   0% ] 1 VUs  0m43.0s/2m30s  0/1 shared iters

running (0m44.0s), 1/1 VUs, 0 complete and 0 interrupted iterations
r_cd_1_typed_delegate   [   0% ] 1 VUs  0m44.0s/2m30s  0/1 shared iters

running (0m45.0s), 1/1 VUs, 0 complete and 0 interrupted iterations
r_cd_1_typed_delegate   [   0% ] 1 VUs  0m45.0s/2m30s  0/1 shared iters
time="2026-07-17T03:25:36-07:00" level=info msg="✓ CD1-DONE/delegate return evidence observed post-dispatch: agent" source=console
time="2026-07-17T03:25:36-07:00" level=info msg="Required R-CD-1 receipts and trace-ingest grace gathered, closing" source=console
PUBLIC_EVIDENCE {"row":"R-CD-1","manifest_loaded":true,"seat":"silas","session_created":true,"candidateSha":"6ee7eca2a4ce1a3e8efa7e51f9dd02d03081741d","started":"2026-07-17T10:24:51.713Z","tool_invoke_accepted":true,"delegate_scheduled_sentinel":true,"parent_return_event":true,"task_ledger_entry_optional":false,"channel_message_observed":true,"dispatch_accepted_at_ms":1784283892607,"wake_gate_ms":5000,"delegate_scheduled_at_ms":1784283906312,"parent_return_event_at_ms":1784283936968,"trace_collect_after_ms":1784283921312,"reason_hash":"f987e2ece04431f2","reason_length":139,"delegate_mode":"normal","delegate_delay_ms":1000,"delegate_wake_gate_ms":5000,"prompt_echoes_ignored":3,"trace_id":null,"ended":"2026-07-17T10:25:36.968Z","duration_ms":45255}
time="2026-07-17T03:25:36-07:00" level=info msg="\n[R-CD-1] VERDICT: PASS-candidate" source=console

[R-CD-1] Summary: PASS-candidate | SHA: 6ee7eca2a4ce1a3e8efa7e51f9dd02d03081741d | Seat: silas

running (0m45.3s), 0/1 VUs, 1 complete and 0 interrupted iterations
r_cd_1_typed_delegate ✓ [ 100% ] 1 VUs  0m45.3s/2m30s  1/1 shared iters
[R-CD-1] CANDIDATE REVIEW ENVELOPE: /home/figs/actions-runner/actions-runner/_work/openclaw-bootstrap/openclaw-bootstrap/openclaw-bootstrap/PROOFS/6ee7eca2a4ce1a3e8efa7e51f9dd02d03081741d/project81-k6/20260717T102449Z-silas-lothric-4179920/6ee7eca2a4ce1a3e8efa7e51f9dd02d03081741d/R-CD-1/silas/20260717T102451Z-r-cd-1/candidate-run-result.json
[R-CD-1] METRICS: /home/figs/actions-runner/actions-runner/_work/openclaw-bootstrap/openclaw-bootstrap/openclaw-bootstrap/PROOFS/6ee7eca2a4ce1a3e8efa7e51f9dd02d03081741d/project81-k6/20260717T102449Z-silas-lothric-4179920/6ee7eca2a4ce1a3e8efa7e51f9dd02d03081741d/R-CD-1/silas/20260717T102451Z-r-cd-1/openclaw-proofs-k6.prom
[R-CD-1] ARTIFACTS: /home/figs/actions-runner/actions-runner/_work/openclaw-bootstrap/openclaw-bootstrap/openclaw-bootstrap/PROOFS/6ee7eca2a4ce1a3e8efa7e51f9dd02d03081741d/project81-k6/20260717T102449Z-silas-lothric-4179920/6ee7eca2a4ce1a3e8efa7e51f9dd02d03081741d/R-CD-1/silas/20260717T102451Z-r-cd-1
[R-CD-1] COMPLETED.
Observability check: query Grafana for run/nonce or review Tempo traces if trace ID was emitted.

----------------------------------------
Row: R-CW-1
Manifest: /home/figs/actions-runner/actions-runner/_work/openclaw-bootstrap/openclaw-bootstrap/karmaterminal-openclaw-docs/tools/k6-proofs/manifests/r-cw-1.json
Scenario: scenarios/r-cw-1-tool-schedule-wake.js
Status: runnable
Live Safety: k6-runnable
[R-CW-1] RUNNING...
./r-cw-1-tool-schedule-wake-summary.json
[R-CW-1] CONTINUATION TRACE: /home/figs/actions-runner/actions-runner/_work/openclaw-bootstrap/openclaw-bootstrap/openclaw-bootstrap/PROOFS/6ee7eca2a4ce1a3e8efa7e51f9dd02d03081741d/project81-k6/20260717T102449Z-silas-lothric-4179920/6ee7eca2a4ce1a3e8efa7e51f9dd02d03081741d/R-CW-1/silas/20260717T102537Z-r-cw-1/tempo-trace-48e517482236.json
[R-CW-1] CORRELATION RECEIPT: /home/figs/actions-runner/actions-runner/_work/openclaw-bootstrap/openclaw-bootstrap/openclaw-bootstrap/PROOFS/6ee7eca2a4ce1a3e8efa7e51f9dd02d03081741d/project81-k6/20260717T102449Z-silas-lothric-4179920/6ee7eca2a4ce1a3e8efa7e51f9dd02d03081741d/R-CW-1/silas/20260717T102537Z-r-cw-1/continuation-trace-correlation.json

         /\      Grafana   /‾‾/  
    /\  /  \     |\  __   /  /   
   /  \/    \    | |/ /  /   ‾‾\ 
  /          \   |   (  |  (‾)  |
 / __________ \  |_|\_\  \_____/ 


     execution: local
        script: scenarios/r-cw-1-tool-schedule-wake.js
        output: -

     scenarios: (100.00%) 1 scenario, 1 max VUs, 2m30s max duration (incl. graceful stop):
              * r_cw_1_tool_schedule_wake: 1 iterations shared among 1 VUs (maxDuration: 2m0s, gracefulStop: 30s)

time="2026-07-17T03:25:38-07:00" level=info msg="✓ disposable session created: <redacted-session-key>" source=console

running (0m01.0s), 1/1 VUs, 0 complete and 0 interrupted iterations
r_cw_1_tool_schedule_wake   [   0% ] 1 VUs  0m01.0s/2m0s  0/1 shared iters
time="2026-07-17T03:25:39-07:00" level=info msg="✓ sessions.send accepted — agent turn triggered (will call continue_work)" source=console

running (0m02.0s), 1/1 VUs, 0 complete and 0 interrupted iterations
r_cw_1_tool_schedule_wake   [   0% ] 1 VUs  0m02.0s/2m0s  0/1 shared iters
time="2026-07-17T03:25:39-07:00" level=info msg="ℹ Ignoring harness prompt echo event" source=console

running (0m03.0s), 1/1 VUs, 0 complete and 0 interrupted iterations
r_cw_1_tool_schedule_wake   [   0% ] 1 VUs  0m03.0s/2m0s  0/1 shared iters

running (0m04.0s), 1/1 VUs, 0 complete and 0 interrupted iterations
r_cw_1_tool_schedule_wake   [   0% ] 1 VUs  0m04.0s/2m0s  0/1 shared iters

running (0m05.0s), 1/1 VUs, 0 complete and 0 interrupted iterations
r_cw_1_tool_schedule_wake   [   0% ] 1 VUs  0m05.0s/2m0s  0/1 shared iters

running (0m06.0s), 1/1 VUs, 0 complete and 0 interrupted iterations
r_cw_1_tool_schedule_wake   [   0% ] 1 VUs  0m06.0s/2m0s  0/1 shared iters

running (0m07.0s), 1/1 VUs, 0 complete and 0 interrupted iterations
r_cw_1_tool_schedule_wake   [   0% ] 1 VUs  0m07.0s/2m0s  0/1 shared iters

running (0m08.0s), 1/1 VUs, 0 complete and 0 interrupted iterations
r_cw_1_tool_schedule_wake   [   0% ] 1 VUs  0m08.0s/2m0s  0/1 shared iters

running (0m09.0s), 1/1 VUs, 0 complete and 0 interrupted iterations
r_cw_1_tool_schedule_wake   [   0% ] 1 VUs  0m09.0s/2m0s  0/1 shared iters

running (0m10.0s), 1/1 VUs, 0 complete and 0 interrupted iterations
r_cw_1_tool_schedule_wake   [   0% ] 1 VUs  0m10.0s/2m0s  0/1 shared iters

running (0m11.0s), 1/1 VUs, 0 complete and 0 interrupted iterations
r_cw_1_tool_schedule_wake   [   0% ] 1 VUs  0m11.0s/2m0s  0/1 shared iters

running (0m12.0s), 1/1 VUs, 0 complete and 0 interrupted iterations
r_cw_1_tool_schedule_wake   [   0% ] 1 VUs  0m12.0s/2m0s  0/1 shared iters

running (0m13.0s), 1/1 VUs, 0 complete and 0 interrupted iterations
r_cw_1_tool_schedule_wake   [   0% ] 1 VUs  0m13.0s/2m0s  0/1 shared iters

running (0m14.0s), 1/1 VUs, 0 complete and 0 interrupted iterations
r_cw_1_tool_schedule_wake   [   0% ] 1 VUs  0m14.0s/2m0s  0/1 shared iters

running (0m15.0s), 1/1 VUs, 0 complete and 0 interrupted iterations
r_cw_1_tool_schedule_wake   [   0% ] 1 VUs  0m15.0s/2m0s  0/1 shared iters

running (0m16.0s), 1/1 VUs, 0 complete and 0 interrupted iterations
r_cw_1_tool_schedule_wake   [   0% ] 1 VUs  0m16.0s/2m0s  0/1 shared iters

running (0m17.0s), 1/1 VUs, 0 complete and 0 interrupted iterations
r_cw_1_tool_schedule_wake   [   0% ] 1 VUs  0m17.0s/2m0s  0/1 shared iters

running (0m18.0s), 1/1 VUs, 0 complete and 0 interrupted iterations
r_cw_1_tool_schedule_wake   [   0% ] 1 VUs  0m18.0s/2m0s  0/1 shared iters

running (0m19.0s), 1/1 VUs, 0 complete and 0 interrupted iterations
r_cw_1_tool_schedule_wake   [   0% ] 1 VUs  0m19.0s/2m0s  0/1 shared iters

running (0m20.0s), 1/1 VUs, 0 complete and 0 interrupted iterations
r_cw_1_tool_schedule_wake   [   0% ] 1 VUs  0m20.0s/2m0s  0/1 shared iters

running (0m21.0s), 1/1 VUs, 0 complete and 0 interrupted iterations
r_cw_1_tool_schedule_wake   [   0% ] 1 VUs  0m21.0s/2m0s  0/1 shared iters

running (0m22.0s), 1/1 VUs, 0 complete and 0 interrupted iterations
r_cw_1_tool_schedule_wake   [   0% ] 1 VUs  0m22.0s/2m0s  0/1 shared iters

running (0m23.0s), 1/1 VUs, 0 complete and 0 interrupted iterations
r_cw_1_tool_schedule_wake   [   0% ] 1 VUs  0m23.0s/2m0s  0/1 shared iters

running (0m24.0s), 1/1 VUs, 0 complete and 0 interrupted iterations
r_cw_1_tool_schedule_wake   [   0% ] 1 VUs  0m24.0s/2m0s  0/1 shared iters

running (0m25.0s), 1/1 VUs, 0 complete and 0 interrupted iterations
r_cw_1_tool_schedule_wake   [   0% ] 1 VUs  0m25.0s/2m0s  0/1 shared iters

running (0m26.0s), 1/1 VUs, 0 complete and 0 interrupted iterations
r_cw_1_tool_schedule_wake   [   0% ] 1 VUs  0m26.0s/2m0s  0/1 shared iters

running (0m27.0s), 1/1 VUs, 0 complete and 0 interrupted iterations
r_cw_1_tool_schedule_wake   [   0% ] 1 VUs  0m27.0s/2m0s  0/1 shared iters

running (0m28.0s), 1/1 VUs, 0 complete and 0 interrupted iterations
r_cw_1_tool_schedule_wake   [   0% ] 1 VUs  0m28.0s/2m0s  0/1 shared iters

running (0m29.0s), 1/1 VUs, 0 complete and 0 interrupted iterations
r_cw_1_tool_schedule_wake   [   0% ] 1 VUs  0m29.0s/2m0s  0/1 shared iters

running (0m30.0s), 1/1 VUs, 0 complete and 0 interrupted iterations
r_cw_1_tool_schedule_wake   [   0% ] 1 VUs  0m30.0s/2m0s  0/1 shared iters

running (0m31.0s), 1/1 VUs, 0 complete and 0 interrupted iterations
r_cw_1_tool_schedule_wake   [   0% ] 1 VUs  0m31.0s/2m0s  0/1 shared iters

running (0m32.0s), 1/1 VUs, 0 complete and 0 interrupted iterations
r_cw_1_tool_schedule_wake   [   0% ] 1 VUs  0m32.0s/2m0s  0/1 shared iters

running (0m33.0s), 1/1 VUs, 0 complete and 0 interrupted iterations
r_cw_1_tool_schedule_wake   [   0% ] 1 VUs  0m33.0s/2m0s  0/1 shared iters

running (0m34.0s), 1/1 VUs, 0 complete and 0 interrupted iterations
r_cw_1_tool_schedule_wake   [   0% ] 1 VUs  0m34.0s/2m0s  0/1 shared iters

running (0m35.0s), 1/1 VUs, 0 complete and 0 interrupted iterations
r_cw_1_tool_schedule_wake   [   0% ] 1 VUs  0m35.0s/2m0s  0/1 shared iters

running (0m36.0s), 1/1 VUs, 0 complete and 0 interrupted iterations
r_cw_1_tool_schedule_wake   [   0% ] 1 VUs  0m36.0s/2m0s  0/1 shared iters

running (0m37.0s), 1/1 VUs, 0 complete and 0 interrupted iterations
r_cw_1_tool_schedule_wake   [   0% ] 1 VUs  0m37.0s/2m0s  0/1 shared iters

running (0m38.0s), 1/1 VUs, 0 complete and 0 interrupted iterations
r_cw_1_tool_schedule_wake   [   0% ] 1 VUs  0m38.0s/2m0s  0/1 shared iters

running (0m39.0s), 1/1 VUs, 0 complete and 0 interrupted iterations
r_cw_1_tool_schedule_wake   [   0% ] 1 VUs  0m39.0s/2m0s  0/1 shared iters

running (0m40.0s), 1/1 VUs, 0 complete and 0 interrupted iterations
r_cw_1_tool_schedule_wake   [   0% ] 1 VUs  0m40.0s/2m0s  0/1 shared iters

running (0m41.0s), 1/1 VUs, 0 complete and 0 interrupted iterations
r_cw_1_tool_schedule_wake   [   0% ] 1 VUs  0m41.0s/2m0s  0/1 shared iters

running (0m42.0s), 1/1 VUs, 0 complete and 0 interrupted iterations
r_cw_1_tool_schedule_wake   [   0% ] 1 VUs  0m42.0s/2m0s  0/1 shared iters

running (0m43.0s), 1/1 VUs, 0 complete and 0 interrupted iterations
r_cw_1_tool_schedule_wake   [   0% ] 1 VUs  0m43.0s/2m0s  0/1 shared iters

running (0m44.0s), 1/1 VUs, 0 complete and 0 interrupted iterations
r_cw_1_tool_schedule_wake   [   0% ] 1 VUs  0m44.0s/2m0s  0/1 shared iters

running (0m45.0s), 1/1 VUs, 0 complete and 0 interrupted iterations
r_cw_1_tool_schedule_wake   [   0% ] 1 VUs  0m45.0s/2m0s  0/1 shared iters

running (0m46.0s), 1/1 VUs, 0 complete and 0 interrupted iterations
r_cw_1_tool_schedule_wake   [   0% ] 1 VUs  0m46.0s/2m0s  0/1 shared iters

running (0m47.0s), 1/1 VUs, 0 complete and 0 interrupted iterations
r_cw_1_tool_schedule_wake   [   0% ] 1 VUs  0m47.0s/2m0s  0/1 shared iters

running (0m48.0s), 1/1 VUs, 0 complete and 0 interrupted iterations
r_cw_1_tool_schedule_wake   [   0% ] 1 VUs  0m48.0s/2m0s  0/1 shared iters
time="2026-07-17T03:26:26-07:00" level=info msg="ℹ Ignoring harness prompt echo event" source=console

running (0m49.0s), 1/1 VUs, 0 complete and 0 interrupted iterations
r_cw_1_tool_schedule_wake   [   0% ] 1 VUs  0m49.0s/2m0s  0/1 shared iters

running (0m50.0s), 1/1 VUs, 0 complete and 0 interrupted iterations
r_cw_1_tool_schedule_wake   [   0% ] 1 VUs  0m50.0s/2m0s  0/1 shared iters

running (0m51.0s), 1/1 VUs, 0 complete and 0 interrupted iterations
r_cw_1_tool_schedule_wake   [   0% ] 1 VUs  0m51.0s/2m0s  0/1 shared iters

running (0m52.0s), 1/1 VUs, 0 complete and 0 interrupted iterations
r_cw_1_tool_schedule_wake   [   0% ] 1 VUs  0m52.0s/2m0s  0/1 shared iters

running (0m53.0s), 1/1 VUs, 0 complete and 0 interrupted iterations
r_cw_1_tool_schedule_wake   [   0% ] 1 VUs  0m53.0s/2m0s  0/1 shared iters

running (0m54.0s), 1/1 VUs, 0 complete and 0 interrupted iterations
r_cw_1_tool_schedule_wake   [   0% ] 1 VUs  0m54.0s/2m0s  0/1 shared iters

running (0m55.0s), 1/1 VUs, 0 complete and 0 interrupted iterations
r_cw_1_tool_schedule_wake   [   0% ] 1 VUs  0m55.0s/2m0s  0/1 shared iters

running (0m56.0s), 1/1 VUs, 0 complete and 0 interrupted iterations
r_cw_1_tool_schedule_wake   [   0% ] 1 VUs  0m56.0s/2m0s  0/1 shared iters

running (0m57.0s), 1/1 VUs, 0 complete and 0 interrupted iterations
r_cw_1_tool_schedule_wake   [   0% ] 1 VUs  0m57.0s/2m0s  0/1 shared iters
time="2026-07-17T03:26:34-07:00" level=info msg="✓ CW-SCHEDULED sentinel observed: session.message" source=console

running (0m58.0s), 1/1 VUs, 0 complete and 0 interrupted iterations
r_cw_1_tool_schedule_wake   [   0% ] 1 VUs  0m58.0s/2m0s  0/1 shared iters

running (0m59.0s), 1/1 VUs, 0 complete and 0 interrupted iterations
r_cw_1_tool_schedule_wake   [   0% ] 1 VUs  0m59.0s/2m0s  0/1 shared iters

running (1m00.0s), 1/1 VUs, 0 complete and 0 interrupted iterations
r_cw_1_tool_schedule_wake   [   0% ] 1 VUs  1m00.0s/2m0s  0/1 shared iters

running (1m01.0s), 1/1 VUs, 0 complete and 0 interrupted iterations
r_cw_1_tool_schedule_wake   [   0% ] 1 VUs  1m01.0s/2m0s  0/1 shared iters

running (1m02.0s), 1/1 VUs, 0 complete and 0 interrupted iterations
r_cw_1_tool_schedule_wake   [   0% ] 1 VUs  1m02.0s/2m0s  0/1 shared iters
time="2026-07-17T03:26:40-07:00" level=info msg="✓ CW-WOKE sentinel observed: session.message (5535ms after scheduled)" source=console
time="2026-07-17T03:26:40-07:00" level=info msg="All required R-CW-1 evidence gathered, closing early" source=console
PUBLIC_EVIDENCE {"row":"R-CW-1","manifest_loaded":true,"seat":"silas","session_created":true,"candidateSha":"6ee7eca2a4ce1a3e8efa7e51f9dd02d03081741d","started":"2026-07-17T10:25:37.487Z","tool_invoke_accepted":true,"continue_work_tool_result_scheduled":true,"work_woke_event":true,"dispatch_accepted_at_ms":1784283939068,"scheduled_result_at_ms":1784283994592,"wake_delay_ms":5535,"reason_hash":"7bf794177572e0ad","reason_length":121,"trace_id":null,"ended":"2026-07-17T10:26:40.127Z","duration_ms":62640}
time="2026-07-17T03:26:40-07:00" level=info msg="\n[R-CW-1] VERDICT: PASS-candidate" source=console

[R-CW-1] Summary: PASS-candidate | SHA: 6ee7eca2a4ce1a3e8efa7e51f9dd02d03081741d | Seat: silas

running (1m02.6s), 0/1 VUs, 1 complete and 0 interrupted iterations
r_cw_1_tool_schedule_wake ✓ [ 100% ] 1 VUs  1m02.6s/2m0s  1/1 shared iters
[R-CW-1] CANDIDATE REVIEW ENVELOPE: /home/figs/actions-runner/actions-runner/_work/openclaw-bootstrap/openclaw-bootstrap/openclaw-bootstrap/PROOFS/6ee7eca2a4ce1a3e8efa7e51f9dd02d03081741d/project81-k6/20260717T102449Z-silas-lothric-4179920/6ee7eca2a4ce1a3e8efa7e51f9dd02d03081741d/R-CW-1/silas/20260717T102537Z-r-cw-1/candidate-run-result.json
[R-CW-1] METRICS: /home/figs/actions-runner/actions-runner/_work/openclaw-bootstrap/openclaw-bootstrap/openclaw-bootstrap/PROOFS/6ee7eca2a4ce1a3e8efa7e51f9dd02d03081741d/project81-k6/20260717T102449Z-silas-lothric-4179920/6ee7eca2a4ce1a3e8efa7e51f9dd02d03081741d/R-CW-1/silas/20260717T102537Z-r-cw-1/openclaw-proofs-k6.prom
[R-CW-1] ARTIFACTS: /home/figs/actions-runner/actions-runner/_work/openclaw-bootstrap/openclaw-bootstrap/openclaw-bootstrap/PROOFS/6ee7eca2a4ce1a3e8efa7e51f9dd02d03081741d/project81-k6/20260717T102449Z-silas-lothric-4179920/6ee7eca2a4ce1a3e8efa7e51f9dd02d03081741d/R-CW-1/silas/20260717T102537Z-r-cw-1
[R-CW-1] COMPLETED.
Observability check: query Grafana for run/nonce or review Tempo traces if trace ID was emitted.
REPORT: /home/figs/actions-runner/actions-runner/_work/openclaw-bootstrap/openclaw-bootstrap/openclaw-bootstrap/PROOFS/6ee7eca2a4ce1a3e8efa7e51f9dd02d03081741d/project81-k6/20260717T102449Z-silas-lothric-4179920/report.html

==========================================================
Runner execution finished.
