### head / edit-decide / tree 2d997a0bcd9b7eb104b1890699cf20f90e45ba17
### phase A
+    66ms [env] node v26.9.0 phase=A scenario=edit-decide
+    67ms [env] tree sha=2d997a0bcd9b7eb104b1890699cf20f90e45ba17 dirty=0
+    67ms [env] tree has ingress-stale-policy.ts=true
+    67ms [env] DISCORD_API_URL=http://127.0.0.1:34519/api/v10 (loopback mock) state=<run>/state
+    67ms [clock] T=2026-10-06T11:05:49.942Z now=T+0s
+ 18862ms [discord-rest] GET /api/v10/gateway/bot -> 200
+ 18882ms [startup] fetch-bot-identity:start
+ 18887ms [discord-gateway] client connected /?v=10&encoding=json
+ 18889ms [discord-rest] GET /api/v10/users/%40me -> 200
+ 18890ms [discord-gateway] IDENTIFY intents=46601 token=<redacted>
+ 18890ms [discord-gateway] -> READY (guild <guild> unavailable)
+ 18890ms [discord-gateway] -> GUILD_CREATE <guild> (1 channels)
+ 18892ms [startup] fetch-bot-identity:done botUserId=<bot> botUserName=proofbot
+ 18894ms [drain] start() suppressed: drain wedged for the outage
+ 18895ms [startup] composition up: botUserId=<bot> (from GET /users/@me)
+ 18897ms [discord-gateway] client op 3
+ 18916ms [gateway] registered=true connected=true hydrating(<guild>)=false inventory[<gated>]={"type":0,"name":"general","guildId":"<guild>"}
+ 18916ms [discord-gateway] -> MESSAGE_CREATE helper-1 sentAt=T-62min mentions=0
+ 18916ms [discord-gateway] -> MESSAGE_CREATE amb-01 sentAt=T-60min mentions=0
+ 18916ms [discord-gateway] -> MESSAGE_CREATE amb-02 sentAt=T-58min mentions=0
+ 18916ms [discord-gateway] -> MESSAGE_CREATE amb-03 sentAt=T-56min mentions=0
+ 18916ms [discord-gateway] -> MESSAGE_CREATE amb-04 sentAt=T-54min mentions=0
+ 18916ms [discord-gateway] -> MESSAGE_CREATE amb-05 sentAt=T-52min mentions=0
+ 18916ms [discord-gateway] -> MESSAGE_CREATE amb-06 sentAt=T-50min mentions=0
+ 18916ms [discord-gateway] -> MESSAGE_CREATE amb-07 sentAt=T-48min mentions=0
+ 18917ms [discord-gateway] -> MESSAGE_CREATE amb-08 sentAt=T-46min mentions=0
+ 18917ms [discord-gateway] -> MESSAGE_CREATE helper-2 sentAt=T-45min mentions=0
+ 18917ms [discord-gateway] -> MESSAGE_CREATE amb-09 sentAt=T-44min mentions=0
+ 18917ms [discord-gateway] -> MESSAGE_CREATE amb-10 sentAt=T-42min mentions=0
+ 18917ms [discord-gateway] -> MESSAGE_CREATE amb-11 sentAt=T-40min mentions=0
+ 18917ms [discord-gateway] -> MESSAGE_CREATE amb-12 sentAt=T-38min mentions=0
+ 18917ms [discord-gateway] -> MESSAGE_CREATE amb-13 sentAt=T-36min mentions=0
+ 18917ms [discord-gateway] -> MESSAGE_CREATE amb-14 sentAt=T-34min mentions=0
+ 18917ms [discord-gateway] -> MESSAGE_CREATE amb-15 sentAt=T-32min mentions=0
+ 18917ms [discord-gateway] -> MESSAGE_CREATE amb-16 sentAt=T-30min mentions=0
+ 18917ms [discord-gateway] -> MESSAGE_CREATE helper-3 sentAt=T-29min mentions=0
+ 18917ms [discord-gateway] -> MESSAGE_CREATE amb-17 sentAt=T-28min mentions=0
+ 18917ms [discord-gateway] -> MESSAGE_CREATE amb-18 sentAt=T-26min mentions=0
+ 18917ms [discord-gateway] -> MESSAGE_CREATE amb-19 sentAt=T-24min mentions=0
+ 18917ms [discord-gateway] -> MESSAGE_CREATE amb-20 sentAt=T-22min mentions=0
+ 23417ms [sqlite] end of A (outage): durable backlog admitted over the gateway, drain wedged: 23 rows {"pending":23}
+ 23417ms [sqlite]   {helper-1 status=pending attempts=0 failed_reason=null last_error=null}
+ 23417ms [sqlite]   {amb-01 status=pending attempts=0 failed_reason=null last_error=null}
+ 23417ms [sqlite]   {amb-02 status=pending attempts=0 failed_reason=null last_error=null}
+ 23417ms [sqlite]   {amb-03 status=pending attempts=0 failed_reason=null last_error=null}
+ 23417ms [sqlite]   {amb-04 status=pending attempts=0 failed_reason=null last_error=null}
+ 23417ms [sqlite]   {amb-05 status=pending attempts=0 failed_reason=null last_error=null}
+ 23417ms [sqlite]   {amb-06 status=pending attempts=0 failed_reason=null last_error=null}
+ 23417ms [sqlite]   {amb-07 status=pending attempts=0 failed_reason=null last_error=null}
+ 23417ms [sqlite]   {amb-08 status=pending attempts=0 failed_reason=null last_error=null}
+ 23417ms [sqlite]   {helper-2 status=pending attempts=0 failed_reason=null last_error=null}
+ 23417ms [sqlite]   {amb-09 status=pending attempts=0 failed_reason=null last_error=null}
+ 23417ms [sqlite]   {amb-10 status=pending attempts=0 failed_reason=null last_error=null}
+ 23417ms [sqlite]   {amb-11 status=pending attempts=0 failed_reason=null last_error=null}
+ 23417ms [sqlite]   {amb-12 status=pending attempts=0 failed_reason=null last_error=null}
+ 23417ms [sqlite]   {amb-13 status=pending attempts=0 failed_reason=null last_error=null}
+ 23417ms [sqlite]   {amb-14 status=pending attempts=0 failed_reason=null last_error=null}
+ 23417ms [sqlite]   {amb-15 status=pending attempts=0 failed_reason=null last_error=null}
+ 23417ms [sqlite]   {amb-16 status=pending attempts=0 failed_reason=null last_error=null}
+ 23417ms [sqlite]   {helper-3 status=pending attempts=0 failed_reason=null last_error=null}
+ 23417ms [sqlite]   {amb-17 status=pending attempts=0 failed_reason=null last_error=null}
+ 23417ms [sqlite]   {amb-18 status=pending attempts=0 failed_reason=null last_error=null}
+ 23417ms [sqlite]   {amb-19 status=pending attempts=0 failed_reason=null last_error=null}
+ 23417ms [sqlite]   {amb-20 status=pending attempts=0 failed_reason=null last_error=null}
+ 23418ms [verdict] A: 23/23 rows pending
### phase A exit=0
### phase B
+    61ms [env] node v26.9.0 phase=B scenario=edit-decide
+    61ms [env] tree sha=2d997a0bcd9b7eb104b1890699cf20f90e45ba17 dirty=0
+    61ms [env] tree has ingress-stale-policy.ts=true
+    61ms [env] DISCORD_API_URL=http://127.0.0.1:36493/api/v10 (loopback mock) state=<run>/state
+    61ms [clock] T=2026-10-06T11:05:49.942Z now=T+24s
+ 24926ms [discord-rest] GET /api/v10/gateway/bot -> 200
+ 24945ms [startup] fetch-bot-identity:start
+ 24950ms [discord-gateway] client connected /?v=10&encoding=json
+ 24952ms [discord-rest] GET /api/v10/users/%40me -> 200
+ 24953ms [discord-gateway] IDENTIFY intents=46601 token=<redacted>
+ 24953ms [discord-gateway] -> READY (guild <guild> unavailable)
+ 24953ms [discord-gateway] -> GUILD_CREATE <guild> (1 channels)
+ 24955ms [startup] fetch-bot-identity:done botUserId=<bot> botUserName=proofbot
+ 24958ms [startup] composition up: botUserId=<bot> (from GET /users/@me)
+ 24966ms [discord-gateway] client op 3
+ 24981ms [gateway] registered=true connected=true hydrating(<guild>)=false inventory[<gated>]={"type":0,"name":"general","guildId":"<guild>"}
+ 24983ms [sqlite] at recovery start (rows persisted by phase A): 23 rows {"pending":23}
+ 24983ms [sqlite]   {helper-1 status=pending attempts=0 failed_reason=null last_error=null}
+ 24983ms [sqlite]   {amb-01 status=pending attempts=0 failed_reason=null last_error=null}
+ 24983ms [sqlite]   {amb-02 status=pending attempts=0 failed_reason=null last_error=null}
+ 24983ms [sqlite]   {amb-03 status=pending attempts=0 failed_reason=null last_error=null}
+ 24983ms [sqlite]   {amb-04 status=pending attempts=0 failed_reason=null last_error=null}
+ 24983ms [sqlite]   {amb-05 status=pending attempts=0 failed_reason=null last_error=null}
+ 24983ms [sqlite]   {amb-06 status=pending attempts=0 failed_reason=null last_error=null}
+ 24983ms [sqlite]   {amb-07 status=pending attempts=0 failed_reason=null last_error=null}
+ 24983ms [sqlite]   {amb-08 status=pending attempts=0 failed_reason=null last_error=null}
+ 24983ms [sqlite]   {helper-2 status=pending attempts=0 failed_reason=null last_error=null}
+ 24983ms [sqlite]   {amb-09 status=pending attempts=0 failed_reason=null last_error=null}
+ 24983ms [sqlite]   {amb-10 status=pending attempts=0 failed_reason=null last_error=null}
+ 24983ms [sqlite]   {amb-11 status=pending attempts=0 failed_reason=null last_error=null}
+ 24983ms [sqlite]   {amb-12 status=pending attempts=0 failed_reason=null last_error=null}
+ 24983ms [sqlite]   {amb-13 status=pending attempts=0 failed_reason=null last_error=null}
+ 24983ms [sqlite]   {amb-14 status=pending attempts=0 failed_reason=null last_error=null}
+ 24983ms [sqlite]   {amb-15 status=pending attempts=0 failed_reason=null last_error=null}
+ 24983ms [sqlite]   {amb-16 status=pending attempts=0 failed_reason=null last_error=null}
+ 24983ms [sqlite]   {helper-3 status=pending attempts=0 failed_reason=null last_error=null}
+ 24983ms [sqlite]   {amb-17 status=pending attempts=0 failed_reason=null last_error=null}
+ 24983ms [sqlite]   {amb-18 status=pending attempts=0 failed_reason=null last_error=null}
+ 24983ms [sqlite]   {amb-19 status=pending attempts=0 failed_reason=null last_error=null}
+ 24983ms [sqlite]   {amb-20 status=pending attempts=0 failed_reason=null last_error=null}
+ 25085ms [queue] rows=23 open=23 failed=0 completed=0 turns=0
+ 29283ms [config] EDIT published after the stale policy read its snapshot, before its verdict: messages.groupChat.mentionPatterns=["\\bhelper\\b"]
+ 29305ms [queue] fail(amb-01, reason=stale-ambient-backlog, guard) -> committed
+ 29308ms [queue] fail(amb-02, reason=stale-ambient-backlog, guard) -> committed
+ 29310ms [queue] fail(amb-03, reason=stale-ambient-backlog, guard) -> committed
+ 29312ms [queue] fail(amb-04, reason=stale-ambient-backlog, guard) -> committed
+ 29314ms [queue] fail(amb-05, reason=stale-ambient-backlog, guard) -> committed
+ 29316ms [queue] fail(amb-06, reason=stale-ambient-backlog, guard) -> committed
+ 29318ms [queue] fail(amb-07, reason=stale-ambient-backlog, guard) -> committed
+ 29321ms [queue] fail(amb-08, reason=stale-ambient-backlog, guard) -> committed
+ 29323ms [queue] fail(amb-09, reason=stale-ambient-backlog, guard) -> committed
+ 29325ms [queue] fail(amb-10, reason=stale-ambient-backlog, guard) -> committed
+ 29326ms [queue] fail(amb-11, reason=stale-ambient-backlog, guard) -> committed
+ 29328ms [queue] fail(amb-12, reason=stale-ambient-backlog, guard) -> committed
+ 29330ms [queue] fail(amb-13, reason=stale-ambient-backlog, guard) -> committed
+ 29332ms [queue] fail(amb-14, reason=stale-ambient-backlog, guard) -> committed
+ 29334ms [queue] fail(amb-15, reason=stale-ambient-backlog, guard) -> committed
+ 29336ms [queue] fail(amb-16, reason=stale-ambient-backlog, guard) -> committed
+ 29337ms [queue] fail(amb-17, reason=stale-ambient-backlog, guard) -> committed
+ 29338ms [queue] fail(amb-18, reason=stale-ambient-backlog, guard) -> committed
+ 29340ms [queue] fail(amb-19, reason=stale-ambient-backlog, guard) -> committed
+ 29341ms [queue] fail(amb-20, reason=stale-ambient-backlog, guard) -> committed
+ 29414ms [queue] rows=23 open=3 failed=20 completed=0 turns=0
+ 29415ms [discord-rest] GET /api/v10/channels/<gated> -> 200
+ 29574ms [turn] #1 helper-1 admitted by production preflight (wasMentioned=true effectiveWasMentioned=true inboundEventKind=user_request sender=<human-2>)
+ 29577ms [queue] rows=23 open=3 failed=20 completed=0 turns=1
+ 29581ms [discord-rest] GET /api/v10/guilds/<guild> -> 200
+ 29583ms [turn] #1 helper-1 adopted (stand-in turn; no model)
+ 29599ms [turn] #2 helper-2 admitted by production preflight (wasMentioned=true effectiveWasMentioned=true inboundEventKind=user_request sender=<human-2>)
+ 29602ms [turn] #2 helper-2 adopted (stand-in turn; no model)
+ 29614ms [turn] #3 helper-3 admitted by production preflight (wasMentioned=true effectiveWasMentioned=true inboundEventKind=user_request sender=<human-2>)
+ 29616ms [turn] #3 helper-3 adopted (stand-in turn; no model)
+ 29679ms [queue] rows=23 open=0 failed=20 completed=3 turns=3
+ 29680ms [sqlite] end of B (edit-decide): 23 rows {"completed":3,"failed:stale-ambient-backlog":20}
+ 29680ms [sqlite]   {helper-1 status=completed attempts=0 failed_reason=null last_error=null}
+ 29680ms [sqlite]   {amb-01 status=failed attempts=0 failed_reason=stale-ambient-backlog last_error="Discord ambient message amb-01 on channel:<gated> is 3652928ms old (limit 900000ms); suppressing stale backlog before dispatch."}
+ 29680ms [sqlite]   {amb-02 status=failed attempts=0 failed_reason=stale-ambient-backlog last_error="Discord ambient message amb-02 on channel:<gated> is 3532928ms old (limit 900000ms); suppressing stale backlog before dispatch."}
+ 29680ms [sqlite]   {amb-03 status=failed attempts=0 failed_reason=stale-ambient-backlog last_error="Discord ambient message amb-03 on channel:<gated> is 3412928ms old (limit 900000ms); suppressing stale backlog before dispatch."}
+ 29680ms [sqlite]   {amb-04 status=failed attempts=0 failed_reason=stale-ambient-backlog last_error="Discord ambient message amb-04 on channel:<gated> is 3292928ms old (limit 900000ms); suppressing stale backlog before dispatch."}
+ 29680ms [sqlite]   {amb-05 status=failed attempts=0 failed_reason=stale-ambient-backlog last_error="Discord ambient message amb-05 on channel:<gated> is 3172928ms old (limit 900000ms); suppressing stale backlog before dispatch."}
+ 29680ms [sqlite]   {amb-06 status=failed attempts=0 failed_reason=stale-ambient-backlog last_error="Discord ambient message amb-06 on channel:<gated> is 3052928ms old (limit 900000ms); suppressing stale backlog before dispatch."}
+ 29680ms [sqlite]   {amb-07 status=failed attempts=0 failed_reason=stale-ambient-backlog last_error="Discord ambient message amb-07 on channel:<gated> is 2932928ms old (limit 900000ms); suppressing stale backlog before dispatch."}
+ 29680ms [sqlite]   {amb-08 status=failed attempts=0 failed_reason=stale-ambient-backlog last_error="Discord ambient message amb-08 on channel:<gated> is 2812928ms old (limit 900000ms); suppressing stale backlog before dispatch."}
+ 29680ms [sqlite]   {helper-2 status=completed attempts=0 failed_reason=null last_error=null}
+ 29680ms [sqlite]   {amb-09 status=failed attempts=0 failed_reason=stale-ambient-backlog last_error="Discord ambient message amb-09 on channel:<gated> is 2692928ms old (limit 900000ms); suppressing stale backlog before dispatch."}
+ 29680ms [sqlite]   {amb-10 status=failed attempts=0 failed_reason=stale-ambient-backlog last_error="Discord ambient message amb-10 on channel:<gated> is 2572928ms old (limit 900000ms); suppressing stale backlog before dispatch."}
+ 29680ms [sqlite]   {amb-11 status=failed attempts=0 failed_reason=stale-ambient-backlog last_error="Discord ambient message amb-11 on channel:<gated> is 2452928ms old (limit 900000ms); suppressing stale backlog before dispatch."}
+ 29680ms [sqlite]   {amb-12 status=failed attempts=0 failed_reason=stale-ambient-backlog last_error="Discord ambient message amb-12 on channel:<gated> is 2332928ms old (limit 900000ms); suppressing stale backlog before dispatch."}
+ 29680ms [sqlite]   {amb-13 status=failed attempts=0 failed_reason=stale-ambient-backlog last_error="Discord ambient message amb-13 on channel:<gated> is 2212928ms old (limit 900000ms); suppressing stale backlog before dispatch."}
+ 29680ms [sqlite]   {amb-14 status=failed attempts=0 failed_reason=stale-ambient-backlog last_error="Discord ambient message amb-14 on channel:<gated> is 2092928ms old (limit 900000ms); suppressing stale backlog before dispatch."}
+ 29680ms [sqlite]   {amb-15 status=failed attempts=0 failed_reason=stale-ambient-backlog last_error="Discord ambient message amb-15 on channel:<gated> is 1972928ms old (limit 900000ms); suppressing stale backlog before dispatch."}
+ 29680ms [sqlite]   {amb-16 status=failed attempts=0 failed_reason=stale-ambient-backlog last_error="Discord ambient message amb-16 on channel:<gated> is 1852928ms old (limit 900000ms); suppressing stale backlog before dispatch."}
+ 29680ms [sqlite]   {helper-3 status=completed attempts=0 failed_reason=null last_error=null}
+ 29680ms [sqlite]   {amb-17 status=failed attempts=0 failed_reason=stale-ambient-backlog last_error="Discord ambient message amb-17 on channel:<gated> is 1732928ms old (limit 900000ms); suppressing stale backlog before dispatch."}
+ 29680ms [sqlite]   {amb-18 status=failed attempts=0 failed_reason=stale-ambient-backlog last_error="Discord ambient message amb-18 on channel:<gated> is 1612928ms old (limit 900000ms); suppressing stale backlog before dispatch."}
+ 29680ms [sqlite]   {amb-19 status=failed attempts=0 failed_reason=stale-ambient-backlog last_error="Discord ambient message amb-19 on channel:<gated> is 1492928ms old (limit 900000ms); suppressing stale backlog before dispatch."}
+ 29680ms [sqlite]   {amb-20 status=failed attempts=0 failed_reason=stale-ambient-backlog last_error="Discord ambient message amb-20 on channel:<gated> is 1372928ms old (limit 900000ms); suppressing stale backlog before dispatch."}
+ 29680ms [result] turn order: helper-1 -> helper-2 -> helper-3
+ 29681ms [result] REST message fetches by preflight: (none)
+ 29681ms [preflight] 2026-10-06T11:06:43.155Z [discord-preflight] shouldRequireMention=true baseRequireMention=true boundThreadSession=false mentionDecision.shouldSkip=false wasMentioned=true
+ 29681ms [preflight] 2026-10-06T11:06:43.188Z [discord-preflight] shouldRequireMention=true baseRequireMention=true boundThreadSession=false mentionDecision.shouldSkip=false wasMentioned=true
+ 29681ms [preflight] 2026-10-06T11:06:43.203Z [discord-preflight] shouldRequireMention=true baseRequireMention=true boundThreadSession=false mentionDecision.shouldSkip=false wasMentioned=true
+ 29681ms [result] production preflight decisions: mention-gate pass=3 drop:no-mention=0
+ 29681ms [result] completion order (SQLite): helper-1 -> helper-2 -> helper-3
+ 29681ms [result] fresh-mention: completed #0 of 3; turn never
+ 29681ms [verdict] B(edit-decide): edit published=true; helper-1=completed/turn=true helper-2=completed/turn=true helper-3=completed/turn=true; ambient failed(stale-ambient-backlog)=20/20 turns=0
### phase B exit=0
