### prefix-fbef / edit-decide / tree fbef5fda32fd284fb6dc8b19f20c6f778c77bf09
### phase A
+    63ms [env] node v26.9.0 phase=A scenario=edit-decide
+    63ms [env] tree sha=fbef5fda32fd284fb6dc8b19f20c6f778c77bf09 dirty=0
+    63ms [env] tree has ingress-stale-policy.ts=true
+    63ms [env] DISCORD_API_URL=http://127.0.0.1:41161/api/v10 (loopback mock) state=<run>/state
+    63ms [clock] T=2026-10-06T11:07:37.721Z now=T+0s
+ 18808ms [discord-rest] GET /api/v10/gateway/bot -> 200
+ 18826ms [startup] fetch-bot-identity:start
+ 18834ms [discord-gateway] client connected /?v=10&encoding=json
+ 18836ms [discord-rest] GET /api/v10/users/%40me -> 200
+ 18836ms [discord-gateway] IDENTIFY intents=46601 token=<redacted>
+ 18836ms [discord-gateway] -> READY (guild <guild> unavailable)
+ 18836ms [discord-gateway] -> GUILD_CREATE <guild> (1 channels)
+ 18838ms [startup] fetch-bot-identity:done botUserId=<bot> botUserName=proofbot
+ 18840ms [drain] start() suppressed: drain wedged for the outage
+ 18841ms [startup] composition up: botUserId=<bot> (from GET /users/@me)
+ 18843ms [discord-gateway] client op 3
+ 18862ms [gateway] registered=true connected=true hydrating(<guild>)=false inventory[<gated>]={"type":0,"name":"general","guildId":"<guild>"}
+ 18862ms [discord-gateway] -> MESSAGE_CREATE helper-1 sentAt=T-62min mentions=0
+ 18862ms [discord-gateway] -> MESSAGE_CREATE amb-01 sentAt=T-60min mentions=0
+ 18862ms [discord-gateway] -> MESSAGE_CREATE amb-02 sentAt=T-58min mentions=0
+ 18862ms [discord-gateway] -> MESSAGE_CREATE amb-03 sentAt=T-56min mentions=0
+ 18862ms [discord-gateway] -> MESSAGE_CREATE amb-04 sentAt=T-54min mentions=0
+ 18862ms [discord-gateway] -> MESSAGE_CREATE amb-05 sentAt=T-52min mentions=0
+ 18862ms [discord-gateway] -> MESSAGE_CREATE amb-06 sentAt=T-50min mentions=0
+ 18862ms [discord-gateway] -> MESSAGE_CREATE amb-07 sentAt=T-48min mentions=0
+ 18862ms [discord-gateway] -> MESSAGE_CREATE amb-08 sentAt=T-46min mentions=0
+ 18862ms [discord-gateway] -> MESSAGE_CREATE helper-2 sentAt=T-45min mentions=0
+ 18863ms [discord-gateway] -> MESSAGE_CREATE amb-09 sentAt=T-44min mentions=0
+ 18863ms [discord-gateway] -> MESSAGE_CREATE amb-10 sentAt=T-42min mentions=0
+ 18863ms [discord-gateway] -> MESSAGE_CREATE amb-11 sentAt=T-40min mentions=0
+ 18863ms [discord-gateway] -> MESSAGE_CREATE amb-12 sentAt=T-38min mentions=0
+ 18863ms [discord-gateway] -> MESSAGE_CREATE amb-13 sentAt=T-36min mentions=0
+ 18863ms [discord-gateway] -> MESSAGE_CREATE amb-14 sentAt=T-34min mentions=0
+ 18863ms [discord-gateway] -> MESSAGE_CREATE amb-15 sentAt=T-32min mentions=0
+ 18863ms [discord-gateway] -> MESSAGE_CREATE amb-16 sentAt=T-30min mentions=0
+ 18863ms [discord-gateway] -> MESSAGE_CREATE helper-3 sentAt=T-29min mentions=0
+ 18863ms [discord-gateway] -> MESSAGE_CREATE amb-17 sentAt=T-28min mentions=0
+ 18863ms [discord-gateway] -> MESSAGE_CREATE amb-18 sentAt=T-26min mentions=0
+ 18863ms [discord-gateway] -> MESSAGE_CREATE amb-19 sentAt=T-24min mentions=0
+ 18863ms [discord-gateway] -> MESSAGE_CREATE amb-20 sentAt=T-22min mentions=0
+ 27159ms [sqlite] end of A (outage): durable backlog admitted over the gateway, drain wedged: 23 rows {"pending":23}
+ 27159ms [sqlite]   {helper-1 status=pending attempts=0 failed_reason=null last_error=null}
+ 27159ms [sqlite]   {amb-01 status=pending attempts=0 failed_reason=null last_error=null}
+ 27159ms [sqlite]   {amb-02 status=pending attempts=0 failed_reason=null last_error=null}
+ 27159ms [sqlite]   {amb-03 status=pending attempts=0 failed_reason=null last_error=null}
+ 27159ms [sqlite]   {amb-04 status=pending attempts=0 failed_reason=null last_error=null}
+ 27159ms [sqlite]   {amb-05 status=pending attempts=0 failed_reason=null last_error=null}
+ 27159ms [sqlite]   {amb-06 status=pending attempts=0 failed_reason=null last_error=null}
+ 27159ms [sqlite]   {amb-07 status=pending attempts=0 failed_reason=null last_error=null}
+ 27160ms [sqlite]   {amb-08 status=pending attempts=0 failed_reason=null last_error=null}
+ 27160ms [sqlite]   {helper-2 status=pending attempts=0 failed_reason=null last_error=null}
+ 27160ms [sqlite]   {amb-09 status=pending attempts=0 failed_reason=null last_error=null}
+ 27160ms [sqlite]   {amb-10 status=pending attempts=0 failed_reason=null last_error=null}
+ 27160ms [sqlite]   {amb-11 status=pending attempts=0 failed_reason=null last_error=null}
+ 27160ms [sqlite]   {amb-12 status=pending attempts=0 failed_reason=null last_error=null}
+ 27160ms [sqlite]   {amb-13 status=pending attempts=0 failed_reason=null last_error=null}
+ 27160ms [sqlite]   {amb-14 status=pending attempts=0 failed_reason=null last_error=null}
+ 27160ms [sqlite]   {amb-15 status=pending attempts=0 failed_reason=null last_error=null}
+ 27160ms [sqlite]   {amb-16 status=pending attempts=0 failed_reason=null last_error=null}
+ 27160ms [sqlite]   {helper-3 status=pending attempts=0 failed_reason=null last_error=null}
+ 27161ms [sqlite]   {amb-17 status=pending attempts=0 failed_reason=null last_error=null}
+ 27161ms [sqlite]   {amb-18 status=pending attempts=0 failed_reason=null last_error=null}
+ 27161ms [sqlite]   {amb-19 status=pending attempts=0 failed_reason=null last_error=null}
+ 27161ms [sqlite]   {amb-20 status=pending attempts=0 failed_reason=null last_error=null}
+ 27165ms [verdict] A: 23/23 rows pending
### phase A exit=0
### phase B
+    63ms [env] node v26.9.0 phase=B scenario=edit-decide
+    64ms [env] tree sha=fbef5fda32fd284fb6dc8b19f20c6f778c77bf09 dirty=0
+    64ms [env] tree has ingress-stale-policy.ts=true
+    64ms [env] DISCORD_API_URL=http://127.0.0.1:36555/api/v10 (loopback mock) state=<run>/state
+    64ms [clock] T=2026-10-06T11:07:37.721Z now=T+27s
+ 22320ms [discord-rest] GET /api/v10/gateway/bot -> 200
+ 22341ms [startup] fetch-bot-identity:start
+ 22346ms [discord-gateway] client connected /?v=10&encoding=json
+ 22348ms [discord-rest] GET /api/v10/users/%40me -> 200
+ 22349ms [discord-gateway] IDENTIFY intents=46601 token=<redacted>
+ 22349ms [discord-gateway] -> READY (guild <guild> unavailable)
+ 22349ms [discord-gateway] -> GUILD_CREATE <guild> (1 channels)
+ 22351ms [startup] fetch-bot-identity:done botUserId=<bot> botUserName=proofbot
+ 22354ms [startup] composition up: botUserId=<bot> (from GET /users/@me)
+ 22364ms [discord-gateway] client op 3
+ 22377ms [gateway] registered=true connected=true hydrating(<guild>)=false inventory[<gated>]={"type":0,"name":"general","guildId":"<guild>"}
+ 22378ms [sqlite] at recovery start (rows persisted by phase A): 23 rows {"pending":23}
+ 22379ms [sqlite]   {helper-1 status=pending attempts=0 failed_reason=null last_error=null}
+ 22379ms [sqlite]   {amb-01 status=pending attempts=0 failed_reason=null last_error=null}
+ 22379ms [sqlite]   {amb-02 status=pending attempts=0 failed_reason=null last_error=null}
+ 22379ms [sqlite]   {amb-03 status=pending attempts=0 failed_reason=null last_error=null}
+ 22379ms [sqlite]   {amb-04 status=pending attempts=0 failed_reason=null last_error=null}
+ 22379ms [sqlite]   {amb-05 status=pending attempts=0 failed_reason=null last_error=null}
+ 22379ms [sqlite]   {amb-06 status=pending attempts=0 failed_reason=null last_error=null}
+ 22379ms [sqlite]   {amb-07 status=pending attempts=0 failed_reason=null last_error=null}
+ 22379ms [sqlite]   {amb-08 status=pending attempts=0 failed_reason=null last_error=null}
+ 22379ms [sqlite]   {helper-2 status=pending attempts=0 failed_reason=null last_error=null}
+ 22379ms [sqlite]   {amb-09 status=pending attempts=0 failed_reason=null last_error=null}
+ 22379ms [sqlite]   {amb-10 status=pending attempts=0 failed_reason=null last_error=null}
+ 22379ms [sqlite]   {amb-11 status=pending attempts=0 failed_reason=null last_error=null}
+ 22379ms [sqlite]   {amb-12 status=pending attempts=0 failed_reason=null last_error=null}
+ 22379ms [sqlite]   {amb-13 status=pending attempts=0 failed_reason=null last_error=null}
+ 22379ms [sqlite]   {amb-14 status=pending attempts=0 failed_reason=null last_error=null}
+ 22379ms [sqlite]   {amb-15 status=pending attempts=0 failed_reason=null last_error=null}
+ 22379ms [sqlite]   {amb-16 status=pending attempts=0 failed_reason=null last_error=null}
+ 22379ms [sqlite]   {helper-3 status=pending attempts=0 failed_reason=null last_error=null}
+ 22379ms [sqlite]   {amb-17 status=pending attempts=0 failed_reason=null last_error=null}
+ 22379ms [sqlite]   {amb-18 status=pending attempts=0 failed_reason=null last_error=null}
+ 22379ms [sqlite]   {amb-19 status=pending attempts=0 failed_reason=null last_error=null}
+ 22379ms [sqlite]   {amb-20 status=pending attempts=0 failed_reason=null last_error=null}
+ 22481ms [queue] rows=23 open=23 failed=0 completed=0 turns=0
+ 26532ms [config] EDIT published after the stale policy read its snapshot, before its verdict: messages.groupChat.mentionPatterns=["\\bhelper\\b"]
+ 26550ms [queue] fail(helper-1, reason=stale-ambient-backlog) -> committed
+ 26553ms [queue] fail(amb-01, reason=stale-ambient-backlog) -> committed
+ 26556ms [queue] rows=23 open=20 failed=3 completed=0 turns=0
+ 26557ms [queue] fail(amb-02, reason=stale-ambient-backlog) -> committed
+ 26559ms [queue] fail(amb-03, reason=stale-ambient-backlog) -> committed
+ 26561ms [queue] fail(amb-04, reason=stale-ambient-backlog) -> committed
+ 26562ms [queue] fail(amb-05, reason=stale-ambient-backlog) -> committed
+ 26565ms [queue] fail(amb-06, reason=stale-ambient-backlog) -> committed
+ 26567ms [queue] fail(amb-07, reason=stale-ambient-backlog) -> committed
+ 26568ms [queue] fail(amb-08, reason=stale-ambient-backlog) -> committed
+ 26570ms [queue] fail(amb-09, reason=stale-ambient-backlog) -> committed
+ 26572ms [queue] fail(amb-10, reason=stale-ambient-backlog) -> committed
+ 26574ms [queue] fail(amb-11, reason=stale-ambient-backlog) -> committed
+ 26575ms [queue] fail(amb-12, reason=stale-ambient-backlog) -> committed
+ 26577ms [queue] fail(amb-13, reason=stale-ambient-backlog) -> committed
+ 26578ms [queue] fail(amb-14, reason=stale-ambient-backlog) -> committed
+ 26580ms [queue] fail(amb-15, reason=stale-ambient-backlog) -> committed
+ 26581ms [queue] fail(amb-16, reason=stale-ambient-backlog) -> committed
+ 26583ms [queue] fail(amb-17, reason=stale-ambient-backlog) -> committed
+ 26584ms [queue] fail(amb-18, reason=stale-ambient-backlog) -> committed
+ 26586ms [queue] fail(amb-19, reason=stale-ambient-backlog) -> committed
+ 26587ms [queue] fail(amb-20, reason=stale-ambient-backlog) -> committed
+ 26654ms [discord-rest] GET /api/v10/channels/<gated> -> 200
+ 26810ms [turn] #1 helper-2 admitted by production preflight (wasMentioned=true effectiveWasMentioned=true inboundEventKind=user_request sender=<human-2>)
+ 26813ms [queue] rows=23 open=2 failed=21 completed=0 turns=1
+ 26817ms [discord-rest] GET /api/v10/guilds/<guild> -> 200
+ 26818ms [turn] #1 helper-2 adopted (stand-in turn; no model)
+ 26833ms [turn] #2 helper-3 admitted by production preflight (wasMentioned=true effectiveWasMentioned=true inboundEventKind=user_request sender=<human-2>)
+ 26835ms [turn] #2 helper-3 adopted (stand-in turn; no model)
+ 26914ms [queue] rows=23 open=0 failed=21 completed=2 turns=2
+ 26915ms [sqlite] end of B (edit-decide): 23 rows {"failed:stale-ambient-backlog":21,"completed":2}
+ 26915ms [sqlite]   {helper-1 status=failed attempts=0 failed_reason=stale-ambient-backlog last_error="Discord ambient message helper-1 on channel:<gated> is 3773951ms old (limit 900000ms); suppressing stale backlog before dispatch."}
+ 26915ms [sqlite]   {amb-01 status=failed attempts=0 failed_reason=stale-ambient-backlog last_error="Discord ambient message amb-01 on channel:<gated> is 3653951ms old (limit 900000ms); suppressing stale backlog before dispatch."}
+ 26915ms [sqlite]   {amb-02 status=failed attempts=0 failed_reason=stale-ambient-backlog last_error="Discord ambient message amb-02 on channel:<gated> is 3533951ms old (limit 900000ms); suppressing stale backlog before dispatch."}
+ 26915ms [sqlite]   {amb-03 status=failed attempts=0 failed_reason=stale-ambient-backlog last_error="Discord ambient message amb-03 on channel:<gated> is 3413951ms old (limit 900000ms); suppressing stale backlog before dispatch."}
+ 26915ms [sqlite]   {amb-04 status=failed attempts=0 failed_reason=stale-ambient-backlog last_error="Discord ambient message amb-04 on channel:<gated> is 3293951ms old (limit 900000ms); suppressing stale backlog before dispatch."}
+ 26915ms [sqlite]   {amb-05 status=failed attempts=0 failed_reason=stale-ambient-backlog last_error="Discord ambient message amb-05 on channel:<gated> is 3173951ms old (limit 900000ms); suppressing stale backlog before dispatch."}
+ 26915ms [sqlite]   {amb-06 status=failed attempts=0 failed_reason=stale-ambient-backlog last_error="Discord ambient message amb-06 on channel:<gated> is 3053951ms old (limit 900000ms); suppressing stale backlog before dispatch."}
+ 26915ms [sqlite]   {amb-07 status=failed attempts=0 failed_reason=stale-ambient-backlog last_error="Discord ambient message amb-07 on channel:<gated> is 2933951ms old (limit 900000ms); suppressing stale backlog before dispatch."}
+ 26915ms [sqlite]   {amb-08 status=failed attempts=0 failed_reason=stale-ambient-backlog last_error="Discord ambient message amb-08 on channel:<gated> is 2813951ms old (limit 900000ms); suppressing stale backlog before dispatch."}
+ 26915ms [sqlite]   {helper-2 status=completed attempts=0 failed_reason=null last_error=null}
+ 26915ms [sqlite]   {amb-09 status=failed attempts=0 failed_reason=stale-ambient-backlog last_error="Discord ambient message amb-09 on channel:<gated> is 2693951ms old (limit 900000ms); suppressing stale backlog before dispatch."}
+ 26915ms [sqlite]   {amb-10 status=failed attempts=0 failed_reason=stale-ambient-backlog last_error="Discord ambient message amb-10 on channel:<gated> is 2573951ms old (limit 900000ms); suppressing stale backlog before dispatch."}
+ 26915ms [sqlite]   {amb-11 status=failed attempts=0 failed_reason=stale-ambient-backlog last_error="Discord ambient message amb-11 on channel:<gated> is 2453951ms old (limit 900000ms); suppressing stale backlog before dispatch."}
+ 26915ms [sqlite]   {amb-12 status=failed attempts=0 failed_reason=stale-ambient-backlog last_error="Discord ambient message amb-12 on channel:<gated> is 2333951ms old (limit 900000ms); suppressing stale backlog before dispatch."}
+ 26915ms [sqlite]   {amb-13 status=failed attempts=0 failed_reason=stale-ambient-backlog last_error="Discord ambient message amb-13 on channel:<gated> is 2213951ms old (limit 900000ms); suppressing stale backlog before dispatch."}
+ 26915ms [sqlite]   {amb-14 status=failed attempts=0 failed_reason=stale-ambient-backlog last_error="Discord ambient message amb-14 on channel:<gated> is 2093951ms old (limit 900000ms); suppressing stale backlog before dispatch."}
+ 26915ms [sqlite]   {amb-15 status=failed attempts=0 failed_reason=stale-ambient-backlog last_error="Discord ambient message amb-15 on channel:<gated> is 1973951ms old (limit 900000ms); suppressing stale backlog before dispatch."}
+ 26915ms [sqlite]   {amb-16 status=failed attempts=0 failed_reason=stale-ambient-backlog last_error="Discord ambient message amb-16 on channel:<gated> is 1853951ms old (limit 900000ms); suppressing stale backlog before dispatch."}
+ 26915ms [sqlite]   {helper-3 status=completed attempts=0 failed_reason=null last_error=null}
+ 26915ms [sqlite]   {amb-17 status=failed attempts=0 failed_reason=stale-ambient-backlog last_error="Discord ambient message amb-17 on channel:<gated> is 1733951ms old (limit 900000ms); suppressing stale backlog before dispatch."}
+ 26915ms [sqlite]   {amb-18 status=failed attempts=0 failed_reason=stale-ambient-backlog last_error="Discord ambient message amb-18 on channel:<gated> is 1613951ms old (limit 900000ms); suppressing stale backlog before dispatch."}
+ 26915ms [sqlite]   {amb-19 status=failed attempts=0 failed_reason=stale-ambient-backlog last_error="Discord ambient message amb-19 on channel:<gated> is 1493951ms old (limit 900000ms); suppressing stale backlog before dispatch."}
+ 26915ms [sqlite]   {amb-20 status=failed attempts=0 failed_reason=stale-ambient-backlog last_error="Discord ambient message amb-20 on channel:<gated> is 1373951ms old (limit 900000ms); suppressing stale backlog before dispatch."}
+ 26915ms [result] turn order: helper-2 -> helper-3
+ 26916ms [result] REST message fetches by preflight: (none)
+ 26916ms [preflight] 2026-10-06T11:08:31.944Z [discord-preflight] shouldRequireMention=true baseRequireMention=true boundThreadSession=false mentionDecision.shouldSkip=false wasMentioned=true
+ 26916ms [preflight] 2026-10-06T11:08:31.975Z [discord-preflight] shouldRequireMention=true baseRequireMention=true boundThreadSession=false mentionDecision.shouldSkip=false wasMentioned=true
+ 26916ms [result] production preflight decisions: mention-gate pass=2 drop:no-mention=0
+ 26916ms [result] completion order (SQLite): helper-2 -> helper-3
+ 26916ms [result] fresh-mention: completed #0 of 2; turn never
+ 26916ms [verdict] B(edit-decide): edit published=true; helper-1=failed:stale-ambient-backlog/turn=false helper-2=completed/turn=true helper-3=completed/turn=true; ambient failed(stale-ambient-backlog)=20/20 turns=0
### phase B exit=0
