### prefix-08d7 / edit-decide / tree 08d7a0292cac17ad21a24ce1ff173b8ee31d6342
### phase A
+    62ms [env] node v26.9.0 phase=A scenario=edit-decide
+    63ms [env] tree sha=08d7a0292cac17ad21a24ce1ff173b8ee31d6342 dirty=0
+    63ms [env] tree has ingress-stale-policy.ts=true
+    63ms [env] DISCORD_API_URL=http://127.0.0.1:44013/api/v10 (loopback mock) state=<run>/state
+    63ms [clock] T=2026-10-06T11:08:32.289Z now=T+0s
+ 20990ms [discord-rest] GET /api/v10/gateway/bot -> 200
+ 21008ms [startup] fetch-bot-identity:start
+ 21015ms [discord-gateway] client connected /?v=10&encoding=json
+ 21017ms [discord-rest] GET /api/v10/users/%40me -> 200
+ 21018ms [discord-gateway] IDENTIFY intents=46601 token=<redacted>
+ 21018ms [discord-gateway] -> READY (guild <guild> unavailable)
+ 21018ms [discord-gateway] -> GUILD_CREATE <guild> (1 channels)
+ 21020ms [startup] fetch-bot-identity:done botUserId=<bot> botUserName=proofbot
+ 21022ms [drain] start() suppressed: drain wedged for the outage
+ 21023ms [startup] composition up: botUserId=<bot> (from GET /users/@me)
+ 21025ms [discord-gateway] client op 3
+ 21044ms [gateway] registered=true connected=true hydrating(<guild>)=false inventory[<gated>]={"type":0,"name":"general","guildId":"<guild>"}
+ 21044ms [discord-gateway] -> MESSAGE_CREATE helper-1 sentAt=T-62min mentions=0
+ 21044ms [discord-gateway] -> MESSAGE_CREATE amb-01 sentAt=T-60min mentions=0
+ 21044ms [discord-gateway] -> MESSAGE_CREATE amb-02 sentAt=T-58min mentions=0
+ 21044ms [discord-gateway] -> MESSAGE_CREATE amb-03 sentAt=T-56min mentions=0
+ 21044ms [discord-gateway] -> MESSAGE_CREATE amb-04 sentAt=T-54min mentions=0
+ 21044ms [discord-gateway] -> MESSAGE_CREATE amb-05 sentAt=T-52min mentions=0
+ 21044ms [discord-gateway] -> MESSAGE_CREATE amb-06 sentAt=T-50min mentions=0
+ 21044ms [discord-gateway] -> MESSAGE_CREATE amb-07 sentAt=T-48min mentions=0
+ 21044ms [discord-gateway] -> MESSAGE_CREATE amb-08 sentAt=T-46min mentions=0
+ 21044ms [discord-gateway] -> MESSAGE_CREATE helper-2 sentAt=T-45min mentions=0
+ 21044ms [discord-gateway] -> MESSAGE_CREATE amb-09 sentAt=T-44min mentions=0
+ 21044ms [discord-gateway] -> MESSAGE_CREATE amb-10 sentAt=T-42min mentions=0
+ 21044ms [discord-gateway] -> MESSAGE_CREATE amb-11 sentAt=T-40min mentions=0
+ 21044ms [discord-gateway] -> MESSAGE_CREATE amb-12 sentAt=T-38min mentions=0
+ 21044ms [discord-gateway] -> MESSAGE_CREATE amb-13 sentAt=T-36min mentions=0
+ 21044ms [discord-gateway] -> MESSAGE_CREATE amb-14 sentAt=T-34min mentions=0
+ 21044ms [discord-gateway] -> MESSAGE_CREATE amb-15 sentAt=T-32min mentions=0
+ 21044ms [discord-gateway] -> MESSAGE_CREATE amb-16 sentAt=T-30min mentions=0
+ 21045ms [discord-gateway] -> MESSAGE_CREATE helper-3 sentAt=T-29min mentions=0
+ 21045ms [discord-gateway] -> MESSAGE_CREATE amb-17 sentAt=T-28min mentions=0
+ 21045ms [discord-gateway] -> MESSAGE_CREATE amb-18 sentAt=T-26min mentions=0
+ 21045ms [discord-gateway] -> MESSAGE_CREATE amb-19 sentAt=T-24min mentions=0
+ 21045ms [discord-gateway] -> MESSAGE_CREATE amb-20 sentAt=T-22min mentions=0
+ 27177ms [sqlite] end of A (outage): durable backlog admitted over the gateway, drain wedged: 23 rows {"pending":23}
+ 27178ms [sqlite]   {helper-1 status=pending attempts=0 failed_reason=null last_error=null}
+ 27178ms [sqlite]   {amb-01 status=pending attempts=0 failed_reason=null last_error=null}
+ 27178ms [sqlite]   {amb-02 status=pending attempts=0 failed_reason=null last_error=null}
+ 27178ms [sqlite]   {amb-03 status=pending attempts=0 failed_reason=null last_error=null}
+ 27178ms [sqlite]   {amb-04 status=pending attempts=0 failed_reason=null last_error=null}
+ 27178ms [sqlite]   {amb-05 status=pending attempts=0 failed_reason=null last_error=null}
+ 27178ms [sqlite]   {amb-06 status=pending attempts=0 failed_reason=null last_error=null}
+ 27178ms [sqlite]   {amb-07 status=pending attempts=0 failed_reason=null last_error=null}
+ 27178ms [sqlite]   {amb-08 status=pending attempts=0 failed_reason=null last_error=null}
+ 27178ms [sqlite]   {helper-2 status=pending attempts=0 failed_reason=null last_error=null}
+ 27178ms [sqlite]   {amb-09 status=pending attempts=0 failed_reason=null last_error=null}
+ 27178ms [sqlite]   {amb-10 status=pending attempts=0 failed_reason=null last_error=null}
+ 27178ms [sqlite]   {amb-11 status=pending attempts=0 failed_reason=null last_error=null}
+ 27178ms [sqlite]   {amb-12 status=pending attempts=0 failed_reason=null last_error=null}
+ 27178ms [sqlite]   {amb-13 status=pending attempts=0 failed_reason=null last_error=null}
+ 27178ms [sqlite]   {amb-14 status=pending attempts=0 failed_reason=null last_error=null}
+ 27179ms [sqlite]   {amb-15 status=pending attempts=0 failed_reason=null last_error=null}
+ 27179ms [sqlite]   {amb-16 status=pending attempts=0 failed_reason=null last_error=null}
+ 27179ms [sqlite]   {helper-3 status=pending attempts=0 failed_reason=null last_error=null}
+ 27179ms [sqlite]   {amb-17 status=pending attempts=0 failed_reason=null last_error=null}
+ 27179ms [sqlite]   {amb-18 status=pending attempts=0 failed_reason=null last_error=null}
+ 27179ms [sqlite]   {amb-19 status=pending attempts=0 failed_reason=null last_error=null}
+ 27179ms [sqlite]   {amb-20 status=pending attempts=0 failed_reason=null last_error=null}
+ 27182ms [verdict] A: 23/23 rows pending
### phase A exit=0
### phase B
+    60ms [env] node v26.9.0 phase=B scenario=edit-decide
+    61ms [env] tree sha=08d7a0292cac17ad21a24ce1ff173b8ee31d6342 dirty=0
+    61ms [env] tree has ingress-stale-policy.ts=true
+    61ms [env] DISCORD_API_URL=http://127.0.0.1:43081/api/v10 (loopback mock) state=<run>/state
+    61ms [clock] T=2026-10-06T11:08:32.289Z now=T+28s
+ 20454ms [discord-rest] GET /api/v10/gateway/bot -> 200
+ 20473ms [startup] fetch-bot-identity:start
+ 20478ms [discord-gateway] client connected /?v=10&encoding=json
+ 20480ms [discord-rest] GET /api/v10/users/%40me -> 200
+ 20481ms [discord-gateway] IDENTIFY intents=46601 token=<redacted>
+ 20481ms [discord-gateway] -> READY (guild <guild> unavailable)
+ 20481ms [discord-gateway] -> GUILD_CREATE <guild> (1 channels)
+ 20483ms [startup] fetch-bot-identity:done botUserId=<bot> botUserName=proofbot
+ 20486ms [startup] composition up: botUserId=<bot> (from GET /users/@me)
+ 20493ms [discord-gateway] client op 3
+ 20508ms [gateway] registered=true connected=true hydrating(<guild>)=false inventory[<gated>]={"type":0,"name":"general","guildId":"<guild>"}
+ 20510ms [sqlite] at recovery start (rows persisted by phase A): 23 rows {"pending":23}
+ 20510ms [sqlite]   {helper-1 status=pending attempts=0 failed_reason=null last_error=null}
+ 20510ms [sqlite]   {amb-01 status=pending attempts=0 failed_reason=null last_error=null}
+ 20510ms [sqlite]   {amb-02 status=pending attempts=0 failed_reason=null last_error=null}
+ 20510ms [sqlite]   {amb-03 status=pending attempts=0 failed_reason=null last_error=null}
+ 20510ms [sqlite]   {amb-04 status=pending attempts=0 failed_reason=null last_error=null}
+ 20510ms [sqlite]   {amb-05 status=pending attempts=0 failed_reason=null last_error=null}
+ 20510ms [sqlite]   {amb-06 status=pending attempts=0 failed_reason=null last_error=null}
+ 20510ms [sqlite]   {amb-07 status=pending attempts=0 failed_reason=null last_error=null}
+ 20510ms [sqlite]   {amb-08 status=pending attempts=0 failed_reason=null last_error=null}
+ 20510ms [sqlite]   {helper-2 status=pending attempts=0 failed_reason=null last_error=null}
+ 20510ms [sqlite]   {amb-09 status=pending attempts=0 failed_reason=null last_error=null}
+ 20510ms [sqlite]   {amb-10 status=pending attempts=0 failed_reason=null last_error=null}
+ 20510ms [sqlite]   {amb-11 status=pending attempts=0 failed_reason=null last_error=null}
+ 20510ms [sqlite]   {amb-12 status=pending attempts=0 failed_reason=null last_error=null}
+ 20510ms [sqlite]   {amb-13 status=pending attempts=0 failed_reason=null last_error=null}
+ 20510ms [sqlite]   {amb-14 status=pending attempts=0 failed_reason=null last_error=null}
+ 20510ms [sqlite]   {amb-15 status=pending attempts=0 failed_reason=null last_error=null}
+ 20510ms [sqlite]   {amb-16 status=pending attempts=0 failed_reason=null last_error=null}
+ 20510ms [sqlite]   {helper-3 status=pending attempts=0 failed_reason=null last_error=null}
+ 20510ms [sqlite]   {amb-17 status=pending attempts=0 failed_reason=null last_error=null}
+ 20510ms [sqlite]   {amb-18 status=pending attempts=0 failed_reason=null last_error=null}
+ 20511ms [sqlite]   {amb-19 status=pending attempts=0 failed_reason=null last_error=null}
+ 20511ms [sqlite]   {amb-20 status=pending attempts=0 failed_reason=null last_error=null}
+ 20612ms [queue] rows=23 open=23 failed=0 completed=0 turns=0
+ 24729ms [config] EDIT published after the stale policy read its snapshot, before its verdict: messages.groupChat.mentionPatterns=["\\bhelper\\b"]
+ 24747ms [queue] fail(amb-01, reason=stale-ambient-backlog) -> committed
+ 24749ms [queue] fail(amb-02, reason=stale-ambient-backlog) -> committed
+ 24751ms [queue] fail(amb-03, reason=stale-ambient-backlog) -> committed
+ 24752ms [queue] fail(amb-04, reason=stale-ambient-backlog) -> committed
+ 24754ms [queue] fail(amb-05, reason=stale-ambient-backlog) -> committed
+ 24756ms [queue] fail(amb-06, reason=stale-ambient-backlog) -> committed
+ 24758ms [queue] fail(amb-07, reason=stale-ambient-backlog) -> committed
+ 24760ms [queue] fail(amb-08, reason=stale-ambient-backlog) -> committed
+ 24761ms [queue] fail(amb-09, reason=stale-ambient-backlog) -> committed
+ 24763ms [queue] fail(amb-10, reason=stale-ambient-backlog) -> committed
+ 24764ms [queue] fail(amb-11, reason=stale-ambient-backlog) -> committed
+ 24765ms [queue] fail(amb-12, reason=stale-ambient-backlog) -> committed
+ 24767ms [queue] fail(amb-13, reason=stale-ambient-backlog) -> committed
+ 24768ms [queue] fail(amb-14, reason=stale-ambient-backlog) -> committed
+ 24769ms [queue] fail(amb-15, reason=stale-ambient-backlog) -> committed
+ 24771ms [queue] fail(amb-16, reason=stale-ambient-backlog) -> committed
+ 24772ms [queue] fail(amb-17, reason=stale-ambient-backlog) -> committed
+ 24773ms [queue] fail(amb-18, reason=stale-ambient-backlog) -> committed
+ 24775ms [queue] fail(amb-19, reason=stale-ambient-backlog) -> committed
+ 24776ms [queue] fail(amb-20, reason=stale-ambient-backlog) -> committed
+ 24840ms [queue] rows=23 open=3 failed=20 completed=0 turns=0
+ 24841ms [discord-rest] GET /api/v10/channels/<gated> -> 200
+ 24999ms [turn] #1 helper-1 admitted by production preflight (wasMentioned=true effectiveWasMentioned=true inboundEventKind=user_request sender=<human-2>)
+ 25002ms [queue] rows=23 open=3 failed=20 completed=0 turns=1
+ 25006ms [discord-rest] GET /api/v10/guilds/<guild> -> 200
+ 25007ms [turn] #1 helper-1 adopted (stand-in turn; no model)
+ 25023ms [turn] #2 helper-2 admitted by production preflight (wasMentioned=true effectiveWasMentioned=true inboundEventKind=user_request sender=<human-2>)
+ 25025ms [turn] #2 helper-2 adopted (stand-in turn; no model)
+ 25036ms [turn] #3 helper-3 admitted by production preflight (wasMentioned=true effectiveWasMentioned=true inboundEventKind=user_request sender=<human-2>)
+ 25038ms [turn] #3 helper-3 adopted (stand-in turn; no model)
+ 25103ms [queue] rows=23 open=0 failed=20 completed=3 turns=3
+ 25104ms [sqlite] end of B (edit-decide): 23 rows {"completed":3,"failed:stale-ambient-backlog":20}
+ 25104ms [sqlite]   {helper-1 status=completed attempts=0 failed_reason=null last_error=null}
+ 25104ms [sqlite]   {amb-01 status=failed attempts=0 failed_reason=stale-ambient-backlog last_error="Discord ambient message amb-01 on channel:<gated> is 3652168ms old (limit 900000ms); suppressing stale backlog before dispatch."}
+ 25104ms [sqlite]   {amb-02 status=failed attempts=0 failed_reason=stale-ambient-backlog last_error="Discord ambient message amb-02 on channel:<gated> is 3532168ms old (limit 900000ms); suppressing stale backlog before dispatch."}
+ 25104ms [sqlite]   {amb-03 status=failed attempts=0 failed_reason=stale-ambient-backlog last_error="Discord ambient message amb-03 on channel:<gated> is 3412168ms old (limit 900000ms); suppressing stale backlog before dispatch."}
+ 25104ms [sqlite]   {amb-04 status=failed attempts=0 failed_reason=stale-ambient-backlog last_error="Discord ambient message amb-04 on channel:<gated> is 3292168ms old (limit 900000ms); suppressing stale backlog before dispatch."}
+ 25104ms [sqlite]   {amb-05 status=failed attempts=0 failed_reason=stale-ambient-backlog last_error="Discord ambient message amb-05 on channel:<gated> is 3172168ms old (limit 900000ms); suppressing stale backlog before dispatch."}
+ 25104ms [sqlite]   {amb-06 status=failed attempts=0 failed_reason=stale-ambient-backlog last_error="Discord ambient message amb-06 on channel:<gated> is 3052168ms old (limit 900000ms); suppressing stale backlog before dispatch."}
+ 25104ms [sqlite]   {amb-07 status=failed attempts=0 failed_reason=stale-ambient-backlog last_error="Discord ambient message amb-07 on channel:<gated> is 2932168ms old (limit 900000ms); suppressing stale backlog before dispatch."}
+ 25104ms [sqlite]   {amb-08 status=failed attempts=0 failed_reason=stale-ambient-backlog last_error="Discord ambient message amb-08 on channel:<gated> is 2812168ms old (limit 900000ms); suppressing stale backlog before dispatch."}
+ 25104ms [sqlite]   {helper-2 status=completed attempts=0 failed_reason=null last_error=null}
+ 25104ms [sqlite]   {amb-09 status=failed attempts=0 failed_reason=stale-ambient-backlog last_error="Discord ambient message amb-09 on channel:<gated> is 2692168ms old (limit 900000ms); suppressing stale backlog before dispatch."}
+ 25104ms [sqlite]   {amb-10 status=failed attempts=0 failed_reason=stale-ambient-backlog last_error="Discord ambient message amb-10 on channel:<gated> is 2572168ms old (limit 900000ms); suppressing stale backlog before dispatch."}
+ 25104ms [sqlite]   {amb-11 status=failed attempts=0 failed_reason=stale-ambient-backlog last_error="Discord ambient message amb-11 on channel:<gated> is 2452168ms old (limit 900000ms); suppressing stale backlog before dispatch."}
+ 25104ms [sqlite]   {amb-12 status=failed attempts=0 failed_reason=stale-ambient-backlog last_error="Discord ambient message amb-12 on channel:<gated> is 2332168ms old (limit 900000ms); suppressing stale backlog before dispatch."}
+ 25105ms [sqlite]   {amb-13 status=failed attempts=0 failed_reason=stale-ambient-backlog last_error="Discord ambient message amb-13 on channel:<gated> is 2212168ms old (limit 900000ms); suppressing stale backlog before dispatch."}
+ 25105ms [sqlite]   {amb-14 status=failed attempts=0 failed_reason=stale-ambient-backlog last_error="Discord ambient message amb-14 on channel:<gated> is 2092168ms old (limit 900000ms); suppressing stale backlog before dispatch."}
+ 25105ms [sqlite]   {amb-15 status=failed attempts=0 failed_reason=stale-ambient-backlog last_error="Discord ambient message amb-15 on channel:<gated> is 1972168ms old (limit 900000ms); suppressing stale backlog before dispatch."}
+ 25105ms [sqlite]   {amb-16 status=failed attempts=0 failed_reason=stale-ambient-backlog last_error="Discord ambient message amb-16 on channel:<gated> is 1852168ms old (limit 900000ms); suppressing stale backlog before dispatch."}
+ 25105ms [sqlite]   {helper-3 status=completed attempts=0 failed_reason=null last_error=null}
+ 25105ms [sqlite]   {amb-17 status=failed attempts=0 failed_reason=stale-ambient-backlog last_error="Discord ambient message amb-17 on channel:<gated> is 1732168ms old (limit 900000ms); suppressing stale backlog before dispatch."}
+ 25105ms [sqlite]   {amb-18 status=failed attempts=0 failed_reason=stale-ambient-backlog last_error="Discord ambient message amb-18 on channel:<gated> is 1612168ms old (limit 900000ms); suppressing stale backlog before dispatch."}
+ 25105ms [sqlite]   {amb-19 status=failed attempts=0 failed_reason=stale-ambient-backlog last_error="Discord ambient message amb-19 on channel:<gated> is 1492168ms old (limit 900000ms); suppressing stale backlog before dispatch."}
+ 25105ms [sqlite]   {amb-20 status=failed attempts=0 failed_reason=stale-ambient-backlog last_error="Discord ambient message amb-20 on channel:<gated> is 1372168ms old (limit 900000ms); suppressing stale backlog before dispatch."}
+ 25105ms [result] turn order: helper-1 -> helper-2 -> helper-3
+ 25105ms [result] REST message fetches by preflight: (none)
+ 25105ms [preflight] 2026-10-06T11:09:24.722Z [discord-preflight] shouldRequireMention=true baseRequireMention=true boundThreadSession=false mentionDecision.shouldSkip=false wasMentioned=true
+ 25105ms [preflight] 2026-10-06T11:09:24.753Z [discord-preflight] shouldRequireMention=true baseRequireMention=true boundThreadSession=false mentionDecision.shouldSkip=false wasMentioned=true
+ 25105ms [preflight] 2026-10-06T11:09:24.766Z [discord-preflight] shouldRequireMention=true baseRequireMention=true boundThreadSession=false mentionDecision.shouldSkip=false wasMentioned=true
+ 25105ms [result] production preflight decisions: mention-gate pass=3 drop:no-mention=0
+ 25105ms [result] completion order (SQLite): helper-1 -> helper-2 -> helper-3
+ 25105ms [result] fresh-mention: completed #0 of 3; turn never
+ 25105ms [verdict] B(edit-decide): edit published=true; helper-1=completed/turn=true helper-2=completed/turn=true helper-3=completed/turn=true; ambient failed(stale-ambient-backlog)=20/20 turns=0
### phase B exit=0
