
         /\      Grafana   /‾‾/  
    /\  /  \     |\  __   /  /   
   /  \/    \    | |/ /  /   ‾‾\ 
  /          \   |   (  |  (‾)  |
 / __________ \  |_|\_\  \_____/ 


     execution: local
        script: scenarios/r-config-intersession.js
        output: -

     scenarios: (100.00%) 1 scenario, 1 max VUs, 1m15s max duration (incl. graceful stop):
              * r_config_intersession: 1 iterations shared among 1 VUs (maxDuration: 45s, gracefulStop: 30s)


running (0m01.0s), 1/1 VUs, 0 complete and 0 interrupted iterations
r_config_intersession   [   0% ] 1 VUs  01.0s/45s  0/1 shared iters

running (0m02.0s), 1/1 VUs, 0 complete and 0 interrupted iterations
r_config_intersession   [   0% ] 1 VUs  02.0s/45s  0/1 shared iters

running (0m03.0s), 1/1 VUs, 0 complete and 0 interrupted iterations
r_config_intersession   [   0% ] 1 VUs  03.0s/45s  0/1 shared iters

running (0m04.0s), 1/1 VUs, 0 complete and 0 interrupted iterations
r_config_intersession   [   0% ] 1 VUs  04.0s/45s  0/1 shared iters
PUBLIC_EVIDENCE {"row":"R-CONFIG-INTERSESSION","manifest_loaded":true,"seat":"cael","candidateSha":"b27a2624ed333b0f3a613893968d2e555d90fce1","started":"2026-08-09T19:05:20.826Z","rpc":{"method":"config.get","operator_surface":true,"response_ok":true,"response_shape":{"config_present":true,"continuation_present":true}},"config_read":true,"cross_session_targeting":"enabled","trace_id":null,"correlation":{"service":"cael-prince","query_window_start":"2026-08-09T19:05:20.826Z","query_window_end":"2026-08-09T19:05:25.094Z"},"ended":"2026-08-09T19:05:25.094Z","duration_ms":4268}
time="2026-08-09T12:05:25-07:00" level=info msg="\n[R-CONFIG-INTERSESSION] VERDICT: PASS-candidate" source=console

[R-CONFIG-INTERSESSION] Summary: PASS-candidate | SHA: b27a2624ed333b0f3a613893968d2e555d90fce1 | Seat: cael

running (0m04.3s), 0/1 VUs, 1 complete and 0 interrupted iterations
r_config_intersession ✓ [ 100% ] 1 VUs  04.3s/45s  1/1 shared iters
