==========================================================
Project 81: Seat-Aware k6 Proof Runner
Seat: cael
Target Candidate SHA: 03939273216bc0c08a2df2d768f2f8d6549ca1f2
Artifact root: /home/figs/.local/state/openclaw-proof-runs/03939273216bc0c08a2df2d768f2f8d6549ca1f2-rowwise-20260806T205552Z/R-CD-MODEL-TOKEN
Row selection: R-CD-MODEL-TOKEN
Dry Run: false
==========================================================
Harness execution: handing off to the approved runner in an immutable snapshot.
==========================================================
Project 81: Seat-Aware k6 Proof Runner
Seat: cael
Target Candidate SHA: 03939273216bc0c08a2df2d768f2f8d6549ca1f2
Artifact root: /home/figs/.local/state/openclaw-proof-runs/03939273216bc0c08a2df2d768f2f8d6549ca1f2-rowwise-20260806T205552Z/R-CD-MODEL-TOKEN
Row selection: R-CD-MODEL-TOKEN
Dry Run: false
==========================================================
Approved docs ref: 52941484c258f353a91d783a635ba6c841d1c38a (karmaterminal/karmaterminal-openclaw-docs)
Harness identity: every tracked byte under tools/k6-proofs matches the approved docs ref.
Harness execution: immutable snapshot of the approved tree (runner included).
Running catalog preflight (repository root: tools/k6-proofs resolved once)...
CATALOG PREFLIGHT: /home/figs/.local/state/openclaw-proof-runs/03939273216bc0c08a2df2d768f2f8d6549ca1f2-rowwise-20260806T205552Z/R-CD-MODEL-TOKEN/catalog-preflight.log
Rows: R-CD-MODEL-TOKEN
Harness contract binding: frozen manifest/scenario digests for every selected runnable row.
Resolving session key for selector: main
Deployed Runtime SHA: 03939273216bc0c08a2df2d768f2f8d6549ca1f2
Session configured: true
Running seat-readiness preflight (k6/tooling/gateway/continuation config)...
SEAT READINESS: /home/figs/.local/state/openclaw-proof-runs/03939273216bc0c08a2df2d768f2f8d6549ca1f2-rowwise-20260806T205552Z/R-CD-MODEL-TOKEN/seat-readiness.json
HARNESS PROVENANCE: /home/figs/.local/state/openclaw-proof-runs/03939273216bc0c08a2df2d768f2f8d6549ca1f2-rowwise-20260806T205552Z/R-CD-MODEL-TOKEN/harness-provenance.json
HARNESS PROVENANCE (matrix 20260806T210400Z-52941484c258-c55777ba): /home/figs/.local/state/openclaw-proof-runs/03939273216bc0c08a2df2d768f2f8d6549ca1f2-rowwise-20260806T205552Z/R-CD-MODEL-TOKEN/harness-provenance/20260806T210400Z-52941484c258-c55777ba.json

----------------------------------------
Row: R-CD-MODEL-TOKEN
Manifest: /tmp/openclaw-k6-harness.Mk6FNj/tools/k6-proofs/manifests/r-cd-model-token.json
Scenario: scenarios/r-cd-model-token.js
Status: runnable
Live Safety: k6-runnable
[R-CD-MODEL-TOKEN] RUNNING...
./r-cd-model-token-summary.json

         /\      Grafana   /‾‾/  
    /\  /  \     |\  __   /  /   
   /  \/    \    | |/ /  /   ‾‾\ 
  /          \   |   (  |  (‾)  |
 / __________ \  |_|\_\  \_____/ 


     execution: local
        script: scenarios/r-cd-model-token.js
        output: -

     scenarios: (100.00%) 1 scenario, 1 max VUs, 4m0s max duration (incl. graceful stop):
              * r_cd_model_token: 1 iterations shared among 1 VUs (maxDuration: 3m30s, gracefulStop: 30s)

time="2026-08-06T14:04:07-07:00" level=info msg="✓ disposable session created: <redacted-session-key>" source=console

running (0m01.0s), 1/1 VUs, 0 complete and 0 interrupted iterations
r_cd_model_token   [   0% ] 1 VUs  0m01.0s/3m30s  0/1 shared iters
time="2026-08-06T14:04:07-07:00" level=info msg="✓ sessions.send accepted — parent agent turn triggered" source=console

running (0m02.0s), 1/1 VUs, 0 complete and 0 interrupted iterations
r_cd_model_token   [   0% ] 1 VUs  0m02.0s/3m30s  0/1 shared iters
time="2026-08-06T14:04:09-07:00" level=info msg="ℹ Ignoring harness prompt echo event" source=console

running (0m03.0s), 1/1 VUs, 0 complete and 0 interrupted iterations
r_cd_model_token   [   0% ] 1 VUs  0m03.0s/3m30s  0/1 shared iters

running (0m04.0s), 1/1 VUs, 0 complete and 0 interrupted iterations
r_cd_model_token   [   0% ] 1 VUs  0m04.0s/3m30s  0/1 shared iters

running (0m05.0s), 1/1 VUs, 0 complete and 0 interrupted iterations
r_cd_model_token   [   0% ] 1 VUs  0m05.0s/3m30s  0/1 shared iters

running (0m06.0s), 1/1 VUs, 0 complete and 0 interrupted iterations
r_cd_model_token   [   0% ] 1 VUs  0m06.0s/3m30s  0/1 shared iters

running (0m07.0s), 1/1 VUs, 0 complete and 0 interrupted iterations
r_cd_model_token   [   0% ] 1 VUs  0m07.0s/3m30s  0/1 shared iters

running (0m08.0s), 1/1 VUs, 0 complete and 0 interrupted iterations
r_cd_model_token   [   0% ] 1 VUs  0m08.0s/3m30s  0/1 shared iters

running (0m09.0s), 1/1 VUs, 0 complete and 0 interrupted iterations
r_cd_model_token   [   0% ] 1 VUs  0m09.0s/3m30s  0/1 shared iters

running (0m10.0s), 1/1 VUs, 0 complete and 0 interrupted iterations
r_cd_model_token   [   0% ] 1 VUs  0m10.0s/3m30s  0/1 shared iters

running (0m11.0s), 1/1 VUs, 0 complete and 0 interrupted iterations
r_cd_model_token   [   0% ] 1 VUs  0m11.0s/3m30s  0/1 shared iters

running (0m12.0s), 1/1 VUs, 0 complete and 0 interrupted iterations
r_cd_model_token   [   0% ] 1 VUs  0m12.0s/3m30s  0/1 shared iters

running (0m13.0s), 1/1 VUs, 0 complete and 0 interrupted iterations
r_cd_model_token   [   0% ] 1 VUs  0m13.0s/3m30s  0/1 shared iters

running (0m14.0s), 1/1 VUs, 0 complete and 0 interrupted iterations
r_cd_model_token   [   0% ] 1 VUs  0m14.0s/3m30s  0/1 shared iters

running (0m15.0s), 1/1 VUs, 0 complete and 0 interrupted iterations
r_cd_model_token   [   0% ] 1 VUs  0m15.0s/3m30s  0/1 shared iters

running (0m16.0s), 1/1 VUs, 0 complete and 0 interrupted iterations
r_cd_model_token   [   0% ] 1 VUs  0m16.0s/3m30s  0/1 shared iters
time="2026-08-06T14:04:22-07:00" level=info msg="✓ parent sessions_spawn acceptance signal observed" source=console
time="2026-08-06T14:04:22-07:00" level=info msg="✓ bracket-token child turn observed" source=console

running (0m17.0s), 1/1 VUs, 0 complete and 0 interrupted iterations
r_cd_model_token   [   0% ] 1 VUs  0m17.0s/3m30s  0/1 shared iters
time="2026-08-06T14:04:23-07:00" level=info msg="✓ parent sessions_spawn acceptance signal observed" source=console
time="2026-08-06T14:04:23-07:00" level=info msg="✓ parent sessions_spawn acceptance signal observed" source=console
time="2026-08-06T14:04:23-07:00" level=info msg="✓ parent sessions_spawn acceptance signal observed" source=console
time="2026-08-06T14:04:23-07:00" level=info msg="✓ bracket-token child turn observed" source=console

running (0m18.0s), 1/1 VUs, 0 complete and 0 interrupted iterations
r_cd_model_token   [   0% ] 1 VUs  0m18.0s/3m30s  0/1 shared iters
time="2026-08-06T14:04:25-07:00" level=info msg="✓ parent sessions_spawn acceptance signal observed" source=console
time="2026-08-06T14:04:25-07:00" level=info msg="✓ parent sessions_spawn acceptance signal observed" source=console
time="2026-08-06T14:04:25-07:00" level=info msg="✓ parent sessions_spawn acceptance signal observed" source=console
time="2026-08-06T14:04:25-07:00" level=info msg="✓ parent sessions_spawn acceptance signal observed" source=console
time="2026-08-06T14:04:25-07:00" level=info msg="✓ parent sessions_spawn acceptance signal observed" source=console
time="2026-08-06T14:04:25-07:00" level=info msg="✓ parent sessions_spawn acceptance signal observed" source=console
time="2026-08-06T14:04:25-07:00" level=info msg="✓ parent sessions_spawn acceptance signal observed" source=console
time="2026-08-06T14:04:25-07:00" level=info msg="✓ parent sessions_spawn acceptance signal observed" source=console
time="2026-08-06T14:04:25-07:00" level=info msg="✓ parent sessions_spawn acceptance signal observed" source=console
time="2026-08-06T14:04:25-07:00" level=info msg="✓ parent sessions_spawn acceptance signal observed" source=console
time="2026-08-06T14:04:25-07:00" level=info msg="✓ parent sessions_spawn acceptance signal observed" source=console
time="2026-08-06T14:04:25-07:00" level=info msg="✓ parent sessions_spawn acceptance signal observed" source=console
time="2026-08-06T14:04:25-07:00" level=info msg="✓ parent sessions_spawn acceptance signal observed" source=console
time="2026-08-06T14:04:25-07:00" level=info msg="✓ parent sessions_spawn acceptance signal observed" source=console
time="2026-08-06T14:04:25-07:00" level=info msg="✓ parent sessions_spawn acceptance signal observed" source=console
time="2026-08-06T14:04:25-07:00" level=info msg="✓ parent sessions_spawn acceptance signal observed" source=console
time="2026-08-06T14:04:25-07:00" level=info msg="✓ parent sessions_spawn acceptance signal observed" source=console
time="2026-08-06T14:04:25-07:00" level=info msg="✓ parent sessions_spawn acceptance signal observed" source=console
time="2026-08-06T14:04:25-07:00" level=info msg="✓ parent sessions_spawn acceptance signal observed" source=console
time="2026-08-06T14:04:25-07:00" level=info msg="✓ parent sessions_spawn acceptance signal observed" source=console
time="2026-08-06T14:04:25-07:00" level=info msg="✓ parent sessions_spawn acceptance signal observed" source=console
time="2026-08-06T14:04:25-07:00" level=info msg="✓ parent sessions_spawn acceptance signal observed" source=console
time="2026-08-06T14:04:25-07:00" level=info msg="✓ parent sessions_spawn acceptance signal observed" source=console
time="2026-08-06T14:04:25-07:00" level=info msg="✓ parent sessions_spawn acceptance signal observed" source=console
time="2026-08-06T14:04:25-07:00" level=info msg="✓ parent sessions_spawn acceptance signal observed" source=console
time="2026-08-06T14:04:25-07:00" level=info msg="✓ parent sessions_spawn acceptance signal observed" source=console
time="2026-08-06T14:04:25-07:00" level=info msg="✓ parent sessions_spawn acceptance signal observed" source=console
time="2026-08-06T14:04:25-07:00" level=info msg="✓ parent sessions_spawn acceptance signal observed" source=console
time="2026-08-06T14:04:25-07:00" level=info msg="✓ parent sessions_spawn acceptance signal observed" source=console
time="2026-08-06T14:04:25-07:00" level=info msg="✓ parent sessions_spawn acceptance signal observed" source=console
time="2026-08-06T14:04:25-07:00" level=info msg="✓ parent sessions_spawn acceptance signal observed" source=console
time="2026-08-06T14:04:25-07:00" level=info msg="✓ parent sessions_spawn acceptance signal observed" source=console
time="2026-08-06T14:04:25-07:00" level=info msg="✓ parent sessions_spawn acceptance signal observed" source=console
time="2026-08-06T14:04:25-07:00" level=info msg="✓ parent sessions_spawn acceptance signal observed" source=console
time="2026-08-06T14:04:25-07:00" level=info msg="✓ parent sessions_spawn acceptance signal observed" source=console
time="2026-08-06T14:04:25-07:00" level=info msg="✓ parent sessions_spawn acceptance signal observed" source=console
time="2026-08-06T14:04:25-07:00" level=info msg="✓ parent sessions_spawn acceptance signal observed" source=console
time="2026-08-06T14:04:25-07:00" level=info msg="✓ parent sessions_spawn acceptance signal observed" source=console
time="2026-08-06T14:04:25-07:00" level=info msg="✓ parent sessions_spawn acceptance signal observed" source=console
time="2026-08-06T14:04:25-07:00" level=info msg="✓ parent sessions_spawn acceptance signal observed" source=console
time="2026-08-06T14:04:25-07:00" level=info msg="✓ parent sessions_spawn acceptance signal observed" source=console
time="2026-08-06T14:04:25-07:00" level=info msg="✓ parent sessions_spawn acceptance signal observed" source=console
time="2026-08-06T14:04:25-07:00" level=info msg="✓ parent sessions_spawn acceptance signal observed" source=console
time="2026-08-06T14:04:25-07:00" level=info msg="✓ parent sessions_spawn acceptance signal observed" source=console

running (0m19.0s), 1/1 VUs, 0 complete and 0 interrupted iterations
r_cd_model_token   [   0% ] 1 VUs  0m19.0s/3m30s  0/1 shared iters
time="2026-08-06T14:04:25-07:00" level=info msg="✓ parent sessions_spawn acceptance signal observed" source=console
time="2026-08-06T14:04:25-07:00" level=info msg="✓ parent sessions_spawn acceptance signal observed" source=console
time="2026-08-06T14:04:25-07:00" level=info msg="✓ bracket-token child turn observed" source=console
time="2026-08-06T14:04:25-07:00" level=info msg="✓ bracket model modifier observed" source=console
time="2026-08-06T14:04:25-07:00" level=info msg="✓ MODEL-TOKEN-DELEGATE-DONE return sentinel observed" source=console
time="2026-08-06T14:04:25-07:00" level=info msg="All required R-CD-MODEL-TOKEN evidence gathered, closing early" source=console
PUBLIC_EVIDENCE {"row":"R-CD-MODEL-TOKEN","manifest_loaded":true,"seat":"cael","session_created":true,"candidateSha":"03939273216bc0c08a2df2d768f2f8d6549ca1f2","started":"2026-08-06T21:04:06.284Z","requested_model_byte":"gpt","prompt_injected":true,"subagent_spawn_requested":true,"subagent_spawn_accepted":true,"bracket_token_observed":true,"bracket_model_modifier_observed":true,"child_session_observed":true,"child_model_byte":"gpt","model_matches":true,"return_payload":true,"dispatch_accepted_at_ms":1786050247928,"trace_id":null,"ended":"2026-08-06T21:04:25.353Z","duration_ms":19069}
time="2026-08-06T14:04:25-07:00" level=info msg="\n[R-CD-MODEL-TOKEN] VERDICT: PASS-candidate" source=console

[R-CD-MODEL-TOKEN] Summary: PASS-candidate | SHA: 03939273216bc0c08a2df2d768f2f8d6549ca1f2 | Seat: cael

running (0m19.1s), 0/1 VUs, 1 complete and 0 interrupted iterations
r_cd_model_token ✓ [ 100% ] 1 VUs  0m19.1s/3m30s  1/1 shared iters
[R-CD-MODEL-TOKEN] CANDIDATE REVIEW ENVELOPE: /home/figs/.local/state/openclaw-proof-runs/03939273216bc0c08a2df2d768f2f8d6549ca1f2-rowwise-20260806T205552Z/R-CD-MODEL-TOKEN/03939273216bc0c08a2df2d768f2f8d6549ca1f2/R-CD-MODEL-TOKEN/cael/20260806T210403Z-r-cd-model-token-c55777ba/candidate-run-result.json
[R-CD-MODEL-TOKEN] METRICS: /home/figs/.local/state/openclaw-proof-runs/03939273216bc0c08a2df2d768f2f8d6549ca1f2-rowwise-20260806T205552Z/R-CD-MODEL-TOKEN/03939273216bc0c08a2df2d768f2f8d6549ca1f2/R-CD-MODEL-TOKEN/cael/20260806T210403Z-r-cd-model-token-c55777ba/openclaw-proofs-k6.prom
[R-CD-MODEL-TOKEN] ARTIFACTS: /home/figs/.local/state/openclaw-proof-runs/03939273216bc0c08a2df2d768f2f8d6549ca1f2-rowwise-20260806T205552Z/R-CD-MODEL-TOKEN/03939273216bc0c08a2df2d768f2f8d6549ca1f2/R-CD-MODEL-TOKEN/cael/20260806T210403Z-r-cd-model-token-c55777ba
[R-CD-MODEL-TOKEN] COMPLETED.
Observability check: query Grafana for run/nonce or review Tempo traces if trace ID was emitted.
REPORT: /home/figs/.local/state/openclaw-proof-runs/03939273216bc0c08a2df2d768f2f8d6549ca1f2-rowwise-20260806T205552Z/R-CD-MODEL-TOKEN/report.html

==========================================================
Runner execution finished.
