+14321ms [env] node v26.9.0 tree=<scratch>/ctl-124337 phase=B
+14321ms [env] retryPolicy={"maxAttempts":3,"deadLetterMinAgeMs":0,"baseMs":150,"maxMs":150} queueSettings={"mode":"followup","debounceMs":0,"cap":1,"dropPolicy":"new"}
+14321ms [reply-queue] pre-filled session queue with blocker -> true (session busy)
+22860ms [monitor] admit(msg-1) -> durable/accepted lane=chat:lane-1
+22864ms [monitor] deliver(msg-1) claimed on lane chat:lane-1
+22865ms [reply-queue] enqueueFollowupRun(msg-1) -> false (session busy, cap=1, dropPolicy=new)
+22867ms [monitor] admit(msg-2) -> durable/accepted lane=chat:lane-1
+23023ms [queue] poll 1: pending=[msg-1:attempts=1,msg-2:attempts=0] failed=[] dispatched=1
+23044ms [monitor] deliver(msg-1) claimed on lane chat:lane-1
+23044ms [reply-queue] enqueueFollowupRun(msg-1) -> false (session busy, cap=1, dropPolicy=new)
+23179ms [queue] poll 2: pending=[msg-1:attempts=2,msg-2:attempts=0] failed=[] dispatched=2
+23241ms [monitor] deliver(msg-1) claimed on lane chat:lane-1
+23242ms [reply-queue] enqueueFollowupRun(msg-1) -> false (session busy, cap=1, dropPolicy=new)
+23332ms [queue] poll 3: pending=[msg-1:attempts=3,msg-2:attempts=0] failed=[] dispatched=3
+23459ms [monitor] deliver(msg-1) claimed on lane chat:lane-1
+23459ms [reply-queue] enqueueFollowupRun(msg-1) -> false (session busy, cap=1, dropPolicy=new)
+23483ms [queue] poll 4: pending=[msg-1:attempts=4,msg-2:attempts=0] failed=[] dispatched=4
+23645ms [monitor] deliver(msg-1) claimed on lane chat:lane-1
+23646ms [reply-queue] enqueueFollowupRun(msg-1) -> false (session busy, cap=1, dropPolicy=new)
+23795ms [queue] poll 6: pending=[msg-1:attempts=5,msg-2:attempts=0] failed=[] dispatched=5
+23851ms [monitor] deliver(msg-1) claimed on lane chat:lane-1
+23852ms [reply-queue] enqueueFollowupRun(msg-1) -> false (session busy, cap=1, dropPolicy=new)
+23950ms [queue] poll 7: pending=[msg-1:attempts=6,msg-2:attempts=0] failed=[] dispatched=6
+23950ms [queue] head msg-1 at attempts=6 (> maxAttempts=3); stopping observation
+23957ms [sqlite] end of scenario B: {msg-1 status=pending attempts=6 last_error=turn-abandoned failed_reason=null} {msg-2 status=pending attempts=0 last_error=null failed_reason=null}
+23962ms [result] dispatched=["msg-1","msg-1","msg-1","msg-1","msg-1","msg-1"] flushErrors=0
+23962ms [verdict] B: msg-1 NEVER dead-lettered (pending attempts=6); msg-2 NOT dispatched (lane blocked)
