+14163ms [env] node v26.9.0 tree=<scratch>/rp-124337 phase=B
+14164ms [env] retryPolicy={"maxAttempts":3,"deadLetterMinAgeMs":0,"baseMs":150,"maxMs":150} queueSettings={"mode":"followup","debounceMs":0,"cap":1,"dropPolicy":"new"}
+14164ms [reply-queue] pre-filled session queue with blocker -> true (session busy)
+22442ms [monitor] admit(msg-1) -> durable/accepted lane=chat:lane-1
+22448ms [monitor] deliver(msg-1) claimed on lane chat:lane-1
+22455ms [reply-queue] enqueueFollowupRun(msg-1) -> false (session busy, cap=1, dropPolicy=new)
+22463ms [drain-log] spooled update msg-1 failed; keeping for retry: turn-abandoned
+22464ms [monitor] admit(msg-2) -> durable/accepted lane=chat:lane-1
+22624ms [queue] poll 1: pending=[msg-1:attempts=1,msg-2:attempts=0] failed=[] dispatched=1
+22633ms [monitor] deliver(msg-1) claimed on lane chat:lane-1
+22635ms [reply-queue] enqueueFollowupRun(msg-1) -> false (session busy, cap=1, dropPolicy=new)
+22639ms [drain-log] spooled update msg-1 failed; keeping for retry: turn-abandoned
+22779ms [queue] poll 2: pending=[msg-1:attempts=2,msg-2:attempts=0] failed=[] dispatched=2
+22832ms [monitor] deliver(msg-1) claimed on lane chat:lane-1
+22833ms [reply-queue] enqueueFollowupRun(msg-1) -> false (session busy, cap=1, dropPolicy=new)
+22840ms [drain-log] spooled update msg-1 failed with non-retryable retry-limit-exceeded: turn-abandoned; dead-lettered
+22840ms [drain-log] spooled update msg-1 on lane chat:lane-1 reached retry limit after 3 attempts; dead-lettered
+22853ms [monitor] deliver(msg-2) claimed on lane chat:lane-1
+22854ms [reply-queue] enqueueFollowupRun(msg-2) -> false (session busy, cap=1, dropPolicy=new)
+22859ms [drain-log] spooled update msg-2 failed; keeping for retry: turn-abandoned
+22930ms [queue] poll 3: pending=[msg-2:attempts=1] failed=[msg-1:retry-limit-exceeded/turn-abandoned] dispatched=4
+22930ms [gateway] busy session finished -> scheduleFollowupDrain drains the blocker; session idle
+22930ms [agent] turn started for message blocker
+22930ms [agent] adopted blocker; ingress claim completed
+22930ms [agent] reply delivered for blocker
+23034ms [monitor] deliver(msg-2) claimed on lane chat:lane-1
+23036ms [reply-queue] enqueueFollowupRun(msg-2) -> true (session idle, cap=1, dropPolicy=new)
+23036ms [agent] turn started for message msg-2
+23043ms [agent] adopted msg-2; ingress claim completed
+23043ms [agent] reply delivered for msg-2
+23085ms [queue] poll 4: pending=[] failed=[msg-1:retry-limit-exceeded/turn-abandoned] dispatched=5
+23093ms [sqlite] end of scenario B: {msg-1 status=failed attempts=2 last_error=turn-abandoned failed_reason=retry-limit-exceeded} {msg-2 status=completed attempts=1 last_error=null failed_reason=null}
+23099ms [result] dispatched=["msg-1","msg-1","msg-1","msg-2","msg-2"] flushErrors=0
+23099ms [verdict] B: msg-1 dead-lettered reason=retry-limit-exceeded message=turn-abandoned attempts=2; msg-2 dispatched; msg-2 final=completed
