==========================================================
Project 81: Seat-Aware k6 Proof Runner
Seat: cael
Target Candidate SHA: 6b09b1dbe938ab6b5f56eaf4e58f1ed243f89955
Artifact root: /home/figs/actions-runner/_work/openclaw-bootstrap/openclaw-bootstrap/openclaw-bootstrap/PROOFS/6b09b1dbe938ab6b5f56eaf4e58f1ed243f89955/project81-k6/20260815T103808Z-cael-dgx-4123604
Row selection: R-CW-5A,R-CW-6A,R-CW-7,R-CW-DELEGATE-CHILD-LIVE,R-CW-DELEGATE-SELF-CONTINUATION,R-CW-DELEGATE-TOKEN,R-CW-MULTI-COLLAPSE,R-CW-MULTI,R-CW-TOKEN
Dry Run: false
==========================================================
Harness execution: handing off to the approved runner in an immutable snapshot.
==========================================================
Project 81: Seat-Aware k6 Proof Runner
Seat: cael
Target Candidate SHA: 6b09b1dbe938ab6b5f56eaf4e58f1ed243f89955
Artifact root: /home/figs/actions-runner/_work/openclaw-bootstrap/openclaw-bootstrap/openclaw-bootstrap/PROOFS/6b09b1dbe938ab6b5f56eaf4e58f1ed243f89955/project81-k6/20260815T103808Z-cael-dgx-4123604
Row selection: R-CW-5A,R-CW-6A,R-CW-7,R-CW-DELEGATE-CHILD-LIVE,R-CW-DELEGATE-SELF-CONTINUATION,R-CW-DELEGATE-TOKEN,R-CW-MULTI-COLLAPSE,R-CW-MULTI,R-CW-TOKEN
Dry Run: false
==========================================================
Approved docs ref: 7ab525923833cbddffa5c75c22481fcbe9d12fe9 (karmaterminal/karmaterminal-openclaw-docs)
Harness identity: every tracked byte under tools/k6-proofs matches the approved docs ref.
Harness execution: immutable snapshot of the approved tree (runner included).
Running catalog preflight (repository root: tools/k6-proofs resolved once)...
CATALOG PREFLIGHT: /home/figs/actions-runner/_work/openclaw-bootstrap/openclaw-bootstrap/openclaw-bootstrap/PROOFS/6b09b1dbe938ab6b5f56eaf4e58f1ed243f89955/project81-k6/20260815T103808Z-cael-dgx-4123604/catalog-preflight.log
Rows: R-CW-5A,R-CW-6A,R-CW-7,R-CW-DELEGATE-CHILD-LIVE,R-CW-DELEGATE-SELF-CONTINUATION,R-CW-DELEGATE-TOKEN,R-CW-MULTI-COLLAPSE,R-CW-MULTI,R-CW-TOKEN
Harness contract binding: frozen manifest/scenario digests for every selected runnable row.
Deployed Runtime SHA: OpenClaw 2026.8.1 (6b09b1d)
Session configured: true
Running seat-readiness preflight (k6/tooling/gateway/continuation config)...
SEAT READINESS: /home/figs/actions-runner/_work/openclaw-bootstrap/openclaw-bootstrap/openclaw-bootstrap/PROOFS/6b09b1dbe938ab6b5f56eaf4e58f1ed243f89955/project81-k6/20260815T103808Z-cael-dgx-4123604/seat-readiness.json
HARNESS PROVENANCE: /home/figs/actions-runner/_work/openclaw-bootstrap/openclaw-bootstrap/openclaw-bootstrap/PROOFS/6b09b1dbe938ab6b5f56eaf4e58f1ed243f89955/project81-k6/20260815T103808Z-cael-dgx-4123604/harness-provenance.json
HARNESS PROVENANCE (matrix 20260815T103819Z-7ab525923833-7947e9ec): /home/figs/actions-runner/_work/openclaw-bootstrap/openclaw-bootstrap/openclaw-bootstrap/PROOFS/6b09b1dbe938ab6b5f56eaf4e58f1ed243f89955/project81-k6/20260815T103808Z-cael-dgx-4123604/harness-provenance/20260815T103819Z-7ab525923833-7947e9ec.json

----------------------------------------
Row: R-CW-5A
Manifest: /tmp/openclaw-k6-harness.bnweVN/tools/k6-proofs/manifests/r-cw-5a-static.json
Scenario: scenarios/static-corpus-row-validator.js
Status: runnable
Live Safety: static-preflight-only
[R-CW-5A] SKIPPED: liveRunSafety classification (static-preflight-only) rejects unattended live fire.

----------------------------------------
Row: R-CW-6A
Manifest: /tmp/openclaw-k6-harness.bnweVN/tools/k6-proofs/manifests/r-cw-6a-static.json
Scenario: scenarios/static-corpus-row-validator.js
Status: runnable
Live Safety: static-preflight-only
[R-CW-6A] SKIPPED: liveRunSafety classification (static-preflight-only) rejects unattended live fire.

----------------------------------------
Row: R-CW-7
Manifest: /tmp/openclaw-k6-harness.bnweVN/tools/k6-proofs/manifests/r-cw-7.json
Scenario: scenarios/static-corpus-row-validator.js
Status: runnable
Live Safety: k6-runnable
[R-CW-7] RUNNING...
./static-corpus-row-summary.json

         /\      Grafana   /‾‾/  
    /\  /  \     |\  __   /  /   
   /  \/    \    | |/ /  /   ‾‾\ 
  /          \   |   (  |  (‾)  |
 / __________ \  |_|\_\  \_____/ 


     execution: local
        script: scenarios/static-corpus-row-validator.js
        output: -

     scenarios: (100.00%) 1 scenario, 1 max VUs, 45s max duration (incl. graceful stop):
              * static_corpus_row_validator: 1 iterations shared among 1 VUs (maxDuration: 15s, gracefulStop: 30s)

PUBLIC_EVIDENCE {"row":"R-CW-7","sourceRow":"R-CW-7","staticBoundaryVariant":false,"manifest_loaded":true,"candidateSha":"6b09b1dbe938ab6b5f56eaf4e58f1ed243f89955","currentProofSha":"0921776150142c3fd8d517de5c73e1c94732f004","sourceEvidenceSha":"0921776150142c3fd8d517de5c73e1c94732f004","carriedFrom":"0921776150142c3fd8d517de5c73e1c94732f004","started":"2026-08-15T10:38:25.276Z","checks":{"passScope":false,"internalNotPublic":false,"autoPickup":false,"dispatchPreserves":false,"childReceives":false,"testsPassed":false,"sourceSha":false},"source_files":{"evidence":"../../../PROOFS/0921776150142c3fd8d517de5c73e1c94732f004/R-CW-7/cael-dgx/EVIDENCE.md","testLog":"../../../PROOFS/0921776150142c3fd8d517de5c73e1c94732f004/R-CW-7/cael-dgx/test/focused-traceparent-tests.log","sourceSnippets":"../../../PROOFS/0921776150142c3fd8d517de5c73e1c94732f004/R-CW-7/cael-dgx/source/source-snippets.md"},"ended":"2026-08-15T10:38:25.277Z","duration_ms":1,"verdict":"FAIL-candidate"}

running (00.0s), 0/1 VUs, 1 complete and 0 interrupted iterations
static_corpus_row_validator ✓ [ 100% ] 1 VUs  00.0s/15s  1/1 shared iters
time="2026-08-15T03:38:25-07:00" level=error msg="thresholds on metrics 'proof_failures' have been crossed"
[R-CW-7] Candidate routing envelope withheld: review is incomplete or its identity contract did not validate.
[R-CW-7] METRICS: /home/figs/actions-runner/_work/openclaw-bootstrap/openclaw-bootstrap/openclaw-bootstrap/PROOFS/6b09b1dbe938ab6b5f56eaf4e58f1ed243f89955/project81-k6/20260815T103808Z-cael-dgx-4123604/6b09b1dbe938ab6b5f56eaf4e58f1ed243f89955/R-CW-7/cael/20260815T103822Z-r-cw-7-7947e9ec/openclaw-proofs-k6.prom
[R-CW-7] ARTIFACTS: /home/figs/actions-runner/_work/openclaw-bootstrap/openclaw-bootstrap/openclaw-bootstrap/PROOFS/6b09b1dbe938ab6b5f56eaf4e58f1ed243f89955/project81-k6/20260815T103808Z-cael-dgx-4123604/6b09b1dbe938ab6b5f56eaf4e58f1ed243f89955/R-CW-7/cael/20260815T103822Z-r-cw-7-7947e9ec
[R-CW-7] FAILED with effective exit code 99. Public-safe artifacts preserved.
[R-CW-7] Continuing matrix so later rows retain their one-shot execution and receipts.

----------------------------------------
Row: R-CW-DELEGATE-CHILD-LIVE
Manifest: /tmp/openclaw-k6-harness.bnweVN/tools/k6-proofs/manifests/r-cw-delegate-child-live.json
Scenario: scenarios/static-corpus-row-validator.js
Status: runnable
Live Safety: k6-runnable
[R-CW-DELEGATE-CHILD-LIVE] RUNNING...
./static-corpus-row-summary.json

         /\      Grafana   /‾‾/  
    /\  /  \     |\  __   /  /   
   /  \/    \    | |/ /  /   ‾‾\ 
  /          \   |   (  |  (‾)  |
 / __________ \  |_|\_\  \_____/ 


     execution: local
        script: scenarios/static-corpus-row-validator.js
        output: -

     scenarios: (100.00%) 1 scenario, 1 max VUs, 45s max duration (incl. graceful stop):
              * static_corpus_row_validator: 1 iterations shared among 1 VUs (maxDuration: 15s, gracefulStop: 30s)

PUBLIC_EVIDENCE {"row":"R-CW-DELEGATE-CHILD-LIVE","sourceRow":"R-CW-DELEGATE-CHILD-LIVE","staticBoundaryVariant":false,"manifest_loaded":true,"candidateSha":"6b09b1dbe938ab6b5f56eaf4e58f1ed243f89955","currentProofSha":"0921776150142c3fd8d517de5c73e1c94732f004","sourceEvidenceSha":"0921776150142c3fd8d517de5c73e1c94732f004","carriedFrom":"0921776150142c3fd8d517de5c73e1c94732f004","started":"2026-08-15T10:38:31.168Z","checks":{"verdictPass":false,"hop1BeforeWork":false,"hop2AfterWake":false,"verifierBoth":false,"parentDelegateTrace":false,"childWorkFireTrace":false,"flowReceipts":false},"source_files":{"evidence":"../../../PROOFS/0921776150142c3fd8d517de5c73e1c94732f004/R-CW-DELEGATE-CHILD-LIVE/cael-dgx/EVIDENCE.md","hop1":"../../../PROOFS/0921776150142c3fd8d517de5c73e1c94732f004/R-CW-DELEGATE-CHILD-LIVE/cael-dgx/hop1.txt","hop2":"../../../PROOFS/0921776150142c3fd8d517de5c73e1c94732f004/R-CW-DELEGATE-CHILD-LIVE/cael-dgx/hop2.txt","verifier":"../../../PROOFS/0921776150142c3fd8d517de5c73e1c94732f004/R-CW-DELEGATE-CHILD-LIVE/cael-dgx/verifier-receipt.txt","tempo":"../../../PROOFS/0921776150142c3fd8d517de5c73e1c94732f004/R-CW-DELEGATE-CHILD-LIVE/cael-dgx/tempo-attribute-receipt.txt"},"ended":"2026-08-15T10:38:31.168Z","duration_ms":0,"verdict":"FAIL-candidate"}

running (00.0s), 0/1 VUs, 1 complete and 0 interrupted iterations
static_corpus_row_validator ✓ [ 100% ] 1 VUs  00.0s/15s  1/1 shared iters
time="2026-08-15T03:38:31-07:00" level=error msg="thresholds on metrics 'proof_failures' have been crossed"
[R-CW-DELEGATE-CHILD-LIVE] Candidate routing envelope withheld: review is incomplete or its identity contract did not validate.
[R-CW-DELEGATE-CHILD-LIVE] METRICS: /home/figs/actions-runner/_work/openclaw-bootstrap/openclaw-bootstrap/openclaw-bootstrap/PROOFS/6b09b1dbe938ab6b5f56eaf4e58f1ed243f89955/project81-k6/20260815T103808Z-cael-dgx-4123604/6b09b1dbe938ab6b5f56eaf4e58f1ed243f89955/R-CW-DELEGATE-CHILD-LIVE/cael/20260815T103828Z-r-cw-delegate-child-live-7947e9ec/openclaw-proofs-k6.prom
[R-CW-DELEGATE-CHILD-LIVE] ARTIFACTS: /home/figs/actions-runner/_work/openclaw-bootstrap/openclaw-bootstrap/openclaw-bootstrap/PROOFS/6b09b1dbe938ab6b5f56eaf4e58f1ed243f89955/project81-k6/20260815T103808Z-cael-dgx-4123604/6b09b1dbe938ab6b5f56eaf4e58f1ed243f89955/R-CW-DELEGATE-CHILD-LIVE/cael/20260815T103828Z-r-cw-delegate-child-live-7947e9ec
[R-CW-DELEGATE-CHILD-LIVE] FAILED with effective exit code 99. Public-safe artifacts preserved.
[R-CW-DELEGATE-CHILD-LIVE] Continuing matrix so later rows retain their one-shot execution and receipts.

----------------------------------------
Row: R-CW-DELEGATE-SELF-CONTINUATION
Manifest: /tmp/openclaw-k6-harness.bnweVN/tools/k6-proofs/manifests/r-cw-delegate-self.json
Scenario: scenarios/r-cw-delegate-self-continuation.js
Status: runnable
Live Safety: k6-runnable
[R-CW-DELEGATE-SELF-CONTINUATION] RUNNING...
./r-cw-delegate-self-continuation-summary.json

         /\      Grafana   /‾‾/  
    /\  /  \     |\  __   /  /   
   /  \/    \    | |/ /  /   ‾‾\ 
  /          \   |   (  |  (‾)  |
 / __________ \  |_|\_\  \_____/ 


     execution: local
        script: scenarios/r-cw-delegate-self-continuation.js
        output: -

     scenarios: (100.00%) 1 scenario, 1 max VUs, 3m0s max duration (incl. graceful stop):
              * r_cw_delegate_self: 1 iterations shared among 1 VUs (maxDuration: 2m30s, gracefulStop: 30s)


running (0m01.0s), 1/1 VUs, 0 complete and 0 interrupted iterations
r_cw_delegate_self   [   0% ] 1 VUs  0m01.0s/2m30s  0/1 shared iters
time="2026-08-15T03:38:38-07:00" level=info msg="✓ disposable session created: <redacted-session-key>" source=console

running (0m02.0s), 1/1 VUs, 0 complete and 0 interrupted iterations
r_cw_delegate_self   [   0% ] 1 VUs  0m02.0s/2m30s  0/1 shared iters
time="2026-08-15T03:38:39-07:00" level=info msg="✓ sessions.send accepted — agent turn triggered (will call continue_delegate)" source=console

running (0m03.0s), 1/1 VUs, 0 complete and 0 interrupted iterations
r_cw_delegate_self   [   0% ] 1 VUs  0m03.0s/2m30s  0/1 shared iters
time="2026-08-15T03:38:40-07:00" level=info msg="ℹ Ignoring harness prompt echo event" source=console

running (0m04.0s), 1/1 VUs, 0 complete and 0 interrupted iterations
r_cw_delegate_self   [   0% ] 1 VUs  0m04.0s/2m30s  0/1 shared iters

running (0m05.0s), 1/1 VUs, 0 complete and 0 interrupted iterations
r_cw_delegate_self   [   0% ] 1 VUs  0m05.0s/2m30s  0/1 shared iters

running (0m06.0s), 1/1 VUs, 0 complete and 0 interrupted iterations
r_cw_delegate_self   [   0% ] 1 VUs  0m06.0s/2m30s  0/1 shared iters

running (0m07.0s), 1/1 VUs, 0 complete and 0 interrupted iterations
r_cw_delegate_self   [   0% ] 1 VUs  0m07.0s/2m30s  0/1 shared iters

running (0m08.0s), 1/1 VUs, 0 complete and 0 interrupted iterations
r_cw_delegate_self   [   0% ] 1 VUs  0m08.0s/2m30s  0/1 shared iters

running (0m09.0s), 1/1 VUs, 0 complete and 0 interrupted iterations
r_cw_delegate_self   [   0% ] 1 VUs  0m09.0s/2m30s  0/1 shared iters

running (0m10.0s), 1/1 VUs, 0 complete and 0 interrupted iterations
r_cw_delegate_self   [   0% ] 1 VUs  0m10.0s/2m30s  0/1 shared iters

running (0m11.0s), 1/1 VUs, 0 complete and 0 interrupted iterations
r_cw_delegate_self   [   0% ] 1 VUs  0m11.0s/2m30s  0/1 shared iters

running (0m12.0s), 1/1 VUs, 0 complete and 0 interrupted iterations
r_cw_delegate_self   [   0% ] 1 VUs  0m12.0s/2m30s  0/1 shared iters

running (0m13.0s), 1/1 VUs, 0 complete and 0 interrupted iterations
r_cw_delegate_self   [   0% ] 1 VUs  0m13.0s/2m30s  0/1 shared iters

running (0m14.0s), 1/1 VUs, 0 complete and 0 interrupted iterations
r_cw_delegate_self   [   0% ] 1 VUs  0m14.0s/2m30s  0/1 shared iters

running (0m15.0s), 1/1 VUs, 0 complete and 0 interrupted iterations
r_cw_delegate_self   [   0% ] 1 VUs  0m15.0s/2m30s  0/1 shared iters

running (0m16.0s), 1/1 VUs, 0 complete and 0 interrupted iterations
r_cw_delegate_self   [   0% ] 1 VUs  0m16.0s/2m30s  0/1 shared iters
time="2026-08-15T03:38:53-07:00" level=info msg="✓ Parent return event from delegate observed post-dispatch" source=console
time="2026-08-15T03:38:53-07:00" level=info msg="✓ CHILD-CW-SCHEDULED sentinel observed post-dispatch" source=console
time="2026-08-15T03:38:53-07:00" level=info msg="✓ CHILD-HOP2-DONE sentinel observed post-dispatch" source=console
time="2026-08-15T03:38:53-07:00" level=info msg="✓ Parent return event from delegate observed post-dispatch" source=console
time="2026-08-15T03:38:53-07:00" level=info msg="Primary R-CW-DELEGATE-SELF evidence gathered, closing early" source=console
PUBLIC_EVIDENCE {"row":"R-CW-DELEGATE-SELF-CONTINUATION","manifest_loaded":true,"seat":"cael","session_created":true,"candidateSha":"6b09b1dbe938ab6b5f56eaf4e58f1ed243f89955","started":"2026-08-15T10:38:37.113Z","delegate_accepted":true,"child_spawned":false,"child_continue_work_accepted":true,"child_hop_2_woke":true,"parent_return":true,"dispatch_accepted_at_ms":1786790319427,"trace_id":null,"ended":"2026-08-15T10:38:53.643Z","duration_ms":16530}
time="2026-08-15T03:38:53-07:00" level=info msg="\n[R-CW-DELEGATE-SELF-CONTINUATION] VERDICT: PASS-candidate" source=console

[R-CW-DELEGATE-SELF-CONTINUATION] Summary: PASS-candidate | SHA: 6b09b1dbe938ab6b5f56eaf4e58f1ed243f89955 | Seat: cael

running (0m16.5s), 0/1 VUs, 1 complete and 0 interrupted iterations
r_cw_delegate_self ✓ [ 100% ] 1 VUs  0m16.5s/2m30s  1/1 shared iters
[R-CW-DELEGATE-SELF-CONTINUATION] CANDIDATE REVIEW ENVELOPE: /home/figs/actions-runner/_work/openclaw-bootstrap/openclaw-bootstrap/openclaw-bootstrap/PROOFS/6b09b1dbe938ab6b5f56eaf4e58f1ed243f89955/project81-k6/20260815T103808Z-cael-dgx-4123604/6b09b1dbe938ab6b5f56eaf4e58f1ed243f89955/R-CW-DELEGATE-SELF-CONTINUATION/cael/20260815T103834Z-r-cw-delegate-self-continuation-7947e9ec/candidate-run-result.json
[R-CW-DELEGATE-SELF-CONTINUATION] METRICS: /home/figs/actions-runner/_work/openclaw-bootstrap/openclaw-bootstrap/openclaw-bootstrap/PROOFS/6b09b1dbe938ab6b5f56eaf4e58f1ed243f89955/project81-k6/20260815T103808Z-cael-dgx-4123604/6b09b1dbe938ab6b5f56eaf4e58f1ed243f89955/R-CW-DELEGATE-SELF-CONTINUATION/cael/20260815T103834Z-r-cw-delegate-self-continuation-7947e9ec/openclaw-proofs-k6.prom
[R-CW-DELEGATE-SELF-CONTINUATION] ARTIFACTS: /home/figs/actions-runner/_work/openclaw-bootstrap/openclaw-bootstrap/openclaw-bootstrap/PROOFS/6b09b1dbe938ab6b5f56eaf4e58f1ed243f89955/project81-k6/20260815T103808Z-cael-dgx-4123604/6b09b1dbe938ab6b5f56eaf4e58f1ed243f89955/R-CW-DELEGATE-SELF-CONTINUATION/cael/20260815T103834Z-r-cw-delegate-self-continuation-7947e9ec
[R-CW-DELEGATE-SELF-CONTINUATION] COMPLETED.
Observability check: query Grafana for run/nonce or review Tempo traces if trace ID was emitted.

----------------------------------------
Row: R-CW-DELEGATE-TOKEN
Manifest: /tmp/openclaw-k6-harness.bnweVN/tools/k6-proofs/manifests/r-cw-delegate-token.json
Scenario: scenarios/static-corpus-row-validator.js
Status: runnable
Live Safety: k6-runnable
[R-CW-DELEGATE-TOKEN] RUNNING...
./static-corpus-row-summary.json

         /\      Grafana   /‾‾/  
    /\  /  \     |\  __   /  /   
   /  \/    \    | |/ /  /   ‾‾\ 
  /          \   |   (  |  (‾)  |
 / __________ \  |_|\_\  \_____/ 


     execution: local
        script: scenarios/static-corpus-row-validator.js
        output: -

     scenarios: (100.00%) 1 scenario, 1 max VUs, 45s max duration (incl. graceful stop):
              * static_corpus_row_validator: 1 iterations shared among 1 VUs (maxDuration: 15s, gracefulStop: 30s)

PUBLIC_EVIDENCE {"row":"R-CW-DELEGATE-TOKEN","sourceRow":"R-CW-DELEGATE-TOKEN","staticBoundaryVariant":false,"manifest_loaded":true,"candidateSha":"6b09b1dbe938ab6b5f56eaf4e58f1ed243f89955","currentProofSha":"0921776150142c3fd8d517de5c73e1c94732f004","sourceEvidenceSha":"0921776150142c3fd8d517de5c73e1c94732f004","carriedFrom":"0921776150142c3fd8d517de5c73e1c94732f004","started":"2026-08-15T10:38:59.599Z","checks":{"verdictPass":false,"bareToken":false,"tokenOrigin":false,"noTypedChildTool":false,"secondTurn":false,"durableWork":false,"tempoWorkFire":false},"source_files":{"evidence":"../../../PROOFS/0921776150142c3fd8d517de5c73e1c94732f004/R-CW-DELEGATE-TOKEN/cael-dgx/EVIDENCE.md","childAudit":"../../../PROOFS/0921776150142c3fd8d517de5c73e1c94732f004/R-CW-DELEGATE-TOKEN/cael-dgx/child-transcript-tool-audit.md","journal":"../../../PROOFS/0921776150142c3fd8d517de5c73e1c94732f004/R-CW-DELEGATE-TOKEN/cael-dgx/journal-continuation-excerpt.log","flowRows":"../../../PROOFS/0921776150142c3fd8d517de5c73e1c94732f004/R-CW-DELEGATE-TOKEN/cael-dgx/flow-runs-matching-full.jsonl","tempoAudit":"../../../PROOFS/0921776150142c3fd8d517de5c73e1c94732f004/R-CW-DELEGATE-TOKEN/cael-dgx/tempo-child-tool-audit.txt"},"ended":"2026-08-15T10:38:59.599Z","duration_ms":0,"verdict":"FAIL-candidate"}

running (00.0s), 0/1 VUs, 1 complete and 0 interrupted iterations
static_corpus_row_validator ✓ [ 100% ] 1 VUs  00.0s/15s  1/1 shared iters
time="2026-08-15T03:38:59-07:00" level=error msg="thresholds on metrics 'proof_failures' have been crossed"
[R-CW-DELEGATE-TOKEN] Candidate routing envelope withheld: review is incomplete or its identity contract did not validate.
[R-CW-DELEGATE-TOKEN] METRICS: /home/figs/actions-runner/_work/openclaw-bootstrap/openclaw-bootstrap/openclaw-bootstrap/PROOFS/6b09b1dbe938ab6b5f56eaf4e58f1ed243f89955/project81-k6/20260815T103808Z-cael-dgx-4123604/6b09b1dbe938ab6b5f56eaf4e58f1ed243f89955/R-CW-DELEGATE-TOKEN/cael/20260815T103856Z-r-cw-delegate-token-7947e9ec/openclaw-proofs-k6.prom
[R-CW-DELEGATE-TOKEN] ARTIFACTS: /home/figs/actions-runner/_work/openclaw-bootstrap/openclaw-bootstrap/openclaw-bootstrap/PROOFS/6b09b1dbe938ab6b5f56eaf4e58f1ed243f89955/project81-k6/20260815T103808Z-cael-dgx-4123604/6b09b1dbe938ab6b5f56eaf4e58f1ed243f89955/R-CW-DELEGATE-TOKEN/cael/20260815T103856Z-r-cw-delegate-token-7947e9ec
[R-CW-DELEGATE-TOKEN] FAILED with effective exit code 99. Public-safe artifacts preserved.
[R-CW-DELEGATE-TOKEN] Continuing matrix so later rows retain their one-shot execution and receipts.

----------------------------------------
Row: R-CW-MULTI-COLLAPSE
Manifest: /tmp/openclaw-k6-harness.bnweVN/tools/k6-proofs/manifests/r-cw-multi-collapse.json
Scenario: scenarios/static-corpus-row-validator.js
Status: runnable
Live Safety: k6-runnable
[R-CW-MULTI-COLLAPSE] RUNNING...
./static-corpus-row-summary.json

         /\      Grafana   /‾‾/  
    /\  /  \     |\  __   /  /   
   /  \/    \    | |/ /  /   ‾‾\ 
  /          \   |   (  |  (‾)  |
 / __________ \  |_|\_\  \_____/ 


     execution: local
        script: scenarios/static-corpus-row-validator.js
        output: -

     scenarios: (100.00%) 1 scenario, 1 max VUs, 45s max duration (incl. graceful stop):
              * static_corpus_row_validator: 1 iterations shared among 1 VUs (maxDuration: 15s, gracefulStop: 30s)

PUBLIC_EVIDENCE {"row":"R-CW-MULTI-COLLAPSE","sourceRow":"R-CW-MULTI-COLLAPSE","staticBoundaryVariant":false,"manifest_loaded":true,"candidateSha":"6b09b1dbe938ab6b5f56eaf4e58f1ed243f89955","currentProofSha":"0921776150142c3fd8d517de5c73e1c94732f004","sourceEvidenceSha":"0921776150142c3fd8d517de5c73e1c94732f004","carriedFrom":"0921776150142c3fd8d517de5c73e1c94732f004","started":"2026-08-15T10:39:05.469Z","checks":{"verdictPassScoped":false,"syntheticCaveat":false,"twoRowsInserted":false,"oldSuperseded":false,"newestGranted":false,"noRemainingQueued":true,"configRestored":false,"tempoExactChain":false},"source_files":{"evidence":"../../../PROOFS/0921776150142c3fd8d517de5c73e1c94732f004/R-CW-MULTI-COLLAPSE/cael-dgx/EVIDENCE.md","insertVars":"../../../PROOFS/0921776150142c3fd8d517de5c73e1c94732f004/R-CW-MULTI-COLLAPSE/cael-dgx/insert-vars.json","postInsert":"../../../PROOFS/0921776150142c3fd8d517de5c73e1c94732f004/R-CW-MULTI-COLLAPSE/cael-dgx/post-insert-sqlite.txt","finalTerminal":"../../../PROOFS/0921776150142c3fd8d517de5c73e1c94732f004/R-CW-MULTI-COLLAPSE/cael-dgx/final-terminal-sqlite.txt","finalQueued":"../../../PROOFS/0921776150142c3fd8d517de5c73e1c94732f004/R-CW-MULTI-COLLAPSE/cael-dgx/final-queued-running.txt","flowRows":"../../../PROOFS/0921776150142c3fd8d517de5c73e1c94732f004/R-CW-MULTI-COLLAPSE/cael-dgx/flow-runs-final.json","journal":"../../../PROOFS/0921776150142c3fd8d517de5c73e1c94732f004/R-CW-MULTI-COLLAPSE/cael-dgx/journal-continuation-window.txt","restoreHash":"../../../PROOFS/0921776150142c3fd8d517de5c73e1c94732f004/R-CW-MULTI-COLLAPSE/cael-dgx/restore-verified-sha256.txt","tempoAttrs":"../../../PROOFS/0921776150142c3fd8d517de5c73e1c94732f004/R-CW-MULTI-COLLAPSE/cael-dgx/tempo-attribute-receipt.txt"},"ended":"2026-08-15T10:39:05.469Z","duration_ms":0,"verdict":"FAIL-candidate"}

running (00.0s), 0/1 VUs, 1 complete and 0 interrupted iterations
static_corpus_row_validator ✓ [ 100% ] 1 VUs  00.0s/15s  1/1 shared iters
time="2026-08-15T03:39:05-07:00" level=error msg="thresholds on metrics 'proof_failures' have been crossed"
[R-CW-MULTI-COLLAPSE] Candidate routing envelope withheld: review is incomplete or its identity contract did not validate.
[R-CW-MULTI-COLLAPSE] METRICS: /home/figs/actions-runner/_work/openclaw-bootstrap/openclaw-bootstrap/openclaw-bootstrap/PROOFS/6b09b1dbe938ab6b5f56eaf4e58f1ed243f89955/project81-k6/20260815T103808Z-cael-dgx-4123604/6b09b1dbe938ab6b5f56eaf4e58f1ed243f89955/R-CW-MULTI-COLLAPSE/cael/20260815T103902Z-r-cw-multi-collapse-7947e9ec/openclaw-proofs-k6.prom
[R-CW-MULTI-COLLAPSE] ARTIFACTS: /home/figs/actions-runner/_work/openclaw-bootstrap/openclaw-bootstrap/openclaw-bootstrap/PROOFS/6b09b1dbe938ab6b5f56eaf4e58f1ed243f89955/project81-k6/20260815T103808Z-cael-dgx-4123604/6b09b1dbe938ab6b5f56eaf4e58f1ed243f89955/R-CW-MULTI-COLLAPSE/cael/20260815T103902Z-r-cw-multi-collapse-7947e9ec
[R-CW-MULTI-COLLAPSE] FAILED with effective exit code 99. Public-safe artifacts preserved.
[R-CW-MULTI-COLLAPSE] Continuing matrix so later rows retain their one-shot execution and receipts.

----------------------------------------
Row: R-CW-MULTI
Manifest: /tmp/openclaw-k6-harness.bnweVN/tools/k6-proofs/manifests/r-cw-multi.json
Scenario: scenarios/static-corpus-row-validator.js
Status: runnable
Live Safety: k6-runnable
[R-CW-MULTI] RUNNING...
./static-corpus-row-summary.json

         /\      Grafana   /‾‾/  
    /\  /  \     |\  __   /  /   
   /  \/    \    | |/ /  /   ‾‾\ 
  /          \   |   (  |  (‾)  |
 / __________ \  |_|\_\  \_____/ 


     execution: local
        script: scenarios/static-corpus-row-validator.js
        output: -

     scenarios: (100.00%) 1 scenario, 1 max VUs, 45s max duration (incl. graceful stop):
              * static_corpus_row_validator: 1 iterations shared among 1 VUs (maxDuration: 15s, gracefulStop: 30s)

PUBLIC_EVIDENCE {"row":"R-CW-MULTI","sourceRow":"R-CW-MULTI","staticBoundaryVariant":false,"manifest_loaded":true,"candidateSha":"6b09b1dbe938ab6b5f56eaf4e58f1ed243f89955","currentProofSha":"0921776150142c3fd8d517de5c73e1c94732f004","sourceEvidenceSha":"0921776150142c3fd8d517de5c73e1c94732f004","carriedFrom":"0921776150142c3fd8d517de5c73e1c94732f004","started":"2026-08-15T10:39:11.453Z","checks":{"verdictPass":false,"threeToolReceipts":false,"grantedA":false,"foldedBC":false,"journalFolded":false,"noInventedMarkers":false,"traceThreeWorkSpans":false},"source_files":{"evidence":"../../../PROOFS/0921776150142c3fd8d517de5c73e1c94732f004/R-CW-MULTI/cael-dgx/EVIDENCE.md","sourceReceipts":"../../../PROOFS/0921776150142c3fd8d517de5c73e1c94732f004/R-CW-MULTI/cael-dgx/source-tool-receipts.jsonl","flowRows":"../../../PROOFS/0921776150142c3fd8d517de5c73e1c94732f004/R-CW-MULTI/cael-dgx/flow-runs-final.json","journal":"../../../PROOFS/0921776150142c3fd8d517de5c73e1c94732f004/R-CW-MULTI/cael-dgx/journal-continuation-lines.txt","traceSummary":"../../../PROOFS/0921776150142c3fd8d517de5c73e1c94732f004/R-CW-MULTI/cael-dgx/tempo/trace-summary.jsonl"},"ended":"2026-08-15T10:39:11.453Z","duration_ms":0,"verdict":"FAIL-candidate"}

running (00.0s), 0/1 VUs, 1 complete and 0 interrupted iterations
static_corpus_row_validator ✓ [ 100% ] 1 VUs  00.0s/15s  1/1 shared iters
time="2026-08-15T03:39:11-07:00" level=error msg="thresholds on metrics 'proof_failures' have been crossed"
[R-CW-MULTI] Candidate routing envelope withheld: review is incomplete or its identity contract did not validate.
[R-CW-MULTI] METRICS: /home/figs/actions-runner/_work/openclaw-bootstrap/openclaw-bootstrap/openclaw-bootstrap/PROOFS/6b09b1dbe938ab6b5f56eaf4e58f1ed243f89955/project81-k6/20260815T103808Z-cael-dgx-4123604/6b09b1dbe938ab6b5f56eaf4e58f1ed243f89955/R-CW-MULTI/cael/20260815T103908Z-r-cw-multi-7947e9ec/openclaw-proofs-k6.prom
[R-CW-MULTI] ARTIFACTS: /home/figs/actions-runner/_work/openclaw-bootstrap/openclaw-bootstrap/openclaw-bootstrap/PROOFS/6b09b1dbe938ab6b5f56eaf4e58f1ed243f89955/project81-k6/20260815T103808Z-cael-dgx-4123604/6b09b1dbe938ab6b5f56eaf4e58f1ed243f89955/R-CW-MULTI/cael/20260815T103908Z-r-cw-multi-7947e9ec
[R-CW-MULTI] FAILED with effective exit code 99. Public-safe artifacts preserved.
[R-CW-MULTI] Continuing matrix so later rows retain their one-shot execution and receipts.

----------------------------------------
Row: R-CW-TOKEN
Manifest: /tmp/openclaw-k6-harness.bnweVN/tools/k6-proofs/manifests/r-cw-token.json
Scenario: scenarios/r-cw-token-bracket.js
Status: runnable
Live Safety: k6-runnable
[R-CW-TOKEN] RUNNING...
./r-cw-token-bracket-summary.json

         /\      Grafana   /‾‾/  
    /\  /  \     |\  __   /  /   
   /  \/    \    | |/ /  /   ‾‾\ 
  /          \   |   (  |  (‾)  |
 / __________ \  |_|\_\  \_____/ 


     execution: local
        script: scenarios/r-cw-token-bracket.js
        output: -

     scenarios: (100.00%) 1 scenario, 1 max VUs, 3m30s max duration (incl. graceful stop):
              * r_cw_token_bracket: 1 iterations shared among 1 VUs (maxDuration: 3m0s, gracefulStop: 30s)


running (0m01.0s), 1/1 VUs, 0 complete and 0 interrupted iterations
r_cw_token_bracket   [   0% ] 1 VUs  0m01.0s/3m0s  0/1 shared iters
time="2026-08-15T03:39:18-07:00" level=info msg="✓ disposable session created: <redacted-session-key>" source=console

running (0m02.0s), 1/1 VUs, 0 complete and 0 interrupted iterations
r_cw_token_bracket   [   0% ] 1 VUs  0m02.0s/3m0s  0/1 shared iters
time="2026-08-15T03:39:19-07:00" level=info msg="✓ sessions.send accepted — parent agent turn triggered" source=console

running (0m03.0s), 1/1 VUs, 0 complete and 0 interrupted iterations
r_cw_token_bracket   [   0% ] 1 VUs  0m03.0s/3m0s  0/1 shared iters
time="2026-08-15T03:39:20-07:00" level=info msg="ℹ Ignoring harness prompt echo event" source=console

running (0m04.0s), 1/1 VUs, 0 complete and 0 interrupted iterations
r_cw_token_bracket   [   0% ] 1 VUs  0m04.0s/3m0s  0/1 shared iters

running (0m05.0s), 1/1 VUs, 0 complete and 0 interrupted iterations
r_cw_token_bracket   [   0% ] 1 VUs  0m05.0s/3m0s  0/1 shared iters

running (0m06.0s), 1/1 VUs, 0 complete and 0 interrupted iterations
r_cw_token_bracket   [   0% ] 1 VUs  0m06.0s/3m0s  0/1 shared iters

running (0m07.0s), 1/1 VUs, 0 complete and 0 interrupted iterations
r_cw_token_bracket   [   0% ] 1 VUs  0m07.0s/3m0s  0/1 shared iters

running (0m08.0s), 1/1 VUs, 0 complete and 0 interrupted iterations
r_cw_token_bracket   [   0% ] 1 VUs  0m08.0s/3m0s  0/1 shared iters

running (0m09.0s), 1/1 VUs, 0 complete and 0 interrupted iterations
r_cw_token_bracket   [   0% ] 1 VUs  0m09.0s/3m0s  0/1 shared iters

running (0m10.0s), 1/1 VUs, 0 complete and 0 interrupted iterations
r_cw_token_bracket   [   0% ] 1 VUs  0m10.0s/3m0s  0/1 shared iters

running (0m11.0s), 1/1 VUs, 0 complete and 0 interrupted iterations
r_cw_token_bracket   [   0% ] 1 VUs  0m11.0s/3m0s  0/1 shared iters

running (0m12.0s), 1/1 VUs, 0 complete and 0 interrupted iterations
r_cw_token_bracket   [   0% ] 1 VUs  0m12.0s/3m0s  0/1 shared iters

running (0m13.0s), 1/1 VUs, 0 complete and 0 interrupted iterations
r_cw_token_bracket   [   0% ] 1 VUs  0m13.0s/3m0s  0/1 shared iters

running (0m14.0s), 1/1 VUs, 0 complete and 0 interrupted iterations
r_cw_token_bracket   [   0% ] 1 VUs  0m14.0s/3m0s  0/1 shared iters

running (0m15.0s), 1/1 VUs, 0 complete and 0 interrupted iterations
r_cw_token_bracket   [   0% ] 1 VUs  0m15.0s/3m0s  0/1 shared iters
time="2026-08-15T03:39:32-07:00" level=info msg="✓ parent sessions_spawn acceptance signal observed" source=console
time="2026-08-15T03:39:33-07:00" level=info msg="✓ parent sessions_spawn acceptance signal observed" source=console
time="2026-08-15T03:39:33-07:00" level=info msg="✓ parent sessions_spawn acceptance signal observed" source=console

running (0m16.0s), 1/1 VUs, 0 complete and 0 interrupted iterations
r_cw_token_bracket   [   0% ] 1 VUs  0m16.0s/3m0s  0/1 shared iters
time="2026-08-15T03:39:33-07:00" level=info msg="✓ parent sessions_spawn acceptance signal observed" source=console
time="2026-08-15T03:39:34-07:00" level=info msg="✓ parent sessions_spawn acceptance signal observed" source=console
time="2026-08-15T03:39:34-07:00" level=info msg="✓ parent sessions_spawn acceptance signal observed" source=console
time="2026-08-15T03:39:34-07:00" level=info msg="✓ parent sessions_spawn acceptance signal observed" source=console
time="2026-08-15T03:39:34-07:00" level=info msg="✓ parent sessions_spawn acceptance signal observed" source=console

running (0m17.0s), 1/1 VUs, 0 complete and 0 interrupted iterations
r_cw_token_bracket   [   0% ] 1 VUs  0m17.0s/3m0s  0/1 shared iters
time="2026-08-15T03:39:34-07:00" level=info msg="✓ parent sessions_spawn acceptance signal observed" source=console
time="2026-08-15T03:39:34-07:00" level=info msg="✓ parent sessions_spawn acceptance signal observed" source=console
time="2026-08-15T03:39:34-07:00" level=info msg="✓ parent sessions_spawn acceptance signal observed" source=console
time="2026-08-15T03:39:34-07:00" level=info msg="✓ parent sessions_spawn acceptance signal observed" source=console
time="2026-08-15T03:39:34-07:00" level=info msg="✓ parent sessions_spawn acceptance signal observed" source=console
time="2026-08-15T03:39:34-07:00" level=info msg="✓ parent sessions_spawn acceptance signal observed" source=console
time="2026-08-15T03:39:34-07:00" level=info msg="✓ parent sessions_spawn acceptance signal observed" source=console
time="2026-08-15T03:39:34-07:00" level=info msg="✓ parent sessions_spawn acceptance signal observed" source=console
time="2026-08-15T03:39:34-07:00" level=info msg="✓ parent sessions_spawn acceptance signal observed" source=console
time="2026-08-15T03:39:34-07:00" level=info msg="✓ parent sessions_spawn acceptance signal observed" source=console
time="2026-08-15T03:39:34-07:00" level=info msg="✓ parent sessions_spawn acceptance signal observed" source=console
time="2026-08-15T03:39:34-07:00" level=info msg="✓ parent sessions_spawn acceptance signal observed" source=console
time="2026-08-15T03:39:34-07:00" level=info msg="✓ parent sessions_spawn acceptance signal observed" source=console
time="2026-08-15T03:39:34-07:00" level=info msg="✓ parent sessions_spawn acceptance signal observed" source=console
time="2026-08-15T03:39:34-07:00" level=info msg="✓ parent sessions_spawn acceptance signal observed" source=console
time="2026-08-15T03:39:34-07:00" level=info msg="✓ parent sessions_spawn acceptance signal observed" source=console
time="2026-08-15T03:39:34-07:00" level=info msg="✓ parent sessions_spawn acceptance signal observed" source=console
time="2026-08-15T03:39:34-07:00" level=info msg="✓ parent sessions_spawn acceptance signal observed" source=console
time="2026-08-15T03:39:34-07:00" level=info msg="✓ parent sessions_spawn acceptance signal observed" source=console
time="2026-08-15T03:39:34-07:00" level=info msg="✓ parent sessions_spawn acceptance signal observed" source=console
time="2026-08-15T03:39:34-07:00" level=info msg="✓ parent sessions_spawn acceptance signal observed" source=console
time="2026-08-15T03:39:34-07:00" level=info msg="✓ parent sessions_spawn acceptance signal observed" source=console
time="2026-08-15T03:39:34-07:00" level=info msg="✓ parent sessions_spawn acceptance signal observed" source=console
time="2026-08-15T03:39:34-07:00" level=info msg="✓ parent sessions_spawn acceptance signal observed" source=console
time="2026-08-15T03:39:34-07:00" level=info msg="✓ parent sessions_spawn acceptance signal observed" source=console
time="2026-08-15T03:39:34-07:00" level=info msg="✓ parent sessions_spawn acceptance signal observed" source=console
time="2026-08-15T03:39:34-07:00" level=info msg="✓ parent sessions_spawn acceptance signal observed" source=console
time="2026-08-15T03:39:34-07:00" level=info msg="✓ parent sessions_spawn acceptance signal observed" source=console
time="2026-08-15T03:39:34-07:00" level=info msg="✓ parent sessions_spawn acceptance signal observed" source=console
time="2026-08-15T03:39:34-07:00" level=info msg="✓ parent sessions_spawn acceptance signal observed" source=console
time="2026-08-15T03:39:34-07:00" level=info msg="✓ parent sessions_spawn acceptance signal observed" source=console
time="2026-08-15T03:39:34-07:00" level=info msg="✓ parent sessions_spawn acceptance signal observed" source=console
time="2026-08-15T03:39:34-07:00" level=info msg="✓ parent sessions_spawn acceptance signal observed" source=console
time="2026-08-15T03:39:34-07:00" level=info msg="✓ parent sessions_spawn acceptance signal observed" source=console
time="2026-08-15T03:39:34-07:00" level=info msg="✓ parent sessions_spawn acceptance signal observed" source=console
time="2026-08-15T03:39:34-07:00" level=info msg="✓ parent sessions_spawn acceptance signal observed" source=console
time="2026-08-15T03:39:34-07:00" level=info msg="✓ parent sessions_spawn acceptance signal observed" source=console
time="2026-08-15T03:39:34-07:00" level=info msg="✓ parent sessions_spawn acceptance signal observed" source=console
time="2026-08-15T03:39:34-07:00" level=info msg="✓ parent sessions_spawn acceptance signal observed" source=console
time="2026-08-15T03:39:34-07:00" level=info msg="✓ parent sessions_spawn acceptance signal observed" source=console
time="2026-08-15T03:39:35-07:00" level=info msg="✓ parent sessions_spawn acceptance signal observed" source=console
time="2026-08-15T03:39:35-07:00" level=info msg="✓ token-emitting child turn observed" source=console
time="2026-08-15T03:39:35-07:00" level=info msg="✓ TOKEN-HOP2-DONE sentinel observed — hop-2 executed" source=console
time="2026-08-15T03:39:35-07:00" level=info msg="All required R-CW-TOKEN evidence gathered, closing early" source=console
PUBLIC_EVIDENCE {"row":"R-CW-TOKEN","manifest_loaded":true,"seat":"cael","session_created":true,"candidateSha":"6b09b1dbe938ab6b5f56eaf4e58f1ed243f89955","started":"2026-08-15T10:39:17.451Z","parent_dispatch_accepted":true,"subagent_spawn_requested":true,"subagent_spawn_accepted":true,"token_emitted_or_stripped":true,"hop_2_executed":true,"parent_return":true,"dispatch_accepted_at_ms":1786790359757,"hop_2_at_ms":1786790375006,"trace_id":null,"ended":"2026-08-15T10:39:35.006Z","duration_ms":17555}
time="2026-08-15T03:39:35-07:00" level=info msg="\n[R-CW-TOKEN] VERDICT: PASS-candidate" source=console

[R-CW-TOKEN] Summary: PASS-candidate | SHA: 6b09b1dbe938ab6b5f56eaf4e58f1ed243f89955 | Seat: cael

running (0m17.6s), 0/1 VUs, 1 complete and 0 interrupted iterations
r_cw_token_bracket ✓ [ 100% ] 1 VUs  0m17.6s/3m0s  1/1 shared iters
[R-CW-TOKEN] CANDIDATE REVIEW ENVELOPE: /home/figs/actions-runner/_work/openclaw-bootstrap/openclaw-bootstrap/openclaw-bootstrap/PROOFS/6b09b1dbe938ab6b5f56eaf4e58f1ed243f89955/project81-k6/20260815T103808Z-cael-dgx-4123604/6b09b1dbe938ab6b5f56eaf4e58f1ed243f89955/R-CW-TOKEN/cael/20260815T103914Z-r-cw-token-7947e9ec/candidate-run-result.json
[R-CW-TOKEN] METRICS: /home/figs/actions-runner/_work/openclaw-bootstrap/openclaw-bootstrap/openclaw-bootstrap/PROOFS/6b09b1dbe938ab6b5f56eaf4e58f1ed243f89955/project81-k6/20260815T103808Z-cael-dgx-4123604/6b09b1dbe938ab6b5f56eaf4e58f1ed243f89955/R-CW-TOKEN/cael/20260815T103914Z-r-cw-token-7947e9ec/openclaw-proofs-k6.prom
[R-CW-TOKEN] ARTIFACTS: /home/figs/actions-runner/_work/openclaw-bootstrap/openclaw-bootstrap/openclaw-bootstrap/PROOFS/6b09b1dbe938ab6b5f56eaf4e58f1ed243f89955/project81-k6/20260815T103808Z-cael-dgx-4123604/6b09b1dbe938ab6b5f56eaf4e58f1ed243f89955/R-CW-TOKEN/cael/20260815T103914Z-r-cw-token-7947e9ec
[R-CW-TOKEN] COMPLETED.
Observability check: query Grafana for run/nonce or review Tempo traces if trace ID was emitted.
REPORT: /home/figs/actions-runner/_work/openclaw-bootstrap/openclaw-bootstrap/openclaw-bootstrap/PROOFS/6b09b1dbe938ab6b5f56eaf4e58f1ed243f89955/project81-k6/20260815T103808Z-cael-dgx-4123604/report.html

==========================================================
Runner execution finished.
Rows with non-zero effective exits: R-CW-7:99 R-CW-DELEGATE-CHILD-LIVE:99 R-CW-DELEGATE-TOKEN:99 R-CW-MULTI-COLLAPSE:99 R-CW-MULTI:99
