==========================================================
Project 81: Seat-Aware k6 Proof Runner
Seat: cael
Target Candidate SHA: 03939273216bc0c08a2df2d768f2f8d6549ca1f2
Artifact root: /home/figs/.local/state/openclaw-proof-runs/03939273216bc0c08a2df2d768f2f8d6549ca1f2-rowwise-20260806T205552Z/R-CW-DELEGATE-TOKEN
Row selection: R-CW-DELEGATE-TOKEN
Dry Run: false
==========================================================
Harness execution: handing off to the approved runner in an immutable snapshot.
==========================================================
Project 81: Seat-Aware k6 Proof Runner
Seat: cael
Target Candidate SHA: 03939273216bc0c08a2df2d768f2f8d6549ca1f2
Artifact root: /home/figs/.local/state/openclaw-proof-runs/03939273216bc0c08a2df2d768f2f8d6549ca1f2-rowwise-20260806T205552Z/R-CW-DELEGATE-TOKEN
Row selection: R-CW-DELEGATE-TOKEN
Dry Run: false
==========================================================
Approved docs ref: 52941484c258f353a91d783a635ba6c841d1c38a (karmaterminal/karmaterminal-openclaw-docs)
Harness identity: every tracked byte under tools/k6-proofs matches the approved docs ref.
Harness execution: immutable snapshot of the approved tree (runner included).
Running catalog preflight (repository root: tools/k6-proofs resolved once)...
CATALOG PREFLIGHT: /home/figs/.local/state/openclaw-proof-runs/03939273216bc0c08a2df2d768f2f8d6549ca1f2-rowwise-20260806T205552Z/R-CW-DELEGATE-TOKEN/catalog-preflight.log
Rows: R-CW-DELEGATE-TOKEN
Harness contract binding: frozen manifest/scenario digests for every selected runnable row.
Resolving session key for selector: main
Deployed Runtime SHA: 03939273216bc0c08a2df2d768f2f8d6549ca1f2
Session configured: true
Running seat-readiness preflight (k6/tooling/gateway/continuation config)...
SEAT READINESS: /home/figs/.local/state/openclaw-proof-runs/03939273216bc0c08a2df2d768f2f8d6549ca1f2-rowwise-20260806T205552Z/R-CW-DELEGATE-TOKEN/seat-readiness.json
HARNESS PROVENANCE: /home/figs/.local/state/openclaw-proof-runs/03939273216bc0c08a2df2d768f2f8d6549ca1f2-rowwise-20260806T205552Z/R-CW-DELEGATE-TOKEN/harness-provenance.json
HARNESS PROVENANCE (matrix 20260806T211328Z-52941484c258-21a580a8): /home/figs/.local/state/openclaw-proof-runs/03939273216bc0c08a2df2d768f2f8d6549ca1f2-rowwise-20260806T205552Z/R-CW-DELEGATE-TOKEN/harness-provenance/20260806T211328Z-52941484c258-21a580a8.json

----------------------------------------
Row: R-CW-DELEGATE-TOKEN
Manifest: /tmp/openclaw-k6-harness.MgroHH/tools/k6-proofs/manifests/r-cw-delegate-token.json
Scenario: scenarios/static-corpus-row-validator.js
Status: runnable
Live Safety: k6-runnable
[R-CW-DELEGATE-TOKEN] RUNNING...
./static-corpus-row-summary.json

         /\      Grafana   /‾‾/  
    /\  /  \     |\  __   /  /   
   /  \/    \    | |/ /  /   ‾‾\ 
  /          \   |   (  |  (‾)  |
 / __________ \  |_|\_\  \_____/ 


     execution: local
        script: scenarios/static-corpus-row-validator.js
        output: -

     scenarios: (100.00%) 1 scenario, 1 max VUs, 45s max duration (incl. graceful stop):
              * static_corpus_row_validator: 1 iterations shared among 1 VUs (maxDuration: 15s, gracefulStop: 30s)

PUBLIC_EVIDENCE {"row":"R-CW-DELEGATE-TOKEN","sourceRow":"R-CW-DELEGATE-TOKEN","staticBoundaryVariant":false,"manifest_loaded":true,"candidateSha":"03939273216bc0c08a2df2d768f2f8d6549ca1f2","currentProofSha":"989d20226a2009b47a3a479865f9f2ef39f89a6a","sourceEvidenceSha":"989d20226a2009b47a3a479865f9f2ef39f89a6a","carriedFrom":"989d20226a2009b47a3a479865f9f2ef39f89a6a","started":"2026-08-06T21:13:33.556Z","checks":{"verdictPass":false,"bareToken":false,"tokenOrigin":false,"noTypedChildTool":false,"secondTurn":false,"durableWork":false,"tempoWorkFire":false},"source_files":{"evidence":"../../../PROOFS/989d20226a2009b47a3a479865f9f2ef39f89a6a/R-CW-DELEGATE-TOKEN/cael-dgx/EVIDENCE.md","childAudit":"../../../PROOFS/989d20226a2009b47a3a479865f9f2ef39f89a6a/R-CW-DELEGATE-TOKEN/cael-dgx/child-transcript-tool-audit.md","journal":"../../../PROOFS/989d20226a2009b47a3a479865f9f2ef39f89a6a/R-CW-DELEGATE-TOKEN/cael-dgx/journal-continuation-excerpt.log","flowRows":"../../../PROOFS/989d20226a2009b47a3a479865f9f2ef39f89a6a/R-CW-DELEGATE-TOKEN/cael-dgx/flow-runs-matching-full.jsonl","tempoAudit":"../../../PROOFS/989d20226a2009b47a3a479865f9f2ef39f89a6a/R-CW-DELEGATE-TOKEN/cael-dgx/tempo-child-tool-audit.txt"},"ended":"2026-08-06T21:13:33.556Z","duration_ms":0,"verdict":"FAIL-candidate"}

running (00.0s), 0/1 VUs, 1 complete and 0 interrupted iterations
static_corpus_row_validator ✓ [ 100% ] 1 VUs  00.0s/15s  1/1 shared iters
time="2026-08-06T14:13:33-07:00" level=error msg="thresholds on metrics 'proof_failures' have been crossed"
[R-CW-DELEGATE-TOKEN] Candidate routing envelope withheld: review is incomplete or its identity contract did not validate.
[R-CW-DELEGATE-TOKEN] METRICS: /home/figs/.local/state/openclaw-proof-runs/03939273216bc0c08a2df2d768f2f8d6549ca1f2-rowwise-20260806T205552Z/R-CW-DELEGATE-TOKEN/03939273216bc0c08a2df2d768f2f8d6549ca1f2/R-CW-DELEGATE-TOKEN/cael/20260806T211330Z-r-cw-delegate-token-21a580a8/openclaw-proofs-k6.prom
[R-CW-DELEGATE-TOKEN] ARTIFACTS: /home/figs/.local/state/openclaw-proof-runs/03939273216bc0c08a2df2d768f2f8d6549ca1f2-rowwise-20260806T205552Z/R-CW-DELEGATE-TOKEN/03939273216bc0c08a2df2d768f2f8d6549ca1f2/R-CW-DELEGATE-TOKEN/cael/20260806T211330Z-r-cw-delegate-token-21a580a8
[R-CW-DELEGATE-TOKEN] FAILED with effective exit code 99. Public-safe artifacts preserved.
