
         /\      Grafana   /‾‾/  
    /\  /  \     |\  __   /  /   
   /  \/    \    | |/ /  /   ‾‾\ 
  /          \   |   (  |  (‾)  |
 / __________ \  |_|\_\  \_____/ 


     execution: local
        script: scenarios/preflight.js
        output: -

     scenarios: (100.00%) 1 scenario, 1 max VUs, 1m15s max duration (incl. graceful stop):
              * preflight_inventory: 1 iterations shared among 1 VUs (maxDuration: 45s, gracefulStop: 30s)


running (0m01.0s), 1/1 VUs, 0 complete and 0 interrupted iterations
preflight_inventory   [   0% ] 1 VUs  01.0s/45s  0/1 shared iters
PUBLIC_EVIDENCE {"row":"preflight","manifest_loaded":true,"seat":"cael","candidateSha":"009e4554627451313acab5e39d895beaae155be7","started":"2026-08-02T01:18:40.207Z","connected":true,"sessions_list_ok":true,"tools_effective_ok":true,"tool_inventory_count":0,"ended":"2026-08-02T01:18:41.328Z","duration_ms":1121}


  █ THRESHOLDS 

    preflight_duration
    ✓ 'p(95)<30000' p(95)=1121

    proof_failures
    ✓ 'count==0' count=0


  █ TOTAL RESULTS 

    checks_total.......: 3       2.675675/s
    checks_succeeded...: 100.00% 3 out of 3
    checks_failed......: 0.00%   0 out of 3

    ✓ websocket connected
    ✓ sessions.list accepted
    ✓ tools.effective accepted

    CUSTOM
    preflight_duration....: avg=1121   min=1121   med=1121   max=1121   p(90)=1121   p(95)=1121  
    proof_failures........: 0     0/s

    EXECUTION
    iteration_duration....: avg=1.12s  min=1.12s  med=1.12s  max=1.12s  p(90)=1.12s  p(95)=1.12s 
    iterations............: 1     0.891892/s
    vus...................: 1     min=1      max=1
    vus_max...............: 1     min=1      max=1

    NETWORK
    data_received.........: 74 kB 66 kB/s
    data_sent.............: 874 B 780 B/s

    WEBSOCKET
    ws_connecting.........: avg=1.36ms min=1.36ms med=1.36ms max=1.36ms p(90)=1.36ms p(95)=1.36ms
    ws_msgs_received......: 7     6.243241/s
    ws_msgs_sent..........: 3     2.675675/s
    ws_session_duration...: avg=1.12s  min=1.12s  med=1.12s  max=1.12s  p(90)=1.12s  p(95)=1.12s 
    ws_sessions...........: 1     0.891892/s




running (0m01.1s), 0/1 VUs, 1 complete and 0 interrupted iterations
preflight_inventory ✓ [ 100% ] 1 VUs  01.1s/45s  1/1 shared iters
