
         /\      Grafana   /‾‾/  
    /\  /  \     |\  __   /  /   
   /  \/    \    | |/ /  /   ‾‾\ 
  /          \   |   (  |  (‾)  |
 / __________ \  |_|\_\  \_____/ 


     execution: local
        script: scenarios/r-cd-1-typed-delegate.js
        output: -

     scenarios: (100.00%) 1 scenario, 1 max VUs, 3m0s max duration (incl. graceful stop):
              * r_cd_1_typed_delegate: 1 iterations shared among 1 VUs (maxDuration: 2m30s, gracefulStop: 30s)

time="2026-10-05T13:55:15-07:00" level=info msg="✓ disposable session created: <redacted-session-key>" source=console
time="2026-10-05T13:55:16-07:00" level=info msg="✓ sessions.send accepted — agent turn triggered (will call continue_delegate)" source=console

running (0m01.0s), 1/1 VUs, 0 complete and 0 interrupted iterations
r_cd_1_typed_delegate   [   0% ] 1 VUs  0m01.0s/2m30s  0/1 shared iters
time="2026-10-05T13:55:16-07:00" level=info msg="ℹ Channel message from delegate return (expected for mode=normal)" source=console
time="2026-10-05T13:55:16-07:00" level=info msg="ℹ Ignoring harness prompt echo event" source=console
time="2026-10-05T13:55:16-07:00" level=info msg="ℹ Ignoring harness prompt echo event" source=console

running (0m02.0s), 1/1 VUs, 0 complete and 0 interrupted iterations
r_cd_1_typed_delegate   [   0% ] 1 VUs  0m02.0s/2m30s  0/1 shared iters

running (0m03.0s), 1/1 VUs, 0 complete and 0 interrupted iterations
r_cd_1_typed_delegate   [   0% ] 1 VUs  0m03.0s/2m30s  0/1 shared iters

running (0m04.0s), 1/1 VUs, 0 complete and 0 interrupted iterations
r_cd_1_typed_delegate   [   0% ] 1 VUs  0m04.0s/2m30s  0/1 shared iters

running (0m05.0s), 1/1 VUs, 0 complete and 0 interrupted iterations
r_cd_1_typed_delegate   [   0% ] 1 VUs  0m05.0s/2m30s  0/1 shared iters
time="2026-10-05T13:55:20-07:00" level=info msg="ℹ Ignoring harness prompt echo event" source=console
time="2026-10-05T13:55:20-07:00" level=info msg="ℹ Ignoring harness prompt echo event" source=console

running (0m06.0s), 1/1 VUs, 0 complete and 0 interrupted iterations
r_cd_1_typed_delegate   [   0% ] 1 VUs  0m06.0s/2m30s  0/1 shared iters

running (0m07.0s), 1/1 VUs, 0 complete and 0 interrupted iterations
r_cd_1_typed_delegate   [   0% ] 1 VUs  0m07.0s/2m30s  0/1 shared iters

running (0m08.0s), 1/1 VUs, 0 complete and 0 interrupted iterations
r_cd_1_typed_delegate   [   0% ] 1 VUs  0m08.0s/2m30s  0/1 shared iters

running (0m09.0s), 1/1 VUs, 0 complete and 0 interrupted iterations
r_cd_1_typed_delegate   [   0% ] 1 VUs  0m09.0s/2m30s  0/1 shared iters

running (0m10.0s), 1/1 VUs, 0 complete and 0 interrupted iterations
r_cd_1_typed_delegate   [   0% ] 1 VUs  0m10.0s/2m30s  0/1 shared iters

running (0m11.0s), 1/1 VUs, 0 complete and 0 interrupted iterations
r_cd_1_typed_delegate   [   0% ] 1 VUs  0m11.0s/2m30s  0/1 shared iters
time="2026-10-05T13:55:26-07:00" level=info msg="ℹ Ignored delegate return-like event before the scheduled sentinel + delegate delay" source=console
time="2026-10-05T13:55:26-07:00" level=info msg="ℹ Ignored delegate return-like event before the scheduled sentinel + delegate delay" source=console
time="2026-10-05T13:55:26-07:00" level=info msg="ℹ Ignoring harness prompt echo event" source=console
time="2026-10-05T13:55:26-07:00" level=info msg="ℹ Ignored delegate return-like event before the scheduled sentinel + delegate delay" source=console
time="2026-10-05T13:55:26-07:00" level=info msg="ℹ Ignoring harness prompt echo event" source=console
time="2026-10-05T13:55:26-07:00" level=info msg="ℹ Ignored delegate return-like event before the scheduled sentinel + delegate delay" source=console
time="2026-10-05T13:55:26-07:00" level=info msg="ℹ Ignoring harness prompt echo event" source=console
time="2026-10-05T13:55:26-07:00" level=info msg="ℹ Ignoring harness prompt echo event" source=console

running (0m12.0s), 1/1 VUs, 0 complete and 0 interrupted iterations
r_cd_1_typed_delegate   [   0% ] 1 VUs  0m12.0s/2m30s  0/1 shared iters
time="2026-10-05T13:55:28-07:00" level=info msg="✓ CD1-DELEGATE-SCHEDULED sentinel observed post-dispatch: agent" source=console
time="2026-10-05T13:55:28-07:00" level=info msg="✓ CD1-DELEGATE-SCHEDULED sentinel observed post-dispatch: agent" source=console
time="2026-10-05T13:55:28-07:00" level=info msg="ℹ Ignoring harness prompt echo event" source=console
time="2026-10-05T13:55:28-07:00" level=info msg="✓ CD1-DELEGATE-SCHEDULED sentinel observed post-dispatch: agent" source=console
time="2026-10-05T13:55:28-07:00" level=info msg="✓ CD1-DELEGATE-SCHEDULED sentinel observed post-dispatch: agent" source=console
time="2026-10-05T13:55:28-07:00" level=info msg="✓ CD1-DELEGATE-SCHEDULED sentinel observed post-dispatch: chat" source=console

running (0m13.0s), 1/1 VUs, 0 complete and 0 interrupted iterations
r_cd_1_typed_delegate   [   0% ] 1 VUs  0m13.0s/2m30s  0/1 shared iters

running (0m14.0s), 1/1 VUs, 0 complete and 0 interrupted iterations
r_cd_1_typed_delegate   [   0% ] 1 VUs  0m14.0s/2m30s  0/1 shared iters

running (0m15.0s), 1/1 VUs, 0 complete and 0 interrupted iterations
r_cd_1_typed_delegate   [   0% ] 1 VUs  0m15.0s/2m30s  0/1 shared iters

running (0m16.0s), 1/1 VUs, 0 complete and 0 interrupted iterations
r_cd_1_typed_delegate   [   0% ] 1 VUs  0m16.0s/2m30s  0/1 shared iters
time="2026-10-05T13:55:31-07:00" level=info msg="✓ CD1-DELEGATE-SCHEDULED sentinel observed post-dispatch: sessions.changed" source=console
time="2026-10-05T13:55:31-07:00" level=info msg="ℹ Channel message from delegate return (expected for mode=normal)" source=console

running (0m17.0s), 1/1 VUs, 0 complete and 0 interrupted iterations
r_cd_1_typed_delegate   [   0% ] 1 VUs  0m17.0s/2m30s  0/1 shared iters

running (0m18.0s), 1/1 VUs, 0 complete and 0 interrupted iterations
r_cd_1_typed_delegate   [   0% ] 1 VUs  0m18.0s/2m30s  0/1 shared iters
time="2026-10-05T13:55:34-07:00" level=info msg="✓ CD1-DONE/delegate return evidence observed post-dispatch: agent" source=console
time="2026-10-05T13:55:34-07:00" level=info msg="✓ CD1-DONE/delegate return evidence observed post-dispatch: agent" source=console
time="2026-10-05T13:55:34-07:00" level=info msg="✓ CD1-DONE/delegate return evidence observed post-dispatch: agent" source=console
time="2026-10-05T13:55:34-07:00" level=info msg="✓ CD1-DONE/delegate return evidence observed post-dispatch: agent" source=console
time="2026-10-05T13:55:34-07:00" level=info msg="✓ CD1-DONE/delegate return evidence observed post-dispatch: chat" source=console

running (0m19.0s), 1/1 VUs, 0 complete and 0 interrupted iterations
r_cd_1_typed_delegate   [   0% ] 1 VUs  0m19.0s/2m30s  0/1 shared iters
time="2026-10-05T13:55:34-07:00" level=info msg="✓ CD1-DELEGATE-SCHEDULED sentinel observed post-dispatch: sessions.changed" source=console
time="2026-10-05T13:55:34-07:00" level=info msg="ℹ Channel message from delegate return (expected for mode=normal)" source=console
time="2026-10-05T13:55:35-07:00" level=info msg="ℹ Channel message from delegate return (expected for mode=normal)" source=console

running (0m20.0s), 1/1 VUs, 0 complete and 0 interrupted iterations
r_cd_1_typed_delegate   [   0% ] 1 VUs  0m20.0s/2m30s  0/1 shared iters

running (0m21.0s), 1/1 VUs, 0 complete and 0 interrupted iterations
r_cd_1_typed_delegate   [   0% ] 1 VUs  0m21.0s/2m30s  0/1 shared iters

running (0m22.0s), 1/1 VUs, 0 complete and 0 interrupted iterations
r_cd_1_typed_delegate   [   0% ] 1 VUs  0m22.0s/2m30s  0/1 shared iters

running (0m23.0s), 1/1 VUs, 0 complete and 0 interrupted iterations
r_cd_1_typed_delegate   [   0% ] 1 VUs  0m23.0s/2m30s  0/1 shared iters
time="2026-10-05T13:55:39-07:00" level=info msg="ℹ Channel message from delegate return (expected for mode=normal)" source=console

running (0m24.0s), 1/1 VUs, 0 complete and 0 interrupted iterations
r_cd_1_typed_delegate   [   0% ] 1 VUs  0m24.0s/2m30s  0/1 shared iters

running (0m25.0s), 1/1 VUs, 0 complete and 0 interrupted iterations
r_cd_1_typed_delegate   [   0% ] 1 VUs  0m25.0s/2m30s  0/1 shared iters

running (0m26.0s), 1/1 VUs, 0 complete and 0 interrupted iterations
r_cd_1_typed_delegate   [   0% ] 1 VUs  0m26.0s/2m30s  0/1 shared iters
time="2026-10-05T13:55:41-07:00" level=info msg="ℹ Channel message from delegate return (expected for mode=normal)" source=console

running (0m27.0s), 1/1 VUs, 0 complete and 0 interrupted iterations
r_cd_1_typed_delegate   [   0% ] 1 VUs  0m27.0s/2m30s  0/1 shared iters
time="2026-10-05T13:55:43-07:00" level=info msg="Required R-CD-1 receipts and trace-ingest grace gathered, closing" source=console
PUBLIC_EVIDENCE {"row":"R-CD-1","manifest_loaded":true,"seat":"emeric-isolated-rerun","session_created":true,"candidateSha":"08fead65d21e915b4f0b72c2f9c02f7dac7ad53d","started":"2026-10-05T20:55:15.313Z","tool_invoke_accepted":true,"delegate_scheduled_sentinel":true,"parent_return_event":true,"child_record_observed_optional":false,"channel_message_observed":true,"dispatch_accepted_at_ms":1791233716127,"wake_gate_ms":5000,"delegate_scheduled_at_ms":1791233728062,"parent_return_event_at_ms":1791233734261,"trace_collect_after_ms":1791233743062,"reason_hash":"6ddf550b5d0317ba","reason_length":139,"delegate_mode":"normal","delegate_delay_ms":1000,"delegate_wake_gate_ms":5000,"return_window_opens_at_ms":1791233729062,"return_before_legacy_wake_gate":false,"prompt_echoes_ignored":4,"trace_id":null,"preflight":{"ok":true,"missing":[],"reason":null,"advertised_count":515},"observation_refused":null,"verdict_reason":null,"ended":"2026-10-05T20:55:43.063Z","duration_ms":27750,"observation_incomplete":null,"observation_errors":[],"observer_list_responses":2,"observer_rows_seen":0,"observer_history_responses":0,"observer_history_retries":0,"observer_history_unbound":[],"observer_rounds_completed":2,"observer_rounds_invalid":0,"observer_children_recorded":0}
time="2026-10-05T13:55:43-07:00" level=info msg="\n[R-CD-1] VERDICT: PASS-candidate" source=console

[R-CD-1] Summary: PASS-candidate | SHA: 08fead65d21e915b4f0b72c2f9c02f7dac7ad53d | Seat: emeric-isolated-rerun

running (0m27.8s), 0/1 VUs, 1 complete and 0 interrupted iterations
r_cd_1_typed_delegate ✓ [ 100% ] 1 VUs  0m27.8s/2m30s  1/1 shared iters
