
         /\      Grafana   /‾‾/  
    /\  /  \     |\  __   /  /   
   /  \/    \    | |/ /  /   ‾‾\ 
  /          \   |   (  |  (‾)  |
 / __________ \  |_|\_\  \_____/ 


     execution: local
        script: scenarios/r-cw-1-tool-schedule-wake.js
        output: -

     scenarios: (100.00%) 1 scenario, 1 max VUs, 2m30s max duration (incl. graceful stop):
              * r_cw_1_tool_schedule_wake: 1 iterations shared among 1 VUs (maxDuration: 2m0s, gracefulStop: 30s)


running (0m01.0s), 1/1 VUs, 0 complete and 0 interrupted iterations
r_cw_1_tool_schedule_wake   [   0% ] 1 VUs  0m01.0s/2m0s  0/1 shared iters
time="2026-08-09T17:22:42-07:00" level=info msg="✓ disposable session created: <redacted-session-key>" source=console
time="2026-08-09T17:22:43-07:00" level=info msg="✓ sessions.send accepted — agent turn triggered (will call continue_work)" source=console

running (0m02.0s), 1/1 VUs, 0 complete and 0 interrupted iterations
r_cw_1_tool_schedule_wake   [   0% ] 1 VUs  0m02.0s/2m0s  0/1 shared iters

running (0m03.0s), 1/1 VUs, 0 complete and 0 interrupted iterations
r_cw_1_tool_schedule_wake   [   0% ] 1 VUs  0m03.0s/2m0s  0/1 shared iters
time="2026-08-09T17:22:44-07:00" level=info msg="ℹ Ignoring harness prompt echo event" source=console

running (0m04.0s), 1/1 VUs, 0 complete and 0 interrupted iterations
r_cw_1_tool_schedule_wake   [   0% ] 1 VUs  0m04.0s/2m0s  0/1 shared iters

running (0m05.0s), 1/1 VUs, 0 complete and 0 interrupted iterations
r_cw_1_tool_schedule_wake   [   0% ] 1 VUs  0m05.0s/2m0s  0/1 shared iters

running (0m06.0s), 1/1 VUs, 0 complete and 0 interrupted iterations
r_cw_1_tool_schedule_wake   [   0% ] 1 VUs  0m06.0s/2m0s  0/1 shared iters

running (0m07.0s), 1/1 VUs, 0 complete and 0 interrupted iterations
r_cw_1_tool_schedule_wake   [   0% ] 1 VUs  0m07.0s/2m0s  0/1 shared iters

running (0m08.0s), 1/1 VUs, 0 complete and 0 interrupted iterations
r_cw_1_tool_schedule_wake   [   0% ] 1 VUs  0m08.0s/2m0s  0/1 shared iters

running (0m09.0s), 1/1 VUs, 0 complete and 0 interrupted iterations
r_cw_1_tool_schedule_wake   [   0% ] 1 VUs  0m09.0s/2m0s  0/1 shared iters

running (0m10.0s), 1/1 VUs, 0 complete and 0 interrupted iterations
r_cw_1_tool_schedule_wake   [   0% ] 1 VUs  0m10.0s/2m0s  0/1 shared iters

running (0m11.0s), 1/1 VUs, 0 complete and 0 interrupted iterations
r_cw_1_tool_schedule_wake   [   0% ] 1 VUs  0m11.0s/2m0s  0/1 shared iters
time="2026-08-09T17:22:52-07:00" level=info msg="✓ CW-SCHEDULED sentinel observed: agent" source=console
time="2026-08-09T17:22:53-07:00" level=info msg="✓ CW-WOKE sentinel observed: session.message (217ms after scheduled)" source=console
time="2026-08-09T17:22:53-07:00" level=info msg="All required R-CW-1 evidence gathered, closing early" source=console
PUBLIC_EVIDENCE {"row":"R-CW-1","manifest_loaded":true,"seat":"cael","session_created":true,"candidateSha":"c868194997d0a61de2e648580afdf40e0d0b34b9","started":"2026-08-10T00:22:41.415Z","tool_invoke_accepted":true,"continue_work_tool_result_scheduled":true,"work_woke_event":true,"dispatch_accepted_at_ms":1786321363384,"scheduled_result_at_ms":1786321372810,"wake_delay_ms":217,"reason_hash":"31c126a7cac15f06","reason_length":121,"trace_id":null,"ended":"2026-08-10T00:22:53.027Z","duration_ms":11612}
time="2026-08-09T17:22:53-07:00" level=info msg="\n[R-CW-1] VERDICT: PASS-candidate" source=console

[R-CW-1] Summary: PASS-candidate | SHA: c868194997d0a61de2e648580afdf40e0d0b34b9 | Seat: cael

running (0m11.6s), 0/1 VUs, 1 complete and 0 interrupted iterations
r_cw_1_tool_schedule_wake ✓ [ 100% ] 1 VUs  0m11.6s/2m0s  1/1 shared iters
