### check-manifest-scenarios.mjs
preflight.example.json	preflight	runnable	preflight	OK
r-cd-1.json	R-CD-1	runnable	r-cd-1-typed-delegate	OK
r-cd-2.json	R-CD-2	runnable	r-cd-2-silent-wake	OK
r-cd-3.json	R-CD-3	runnable	r-cd-3-post-compaction	OK
r-cd-4.json	R-CD-4	runnable	r-cd-4-target-session-key	OK
r-cd-chained-depth-2.json	R-CD-CHAINED-DEPTH-2	runnable	r-cd-chained-depth-2	OK
r-cd-collection-on-collapse.json	R-CD-COLLECTION-ON-COLLAPSE	runnable	static-corpus-row-validator	OK
r-cd-model-chained-alt.json	R-CD-MODEL-CHAINED-ALT	runnable	r-cd-model-chained-alt	OK
r-cd-model-default.json	R-CD-MODEL-DEFAULT	runnable	r-cd-model-default	OK
r-cd-model-token.json	R-CD-MODEL-TOKEN	runnable	r-cd-model-token	OK
r-cd-model-tool.json	R-CD-MODEL-TOOL	runnable	r-cd-model-tool	OK
r-cd-return-overlap.json	R-CD-RETURN-OVERLAP	runnable	r-cd-return-overlap	OK
r-cd-silent.json	R-CD-SILENT	runnable	r-cd-silent	OK
r-cd-token.json	R-CD-TOKEN	runnable	r-cd-token-bracket-delegate	OK
r-config-defaults.json	R-CONFIG-DEFAULTS	runnable	r-config-defaults	OK
r-config-intersession.json	R-CONFIG-INTERSESSION	runnable	r-config-intersession	OK
r-cw-1.json	R-CW-1	runnable	r-cw-1-tool-schedule-wake	OK
r-cw-2.json	R-CW-2	runnable	r-cw-2-immediate-wake	OK
r-cw-3.json	R-CW-3	runnable	r-cw-3-reason-telemetry	OK
r-cw-4.json	R-CW-4	runnable	r-cw-4-chain-depth	OK
r-cw-5.json	R-CW-5	scaffold	r-cw-5-cost-cap-reject	intentional non-runnable
r-cw-5a-static.json	R-CW-5A	runnable	static-corpus-row-validator	OK
r-cw-6.json	R-CW-6	scaffold	r-cw-6-max-chain-length	intentional non-runnable
r-cw-6a-static.json	R-CW-6A	runnable	static-corpus-row-validator	OK
r-cw-7.json	R-CW-7	runnable	static-corpus-row-validator	OK
r-cw-delegate-child-live.json	R-CW-DELEGATE-CHILD-LIVE	runnable	static-corpus-row-validator	OK
r-cw-delegate-self.json	R-CW-DELEGATE-SELF-CONTINUATION	runnable	r-cw-delegate-self-continuation	OK
r-cw-delegate-token.json	R-CW-DELEGATE-TOKEN	runnable	static-corpus-row-validator	OK
r-cw-multi-collapse.json	R-CW-MULTI-COLLAPSE	runnable	static-corpus-row-validator	OK
r-cw-multi.json	R-CW-MULTI	runnable	static-corpus-row-validator	OK
r-cw-token.json	R-CW-TOKEN	runnable	r-cw-token-bracket	OK
r-obs-1.json	R-OBS-1	runnable	r-obs-1	OK
r-obs-2.json	R-OBS-2	runnable	r-obs-2	OK
r-obs-status.json	R-OBS-STATUS	runnable	r-obs-status	OK
r-rc-1.json	R-RC-1	runnable	r-rc-1-threshold-reject	OK
r-rc-2.json	R-RC-2	runnable	r-rc-2-delegate-request-compaction	OK
r-regression-trap-tests.json	R-REGRESSION-TRAP-TESTS	runnable	r-regression-trap-tests	OK
r-trace-redaction-1121.json	R-TRACE-REDACTION-1121	runnable	r-trace-redaction-1121	OK

Manifest scenario registry check passed: 38 manifests; 35 scenario files.
### check-scenario-alignment.mjs
{
  "workflowChoices": [
    "preflight",
    "r-cd-1-typed-delegate",
    "r-cd-2-silent-wake",
    "r-cd-4-target-session-key",
    "r-cd-chained-depth-2",
    "r-cd-silent",
    "r-cd-model-default",
    "r-cd-model-tool",
    "r-cd-model-chained-alt",
    "r-cd-model-token",
    "r-cd-token-bracket-delegate",
    "r-config-defaults",
    "r-cw-1",
    "r-cw-1-tool-schedule-wake",
    "r-cw-2-immediate-wake",
    "r-cw-3-reason-telemetry",
    "r-cw-4-chain-depth",
    "r-cw-delegate-self-continuation",
    "r-cw-token-bracket",
    "r-obs-status",
    "r-rc-1-threshold-reject",
    "r-cw"
  ],
  "scenarioFiles": [
    "preflight",
    "r-cd-1-typed-delegate",
    "r-cd-2-silent-wake",
    "r-cd-3-post-compaction",
    "r-cd-4-target-session-key",
    "r-cd-chained-depth-2",
    "r-cd-collection-on-collapse",
    "r-cd-model-chained-alt",
    "r-cd-model-default",
    "r-cd-model-token",
    "r-cd-model-tool",
    "r-cd-return-overlap",
    "r-cd-silent",
    "r-cd-token-bracket-delegate",
    "r-config-defaults",
    "r-config-intersession",
    "r-cw",
    "r-cw-1",
    "r-cw-1-tool-schedule-wake",
    "r-cw-2-immediate-wake",
    "r-cw-3-reason-telemetry",
    "r-cw-4-chain-depth",
    "r-cw-5-cost-cap-reject",
    "r-cw-6-max-chain-length",
    "r-cw-delegate-self-continuation",
    "r-cw-token-bracket",
    "r-obs-1",
    "r-obs-2",
    "r-obs-status",
    "r-rc-1-threshold-reject",
    "r-rc-2",
    "r-rc-2-delegate-request-compaction",
    "r-regression-trap-tests",
    "r-trace-redaction-1121",
    "static-corpus-row-validator"
  ],
  "manifests": [
    {
      "file": "preflight.example.json",
      "rowId": "preflight",
      "status": "runnable",
      "runnableRef": "preflight",
      "expectedRef": "preflight",
      "existing": true
    },
    {
      "file": "r-cd-1.json",
      "rowId": "R-CD-1",
      "status": "runnable",
      "runnableRef": "r-cd-1-typed-delegate",
      "expectedRef": "r-cd-1-typed-delegate",
      "existing": true
    },
    {
      "file": "r-cd-2.json",
      "rowId": "R-CD-2",
      "status": "runnable",
      "runnableRef": "r-cd-2-silent-wake",
      "expectedRef": "r-cd-2-silent-wake",
      "existing": true
    },
    {
      "file": "r-cd-3.json",
      "rowId": "R-CD-3",
      "status": "runnable",
      "runnableRef": "r-cd-3-post-compaction",
      "expectedRef": "r-cd-3-post-compaction",
      "existing": true
    },
    {
      "file": "r-cd-4.json",
      "rowId": "R-CD-4",
      "status": "runnable",
      "runnableRef": "r-cd-4-target-session-key",
      "expectedRef": "r-cd-4-target-session-key",
      "existing": true
    },
    {
      "file": "r-cd-chained-depth-2.json",
      "rowId": "R-CD-CHAINED-DEPTH-2",
      "status": "runnable",
      "runnableRef": "r-cd-chained-depth-2",
      "expectedRef": "r-cd-chained-depth-2",
      "existing": true
    },
    {
      "file": "r-cd-collection-on-collapse.json",
      "rowId": "R-CD-COLLECTION-ON-COLLAPSE",
      "status": "runnable",
      "runnableRef": "static-corpus-row-validator",
      "expectedRef": "static-corpus-row-validator",
      "existing": true
    },
    {
      "file": "r-cd-model-chained-alt.json",
      "rowId": "R-CD-MODEL-CHAINED-ALT",
      "status": "runnable",
      "runnableRef": "r-cd-model-chained-alt",
      "expectedRef": "r-cd-model-chained-alt",
      "existing": true
    },
    {
      "file": "r-cd-model-default.json",
      "rowId": "R-CD-MODEL-DEFAULT",
      "status": "runnable",
      "runnableRef": "r-cd-model-default",
      "expectedRef": "r-cd-model-default",
      "existing": true
    },
    {
      "file": "r-cd-model-token.json",
      "rowId": "R-CD-MODEL-TOKEN",
      "status": "runnable",
      "runnableRef": "r-cd-model-token",
      "expectedRef": "r-cd-model-token",
      "existing": true
    },
    {
      "file": "r-cd-model-tool.json",
      "rowId": "R-CD-MODEL-TOOL",
      "status": "runnable",
      "runnableRef": "r-cd-model-tool",
      "expectedRef": "r-cd-model-tool",
      "existing": true
    },
    {
      "file": "r-cd-return-overlap.json",
      "rowId": "R-CD-RETURN-OVERLAP",
      "status": "runnable",
      "runnableRef": "r-cd-return-overlap",
      "expectedRef": "r-cd-return-overlap",
      "existing": true
    },
    {
      "file": "r-cd-silent.json",
      "rowId": "R-CD-SILENT",
      "status": "runnable",
      "runnableRef": "r-cd-silent",
      "expectedRef": "r-cd-silent",
      "existing": true
    },
    {
      "file": "r-cd-token.json",
      "rowId": "R-CD-TOKEN",
      "status": "runnable",
      "runnableRef": "r-cd-token-bracket-delegate",
      "expectedRef": "r-cd-token-bracket-delegate",
      "existing": true
    },
    {
      "file": "r-config-defaults.json",
      "rowId": "R-CONFIG-DEFAULTS",
      "status": "runnable",
      "runnableRef": "r-config-defaults",
      "expectedRef": "r-config-defaults",
      "existing": true
    },
    {
      "file": "r-config-intersession.json",
      "rowId": "R-CONFIG-INTERSESSION",
      "status": "runnable",
      "runnableRef": "r-config-intersession",
      "expectedRef": "r-config-intersession",
      "existing": true
    },
    {
      "file": "r-cw-1.json",
      "rowId": "R-CW-1",
      "status": "runnable",
      "runnableRef": "r-cw-1-tool-schedule-wake",
      "expectedRef": "r-cw-1-tool-schedule-wake",
      "existing": true
    },
    {
      "file": "r-cw-2.json",
      "rowId": "R-CW-2",
      "status": "runnable",
      "runnableRef": "r-cw-2-immediate-wake",
      "expectedRef": "r-cw-2-immediate-wake",
      "existing": true
    },
    {
      "file": "r-cw-3.json",
      "rowId": "R-CW-3",
      "status": "runnable",
      "runnableRef": "r-cw-3-reason-telemetry",
      "expectedRef": "r-cw-3-reason-telemetry",
      "existing": true
    },
    {
      "file": "r-cw-4.json",
      "rowId": "R-CW-4",
      "status": "runnable",
      "runnableRef": "r-cw-4-chain-depth",
      "expectedRef": "r-cw-4-chain-depth",
      "existing": true
    },
    {
      "file": "r-cw-5.json",
      "rowId": "R-CW-5",
      "status": "scaffold",
      "runnableRef": "",
      "expectedRef": "r-cw-5-cost-cap-reject",
      "existing": false
    },
    {
      "file": "r-cw-5a-static.json",
      "rowId": "R-CW-5A",
      "status": "runnable",
      "runnableRef": "static-corpus-row-validator",
      "expectedRef": "static-corpus-row-validator",
      "existing": true
    },
    {
      "file": "r-cw-6.json",
      "rowId": "R-CW-6",
      "status": "scaffold",
      "runnableRef": "",
      "expectedRef": "r-cw-6-max-chain-length",
      "existing": false
    },
    {
      "file": "r-cw-6a-static.json",
      "rowId": "R-CW-6A",
      "status": "runnable",
      "runnableRef": "static-corpus-row-validator",
      "expectedRef": "static-corpus-row-validator",
      "existing": true
    },
    {
      "file": "r-cw-7.json",
      "rowId": "R-CW-7",
      "status": "runnable",
      "runnableRef": "static-corpus-row-validator",
      "expectedRef": "static-corpus-row-validator",
      "existing": true
    },
    {
      "file": "r-cw-delegate-child-live.json",
      "rowId": "R-CW-DELEGATE-CHILD-LIVE",
      "status": "runnable",
      "runnableRef": "static-corpus-row-validator",
      "expectedRef": "static-corpus-row-validator",
      "existing": true
    },
    {
      "file": "r-cw-delegate-self.json",
      "rowId": "R-CW-DELEGATE-SELF-CONTINUATION",
      "status": "runnable",
      "runnableRef": "r-cw-delegate-self-continuation",
      "expectedRef": "r-cw-delegate-self-continuation",
      "existing": true
    },
    {
      "file": "r-cw-delegate-token.json",
      "rowId": "R-CW-DELEGATE-TOKEN",
      "status": "runnable",
      "runnableRef": "static-corpus-row-validator",
      "expectedRef": "static-corpus-row-validator",
      "existing": true
    },
    {
      "file": "r-cw-multi-collapse.json",
      "rowId": "R-CW-MULTI-COLLAPSE",
      "status": "runnable",
      "runnableRef": "static-corpus-row-validator",
      "expectedRef": "static-corpus-row-validator",
      "existing": true
    },
    {
      "file": "r-cw-multi.json",
      "rowId": "R-CW-MULTI",
      "status": "runnable",
      "runnableRef": "static-corpus-row-validator",
      "expectedRef": "static-corpus-row-validator",
      "existing": true
    },
    {
      "file": "r-cw-token.json",
      "rowId": "R-CW-TOKEN",
      "status": "runnable",
      "runnableRef": "r-cw-token-bracket",
      "expectedRef": "r-cw-token-bracket",
      "existing": true
    },
    {
      "file": "r-obs-1.json",
      "rowId": "R-OBS-1",
      "status": "runnable",
      "runnableRef": "r-obs-1",
      "expectedRef": "r-obs-1",
      "existing": true
    },
    {
      "file": "r-obs-2.json",
      "rowId": "R-OBS-2",
      "status": "runnable",
      "runnableRef": "r-obs-2",
      "expectedRef": "r-obs-2",
      "existing": true
    },
    {
      "file": "r-obs-status.json",
      "rowId": "R-OBS-STATUS",
      "status": "runnable",
      "runnableRef": "r-obs-status",
      "expectedRef": "r-obs-status",
      "existing": true
    },
    {
      "file": "r-rc-1.json",
      "rowId": "R-RC-1",
      "status": "runnable",
      "runnableRef": "r-rc-1-threshold-reject",
      "expectedRef": "r-rc-1-threshold-reject",
      "existing": true
    },
    {
      "file": "r-rc-2.json",
      "rowId": "R-RC-2",
      "status": "runnable",
      "runnableRef": "r-rc-2-delegate-request-compaction",
      "expectedRef": "r-rc-2-delegate-request-compaction",
      "existing": true
    },
    {
      "file": "r-regression-trap-tests.json",
      "rowId": "R-REGRESSION-TRAP-TESTS",
      "status": "runnable",
      "runnableRef": "r-regression-trap-tests",
      "expectedRef": "r-regression-trap-tests",
      "existing": true
    },
    {
      "file": "r-trace-redaction-1121.json",
      "rowId": "R-TRACE-REDACTION-1121",
      "status": "runnable",
      "runnableRef": "r-trace-redaction-1121",
      "expectedRef": "r-trace-redaction-1121",
      "existing": true
    }
  ],
  "ok": true,
  "errors": []
}
### check-proof-row-manifests.mjs
Current corpus: PROOFS/4c235d8c1997e8964160117f8d6bf650ad1e8203
Proof rows: 35
Manifest entries: 38
Missing manifests: 0
Manifest-only (catalog but not yet on proof board): R-CW-5A, R-CW-6A
Proof row manifest coverage check passed.
