# config-intersession
# started 2026-06-23T07:29:47Z
# git 82827d3cbcba92ff6e19863b30615db028c2651c
+ node --no-opt scripts/run-vitest.mjs run src/acp/control-plane/manager.runtime-config.test.ts src/acp/runtime/session-meta.test.ts src/auto-reply/continuation-delegate-store.post-compaction-substrate.test.ts
[test] starting test/vitest/vitest.unit-fast.config.ts

[1m[30m[46m RUN [49m[39m[22m [36mv4.1.8 [39m[90m/home/figs/flesh_beast_tmp/openclaw[39m

 [32m✓[39m [30m[45m unit-fast [49m[39m src/acp/control-plane/manager.runtime-config.test.ts [2m([22m[2m19 tests[22m[2m)[22m[32m 25[2mms[22m[39m
 [32m✓[39m [30m[45m unit-fast [49m[39m src/auto-reply/continuation-delegate-store.post-compaction-substrate.test.ts [2m([22m[2m3 tests[22m[2m)[22m[32m 22[2mms[22m[39m

[2m Test Files [22m [1m[32m2 passed[39m[22m[90m (2)[39m
[2m      Tests [22m [1m[32m22 passed[39m[22m[90m (22)[39m
[2m   Start at [22m 00:29:50
[2m   Duration [22m 1.47s[2m (transform 1.00s, setup 0ms, import 1.33s, tests 47ms, environment 0ms)[22m

[test] starting test/vitest/vitest.acp.config.ts

[1m[30m[46m RUN [49m[39m[22m [36mv4.1.8 [39m[90m/home/figs/flesh_beast_tmp/openclaw[39m

 [32m✓[39m [30m[45m acp [49m[39m src/acp/runtime/session-meta.test.ts [2m([22m[2m7 tests[22m[2m)[22m[33m 322[2mms[22m[39m

[2m Test Files [22m [1m[32m1 passed[39m[22m[90m (1)[39m
[2m      Tests [22m [1m[32m7 passed[39m[22m[90m (7)[39m
[2m   Start at [22m 00:29:54
[2m   Duration [22m 2.33s[2m (transform 1.63s, setup 267ms, import 1.62s, tests 322ms, environment 0ms)[22m

[test] passed 2 Vitest shards in 9.29s
# rc=0
