
         /\      Grafana   /‾‾/
    /\  /  \     |\  __   /  /
   /  \/    \    | |/ /  /   ‾‾\
  /          \   |   (  |  (‾)  |
 / __________ \  |_|\_\  \_____/


     execution: local
        script: scenarios/preflight.js
        output: -

     scenarios: (100.00%) 1 scenario, 1 max VUs, 1m15s max duration (incl. graceful stop):
              * preflight_inventory: 1 iterations shared among 1 VUs (maxDuration: 45s, gracefulStop: 30s)


running (0m01.0s), 1/1 VUs, 0 complete and 0 interrupted iterations
preflight_inventory   [   0% ] 1 VUs  01.0s/45s  0/1 shared iters
time="2026-08-02T05:42:48-07:00" level=error msg="tools.effective failed: {\"code\":\"INVALID_REQUEST\",\"message\":\"unknown session key \\\"<redacted-session-key>\\\"\"}" source=console

running (0m02.0s), 1/1 VUs, 0 complete and 0 interrupted iterations
preflight_inventory   [   0% ] 1 VUs  02.0s/45s  0/1 shared iters

running (0m03.0s), 1/1 VUs, 0 complete and 0 interrupted iterations
preflight_inventory   [   0% ] 1 VUs  03.0s/45s  0/1 shared iters

running (0m04.0s), 1/1 VUs, 0 complete and 0 interrupted iterations
preflight_inventory   [   0% ] 1 VUs  04.0s/45s  0/1 shared iters

running (0m05.0s), 1/1 VUs, 0 complete and 0 interrupted iterations
preflight_inventory   [   0% ] 1 VUs  05.0s/45s  0/1 shared iters

running (0m06.0s), 1/1 VUs, 0 complete and 0 interrupted iterations
preflight_inventory   [   0% ] 1 VUs  06.0s/45s  0/1 shared iters

running (0m07.0s), 1/1 VUs, 0 complete and 0 interrupted iterations
preflight_inventory   [   0% ] 1 VUs  07.0s/45s  0/1 shared iters

running (0m08.0s), 1/1 VUs, 0 complete and 0 interrupted iterations
preflight_inventory   [   0% ] 1 VUs  08.0s/45s  0/1 shared iters

running (0m09.0s), 1/1 VUs, 0 complete and 0 interrupted iterations
preflight_inventory   [   0% ] 1 VUs  09.0s/45s  0/1 shared iters

running (0m10.0s), 1/1 VUs, 0 complete and 0 interrupted iterations
preflight_inventory   [   0% ] 1 VUs  10.0s/45s  0/1 shared iters

running (0m11.0s), 1/1 VUs, 0 complete and 0 interrupted iterations
preflight_inventory   [   0% ] 1 VUs  11.0s/45s  0/1 shared iters

running (0m12.0s), 1/1 VUs, 0 complete and 0 interrupted iterations
preflight_inventory   [   0% ] 1 VUs  12.0s/45s  0/1 shared iters
PUBLIC_EVIDENCE {"row":"preflight","manifest_loaded":true,"seat":"cael","candidateSha":"cfc5db5fc324eb60e38b968ece49eccca60f31fd","started":"2026-08-02T12:42:47.944Z","connected":true,"sessions_list_ok":true,"tools_effective_ok":false,"tool_inventory_count":0,"ended":"2026-08-02T12:42:59.947Z","duration_ms":12003}


  █ THRESHOLDS

    preflight_duration
    ✓ 'p(95)<30000' p(95)=12003

    proof_failures
    ✗ 'count==0' count=2


  █ TOTAL RESULTS

    checks_total.......: 3      0.24992/s
    checks_succeeded...: 66.66% 2 out of 3
    checks_failed......: 33.33% 1 out of 3

    ✓ websocket connected
    ✓ sessions.list accepted
    ✗ tools.effective accepted
      ↳  0% — ✓ 0 / ✗ 1

    CUSTOM
    preflight_duration....: avg=12003 min=12003 med=12003 max=12003 p(90)=12003 p(95)=12003
    proof_failures........: 2     0.166613/s

    EXECUTION
    iteration_duration....: avg=12s   min=12s   med=12s   max=12s   p(90)=12s   p(95)=12s
    iterations............: 1     0.083307/s
    vus...................: 1     min=1      max=1
    vus_max...............: 1     min=1      max=1

    NETWORK
    data_received.........: 37 kB 3.1 kB/s
    data_sent.............: 861 B 72 B/s

    WEBSOCKET
    ws_connecting.........: avg=2ms   min=2ms   med=2ms   max=2ms   p(90)=2ms   p(95)=2ms
    ws_msgs_received......: 5     0.416533/s
    ws_msgs_sent..........: 3     0.24992/s
    ws_session_duration...: avg=12s   min=12s   med=12s   max=12s   p(90)=12s   p(95)=12s
    ws_sessions...........: 1     0.083307/s




running (0m12.0s), 0/1 VUs, 1 complete and 0 interrupted iterations
preflight_inventory ✓ [ 100% ] 1 VUs  12.0s/45s  1/1 shared iters
time="2026-08-02T05:43:00-07:00" level=error msg="thresholds on metrics 'proof_failures' have been crossed"
