
         /\      Grafana   /‾‾/  
    /\  /  \     |\  __   /  /   
   /  \/    \    | |/ /  /   ‾‾\ 
  /          \   |   (  |  (‾)  |
 / __________ \  |_|\_\  \_____/ 


     execution: local
        script: scenarios/r-cw-4-chain-depth.js
        output: -

     scenarios: (100.00%) 1 scenario, 1 max VUs, 10m30s max duration (incl. graceful stop):
              * r_cw_4_chain_depth: 1 iterations shared among 1 VUs (maxDuration: 10m0s, gracefulStop: 30s)

time="2026-08-10T07:05:42-07:00" level=info msg="✓ disposable session created: <redacted-session-key>" source=console

running (00m01.0s), 1/1 VUs, 0 complete and 0 interrupted iterations
r_cw_4_chain_depth   [   0% ] 1 VUs  00m01.0s/10m0s  0/1 shared iters

running (00m02.0s), 1/1 VUs, 0 complete and 0 interrupted iterations
r_cw_4_chain_depth   [   0% ] 1 VUs  00m02.0s/10m0s  0/1 shared iters
time="2026-08-10T07:05:44-07:00" level=info msg="✓ sessions.send accepted — chain-depth parent turn triggered" source=console

running (00m03.0s), 1/1 VUs, 0 complete and 0 interrupted iterations
r_cw_4_chain_depth   [   0% ] 1 VUs  00m03.0s/10m0s  0/1 shared iters

running (00m04.0s), 1/1 VUs, 0 complete and 0 interrupted iterations
r_cw_4_chain_depth   [   0% ] 1 VUs  00m04.0s/10m0s  0/1 shared iters

running (00m05.0s), 1/1 VUs, 0 complete and 0 interrupted iterations
r_cw_4_chain_depth   [   0% ] 1 VUs  00m05.0s/10m0s  0/1 shared iters

running (00m06.0s), 1/1 VUs, 0 complete and 0 interrupted iterations
r_cw_4_chain_depth   [   0% ] 1 VUs  00m06.0s/10m0s  0/1 shared iters

running (00m07.0s), 1/1 VUs, 0 complete and 0 interrupted iterations
r_cw_4_chain_depth   [   0% ] 1 VUs  00m07.0s/10m0s  0/1 shared iters

running (00m08.0s), 1/1 VUs, 0 complete and 0 interrupted iterations
r_cw_4_chain_depth   [   0% ] 1 VUs  00m08.0s/10m0s  0/1 shared iters

running (00m09.0s), 1/1 VUs, 0 complete and 0 interrupted iterations
r_cw_4_chain_depth   [   0% ] 1 VUs  00m09.0s/10m0s  0/1 shared iters

running (00m10.0s), 1/1 VUs, 0 complete and 0 interrupted iterations
r_cw_4_chain_depth   [   0% ] 1 VUs  00m10.0s/10m0s  0/1 shared iters

running (00m11.0s), 1/1 VUs, 0 complete and 0 interrupted iterations
r_cw_4_chain_depth   [   0% ] 1 VUs  00m11.0s/10m0s  0/1 shared iters

running (00m12.0s), 1/1 VUs, 0 complete and 0 interrupted iterations
r_cw_4_chain_depth   [   0% ] 1 VUs  00m12.0s/10m0s  0/1 shared iters

running (00m13.0s), 1/1 VUs, 0 complete and 0 interrupted iterations
r_cw_4_chain_depth   [   0% ] 1 VUs  00m13.0s/10m0s  0/1 shared iters

running (00m14.0s), 1/1 VUs, 0 complete and 0 interrupted iterations
r_cw_4_chain_depth   [   0% ] 1 VUs  00m14.0s/10m0s  0/1 shared iters

running (00m15.0s), 1/1 VUs, 0 complete and 0 interrupted iterations
r_cw_4_chain_depth   [   0% ] 1 VUs  00m15.0s/10m0s  0/1 shared iters

running (00m16.0s), 1/1 VUs, 0 complete and 0 interrupted iterations
r_cw_4_chain_depth   [   0% ] 1 VUs  00m16.0s/10m0s  0/1 shared iters

running (00m17.0s), 1/1 VUs, 0 complete and 0 interrupted iterations
r_cw_4_chain_depth   [   0% ] 1 VUs  00m17.0s/10m0s  0/1 shared iters

running (00m18.0s), 1/1 VUs, 0 complete and 0 interrupted iterations
r_cw_4_chain_depth   [   0% ] 1 VUs  00m18.0s/10m0s  0/1 shared iters

running (00m19.0s), 1/1 VUs, 0 complete and 0 interrupted iterations
r_cw_4_chain_depth   [   0% ] 1 VUs  00m19.0s/10m0s  0/1 shared iters

running (00m20.0s), 1/1 VUs, 0 complete and 0 interrupted iterations
r_cw_4_chain_depth   [   0% ] 1 VUs  00m20.0s/10m0s  0/1 shared iters

running (00m21.0s), 1/1 VUs, 0 complete and 0 interrupted iterations
r_cw_4_chain_depth   [   0% ] 1 VUs  00m21.0s/10m0s  0/1 shared iters
time="2026-08-10T07:06:03-07:00" level=info msg="✓ CW4-HOP1-SCHEDULED observed" source=console

running (00m22.0s), 1/1 VUs, 0 complete and 0 interrupted iterations
r_cw_4_chain_depth   [   0% ] 1 VUs  00m22.0s/10m0s  0/1 shared iters

running (00m23.0s), 1/1 VUs, 0 complete and 0 interrupted iterations
r_cw_4_chain_depth   [   0% ] 1 VUs  00m23.0s/10m0s  0/1 shared iters

running (00m24.0s), 1/1 VUs, 0 complete and 0 interrupted iterations
r_cw_4_chain_depth   [   0% ] 1 VUs  00m24.0s/10m0s  0/1 shared iters

running (00m25.0s), 1/1 VUs, 0 complete and 0 interrupted iterations
r_cw_4_chain_depth   [   0% ] 1 VUs  00m25.0s/10m0s  0/1 shared iters

running (00m26.0s), 1/1 VUs, 0 complete and 0 interrupted iterations
r_cw_4_chain_depth   [   0% ] 1 VUs  00m26.0s/10m0s  0/1 shared iters

running (00m27.0s), 1/1 VUs, 0 complete and 0 interrupted iterations
r_cw_4_chain_depth   [   0% ] 1 VUs  00m27.0s/10m0s  0/1 shared iters

running (00m28.0s), 1/1 VUs, 0 complete and 0 interrupted iterations
r_cw_4_chain_depth   [   0% ] 1 VUs  00m28.0s/10m0s  0/1 shared iters

running (00m29.0s), 1/1 VUs, 0 complete and 0 interrupted iterations
r_cw_4_chain_depth   [   0% ] 1 VUs  00m29.0s/10m0s  0/1 shared iters

running (00m30.0s), 1/1 VUs, 0 complete and 0 interrupted iterations
r_cw_4_chain_depth   [   0% ] 1 VUs  00m30.0s/10m0s  0/1 shared iters

running (00m31.0s), 1/1 VUs, 0 complete and 0 interrupted iterations
r_cw_4_chain_depth   [   0% ] 1 VUs  00m31.0s/10m0s  0/1 shared iters

running (00m32.0s), 1/1 VUs, 0 complete and 0 interrupted iterations
r_cw_4_chain_depth   [   0% ] 1 VUs  00m32.0s/10m0s  0/1 shared iters

running (00m33.0s), 1/1 VUs, 0 complete and 0 interrupted iterations
r_cw_4_chain_depth   [   0% ] 1 VUs  00m33.0s/10m0s  0/1 shared iters

running (00m34.0s), 1/1 VUs, 0 complete and 0 interrupted iterations
r_cw_4_chain_depth   [   0% ] 1 VUs  00m34.0s/10m0s  0/1 shared iters

running (00m35.0s), 1/1 VUs, 0 complete and 0 interrupted iterations
r_cw_4_chain_depth   [   0% ] 1 VUs  00m35.0s/10m0s  0/1 shared iters

running (00m36.0s), 1/1 VUs, 0 complete and 0 interrupted iterations
r_cw_4_chain_depth   [   0% ] 1 VUs  00m36.0s/10m0s  0/1 shared iters

running (00m37.0s), 1/1 VUs, 0 complete and 0 interrupted iterations
r_cw_4_chain_depth   [   0% ] 1 VUs  00m37.0s/10m0s  0/1 shared iters

running (00m38.0s), 1/1 VUs, 0 complete and 0 interrupted iterations
r_cw_4_chain_depth   [   0% ] 1 VUs  00m38.0s/10m0s  0/1 shared iters

running (00m39.0s), 1/1 VUs, 0 complete and 0 interrupted iterations
r_cw_4_chain_depth   [   0% ] 1 VUs  00m39.0s/10m0s  0/1 shared iters

running (00m40.0s), 1/1 VUs, 0 complete and 0 interrupted iterations
r_cw_4_chain_depth   [   0% ] 1 VUs  00m40.0s/10m0s  0/1 shared iters

running (00m41.0s), 1/1 VUs, 0 complete and 0 interrupted iterations
r_cw_4_chain_depth   [   0% ] 1 VUs  00m41.0s/10m0s  0/1 shared iters

running (00m42.0s), 1/1 VUs, 0 complete and 0 interrupted iterations
r_cw_4_chain_depth   [   0% ] 1 VUs  00m42.0s/10m0s  0/1 shared iters

running (00m43.0s), 1/1 VUs, 0 complete and 0 interrupted iterations
r_cw_4_chain_depth   [   0% ] 1 VUs  00m43.0s/10m0s  0/1 shared iters

running (00m44.0s), 1/1 VUs, 0 complete and 0 interrupted iterations
r_cw_4_chain_depth   [   0% ] 1 VUs  00m44.0s/10m0s  0/1 shared iters

running (00m45.0s), 1/1 VUs, 0 complete and 0 interrupted iterations
r_cw_4_chain_depth   [   0% ] 1 VUs  00m45.0s/10m0s  0/1 shared iters

running (00m46.0s), 1/1 VUs, 0 complete and 0 interrupted iterations
r_cw_4_chain_depth   [   0% ] 1 VUs  00m46.0s/10m0s  0/1 shared iters

running (00m47.0s), 1/1 VUs, 0 complete and 0 interrupted iterations
r_cw_4_chain_depth   [   0% ] 1 VUs  00m47.0s/10m0s  0/1 shared iters

running (00m48.0s), 1/1 VUs, 0 complete and 0 interrupted iterations
r_cw_4_chain_depth   [   0% ] 1 VUs  00m48.0s/10m0s  0/1 shared iters

running (00m49.0s), 1/1 VUs, 0 complete and 0 interrupted iterations
r_cw_4_chain_depth   [   0% ] 1 VUs  00m49.0s/10m0s  0/1 shared iters

running (00m50.0s), 1/1 VUs, 0 complete and 0 interrupted iterations
r_cw_4_chain_depth   [   0% ] 1 VUs  00m50.0s/10m0s  0/1 shared iters

running (00m51.0s), 1/1 VUs, 0 complete and 0 interrupted iterations
r_cw_4_chain_depth   [   0% ] 1 VUs  00m51.0s/10m0s  0/1 shared iters

running (00m52.0s), 1/1 VUs, 0 complete and 0 interrupted iterations
r_cw_4_chain_depth   [   0% ] 1 VUs  00m52.0s/10m0s  0/1 shared iters

running (00m53.0s), 1/1 VUs, 0 complete and 0 interrupted iterations
r_cw_4_chain_depth   [   0% ] 1 VUs  00m53.0s/10m0s  0/1 shared iters

running (00m54.0s), 1/1 VUs, 0 complete and 0 interrupted iterations
r_cw_4_chain_depth   [   0% ] 1 VUs  00m54.0s/10m0s  0/1 shared iters

running (00m55.0s), 1/1 VUs, 0 complete and 0 interrupted iterations
r_cw_4_chain_depth   [   0% ] 1 VUs  00m55.0s/10m0s  0/1 shared iters

running (00m56.0s), 1/1 VUs, 0 complete and 0 interrupted iterations
r_cw_4_chain_depth   [   0% ] 1 VUs  00m56.0s/10m0s  0/1 shared iters

running (00m57.0s), 1/1 VUs, 0 complete and 0 interrupted iterations
r_cw_4_chain_depth   [   0% ] 1 VUs  00m57.0s/10m0s  0/1 shared iters

running (00m58.0s), 1/1 VUs, 0 complete and 0 interrupted iterations
r_cw_4_chain_depth   [   0% ] 1 VUs  00m58.0s/10m0s  0/1 shared iters

running (00m59.0s), 1/1 VUs, 0 complete and 0 interrupted iterations
r_cw_4_chain_depth   [   0% ] 1 VUs  00m59.0s/10m0s  0/1 shared iters

running (01m00.0s), 1/1 VUs, 0 complete and 0 interrupted iterations
r_cw_4_chain_depth   [   0% ] 1 VUs  01m00.0s/10m0s  0/1 shared iters

running (01m01.0s), 1/1 VUs, 0 complete and 0 interrupted iterations
r_cw_4_chain_depth   [   0% ] 1 VUs  01m01.0s/10m0s  0/1 shared iters

running (01m02.0s), 1/1 VUs, 0 complete and 0 interrupted iterations
r_cw_4_chain_depth   [   0% ] 1 VUs  01m02.0s/10m0s  0/1 shared iters

running (01m03.0s), 1/1 VUs, 0 complete and 0 interrupted iterations
r_cw_4_chain_depth   [   0% ] 1 VUs  01m03.0s/10m0s  0/1 shared iters

running (01m04.0s), 1/1 VUs, 0 complete and 0 interrupted iterations
r_cw_4_chain_depth   [   0% ] 1 VUs  01m04.0s/10m0s  0/1 shared iters

running (01m05.0s), 1/1 VUs, 0 complete and 0 interrupted iterations
r_cw_4_chain_depth   [   0% ] 1 VUs  01m05.0s/10m0s  0/1 shared iters

running (01m06.0s), 1/1 VUs, 0 complete and 0 interrupted iterations
r_cw_4_chain_depth   [   0% ] 1 VUs  01m06.0s/10m0s  0/1 shared iters

running (01m07.0s), 1/1 VUs, 0 complete and 0 interrupted iterations
r_cw_4_chain_depth   [   0% ] 1 VUs  01m07.0s/10m0s  0/1 shared iters

running (01m08.0s), 1/1 VUs, 0 complete and 0 interrupted iterations
r_cw_4_chain_depth   [   0% ] 1 VUs  01m08.0s/10m0s  0/1 shared iters

running (01m09.0s), 1/1 VUs, 0 complete and 0 interrupted iterations
r_cw_4_chain_depth   [   0% ] 1 VUs  01m09.0s/10m0s  0/1 shared iters

running (01m10.0s), 1/1 VUs, 0 complete and 0 interrupted iterations
r_cw_4_chain_depth   [   0% ] 1 VUs  01m10.0s/10m0s  0/1 shared iters

running (01m11.0s), 1/1 VUs, 0 complete and 0 interrupted iterations
r_cw_4_chain_depth   [   0% ] 1 VUs  01m11.0s/10m0s  0/1 shared iters

running (01m12.0s), 1/1 VUs, 0 complete and 0 interrupted iterations
r_cw_4_chain_depth   [   0% ] 1 VUs  01m12.0s/10m0s  0/1 shared iters

running (01m13.0s), 1/1 VUs, 0 complete and 0 interrupted iterations
r_cw_4_chain_depth   [   0% ] 1 VUs  01m13.0s/10m0s  0/1 shared iters

running (01m14.0s), 1/1 VUs, 0 complete and 0 interrupted iterations
r_cw_4_chain_depth   [   0% ] 1 VUs  01m14.0s/10m0s  0/1 shared iters

running (01m15.0s), 1/1 VUs, 0 complete and 0 interrupted iterations
r_cw_4_chain_depth   [   0% ] 1 VUs  01m15.0s/10m0s  0/1 shared iters

running (01m16.0s), 1/1 VUs, 0 complete and 0 interrupted iterations
r_cw_4_chain_depth   [   0% ] 1 VUs  01m16.0s/10m0s  0/1 shared iters

running (01m17.0s), 1/1 VUs, 0 complete and 0 interrupted iterations
r_cw_4_chain_depth   [   0% ] 1 VUs  01m17.0s/10m0s  0/1 shared iters

running (01m18.0s), 1/1 VUs, 0 complete and 0 interrupted iterations
r_cw_4_chain_depth   [   0% ] 1 VUs  01m18.0s/10m0s  0/1 shared iters
time="2026-08-10T07:07:00-07:00" level=info msg="✓ CW4-HOP2-SCHEDULED observed" source=console

running (01m19.0s), 1/1 VUs, 0 complete and 0 interrupted iterations
r_cw_4_chain_depth   [   0% ] 1 VUs  01m19.0s/10m0s  0/1 shared iters

running (01m20.0s), 1/1 VUs, 0 complete and 0 interrupted iterations
r_cw_4_chain_depth   [   0% ] 1 VUs  01m20.0s/10m0s  0/1 shared iters

running (01m21.0s), 1/1 VUs, 0 complete and 0 interrupted iterations
r_cw_4_chain_depth   [   0% ] 1 VUs  01m21.0s/10m0s  0/1 shared iters

running (01m22.0s), 1/1 VUs, 0 complete and 0 interrupted iterations
r_cw_4_chain_depth   [   0% ] 1 VUs  01m22.0s/10m0s  0/1 shared iters

running (01m23.0s), 1/1 VUs, 0 complete and 0 interrupted iterations
r_cw_4_chain_depth   [   0% ] 1 VUs  01m23.0s/10m0s  0/1 shared iters

running (01m24.0s), 1/1 VUs, 0 complete and 0 interrupted iterations
r_cw_4_chain_depth   [   0% ] 1 VUs  01m24.0s/10m0s  0/1 shared iters

running (01m25.0s), 1/1 VUs, 0 complete and 0 interrupted iterations
r_cw_4_chain_depth   [   0% ] 1 VUs  01m25.0s/10m0s  0/1 shared iters

running (01m26.0s), 1/1 VUs, 0 complete and 0 interrupted iterations
r_cw_4_chain_depth   [   0% ] 1 VUs  01m26.0s/10m0s  0/1 shared iters

running (01m27.0s), 1/1 VUs, 0 complete and 0 interrupted iterations
r_cw_4_chain_depth   [   0% ] 1 VUs  01m27.0s/10m0s  0/1 shared iters

running (01m28.0s), 1/1 VUs, 0 complete and 0 interrupted iterations
r_cw_4_chain_depth   [   0% ] 1 VUs  01m28.0s/10m0s  0/1 shared iters

running (01m29.0s), 1/1 VUs, 0 complete and 0 interrupted iterations
r_cw_4_chain_depth   [   0% ] 1 VUs  01m29.0s/10m0s  0/1 shared iters

running (01m30.0s), 1/1 VUs, 0 complete and 0 interrupted iterations
r_cw_4_chain_depth   [   0% ] 1 VUs  01m30.0s/10m0s  0/1 shared iters

running (01m31.0s), 1/1 VUs, 0 complete and 0 interrupted iterations
r_cw_4_chain_depth   [   0% ] 1 VUs  01m31.0s/10m0s  0/1 shared iters

running (01m32.0s), 1/1 VUs, 0 complete and 0 interrupted iterations
r_cw_4_chain_depth   [   0% ] 1 VUs  01m32.0s/10m0s  0/1 shared iters

running (01m33.0s), 1/1 VUs, 0 complete and 0 interrupted iterations
r_cw_4_chain_depth   [   0% ] 1 VUs  01m33.0s/10m0s  0/1 shared iters
time="2026-08-10T07:07:15-07:00" level=info msg="✓ CW4-HOP3-SCHEDULED observed" source=console

running (01m34.0s), 1/1 VUs, 0 complete and 0 interrupted iterations
r_cw_4_chain_depth   [   0% ] 1 VUs  01m34.0s/10m0s  0/1 shared iters

running (01m35.0s), 1/1 VUs, 0 complete and 0 interrupted iterations
r_cw_4_chain_depth   [   0% ] 1 VUs  01m35.0s/10m0s  0/1 shared iters

running (01m36.0s), 1/1 VUs, 0 complete and 0 interrupted iterations
r_cw_4_chain_depth   [   0% ] 1 VUs  01m36.0s/10m0s  0/1 shared iters

running (01m37.0s), 1/1 VUs, 0 complete and 0 interrupted iterations
r_cw_4_chain_depth   [   0% ] 1 VUs  01m37.0s/10m0s  0/1 shared iters

running (01m38.0s), 1/1 VUs, 0 complete and 0 interrupted iterations
r_cw_4_chain_depth   [   0% ] 1 VUs  01m38.0s/10m0s  0/1 shared iters

running (01m39.0s), 1/1 VUs, 0 complete and 0 interrupted iterations
r_cw_4_chain_depth   [   0% ] 1 VUs  01m39.0s/10m0s  0/1 shared iters

running (01m40.0s), 1/1 VUs, 0 complete and 0 interrupted iterations
r_cw_4_chain_depth   [   0% ] 1 VUs  01m40.0s/10m0s  0/1 shared iters

running (01m41.0s), 1/1 VUs, 0 complete and 0 interrupted iterations
r_cw_4_chain_depth   [   0% ] 1 VUs  01m41.0s/10m0s  0/1 shared iters

running (01m42.0s), 1/1 VUs, 0 complete and 0 interrupted iterations
r_cw_4_chain_depth   [   0% ] 1 VUs  01m42.0s/10m0s  0/1 shared iters

running (01m43.0s), 1/1 VUs, 0 complete and 0 interrupted iterations
r_cw_4_chain_depth   [   0% ] 1 VUs  01m43.0s/10m0s  0/1 shared iters
time="2026-08-10T07:07:25-07:00" level=info msg="✓ CW4-DONE observed" source=console
time="2026-08-10T07:07:25-07:00" level=info msg="All required R-CW-4 evidence gathered, closing early" source=console
PUBLIC_EVIDENCE {"row":"R-CW-4","manifest_loaded":true,"seat":"cael","session_created":true,"candidateSha":"a7ef03177e0f42831a087521e6eb7720102d6be1","started":"2026-08-10T14:05:41.928Z","dispatch_accepted":true,"hop1_scheduled":true,"hop2_scheduled":true,"hop3_scheduled":true,"final_done":true,"hop_events":[{"marker":"CW4-HOP1-SCHEDULED","ts":1786370763682,"event":"agent"},{"marker":"CW4-HOP2-SCHEDULED","ts":1786370820089,"event":"agent"},{"marker":"CW4-HOP3-SCHEDULED","ts":1786370835724,"event":"agent"},{"marker":"CW4-DONE","ts":1786370845537,"event":"agent"}],"trace_id":null,"ended":"2026-08-10T14:07:25.537Z","duration_ms":103609}
time="2026-08-10T07:07:25-07:00" level=info msg="\n[R-CW-4] VERDICT: PASS-candidate" source=console

[R-CW-4] Summary: PASS-candidate | SHA: a7ef03177e0f42831a087521e6eb7720102d6be1 | Seat: cael

running (01m43.6s), 0/1 VUs, 1 complete and 0 interrupted iterations
r_cw_4_chain_depth ✓ [ 100% ] 1 VUs  01m43.6s/10m0s  1/1 shared iters
